Component: ARM Compiler 5.06 update 6 (build 750) Tool: armlink [4d35ed]

==============================================================================

Image Symbol Table

    Local Symbols

    Symbol Name                              Value     Ov Type        Size  Object(Section)

    ../Drivers/STM32L0xx_HAL_Driver/Src/stm32l0xx_hal.c 0x00000000   Number         0  stm32l0xx_hal.o ABSOLUTE
    ../Drivers/STM32L0xx_HAL_Driver/Src/stm32l0xx_hal_adc.c 0x00000000   Number         0  stm32l0xx_hal_adc.o ABSOLUTE
    ../Drivers/STM32L0xx_HAL_Driver/Src/stm32l0xx_hal_adc_ex.c 0x00000000   Number         0  stm32l0xx_hal_adc_ex.o ABSOLUTE
    ../Drivers/STM32L0xx_HAL_Driver/Src/stm32l0xx_hal_cortex.c 0x00000000   Number         0  stm32l0xx_hal_cortex.o ABSOLUTE
    ../Drivers/STM32L0xx_HAL_Driver/Src/stm32l0xx_hal_dma.c 0x00000000   Number         0  stm32l0xx_hal_dma.o ABSOLUTE
    ../Drivers/STM32L0xx_HAL_Driver/Src/stm32l0xx_hal_exti.c 0x00000000   Number         0  stm32l0xx_hal_exti.o ABSOLUTE
    ../Drivers/STM32L0xx_HAL_Driver/Src/stm32l0xx_hal_flash.c 0x00000000   Number         0  stm32l0xx_hal_flash.o ABSOLUTE
    ../Drivers/STM32L0xx_HAL_Driver/Src/stm32l0xx_hal_flash_ex.c 0x00000000   Number         0  stm32l0xx_hal_flash_ex.o ABSOLUTE
    ../Drivers/STM32L0xx_HAL_Driver/Src/stm32l0xx_hal_flash_ramfunc.c 0x00000000   Number         0  stm32l0xx_hal_flash_ramfunc.o ABSOLUTE
    ../Drivers/STM32L0xx_HAL_Driver/Src/stm32l0xx_hal_gpio.c 0x00000000   Number         0  stm32l0xx_hal_gpio.o ABSOLUTE
    ../Drivers/STM32L0xx_HAL_Driver/Src/stm32l0xx_hal_i2c.c 0x00000000   Number         0  stm32l0xx_hal_i2c.o ABSOLUTE
    ../Drivers/STM32L0xx_HAL_Driver/Src/stm32l0xx_hal_i2c_ex.c 0x00000000   Number         0  stm32l0xx_hal_i2c_ex.o ABSOLUTE
    ../Drivers/STM32L0xx_HAL_Driver/Src/stm32l0xx_hal_iwdg.c 0x00000000   Number         0  stm32l0xx_hal_iwdg.o ABSOLUTE
    ../Drivers/STM32L0xx_HAL_Driver/Src/stm32l0xx_hal_pwr.c 0x00000000   Number         0  stm32l0xx_hal_pwr.o ABSOLUTE
    ../Drivers/STM32L0xx_HAL_Driver/Src/stm32l0xx_hal_pwr_ex.c 0x00000000   Number         0  stm32l0xx_hal_pwr_ex.o ABSOLUTE
    ../Drivers/STM32L0xx_HAL_Driver/Src/stm32l0xx_hal_rcc.c 0x00000000   Number         0  stm32l0xx_hal_rcc.o ABSOLUTE
    ../Drivers/STM32L0xx_HAL_Driver/Src/stm32l0xx_hal_rcc_ex.c 0x00000000   Number         0  stm32l0xx_hal_rcc_ex.o ABSOLUTE
    ../Drivers/STM32L0xx_HAL_Driver/Src/stm32l0xx_hal_rtc.c 0x00000000   Number         0  stm32l0xx_hal_rtc.o ABSOLUTE
    ../Drivers/STM32L0xx_HAL_Driver/Src/stm32l0xx_hal_rtc_ex.c 0x00000000   Number         0  stm32l0xx_hal_rtc_ex.o ABSOLUTE
    ../Drivers/STM32L0xx_HAL_Driver/Src/stm32l0xx_hal_tim.c 0x00000000   Number         0  stm32l0xx_hal_tim.o ABSOLUTE
    ../Drivers/STM32L0xx_HAL_Driver/Src/stm32l0xx_hal_tim_ex.c 0x00000000   Number         0  stm32l0xx_hal_tim_ex.o ABSOLUTE
    ../Drivers/STM32L0xx_HAL_Driver/Src/stm32l0xx_hal_uart.c 0x00000000   Number         0  stm32l0xx_hal_uart.o ABSOLUTE
    ../Drivers/STM32L0xx_HAL_Driver/Src/stm32l0xx_hal_uart_ex.c 0x00000000   Number         0  stm32l0xx_hal_uart_ex.o ABSOLUTE
    ../Src/adc.c                             0x00000000   Number         0  adc.o ABSOLUTE
    ../Src/dma.c                             0x00000000   Number         0  dma.o ABSOLUTE
    ../Src/gpio.c                            0x00000000   Number         0  gpio.o ABSOLUTE
    ../Src/i2c.c                             0x00000000   Number         0  i2c.o ABSOLUTE
    ../Src/iwdg.c                            0x00000000   Number         0  iwdg.o ABSOLUTE
    ../Src/main.c                            0x00000000   Number         0  main.o ABSOLUTE
    ../Src/rtc.c                             0x00000000   Number         0  rtc.o ABSOLUTE
    ../Src/stm32l0xx_hal_msp.c               0x00000000   Number         0  stm32l0xx_hal_msp.o ABSOLUTE
    ../Src/stm32l0xx_it.c                    0x00000000   Number         0  stm32l0xx_it.o ABSOLUTE
    ../Src/system_stm32l0xx.c                0x00000000   Number         0  system_stm32l0xx.o ABSOLUTE
    ../Src/usart.c                           0x00000000   Number         0  usart.o ABSOLUTE
    ../clib/microlib/ctype/ctype.c           0x00000000   Number         0  isspace_c.o ABSOLUTE
    ../clib/microlib/ctype/ctype.c           0x00000000   Number         0  isdigit_o.o ABSOLUTE
    ../clib/microlib/ctype/ctype.c           0x00000000   Number         0  isgraph_o.o ABSOLUTE
    ../clib/microlib/ctype/ctype.c           0x00000000   Number         0  isprint_o.o ABSOLUTE
    ../clib/microlib/ctype/ctype.c           0x00000000   Number         0  ispunct_o.o ABSOLUTE
    ../clib/microlib/ctype/ctype.c           0x00000000   Number         0  ctype_c.o ABSOLUTE
    ../clib/microlib/ctype/ctype.c           0x00000000   Number         0  isspace_o.o ABSOLUTE
    ../clib/microlib/ctype/ctype.c           0x00000000   Number         0  isupper_o.o ABSOLUTE
[...]
    updateSystemLedStatus                    0x080197cd   Thumb Code   108  app_task.o(i.updateSystemLedStatus)
    updateSystemStartTime                    0x0801983d   Thumb Code     8  app_sys.o(i.updateSystemStartTime)
    uploadGpsRestoreData                     0x08019849   Thumb Code    44  app_serverprotocol.o(i.uploadGpsRestoreData)
    uploadRequestInMode4                     0x0801987d   Thumb Code   138  app_task.o(i.uploadRequestInMode4)
    voltageCheckTask                         0x08019935   Thumb Code   542  app_task.o(i.voltageCheckTask)
    wdtProcess                               0x08019c91   Thumb Code   178  app_task.o(i.wdtProcess)
    wifiUploadRequestTask                    0x08019dc9   Thumb Code    38  app_task.o(i.wifiUploadRequestTask)
    ztvm_encrypt_des                         0x08019dfd   Thumb Code    86  app_sn.o(i.ztvm_encrypt_des)
    ztvm_encrypt_undes                       0x08019e53   Thumb Code    88  app_sn.o(i.ztvm_encrypt_undes)
    ztvm_encrypt_untrides                    0x08019eab   Thumb Code    40  app_sn.o(i.ztvm_encrypt_untrides)
    n58_cmd_table                            0x0801a0e0   Data         464  app_net.o(.constdata)
    atcmdtable                               0x0801a2b0   Data         152  app_atcmd.o(.constdata)
    instructiontable                         0x0801a348   Data         296  app_atcmd.o(.constdata)
    AHBPrescTable                            0x0801a7da   Data          16  system_stm32l0xx.o(.constdata)
    PLLMulTable                              0x0801a7ea   Data           9  system_stm32l0xx.o(.constdata)
    APBPrescTable                            0x0801a7f3   Data           8  system_stm32l0xx.o(.constdata)
    __mathlib_zero                           0x0801a918   Data           8  qnan.o(.constdata)
    __ctype_table                            0x0801aa10   Data         129  ctype_o.o(.constdata)
    Region$$Table$$Base                      0x0801b110   Number         0  anon$$obj.o(Region$$Table)
    Region$$Table$$Limit                     0x0801b130   Number         0  anon$$obj.o(Region$$Table)
    ringTimerId                              0x20000004   Data           1  app_port.o(.data)
    i2c_addr                                 0x20000070   Data           1  app_mir3da.o(.data)
    uwTickFreq                               0x20000074   Data           1  stm32l0xx_hal.o(.data)
    uwTickPrio                               0x20000078   Data           4  stm32l0xx_hal.o(.data)
    uwTick                                   0x2000007c   Data           4  stm32l0xx_hal.o(.data)
    SystemCoreClock                          0x20000080   Data           4  system_stm32l0xx.o(.data)
    __microlib_freelist                      0x20000084   Data           4  mvars.o(.data)
    __microlib_freelist_initialised          0x20000088   Data           4  mvars.o(.data)
    usart1_ctl                               0x200000a0   Data          20  app_port.o(.bss)
    usart2_ctl                               0x200000b4   Data          20  app_port.o(.bss)
    usart3_ctl                               0x200000c8   Data          20  app_port.o(.bss)
    usart1rxbuf                              0x200000dc   Data         256  app_port.o(.bss)
    usart2rxbuf                              0x200001dc   Data        2048  app_port.o(.bss)
    usart3rxbuf                              0x200009dc   Data         128  app_port.o(.bss)
    sysinfo                                  0x20000a5c   Data         128  app_sys.o(.bss)
    sysparam                                 0x20000c04   Data         452  app_param.o(.bss)
    CODEVERSION                              0x20000dc8   Data          30  app_param.o(.bss)
    n58_invoke_status                        0x20000de8   Data          12  app_net.o(.bss)
    n58_lte_status                           0x20000df4   Data         149  app_net.o(.bss)
    netconnect                               0x200016ac   Data          16  app_serverprotocol.o(.bss)
    rf                                       0x20001c00   Data          68  app_rec.o(.bss)
    lastuploadgpsinfo                        0x20002008   Data          32  app_gpsarithmetic.o(.bss)
    ble_info                                 0x20002028   Data          23  app_ble.o(.bss)
    hadc                                     0x20002040   Data          92  adc.o(.bss)
    hi2c1                                    0x2000209c   Data          76  i2c.o(.bss)
    hiwdg                                    0x200020e8   Data          16  iwdg.o(.bss)
    hlpuart1                                 0x200020f8   Data         132  usart.o(.bss)
    huart1                                   0x2000217c   Data         132  usart.o(.bss)
    huart2                                   0x20002200   Data         132  usart.o(.bss)
    hdma_lpuart1_rx                          0x20002284   Data          72  usart.o(.bss)
    hdma_usart1_rx                           0x200022cc   Data          72  usart.o(.bss)
    hdma_usart2_rx                           0x20002314   Data          72  usart.o(.bss)
    hrtc                                     0x2000235c   Data          36  rtc.o(.bss)
    pFlash                                   0x20002380   Data          24  stm32l0xx_hal_flash.o(.bss)
    __heap_base                              0x20002398   Data           0  startup_stm32l071xx.o(HEAP)
    __heap_limit                             0x20003398   Data           0  startup_stm32l071xx.o(HEAP)
    __initial_sp                             0x20004398   Data           0  startup_stm32l071xx.o(STACK)



==============================================================================

Memory Map of the image

  Image Entry point : 0x080078c1

  Load Region LR_IROM1 (Base: 0x08007800, Size: 0x000139c0, Max: 0x00020000, ABSOLUTE)

    Execution Region ER_IROM1 (Exec base: 0x08007800, Load base: 0x08007800, Size: 0x00013930, Max: 0x00020000, ABSOLUTE)

    Exec Addr    Load Addr    Size         Type   Attr      Idx    E Section Name        Object

    0x08007800   0x08007800   0x000000c0   Data   RO         6157    RESET               startup_stm32l071xx.o
    0x080078c0   0x080078c0   0x00000000   Code   RO         6210  * .ARM.Collect$$$$00000000  mc_p.l(entry.o)
    0x080078c0   0x080078c0   0x00000004   Code   RO         6598    .ARM.Collect$$$$00000001  mc_p.l(entry2.o)
    0x080078c4   0x080078c4   0x00000004   Code   RO         6601    .ARM.Collect$$$$00000004  mc_p.l(entry5.o)
    0x080078c8   0x080078c8   0x00000000   Code   RO         6603    .ARM.Collect$$$$00000008  mc_p.l(entry7b.o)
    0x080078c8   0x080078c8   0x00000000   Code   RO         6605    .ARM.Collect$$$$0000000A  mc_p.l(entry8b.o)
    0x080078c8   0x080078c8   0x00000008   Code   RO         6606    .ARM.Collect$$$$0000000B  mc_p.l(entry9a.o)
    0x080078d0   0x080078d0   0x00000000   Code   RO         6608    .ARM.Collect$$$$0000000D  mc_p.l(entry10a.o)
    0x080078d0   0x080078d0   0x00000000   Code   RO         6610    .ARM.Collect$$$$0000000F  mc_p.l(entry11a.o)
    0x080078d0   0x080078d0   0x00000004   Code   RO         6599    .ARM.Collect$$$$00002712  mc_p.l(entry2.o)
    0x080078d4   0x080078d4   0x0000001c   Code   RO         6158    .text               startup_stm32l071xx.o
    0x080078f0   0x080078f0   0x0000002c   Code   RO         6213    .text               mc_p.l(uidiv.o)
    0x0800791c   0x0800791c   0x00000028   Code   RO         6215    .text               mc_p.l(idiv.o)
    0x08007944   0x08007944   0x00000060   Code   RO         6217    .text               mc_p.l(uldiv.o)
    0x080079a4   0x080079a4   0x0000008c   Code   RO         6219    .text               mc_p.l(mktime.o)
    0x08007a30   0x08007a30   0x00000024   Code   RO         6222    .text               mc_p.l(memcpya.o)
    0x08007a54   0x08007a54   0x00000024   Code   RO         6224    .text               mc_p.l(memseta.o)
    0x08007a78   0x08007a78   0x00000028   Code   RO         6226    .text               mc_p.l(strstr.o)
    0x08007aa0   0x08007aa0   0x0000001a   Code   RO         6228    .text               mc_p.l(strncpy.o)
    0x08007aba   0x08007aba   0x0000000e   Code   RO         6230    .text               mc_p.l(strlen.o)
    0x08007ac8   0x08007ac8   0x00000012   Code   RO         6232    .text               mc_p.l(strcpy.o)
    0x08007ada   0x08007ada   0x00000076   Code   RO         6525    .text               mc_p.l(strtoul.o)
    0x08007b50   0x08007b50   0x0000001a   Code   RO         6527    .text               mc_p.l(atoi.o)
    0x08007b6a   0x08007b6a   0x0000001a   Code   RO         6529    .text               mc_p.l(atol.o)
    0x08007b84   0x08007b84   0x000000b2   Code   RO         6531    .text               mf_p.l(fadd.o)
    0x08007c36   0x08007c36   0x0000007a   Code   RO         6533    .text               mf_p.l(fmul.o)
    0x08007cb0   0x08007cb0   0x0000007c   Code   RO         6535    .text               mf_p.l(fdiv.o)
    0x08007d2c   0x08007d2c   0x00000164   Code   RO         6537    .text               mf_p.l(dadd.o)
    0x08007e90   0x08007e90   0x000000d0   Code   RO         6539    .text               mf_p.l(dmul.o)
    0x08007f60   0x08007f60   0x000000f0   Code   RO         6541    .text               mf_p.l(ddiv.o)
    0x08008050   0x08008050   0x0000002c   Code   RO         6543    .text               mf_p.l(dscalb.o)
    0x0800807c   0x0800807c   0x0000000e   Code   RO         6545    .text               mf_p.l(ffltui.o)
    0x0800808a   0x0800808a   0x00000002   PAD
    0x0800808c   0x0800808c   0x00000028   Code   RO         6547    .text               mf_p.l(dflti.o)
    0x080080b4   0x080080b4   0x0000001c   Code   RO         6549    .text               mf_p.l(dfltui.o)
    0x080080d0   0x080080d0   0x00000028   Code   RO         6551    .text               mf_p.l(ffixui.o)
    0x080080f8   0x080080f8   0x0000003c   Code   RO         6553    .text               mf_p.l(dfixui.o)
    0x08008134   0x08008134   0x00000028   Code   RO         6555    .text               mf_p.l(f2d.o)
    0x0800815c   0x0800815c   0x00000028   Code   RO         6557    .text               mf_p.l(cdcmple.o)
    0x08008184   0x08008184   0x00000028   Code   RO         6559    .text               mf_p.l(cdrcmple.o)
    0x080081ac   0x080081ac   0x00000038   Code   RO         6561    .text               mf_p.l(d2f.o)
    0x080081e4   0x080081e4   0x00000014   Code   RO         6563    .text               mf_p.l(cfcmple.o)
    0x080081f8   0x080081f8   0x00000020   Code   RO         6615    .text               mc_p.l(llshl.o)
    0x08008218   0x08008218   0x00000022   Code   RO         6617    .text               mc_p.l(llushr.o)
    0x0800823a   0x0800823a   0x00000026   Code   RO         6619    .text               mc_p.l(llsshr.o)
    0x08008260   0x08008260   0x00000008   Code   RO         6621    .text               mc_p.l(ctype_o.o)
    0x08008268   0x08008268   0x00000012   Code   RO         6643    .text               mc_p.l(isspace_o.o)
    0x0800827a   0x0800827a   0x00000002   PAD
    0x0800827c   0x0800827c   0x00000074   Code   RO         6652    .text               mc_p.l(localtime_i.o)
    0x080082f0   0x080082f0   0x000000a6   Code   RO         6664    .text               mc_p.l(_strtoul.o)
    0x08008396   0x08008396   0x00000002   PAD
    0x08008398   0x08008398   0x000000a4   Code   RO         6666    .text               mc_p.l(strtod.o)
    0x0800843c   0x0800843c   0x00000070   Code   RO         6668    .text               mc_p.l(strtol.o)
    0x080084ac   0x080084ac   0x00000000   Code   RO         6670    .text               mc_p.l(iusefp.o)
    0x080084ac   0x080084ac   0x00000082   Code   RO         6671    .text               mf_p.l(fepilogue.o)
    0x0800852e   0x0800852e   0x000000be   Code   RO         6673    .text               mf_p.l(depilogue.o)
    0x080085ec   0x080085ec   0x000000a2   Code   RO         6677    .text               mf_p.l(dsqrt.o)
    0x0800868e   0x0800868e   0x00000002   PAD
    0x08008690   0x08008690   0x00000040   Code   RO         6679    .text               mf_p.l(dfixul.o)
    0x080086d0   0x080086d0   0x00000024   Code   RO         6681    .text               mc_p.l(init.o)
    0x080086f4   0x080086f4   0x0000001e   Code   RO         6686    .text               mc_p.l(_chval.o)
    0x08008712   0x08008712   0x00000002   PAD
    0x08008714   0x08008714   0x00000374   Code   RO         6688    .text               mc_p.l(scanf_fp.o)
    0x08008a88   0x08008a88   0x00000044   Code   RO         6692    .text               mc_p.l(_sgetc.o)
    0x08008acc   0x08008acc   0x00000048   Code   RO         6695    .text               mf_p.l(dfixi.o)
    0x08008b14   0x08008b14   0x0000007a   Code   RO         6697    .text               mc_p.l(llmul.o)
    0x08008b8e   0x08008b8e   0x00000002   PAD
    0x08008b90   0x08008b90   0x0000001c   Code   RO         6702    .text               mf_p.l(dfltul.o)
    0x08008bac   0x08008bac   0x00000052   Code   RO         3365    i.ADC_ConversionStop  stm32l0xx_hal_adc.o
    0x08008bfe   0x08008bfe   0x00000002   PAD
    0x08008c00   0x08008c00   0x00000024   Code   RO         3369    i.ADC_DelayMicroSecond  stm32l0xx_hal_adc.o
    0x08008c24   0x08008c24   0x00000060   Code   RO         3370    i.ADC_Disable       stm32l0xx_hal_adc.o
    0x08008c84   0x08008c84   0x00000064   Code   RO         3371    i.ADC_Enable        stm32l0xx_hal_adc.o
    0x08008ce8   0x08008ce8   0x000000e4   Code   RO         1116    i.CreateNodeCmd     app_net.o
    0x08008dcc   0x08008dcc   0x000000fc   Code   RO            3    i.Create_Timer      app_kernal.o
    0x08008ec8   0x08008ec8   0x00000010   Code   RO         3255    i.DMA1_Channel2_3_IRQHandler  stm32l0xx_it.o
    0x08008ed8   0x08008ed8   0x00000018   Code   RO         3256    i.DMA1_Channel4_5_6_7_IRQHandler  stm32l0xx_it.o
    0x08008ef0   0x08008ef0   0x0000002c   Code   RO         4801    i.DMA_SetConfig     stm32l0xx_hal_dma.o
    0x08008f1c   0x08008f1c   0x00000018   Code   RO         3257    i.EXTI4_15_IRQHandler  stm32l0xx_it.o
    0x08008f34   0x08008f34   0x00000002   Code   RO         2987    i.Error_Handler     main.o
    0x08008f36   0x08008f36   0x00000002   PAD
    0x08008f38   0x08008f38   0x00000090   Code   RO         4533    i.FLASH_SetErrorCode  stm32l0xx_hal_flash.o
    0x08008fc8   0x08008fc8   0x00000070   Code   RO         4534    i.FLASH_WaitForLastOperation  stm32l0xx_hal_flash.o
    0x08009038   0x08009038   0x0000002c   Code   RO          462    i.GetCrc16          app_sys.o
    0x08009064   0x08009064   0x000000aa   Code   RO         3548    i.HAL_ADCEx_Calibration_Start  stm32l0xx_hal_adc_ex.o
    0x0800910e   0x0800910e   0x00000002   PAD
    0x08009110   0x08009110   0x00000094   Code   RO         3373    i.HAL_ADC_ConfigChannel  stm32l0xx_hal_adc.o
    0x080091a4   0x080091a4   0x00000004   Code   RO         3379    i.HAL_ADC_GetState  stm32l0xx_hal_adc.o
    0x080091a8   0x080091a8   0x00000006   Code   RO         3380    i.HAL_ADC_GetValue  stm32l0xx_hal_adc.o
    0x080091ae   0x080091ae   0x00000002   PAD
    0x080091b0   0x080091b0   0x000001c8   Code   RO         3382    i.HAL_ADC_Init      stm32l0xx_hal_adc.o
    0x08009378   0x08009378   0x00000050   Code   RO         3046    i.HAL_ADC_MspInit   adc.o
    0x080093c8   0x080093c8   0x000000c0   Code   RO         3386    i.HAL_ADC_PollForConversion  stm32l0xx_hal_adc.o
    0x08009488   0x08009488   0x0000005c   Code   RO         3388    i.HAL_ADC_Start     stm32l0xx_hal_adc.o
    0x080094e4   0x080094e4   0x0000003e   Code   RO         3391    i.HAL_ADC_Stop      stm32l0xx_hal_adc.o
    0x08009522   0x08009522   0x00000044   Code   RO         4802    i.HAL_DMA_Abort     stm32l0xx_hal_dma.o
    0x08009566   0x08009566   0x0000004c   Code   RO         4803    i.HAL_DMA_Abort_IT  stm32l0xx_hal_dma.o
    0x080095b2   0x080095b2   0x00000002   PAD
    0x080095b4   0x080095b4   0x00000068   Code   RO         4804    i.HAL_DMA_DeInit    stm32l0xx_hal_dma.o
    0x0800961c   0x0800961c   0x00000004   Code   RO         4805    i.HAL_DMA_GetError  stm32l0xx_hal_dma.o
    0x08009620   0x08009620   0x000000a8   Code   RO         4807    i.HAL_DMA_IRQHandler  stm32l0xx_hal_dma.o
    0x080096c8   0x080096c8   0x00000090   Code   RO         4808    i.HAL_DMA_Init      stm32l0xx_hal_dma.o
    0x08009758   0x08009758   0x00000068   Code   RO         4812    i.HAL_DMA_Start_IT  stm32l0xx_hal_dma.o
    0x080097c0   0x080097c0   0x00000024   Code   RO         3611    i.HAL_Delay         stm32l0xx_hal.o
    0x080097e4   0x080097e4   0x00000014   Code   RO         4637    i.HAL_FLASHEx_DATAEEPROM_Lock  stm32l0xx_hal_flash_ex.o
    0x080097f8   0x080097f8   0x00000054   Code   RO         4638    i.HAL_FLASHEx_DATAEEPROM_Program  stm32l0xx_hal_flash_ex.o
    0x0800984c   0x0800984c   0x00000034   Code   RO         4639    i.HAL_FLASHEx_DATAEEPROM_Unlock  stm32l0xx_hal_flash_ex.o
    0x08009880   0x08009880   0x000000f0   Code   RO         4739    i.HAL_GPIO_DeInit   stm32l0xx_hal_gpio.o
    0x08009970   0x08009970   0x00000026   Code   RO          666    i.HAL_GPIO_EXTI_Callback  app_user.o
    0x08009996   0x08009996   0x00000002   PAD
    0x08009998   0x08009998   0x00000018   Code   RO         4741    i.HAL_GPIO_EXTI_IRQHandler  stm32l0xx_hal_gpio.o
    0x080099b0   0x080099b0   0x00000184   Code   RO         4742    i.HAL_GPIO_Init     stm32l0xx_hal_gpio.o
    0x08009b34   0x08009b34   0x0000000a   Code   RO         4744    i.HAL_GPIO_ReadPin  stm32l0xx_hal_gpio.o
    0x08009b3e   0x08009b3e   0x0000000c   Code   RO         4746    i.HAL_GPIO_WritePin  stm32l0xx_hal_gpio.o
    0x08009b4a   0x08009b4a   0x00000002   PAD
    0x08009b4c   0x08009b4c   0x0000000c   Code   RO         3615    i.HAL_GetTick       stm32l0xx_hal.o
    0x08009b58   0x08009b58   0x0000004a   Code   RO         4266    i.HAL_I2CEx_ConfigAnalogFilter  stm32l0xx_hal_i2c_ex.o
    0x08009ba2   0x08009ba2   0x00000048   Code   RO         4267    i.HAL_I2CEx_ConfigDigitalFilter  stm32l0xx_hal_i2c_ex.o
    0x08009bea   0x08009bea   0x00000034   Code   RO         3810    i.HAL_I2C_DeInit    stm32l0xx_hal_i2c.o
    0x08009c1e   0x08009c1e   0x00000002   PAD
    0x08009c20   0x08009c20   0x000000b4   Code   RO         3819    i.HAL_I2C_Init      stm32l0xx_hal_i2c.o
    0x08009cd4   0x08009cd4   0x00000154   Code   RO         3837    i.HAL_I2C_Mem_Read  stm32l0xx_hal_i2c.o
    0x08009e28   0x08009e28   0x0000014c   Code   RO         3840    i.HAL_I2C_Mem_Write  stm32l0xx_hal_i2c.o
    0x08009f74   0x08009f74   0x00000038   Code   RO         3103    i.HAL_I2C_MspDeInit  i2c.o
    0x08009fac   0x08009fac   0x0000005c   Code   RO         3104    i.HAL_I2C_MspInit   i2c.o
    0x0800a008   0x0800a008   0x00000064   Code   RO         5244    i.HAL_IWDG_Init     stm32l0xx_hal_iwdg.o
    0x0800a06c   0x0800a06c   0x00000010   Code   RO         5245    i.HAL_IWDG_Refresh  stm32l0xx_hal_iwdg.o
    0x0800a07c   0x0800a07c   0x00000010   Code   RO         3621    i.HAL_IncTick       stm32l0xx_hal.o
    0x0800a08c   0x0800a08c   0x00000028   Code   RO         3622    i.HAL_Init          stm32l0xx_hal.o
    0x0800a0b4   0x0800a0b4   0x00000044   Code   RO         3623    i.HAL_InitTick      stm32l0xx_hal.o
    0x0800a0f8   0x0800a0f8   0x00000018   Code   RO         3345    i.HAL_MspInit       stm32l0xx_hal_msp.o
    0x0800a110   0x0800a110   0x00000020   Code   RO         5068    i.HAL_NVIC_DisableIRQ  stm32l0xx_hal_cortex.o
    0x0800a130   0x0800a130   0x00000018   Code   RO         5069    i.HAL_NVIC_EnableIRQ  stm32l0xx_hal_cortex.o
    0x0800a148   0x0800a148   0x00000008   Code   RO         5073    i.HAL_NVIC_SetPriority  stm32l0xx_hal_cortex.o
    0x0800a150   0x0800a150   0x0000001c   Code   RO         5074    i.HAL_NVIC_SystemReset  stm32l0xx_hal_cortex.o
    0x0800a16c   0x0800a16c   0x00000010   Code   RO         5011    i.HAL_PWREx_EnableFastWakeUp  stm32l0xx_hal_pwr_ex.o
    0x0800a17c   0x0800a17c   0x00000010   Code   RO         5013    i.HAL_PWREx_EnableUltraLowPower  stm32l0xx_hal_pwr_ex.o
    0x0800a18c   0x0800a18c   0x00000010   Code   RO         4899    i.HAL_PWR_EnableBkUpAccess  stm32l0xx_hal_pwr.o
    0x0800a19c   0x0800a19c   0x00000064   Code   RO         4906    i.HAL_PWR_EnterSTOPMode  stm32l0xx_hal_pwr.o
    0x0800a200   0x0800a200   0x00000178   Code   RO         4417    i.HAL_RCCEx_PeriphCLKConfig  stm32l0xx_hal_rcc_ex.o
    0x0800a378   0x0800a378   0x0000019c   Code   RO         4317    i.HAL_RCC_ClockConfig  stm32l0xx_hal_rcc.o
    0x0800a514   0x0800a514   0x00000020   Code   RO         4323    i.HAL_RCC_GetPCLK1Freq  stm32l0xx_hal_rcc.o
    0x0800a534   0x0800a534   0x00000020   Code   RO         4324    i.HAL_RCC_GetPCLK2Freq  stm32l0xx_hal_rcc.o
    0x0800a554   0x0800a554   0x00000078   Code   RO         4325    i.HAL_RCC_GetSysClockFreq  stm32l0xx_hal_rcc.o
    0x0800a5cc   0x0800a5cc   0x00000432   Code   RO         4328    i.HAL_RCC_OscConfig  stm32l0xx_hal_rcc.o
    0x0800a9fe   0x0800a9fe   0x00000002   Code   RO         5871    i.HAL_RTCEx_AlarmBEventCallback  stm32l0xx_hal_rtc_ex.o
    0x0800aa00   0x0800aa00   0x000000f8   Code   RO         5898    i.HAL_RTCEx_SetWakeUpTimer_IT  stm32l0xx_hal_rtc_ex.o
    0x0800aaf8   0x0800aaf8   0x0000000a   Code   RO          227    i.HAL_RTCEx_WakeUpTimerEventCallback  app_port.o
    0x0800ab02   0x0800ab02   0x00000002   PAD
    0x0800ab04   0x0800ab04   0x00000038   Code   RO         5905    i.HAL_RTCEx_WakeUpTimerIRQHandler  stm32l0xx_hal_rtc_ex.o
    0x0800ab3c   0x0800ab3c   0x00000054   Code   RO          228    i.HAL_RTC_AlarmAEventCallback  app_port.o
    0x0800ab90   0x0800ab90   0x00000060   Code   RO         5739    i.HAL_RTC_AlarmIRQHandler  stm32l0xx_hal_rtc.o
    0x0800abf0   0x0800abf0   0x000000b8   Code   RO         5741    i.HAL_RTC_DeactivateAlarm  stm32l0xx_hal_rtc.o
    0x0800aca8   0x0800aca8   0x0000008c   Code   RO         5742    i.HAL_RTC_GetAlarm  stm32l0xx_hal_rtc.o
    0x0800ad34   0x0800ad34   0x00000044   Code   RO         5743    i.HAL_RTC_GetDate   stm32l0xx_hal_rtc.o
    0x0800ad78   0x0800ad78   0x0000005c   Code   RO         5745    i.HAL_RTC_GetTime   stm32l0xx_hal_rtc.o
    0x0800add4   0x0800add4   0x000000bc   Code   RO         5746    i.HAL_RTC_Init      stm32l0xx_hal_rtc.o
    0x0800ae90   0x0800ae90   0x00000030   Code   RO         3218    i.HAL_RTC_MspInit   rtc.o
    0x0800aec0   0x0800aec0   0x00000190   Code   RO         5751    i.HAL_RTC_SetAlarm_IT  stm32l0xx_hal_rtc.o
    0x0800b050   0x0800b050   0x000000c4   Code   RO         5752    i.HAL_RTC_SetDate   stm32l0xx_hal_rtc.o
    0x0800b114   0x0800b114   0x000000e8   Code   RO         5753    i.HAL_RTC_SetTime   stm32l0xx_hal_rtc.o
    0x0800b1fc   0x0800b1fc   0x00000034   Code   RO         5754    i.HAL_RTC_WaitForSynchro  stm32l0xx_hal_rtc.o
    0x0800b230   0x0800b230   0x00000010   Code   RO         3626    i.HAL_ResumeTick    stm32l0xx_hal.o
    0x0800b240   0x0800b240   0x00000030   Code   RO         5077    i.HAL_SYSTICK_Config  stm32l0xx_hal_cortex.o
    0x0800b270   0x0800b270   0x00000010   Code   RO         3632    i.HAL_SuspendTick   stm32l0xx_hal.o
    0x0800b280   0x0800b280   0x00000002   Code   RO         5279    i.HAL_UARTEx_RxEventCallback  stm32l0xx_hal_uart.o
    0x0800b282   0x0800b282   0x00000002   Code   RO         5668    i.HAL_UARTEx_WakeupCallback  stm32l0xx_hal_uart_ex.o
    0x0800b284   0x0800b284   0x0000007e   Code   RO         5291    i.HAL_UART_DMAStop  stm32l0xx_hal_uart.o
    0x0800b302   0x0800b302   0x0000003e   Code   RO         5292    i.HAL_UART_DeInit   stm32l0xx_hal_uart.o
    0x0800b340   0x0800b340   0x000000c8   Code   RO          229    i.HAL_UART_ErrorCallback  app_port.o
    0x0800b408   0x0800b408   0x00000220   Code   RO         5298    i.HAL_UART_IRQHandler  stm32l0xx_hal_uart.o
    0x0800b628   0x0800b628   0x0000006a   Code   RO         5299    i.HAL_UART_Init     stm32l0xx_hal_uart.o
    0x0800b692   0x0800b692   0x00000002   PAD
    0x0800b694   0x0800b694   0x00000090   Code   RO         3167    i.HAL_UART_MspDeInit  usart.o
    0x0800b724   0x0800b724   0x00000180   Code   RO         3168    i.HAL_UART_MspInit  usart.o
    0x0800b8a4   0x0800b8a4   0x00000060   Code   RO         5303    i.HAL_UART_Receive_DMA  stm32l0xx_hal_uart.o
    0x0800b904   0x0800b904   0x00000090   Code   RO          230    i.HAL_UART_RxCpltCallback  app_port.o
    0x0800b994   0x0800b994   0x00000002   Code   RO         5307    i.HAL_UART_RxHalfCpltCallback  stm32l0xx_hal_uart.o
    0x0800b996   0x0800b996   0x000000d2   Code   RO         5308    i.HAL_UART_Transmit  stm32l0xx_hal_uart.o
    0x0800ba68   0x0800ba68   0x00000002   Code   RO         5311    i.HAL_UART_TxCpltCallback  stm32l0xx_hal_uart.o
    0x0800ba6a   0x0800ba6a   0x00000002   PAD
    0x0800ba6c   0x0800ba6c   0x00000018   Code   RO         3258    i.HardFault_Handler  stm32l0xx_it.o
    0x0800ba84   0x0800ba84   0x00000022   Code   RO         3866    i.I2C_Flush_TXDR    stm32l0xx_hal_i2c.o
    0x0800baa6   0x0800baa6   0x00000002   PAD
    0x0800baa8   0x0800baa8   0x00000070   Code   RO         3874    i.I2C_IsAcknowledgeFailed  stm32l0xx_hal_i2c.o
    0x0800bb18   0x0800bb18   0x00000060   Code   RO         3877    i.I2C_RequestMemoryRead  stm32l0xx_hal_i2c.o
    0x0800bb78   0x0800bb78   0x00000060   Code   RO         3878    i.I2C_RequestMemoryWrite  stm32l0xx_hal_i2c.o
    0x0800bbd8   0x0800bbd8   0x00000028   Code   RO         3881    i.I2C_TransferConfig  stm32l0xx_hal_i2c.o
    0x0800bc00   0x0800bc00   0x0000004e   Code   RO         3883    i.I2C_WaitOnFlagUntilTimeout  stm32l0xx_hal_i2c.o
    0x0800bc4e   0x0800bc4e   0x0000004c   Code   RO         3885    i.I2C_WaitOnSTOPFlagUntilTimeout  stm32l0xx_hal_i2c.o
    0x0800bc9a   0x0800bc9a   0x00000050   Code   RO         3886    i.I2C_WaitOnTXISFlagUntilTimeout  stm32l0xx_hal_i2c.o
    0x0800bcea   0x0800bcea   0x00000002   PAD
    0x0800bcec   0x0800bcec   0x00000014   Code   RO         3259    i.LPUART1_IRQHandler  stm32l0xx_it.o
    0x0800bd00   0x0800bd00   0x00000028   Code   RO          463    i.LogMessage        app_sys.o
    0x0800bd28   0x0800bd28   0x0000001c   Code   RO          464    i.LogMessageWL      app_sys.o
    0x0800bd44   0x0800bd44   0x00000070   Code   RO          465    i.LogPrintf         app_sys.o
    0x0800bdb4   0x0800bdb4   0x00000070   Code   RO         3047    i.MX_ADC_Init       adc.o
    0x0800be24   0x0800be24   0x00000038   Code   RO         3083    i.MX_DMA_Init       dma.o
    0x0800be5c   0x0800be5c   0x0000010c   Code   RO         3025    i.MX_GPIO_Init      gpio.o
    0x0800bf68   0x0800bf68   0x00000058   Code   RO         3105    i.MX_I2C1_Init      i2c.o
    0x0800bfc0   0x0800bfc0   0x0000002c   Code   RO         3141    i.MX_IWDG_Init      iwdg.o
    0x0800bfec   0x0800bfec   0x00000038   Code   RO         3169    i.MX_LPUART1_UART_Init  usart.o
    0x0800c024   0x0800c024   0x00000044   Code   RO         3219    i.MX_RTC_Init       rtc.o
    0x0800c068   0x0800c068   0x00000038   Code   RO         3170    i.MX_USART1_UART_Init  usart.o
    0x0800c0a0   0x0800c0a0   0x00000038   Code   RO         3171    i.MX_USART2_UART_Init  usart.o
    0x0800c0d8   0x0800c0d8   0x0000001c   Code   RO         1117    i.N58_ChangeInvokeStatus  app_net.o
    0x0800c0f4   0x0800c0f4   0x0000002c   Code   RO         1119    i.N58_CreateSocket  app_net.o
    0x0800c120   0x0800c120   0x00000044   Code   RO         1120    i.N58enterFlightMode  app_net.o
    0x0800c164   0x0800c164   0x00000044   Code   RO         1121    i.N58enterNormalMode  app_net.o
    0x0800c1a8   0x0800c1a8   0x00000002   Code   RO         3260    i.NMI_Handler       stm32l0xx_it.o
    0x0800c1aa   0x0800c1aa   0x00000002   Code   RO         3261    i.PendSV_Handler    stm32l0xx_it.o
    0x0800c1ac   0x0800c1ac   0x00000010   Code   RO         5755    i.RTC_Bcd2ToByte    stm32l0xx_hal_rtc.o
    0x0800c1bc   0x0800c1bc   0x00000018   Code   RO         5756    i.RTC_ByteToBcd2    stm32l0xx_hal_rtc.o
    0x0800c1d4   0x0800c1d4   0x00000038   Code   RO         5757    i.RTC_EnterInitMode  stm32l0xx_hal_rtc.o
    0x0800c20c   0x0800c20c   0x00000014   Code   RO         3262    i.RTC_IRQHandler    stm32l0xx_it.o
    0x0800c220   0x0800c220   0x00000002   Code   RO         3263    i.SVC_Handler       stm32l0xx_it.o
    0x0800c222   0x0800c222   0x00000008   Code   RO         3264    i.SysTick_Handler   stm32l0xx_it.o
    0x0800c22a   0x0800c22a   0x00000002   PAD
    0x0800c22c   0x0800c22c   0x00000090   Code   RO         2988    i.SystemClock_Config  main.o
    0x0800c2bc   0x0800c2bc   0x00000058   Code   RO         6124    i.SystemInit        system_stm32l0xx.o
    0x0800c314   0x0800c314   0x000000ca   Code   RO         5313    i.UART_AdvFeatureConfig  stm32l0xx_hal_uart.o
    0x0800c3de   0x0800c3de   0x00000002   PAD
    0x0800c3e0   0x0800c3e0   0x00000064   Code   RO         5314    i.UART_CheckIdleState  stm32l0xx_hal_uart.o
    0x0800c444   0x0800c444   0x00000014   Code   RO         5315    i.UART_DMAAbortOnError  stm32l0xx_hal_uart.o
    0x0800c458   0x0800c458   0x0000004c   Code   RO         5316    i.UART_DMAError     stm32l0xx_hal_uart.o
    0x0800c4a4   0x0800c4a4   0x0000005e   Code   RO         5317    i.UART_DMAReceiveCplt  stm32l0xx_hal_uart.o
    0x0800c502   0x0800c502   0x0000001c   Code   RO         5319    i.UART_DMARxHalfCplt  stm32l0xx_hal_uart.o
    0x0800c51e   0x0800c51e   0x00000032   Code   RO         5325    i.UART_EndRxTransfer  stm32l0xx_hal_uart.o
    0x0800c550   0x0800c550   0x00000010   Code   RO         5326    i.UART_EndTxTransfer  stm32l0xx_hal_uart.o
    0x0800c560   0x0800c560   0x00000214   Code   RO         5329    i.UART_SetConfig    stm32l0xx_hal_uart.o
    0x0800c774   0x0800c774   0x0000008c   Code   RO         5330    i.UART_Start_Receive_DMA  stm32l0xx_hal_uart.o
    0x0800c800   0x0800c800   0x0000009e   Code   RO         5334    i.UART_WaitOnFlagUntilTimeout  stm32l0xx_hal_uart.o
    0x0800c89e   0x0800c89e   0x00000002   PAD
    0x0800c8a0   0x0800c8a0   0x00000014   Code   RO         3265    i.USART1_IRQHandler  stm32l0xx_it.o
    0x0800c8b4   0x0800c8b4   0x00000014   Code   RO         3266    i.USART2_IRQHandler  stm32l0xx_it.o
    0x0800c8c8   0x0800c8c8   0x00000026   Code   RO         2704    i.XINGSHENG_ID_ASCII_Decoding  app_sn.o
    0x0800c8ee   0x0800c8ee   0x00000084   Code   RO         2705    i.XINGSHENG_ID_Decoder  app_sn.o
    0x0800c972   0x0800c972   0x00000002   PAD
    0x0800c974   0x0800c974   0x00000028   Code   RO         6471    i.__0sprintf        mc_p.l(printfa.o)
    0x0800c99c   0x0800c99c   0x00000024   Code   RO         6475    i.__0vsprintf       mc_p.l(printfa.o)
    0x0800c9c0   0x0800c9c0   0x0000002e   Code   RO         6675    i.__ARM_clz         mf_p.l(depilogue.o)
    0x0800c9ee   0x0800c9ee   0x00000030   Code   RO         4402    i.__ARM_common_ll_muluu  stm32l0xx_hal_rcc.o
    0x0800ca1e   0x0800ca1e   0x0000001a   Code   RO         1512    i.__ARM_common_switch8  app_net.o
    0x0800ca38   0x0800ca38   0x0000002c   Code   RO         6582    i.__ARM_fpclassify  m_ps.l(fpclassify.o)
    0x0800ca64   0x0800ca64   0x00000044   Code   RO         5079    i.__NVIC_SetPriority  stm32l0xx_hal_cortex.o
    0x0800caa8   0x0800caa8   0x00000008   Code   RO         6657    i.__aeabi_errno_addr  mc_p.l(errno.o)
    0x0800cab0   0x0800cab0   0x0000039c   Code   RO         6587    i.__ieee754_rem_pio2  m_ps.l(rred.o)
    0x0800ce4c   0x0800ce4c   0x000000f4   Code   RO         6565    i.__kernel_cos      m_ps.l(cos_i.o)
    0x0800cf40   0x0800cf40   0x000000ac   Code   RO         6584    i.__kernel_poly     m_ps.l(poly.o)
    0x0800cfec   0x0800cfec   0x000000ec   Code   RO         6592    i.__kernel_sin      m_ps.l(sin_i.o)
    0x0800d0d8   0x0800d0d8   0x00000014   Code   RO         6568    i.__mathlib_dbl_divzero  m_ps.l(dunder.o)
    0x0800d0ec   0x0800d0ec   0x0000000a   Code   RO         6569    i.__mathlib_dbl_infnan  m_ps.l(dunder.o)
    0x0800d0f6   0x0800d0f6   0x00000008   Code   RO         6570    i.__mathlib_dbl_infnan2  m_ps.l(dunder.o)
    0x0800d0fe   0x0800d0fe   0x00000010   Code   RO         6571    i.__mathlib_dbl_invalid  m_ps.l(dunder.o)
    0x0800d10e   0x0800d10e   0x00000002   PAD
    0x0800d110   0x0800d110   0x00000014   Code   RO         6572    i.__mathlib_dbl_overflow  m_ps.l(dunder.o)
    0x0800d124   0x0800d124   0x00000014   Code   RO         6574    i.__mathlib_dbl_underflow  m_ps.l(dunder.o)
    0x0800d138   0x0800d138   0x0000000c   Code   RO         6658    i.__read_errno      mc_p.l(errno.o)
    0x0800d144   0x0800d144   0x0000000e   Code   RO         6706    i.__scatterload_copy  mc_p.l(handlers.o)
    0x0800d152   0x0800d152   0x00000002   Code   RO         6707    i.__scatterload_null  mc_p.l(handlers.o)
    0x0800d154   0x0800d154   0x0000000e   Code   RO         6708    i.__scatterload_zeroinit  mc_p.l(handlers.o)
    0x0800d162   0x0800d162   0x00000002   PAD
    0x0800d164   0x0800d164   0x0000000c   Code   RO         6659    i.__set_errno       mc_p.l(errno.o)
    0x0800d170   0x0800d170   0x00000174   Code   RO         6476    i._fp_digits        mc_p.l(printfa.o)
    0x0800d2e4   0x0800d2e4   0x0000000e   Code   RO         6690    i._is_digit         mc_p.l(scanf_fp.o)
    0x0800d2f2   0x0800d2f2   0x00000002   PAD
    0x0800d2f4   0x0800d2f4   0x000006ec   Code   RO         6477    i._printf_core      mc_p.l(printfa.o)
    0x0800d9e0   0x0800d9e0   0x00000020   Code   RO         6478    i._printf_post_padding  mc_p.l(printfa.o)
    0x0800da00   0x0800da00   0x0000002c   Code   RO         6479    i._printf_pre_padding  mc_p.l(printfa.o)
    0x0800da2c   0x0800da2c   0x0000000a   Code   RO         6481    i._sputc            mc_p.l(printfa.o)
    0x0800da36   0x0800da36   0x00000002   PAD
    0x0800da38   0x0800da38   0x000000a0   Code   RO         2022    i.addNewGPSInfo     app_gps.o
    0x0800dad8   0x0800dad8   0x00000010   Code   RO         1532    i.alarmRequestClear  app_task.o
    0x0800dae8   0x0800dae8   0x00000010   Code   RO         1533    i.alarmRequestSet   app_task.o
    0x0800daf8   0x0800daf8   0x00000244   Code   RO         1534    i.alarmUploadRequest  app_task.o
    0x0800dd3c   0x0800dd3c   0x000000ac   Code   RO         2925    i.appBleCRecvParser  app_ble.o
    0x0800dde8   0x0800dde8   0x00000010   Code   RO         2927    i.appBleInfoReset   app_ble.o
    0x0800ddf8   0x0800ddf8   0x000000a0   Code   RO         2929    i.appBlePRecvParser  app_ble.o
    0x0800de98   0x0800de98   0x00000040   Code   RO         2930    i.appBleSendData    app_ble.o
    0x0800ded8   0x0800ded8   0x0000002a   Code   RO          466    i.asciiToHex        app_sys.o
    0x0800df02   0x0800df02   0x00000002   PAD
    0x0800df04   0x0800df04   0x00000274   Code   RO         6163    i.asin              m_ps.l(asin.o)
    0x0800e178   0x0800e178   0x0000002c   Code   RO         2233    i.atCmdCmGetParser  app_atcmd.o
    0x0800e1a4   0x0800e1a4   0x0000003c   Code   RO         2234    i.atCmdDebugLevelParser  app_atcmd.o
    0x0800e1e0   0x0800e1e0   0x000002ac   Code   RO         2235    i.atCmdDebugParase  app_atcmd.o
    0x0800e48c   0x0800e48c   0x0000008c   Code   RO         2237    i.atCmdFMPCnmeaParase  app_atcmd.o
    0x0800e518   0x0800e518   0x000000b8   Code   RO         2238    i.atCmdFmpcAdccalParase  app_atcmd.o
    0x0800e5d0   0x0800e5d0   0x00000020   Code   RO         2239    i.atCmdFmpcAllParse  app_atcmd.o
    0x0800e5f0   0x0800e5f0   0x00000034   Code   RO         2240    i.atCmdFmpcCMParse  app_atcmd.o
    0x0800e624   0x0800e624   0x00000038   Code   RO         2241    i.atCmdFmpcChkpParse  app_atcmd.o
    0x0800e65c   0x0800e65c   0x00000034   Code   RO         2242    i.atCmdFmpcIMSIParse  app_atcmd.o
    0x0800e690   0x0800e690   0x00000044   Code   RO         2243    i.atCmdFmpcIMSIParseRespon  app_atcmd.o
    0x0800e6d4   0x0800e6d4   0x00000034   Code   RO         2244    i.atCmdIMEIParse    app_atcmd.o
    0x0800e708   0x0800e708   0x00000034   Code   RO         2245    i.atCmdIMEIParseRespon  app_atcmd.o
    0x0800e73c   0x0800e73c   0x00000300   Code   RO         2246    i.atCmdParserFunction  app_atcmd.o
    0x0800ea3c   0x0800ea3c   0x0000005c   Code   RO         2247    i.atCmdZTSNParse    app_atcmd.o
    0x0800ea98   0x0800ea98   0x0000002a   Code   RO         6173    i.atof              m_ps.l(atof.o)
    0x0800eac2   0x0800eac2   0x00000002   PAD
    0x0800eac4   0x0800eac4   0x00000114   Code   RO         1535    i.autoSleepTask     app_task.o
    0x0800ebd8   0x0800ebd8   0x000000a8   Code   RO         2777    i.calculateDistanceOfPoint  app_gpsarithmetic.o
    0x0800ec80   0x0800ec80   0x0000010c   Code   RO         2778    i.calculateTheDistanceBetweenTwoPonits  app_gpsarithmetic.o
    0x0800ed8c   0x0800ed8c   0x00000130   Code   RO         2779    i.calculateTheGPSCornerPoint  app_gpsarithmetic.o
    0x0800eebc   0x0800eebc   0x0000003c   Code   RO          467    i.changeByteArrayToHexString  app_sys.o
    0x0800eef8   0x0800eef8   0x00000048   Code   RO          468    i.changeHexStringToByteArray  app_sys.o
    0x0800ef40   0x0800ef40   0x0000004c   Code   RO          469    i.changeHexStringToByteArray_10in  app_sys.o
    0x0800ef8c   0x0800ef8c   0x00000150   Code   RO          470    i.changeUTCTimeToLocalTime  app_sys.o
    0x0800f0dc   0x0800f0dc   0x00000094   Code   RO         2152    i.charstrToHexValue  app_nmea.o
    0x0800f170   0x0800f170   0x00000020   Code   RO         1810    i.clearHbtTimer     app_serverprotocol.o
    0x0800f190   0x0800f190   0x0000001c   Code   RO          231    i.clearRingWakeUp   app_port.o
    0x0800f1ac   0x0800f1ac   0x00000024   Code   RO         2825    i.clearStep         app_mir3da.o
    0x0800f1d0   0x0800f1d0   0x00000010   Code   RO         1122    i.closeModuleGPS    app_net.o
    0x0800f1e0   0x0800f1e0   0x0000002a   Code   RO         2706    i.compress          app_sn.o
    0x0800f20a   0x0800f20a   0x00000002   PAD
    0x0800f20c   0x0800f20c   0x00000098   Code   RO         6177    i.cos               m_ps.l(cos.o)
    0x0800f2a4   0x0800f2a4   0x000000b4   Code   RO         1811    i.createProtocol16  app_serverprotocol.o
    0x0800f358   0x0800f358   0x000000bc   Code   RO         1812    i.createProtocol19  app_serverprotocol.o
    0x0800f414   0x0800f414   0x00000068   Code   RO         1813    i.createProtocol53  app_serverprotocol.o
    0x0800f47c   0x0800f47c   0x00000094   Code   RO         1815    i.createProtocol62  app_serverprotocol.o
    0x0800f510   0x0800f510   0x00000050   Code   RO         1816    i.createProtocolF1  app_serverprotocol.o
    0x0800f560   0x0800f560   0x000000f8   Code   RO         1817    i.createProtocolF3  app_serverprotocol.o
    0x0800f658   0x0800f658   0x00000014   Code   RO         1818    i.createProtocolHead  app_serverprotocol.o
    0x0800f66c   0x0800f66c   0x00000010   Code   RO         1819    i.createProtocolSerial  app_serverprotocol.o
    0x0800f67c   0x0800f67c   0x00000036   Code   RO         1820    i.createProtocolTail  app_serverprotocol.o
    0x0800f6b2   0x0800f6b2   0x00000040   Code   RO         1821    i.createProtocolTail_7979  app_serverprotocol.o
    0x0800f6f2   0x0800f6f2   0x00000038   Code   RO         1822    i.createProtocol_01  app_serverprotocol.o
    0x0800f72a   0x0800f72a   0x00000002   PAD
    0x0800f72c   0x0800f72c   0x0000008c   Code   RO         1823    i.createProtocol_12  app_serverprotocol.o
    0x0800f7b8   0x0800f7b8   0x000000c4   Code   RO         1824    i.createProtocol_13  app_serverprotocol.o
    0x0800f87c   0x0800f87c   0x0000004c   Code   RO         1825    i.createProtocol_21  app_serverprotocol.o
    0x0800f8c8   0x0800f8c8   0x00000022   Code   RO         1826    i.createProtocol_8A  app_serverprotocol.o
    0x0800f8ea   0x0800f8ea   0x00000010   Code   RO            4    i.createSystemTask  app_kernal.o
    0x0800f8fa   0x0800f8fa   0x0000000c   Code   RO         1123    i.csqRequest        app_net.o
    0x0800f906   0x0800f906   0x00000002   PAD
    0x0800f908   0x0800f908   0x000000a4   Code   RO         2707    i.decryptSN         app_sn.o
    0x0800f9ac   0x0800f9ac   0x00000024   Code   RO         1536    i.delSmsOndDay      app_task.o
    0x0800f9d0   0x0800f9d0   0x00000010   Code   RO         1124    i.deleteMessage     app_net.o
    0x0800f9e0   0x0800f9e0   0x00000090   Code   RO          232    i.disPlaySystemTime  app_port.o
    0x0800fa70   0x0800fa70   0x00000014   Code   RO          471    i.distinguishOK     app_sys.o
    0x0800fa84   0x0800fa84   0x000000c0   Code   RO         2352    i.do123Instruction  app_instructioncmd.o
    0x0800fb44   0x0800fb44   0x00000120   Code   RO         2353    i.doACCCTLGNSSInstrucion  app_instructioncmd.o
    0x0800fc64   0x0800fc64   0x00000138   Code   RO         2354    i.doAPNInstruction  app_instructioncmd.o
    0x0800fd9c   0x0800fd9c   0x00000110   Code   RO         2355    i.doAdccalInstrucion  app_instructioncmd.o
    0x0800feac   0x0800feac   0x00000170   Code   RO         2356    i.doAlarmModeInstrucion  app_instructioncmd.o
    0x0801001c   0x0801001c   0x000000c8   Code   RO         2357    i.doAnswerInstrucion  app_instructioncmd.o
    0x080100e4   0x080100e4   0x000000ec   Code   RO         2358    i.doAudioInstrucion  app_instructioncmd.o
    0x080101d0   0x080101d0   0x00000034   Code   RO         2359    i.doBFInstruction   app_instructioncmd.o
    0x08010204   0x08010204   0x00000034   Code   RO         2360    i.doCFInstruction   app_instructioncmd.o
    0x08010238   0x08010238   0x0000036c   Code   RO         2361    i.doDebugInstrucion  app_instructioncmd.o
    0x080105a4   0x080105a4   0x00000094   Code   RO         2362    i.doFactoryInstrucion  app_instructioncmd.o
    0x08010638   0x08010638   0x000001d8   Code   RO         2363    i.doFactoryTestInstruction  app_instructioncmd.o
    0x08010810   0x08010810   0x0000009c   Code   RO         2364    i.doFenceInstrucion  app_instructioncmd.o
    0x080108ac   0x080108ac   0x000000c8   Code   RO         2365    i.doHbtInstruction  app_instructioncmd.o
    0x08010974   0x08010974   0x00000124   Code   RO         2367    i.doJtInstruction   app_instructioncmd.o
    0x08010a98   0x08010a98   0x00000090   Code   RO         2368    i.doLEDInstruction  app_instructioncmd.o
    0x08010b28   0x08010b28   0x000000c8   Code   RO         2369    i.doLOWWInstruction  app_instructioncmd.o
    0x08010bf0   0x08010bf0   0x00000468   Code   RO         2370    i.doModeInstruction  app_instructioncmd.o
    0x08011058   0x08011058   0x00000130   Code   RO         2371    i.doPOITYPEInstruction  app_instructioncmd.o
    0x08011188   0x08011188   0x00000294   Code   RO         2372    i.doParamInstruction  app_instructioncmd.o
    0x0801141c   0x0801141c   0x000000ac   Code   RO         2373    i.doPdopInstrucion  app_instructioncmd.o
    0x080114c8   0x080114c8   0x00000070   Code   RO         1537    i.doPoitypeRequest  app_task.o
    0x08011538   0x08011538   0x00000068   Code   RO         2374    i.doResetInstruction  app_instructioncmd.o
    0x080115a0   0x080115a0   0x000000b0   Code   RO         2375    i.doSNInstruction   app_instructioncmd.o
    0x08011650   0x08011650   0x0000007c   Code   RO         2376    i.doServerInstruction  app_instructioncmd.o
    0x080116cc   0x080116cc   0x000000e0   Code   RO         2377    i.doSetAgpsInstruction  app_instructioncmd.o
    0x080117ac   0x080117ac   0x00000174   Code   RO         2378    i.doSetblemacInstrucion  app_instructioncmd.o
    0x08011920   0x08011920   0x000000a8   Code   RO         2379    i.doSmsreplyInstrucion  app_instructioncmd.o
    0x080119c8   0x080119c8   0x00000084   Code   RO         2380    i.doStaticTimeInstrucion  app_instructioncmd.o
    0x08011a4c   0x08011a4c   0x00000184   Code   RO         2381    i.doStatusInstruction  app_instructioncmd.o
    0x08011bd0   0x08011bd0   0x000000e4   Code   RO         2382    i.doTTSInstruction  app_instructioncmd.o
    0x08011cb4   0x08011cb4   0x000000c4   Code   RO         2383    i.doTurnAlgInstrucion  app_instructioncmd.o
    0x08011d78   0x08011d78   0x000000b4   Code   RO         2384    i.doUPSInstruction  app_instructioncmd.o
    0x08011e2c   0x08011e2c   0x000000e4   Code   RO         2385    i.doUTCInstruction  app_instructioncmd.o
    0x08011f10   0x08011f10   0x00000068   Code   RO         2386    i.doVersionInstruction  app_instructioncmd.o
    0x08011f78   0x08011f78   0x000000a4   Code   RO         2387    i.doVibrangeInstrucion  app_instructioncmd.o
    0x0801201c   0x0801201c   0x00000080   Code   RO         2388    i.doVolInstrucion   app_instructioncmd.o
    0x0801209c   0x0801209c   0x0000021c   Code   RO         2248    i.doinstruction     app_atcmd.o
    0x080122b8   0x080122b8   0x000000b4   Code   RO         2389    i.dorequestSend123  app_instructioncmd.o
    0x0801236c   0x0801236c   0x00000034   Code   RO          718    i.eepromWriteByte   app_param.o
    0x080123a0   0x080123a0   0x00000034   Code   RO          719    i.eepromWriteTwoBytes  app_param.o
    0x080123d4   0x080123d4   0x00000034   Code   RO          720    i.eepromWriteWord   app_param.o
    0x08012408   0x08012408   0x00000140   Code   RO         2708    i.encrypt           app_sn.o
    0x08012548   0x08012548   0x00000050   Code   RO         1538    i.exitNetCtl        app_task.o
    0x08012598   0x08012598   0x0000002a   Code   RO         2709    i.expand            app_sn.o
    0x080125c2   0x080125c2   0x00000002   PAD
    0x080125c4   0x080125c4   0x00000054   Code   RO         6497    i.free              mc_p.l(malloc.o)
    0x08012618   0x08012618   0x00000050   Code   RO         1539    i.getBatVoltage     app_task.o
    0x08012668   0x08012668   0x0000005c   Code   RO         1827    i.getBatteryLevel   app_serverprotocol.o
    0x080126c4   0x080126c4   0x0000001a   Code   RO          472    i.getCharIndex      app_sys.o
    0x080126de   0x080126de   0x00000028   Code   RO          473    i.getCharIndexWithNum  app_sys.o
    0x08012706   0x08012706   0x00000002   PAD
    0x08012708   0x08012708   0x00000008   Code   RO         2025    i.getCurrentGPSInfo  app_gps.o
    0x08012710   0x08012710   0x00000008   Code   RO         2026    i.getGSPfifo        app_gps.o
    0x08012718   0x08012718   0x00000008   Code   RO         2027    i.getLastFixedGPSInfo  app_gps.o
    0x08012720   0x08012720   0x00000008   Code   RO         1125    i.getModuleICCID    app_net.o
    0x08012728   0x08012728   0x00000008   Code   RO         1126    i.getModuleIMEI     app_net.o
    0x08012730   0x08012730   0x00000008   Code   RO         1127    i.getModuleIMSI     app_net.o
    0x08012738   0x08012738   0x0000000c   Code   RO         1128    i.getModuleRssi     app_net.o
    0x08012744   0x08012744   0x0000001a   Code   RO         2826    i.getStep           app_mir3da.o
    0x0801275e   0x0801275e   0x00000002   PAD
    0x08012760   0x08012760   0x00000010   Code   RO          474    i.getTerminalAccState  app_sys.o
    0x08012770   0x08012770   0x00000010   Code   RO          475    i.getTerminalChargeState  app_sys.o
    0x08012780   0x08012780   0x0000000c   Code   RO         1540    i.gpsChangeFsmState  app_task.o
    0x0801278c   0x0801278c   0x00000028   Code   RO         2028    i.gpsClearCurrentGPSInfo  app_gps.o
    0x080127b4   0x080127b4   0x0000000a   Code   RO         2029    i.gpsFilter         app_gps.o
    0x080127be   0x080127be   0x00000002   PAD
    0x080127c0   0x080127c0   0x00000014   Code   RO         2100    i.gpsIsRun          app_gpsrestore.o
    0x080127d4   0x080127d4   0x0000005c   Code   RO         1541    i.gpsLedTask        app_task.o
    0x08012830   0x08012830   0x0000000c   Code   RO         2101    i.gpsNoRestoreFileToRead  app_gpsrestore.o
    0x0801283c   0x0801283c   0x0000005c   Code   RO         1542    i.gpsOutputCheckTask  app_task.o
    0x08012898   0x08012898   0x000000f0   Code   RO         2102    i.gpsReadFromModuleAndSendtoServe  app_gpsrestore.o
    0x08012988   0x08012988   0x00000010   Code   RO         2103    i.gpsReadRestoreReset  app_gpsrestore.o
    0x08012998   0x08012998   0x00000044   Code   RO         1543    i.gpsRequestClear   app_task.o
    0x080129dc   0x080129dc   0x00000054   Code   RO         1544    i.gpsRequestClose   app_task.o
    0x08012a30   0x08012a30   0x00000010   Code   RO         1545    i.gpsRequestGet     app_task.o
    0x08012a40   0x08012a40   0x00000040   Code   RO         1546    i.gpsRequestSet     app_task.o
    0x08012a80   0x08012a80   0x000000f0   Code   RO         1547    i.gpsRequestTask    app_task.o
    0x08012b70   0x08012b70   0x000000f8   Code   RO         1828    i.gpsRestoreDataSend  app_serverprotocol.o
    0x08012c68   0x08012c68   0x0000006c   Code   RO         2104    i.gpsRestoreWriteData  app_gpsrestore.o
    0x08012cd4   0x08012cd4   0x00000010   Code   RO         1548    i.gpsStartBD        app_task.o
    0x08012ce4   0x08012ce4   0x00000028   Code   RO         2105    i.gpsUpdateRestoreFileNameAndTotalSize  app_gpsrestore.o
    0x08012d0c   0x08012d0c   0x0000009c   Code   RO         2780    i.gpsUploadPointToServer  app_gpsarithmetic.o
    0x08012da8   0x08012da8   0x00000078   Code   RO         1549    i.gpsUplodOnePointTask  app_task.o
    0x08012e20   0x08012e20   0x000000b4   Code   RO         1550    i.gsensorIntervalCheck  app_task.o
    0x08012ed4   0x08012ed4   0x000001d4   Code   RO         1551    i.gsensorTapTask    app_task.o
    0x080130a8   0x080130a8   0x00000094   Code   RO          233    i.halGetInDma       app_port.o
    0x0801313c   0x0801313c   0x00000014   Code   RO          234    i.halRecvInIdle     app_port.o
    0x08013150   0x08013150   0x00000018   Code   RO          235    i.halUartRecvPushOut  app_port.o
    0x08013168   0x08013168   0x00000084   Code   RO         1552    i.hearbeatRequest   app_task.o
    0x080131ec   0x080131ec   0x00000050   Code   RO         2781    i.initLastPoint     app_gpsarithmetic.o
    0x0801323c   0x0801323c   0x0000004c   Code   RO         2249    i.instructionParser  app_atcmd.o
    0x08013288   0x08013288   0x0000000c   Code   RO         1129    i.isModulePowerOn   app_net.o
    0x08013294   0x08013294   0x00000014   Code   RO         1130    i.isModuleRunNormal  app_net.o
    0x080132a8   0x080132a8   0x00000020   Code   RO         1829    i.isProtocolReday   app_serverprotocol.o
    0x080132c8   0x080132c8   0x000000b0   Code   RO            6    i.kernalRun         app_kernal.o
    0x08013378   0x08013378   0x000000a8   Code   RO         2153    i.latitude_to_double  app_nmea.o
    0x08013420   0x08013420   0x00000058   Code   RO         1553    i.lbsUploadRequestTask  app_task.o
    0x08013478   0x08013478   0x0000000c   Code   RO         1554    i.ledRunTask        app_task.o
    0x08013484   0x08013484   0x00000018   Code   RO         1555    i.ledSetPeriod      app_task.o
    0x0801349c   0x0801349c   0x000000a8   Code   RO         2154    i.longitude_to_double  app_nmea.o
    0x08013544   0x08013544   0x0000002a   Code   RO         2989    i.main              main.o
    0x0801356e   0x0801356e   0x00000002   PAD
    0x08013570   0x08013570   0x0000006c   Code   RO         6498    i.malloc            mc_p.l(malloc.o)
    0x080135dc   0x080135dc   0x00000114   Code   RO         2828    i.mir3da_init       app_mir3da.o
    0x080136f0   0x080136f0   0x00000026   Code   RO         2829    i.mir3da_open_interrupt  app_mir3da.o
    0x08013716   0x08013716   0x00000002   PAD
    0x08013718   0x08013718   0x00000028   Code   RO         2831    i.mir3da_register_read  app_mir3da.o
    0x08013740   0x08013740   0x00000030   Code   RO         2832    i.mir3da_register_write  app_mir3da.o
    0x08013770   0x08013770   0x00000014   Code   RO         2833    i.mir3da_set_enable  app_mir3da.o
    0x08013784   0x08013784   0x00000088   Code   RO         1556    i.modeRun           app_task.o
    0x0801380c   0x0801380c   0x0000009c   Code   RO         1557    i.modeShutDownQuickly  app_task.o
    0x080138a8   0x080138a8   0x000000a8   Code   RO         1558    i.modeStart         app_task.o
    0x08013950   0x08013950   0x00000068   Code   RO         1559    i.modeStop          app_task.o
    0x080139b8   0x080139b8   0x0000001c   Code   RO         1131    i.moduleInfoInit    app_net.o
    0x080139d4   0x080139d4   0x00000054   Code   RO         1132    i.modulePowerOff    app_net.o
    0x08013a28   0x08013a28   0x00000060   Code   RO         1133    i.modulePowerOn     app_net.o
    0x08013a88   0x08013a88   0x00000064   Code   RO         1134    i.moduleReset       app_net.o
    0x08013aec   0x08013aec   0x00000014   Code   RO         1830    i.moduleResetProcess  app_serverprotocol.o
    0x08013b00   0x08013b00   0x00000040   Code   RO         1135    i.moduleResetProcessA  app_net.o
    0x08013b40   0x08013b40   0x00000284   Code   RO         1136    i.moduleResponParaser  app_net.o
    0x08013dc4   0x08013dc4   0x00000054   Code   RO          667    i.myAppConfig       app_user.o
    0x08013e18   0x08013e18   0x00000014   Code   RO          668    i.myAppRun          app_user.o
    0x08013e2c   0x08013e2c   0x00000058   Code   RO          476    i.my_getstrindex    app_sys.o
    0x08013e84   0x08013e84   0x0000002e   Code   RO          477    i.my_strpach        app_sys.o
    0x08013eb2   0x08013eb2   0x00000036   Code   RO          478    i.my_strstr         app_sys.o
    0x08013ee8   0x08013ee8   0x0000003a   Code   RO         2250    i.mycmdPatch        app_atcmd.o
    0x08013f22   0x08013f22   0x00000002   PAD
    0x08013f24   0x08013f24   0x00000018   Code   RO         1137    i.n58ATA            app_net.o
    0x08013f3c   0x08013f3c   0x00000048   Code   RO         1138    i.n58AtaParser      app_net.o
    0x08013f84   0x08013f84   0x000000a4   Code   RO         1139    i.n58AudplayParser  app_net.o
    0x08014028   0x08014028   0x00000088   Code   RO         1140    i.n58CCIDParser     app_net.o
    0x080140b0   0x080140b0   0x0000005c   Code   RO         1141    i.n58CGSNParser     app_net.o
    0x0801410c   0x0801410c   0x000000e4   Code   RO         1142    i.n58CIMIParser     app_net.o
    0x080141f0   0x080141f0   0x000000e0   Code   RO         1143    i.n58CMGRParser     app_net.o
    0x080142d0   0x080142d0   0x00000088   Code   RO         1144    i.n58CMTIParser     app_net.o
    0x08014358   0x08014358   0x000000a4   Code   RO         1145    i.n58CREGParser     app_net.o
    0x080143fc   0x080143fc   0x00000090   Code   RO         1146    i.n58CSQParser      app_net.o
    0x0801448c   0x0801448c   0x00000198   Code   RO         1147    i.n58FSLISTParser   app_net.o
    0x08014624   0x08014624   0x0000014c   Code   RO         1148    i.n58FswrParser     app_net.o
    0x08014770   0x08014770   0x00000064   Code   RO         1149    i.n58GmrParser      app_net.o
    0x080147d4   0x080147d4   0x0000002c   Code   RO         1150    i.n58MygpsposParser  app_net.o
    0x08014800   0x08014800   0x00000080   Code   RO         1151    i.n58MygpsstateParser  app_net.o
    0x08014880   0x08014880   0x000000e8   Code   RO         1152    i.n58MylacidParser  app_net.o
    0x08014968   0x08014968   0x00000060   Code   RO         1153    i.n58NwblecconParser  app_net.o
    0x080149c8   0x080149c8   0x00000080   Code   RO         1154    i.n58NwbleroleParser  app_net.o
    0x08014a48   0x08014a48   0x0000007c   Code   RO         1155    i.n58NwbtblepwrParser  app_net.o
    0x08014ac4   0x08014ac4   0x0000007c   Code   RO         1156    i.n58NwurcblestatParser  app_net.o
    0x08014b40   0x08014b40   0x000000e0   Code   RO         1157    i.n58TCPRecvParser  app_net.o
    0x08014c20   0x08014c20   0x00000090   Code   RO         1158    i.n58TCPcloseParser  app_net.o
    0x08014cb0   0x08014cb0   0x00000178   Code   RO         1159    i.n58TCPsetupParser  app_net.o
    0x08014e28   0x08014e28   0x00000088   Code   RO         1160    i.n58TcpsendParase  app_net.o
    0x08014eb0   0x08014eb0   0x000000d0   Code   RO         1161    i.n58WIFISCANParser  app_net.o
    0x08014f80   0x08014f80   0x0000004c   Code   RO         1162    i.n58cgattParser    app_net.o
    0x08014fcc   0x08014fcc   0x0000001c   Code   RO         1163    i.n58cgdcontParser  app_net.o
    0x08014fe8   0x08014fe8   0x0000003c   Code   RO         1164    i.n58mysysteminfoParser  app_net.o
    0x08015024   0x08015024   0x0000002c   Code   RO         1165    i.n58setAPN         app_net.o
    0x08015050   0x08015050   0x00000034   Code   RO         1166    i.n58setXGAUTH      app_net.o
    0x08015084   0x08015084   0x0000001c   Code   RO         1167    i.n58xgauthParser   app_net.o
    0x080150a0   0x080150a0   0x0000001c   Code   RO         1168    i.n58xiicParser     app_net.o
    0x080150bc   0x080150bc   0x000000a4   Code   RO         1169    i.n58xiicqueryParser  app_net.o
    0x08015160   0x08015160   0x00000010   Code   RO         1831    i.netConnectReset   app_serverprotocol.o
    0x08015170   0x08015170   0x00000054   Code   RO         1170    i.netEnterStopMode  app_net.o
    0x080151c4   0x080151c4   0x0000003c   Code   RO         1171    i.netExitStopMode   app_net.o
    0x08015200   0x08015200   0x0000004c   Code   RO         1560    i.netModuleShutdown  app_task.o
    0x0801524c   0x0801524c   0x0000008c   Code   RO         1561    i.netModuleStartup  app_task.o
    0x080152d8   0x080152d8   0x00000014   Code   RO         1172    i.netWorkModuleRunOk  app_net.o
    0x080152ec   0x080152ec   0x000004cc   Code   RO         1173    i.networkConnectProcess  app_net.o
    0x080157b8   0x080157b8   0x00000050   Code   RO         2155    i.nmeaParse         app_nmea.o
    0x08015808   0x08015808   0x0000001c   Code   RO         1174    i.openModuleGPS     app_net.o
    0x08015824   0x08015824   0x00000068   Code   RO         1175    i.outPutNodeCmd     app_net.o
    0x0801588c   0x0801588c   0x00000084   Code   RO         1832    i.packIMEI          app_serverprotocol.o
    0x08015910   0x08015910   0x00000204   Code   RO          721    i.paramDefaultInit  app_param.o
    0x08015b14   0x08015b14   0x00000020   Code   RO          722    i.paramGetAdcCal    app_param.o
    0x08015b34   0x08015b34   0x00000014   Code   RO          723    i.paramGetAgpsPort  app_param.o
    0x08015b48   0x08015b48   0x0000002c   Code   RO          724    i.paramGetAgpsPswd  app_param.o
    0x08015b74   0x08015b74   0x0000002c   Code   RO          725    i.paramGetAgpsServer  app_param.o
    0x08015ba0   0x08015ba0   0x0000002c   Code   RO          726    i.paramGetAgpsUser  app_param.o
    0x08015bcc   0x08015bcc   0x0000001c   Code   RO          727    i.paramGetApnName   app_param.o
    0x08015be8   0x08015be8   0x0000001c   Code   RO          728    i.paramGetApnPswd   app_param.o
    0x08015c04   0x08015c04   0x0000001c   Code   RO          729    i.paramGetApnUser   app_param.o
    0x08015c20   0x08015c20   0x00000014   Code   RO          730    i.paramGetAutoParam  app_param.o
    0x08015c34   0x08015c34   0x00000020   Code   RO          731    i.paramGetBleMac    app_param.o
    0x08015c54   0x08015c54   0x0000000c   Code   RO          732    i.paramGetCM        app_param.o
    0x08015c60   0x08015c60   0x0000001c   Code   RO          733    i.paramGetCodeVersion  app_param.o
    0x08015c7c   0x08015c7c   0x0000000c   Code   RO          734    i.paramGetGPSUploadInterval  app_param.o
    0x08015c88   0x08015c88   0x0000000c   Code   RO          735    i.paramGetHeartbeatInterval  app_param.o
    0x08015c94   0x08015c94   0x0000000c   Code   RO          736    i.paramGetLoww      app_param.o
    0x08015ca0   0x08015ca0   0x00000014   Code   RO          737    i.paramGetMode2cnt  app_param.o
    0x08015cb4   0x08015cb4   0x0000002c   Code   RO          738    i.paramGetServer    app_param.o
    0x08015ce0   0x08015ce0   0x00000020   Code   RO          739    i.paramGetSnNumber  app_param.o
    0x08015d00   0x08015d00   0x00000014   Code   RO          740    i.paramGetStaticTime  app_param.o
    0x08015d14   0x08015d14   0x00000014   Code   RO          741    i.paramGetStep      app_param.o
    0x08015d28   0x08015d28   0x00000028   Code   RO          742    i.paramGetUPSServer  app_param.o
    0x08015d50   0x08015d50   0x00000014   Code   RO          744    i.paramGetVibrange  app_param.o
    0x08015d64   0x08015d64   0x00000250   Code   RO          745    i.paramInit         app_param.o
    0x08015fb4   0x08015fb4   0x00000018   Code   RO          746    i.paramSaveACCCTLGNSS  app_param.o
    0x08015fcc   0x08015fcc   0x00000020   Code   RO          747    i.paramSaveAdcCal   app_param.o
    0x08015fec   0x08015fec   0x00000018   Code   RO          748    i.paramSaveAgpsPort  app_param.o
    0x08016004   0x08016004   0x00000028   Code   RO          749    i.paramSaveAgpsPswd  app_param.o
    0x0801602c   0x0801602c   0x00000028   Code   RO          750    i.paramSaveAgpsServer  app_param.o
    0x08016054   0x08016054   0x00000028   Code   RO          751    i.paramSaveAgpsUser  app_param.o
    0x0801607c   0x0801607c   0x00000028   Code   RO          752    i.paramSaveAlarmTime  app_param.o
    0x080160a4   0x080160a4   0x0000003c   Code   RO          753    i.paramSaveApnName  app_param.o
    0x080160e0   0x080160e0   0x0000003c   Code   RO          754    i.paramSaveApnPswd  app_param.o
    0x0801611c   0x0801611c   0x0000003c   Code   RO          755    i.paramSaveApnUser  app_param.o
    0x08016158   0x08016158   0x00000018   Code   RO          756    i.paramSaveAutoAnswer  app_param.o
    0x08016170   0x08016170   0x0000000e   Code   RO          757    i.paramSaveAutoParam  app_param.o
    0x0801617e   0x0801617e   0x00000002   PAD
    0x08016180   0x08016180   0x00000018   Code   RO          758    i.paramSaveBF       app_param.o
    0x08016198   0x08016198   0x0000003e   Code   RO          759    i.paramSaveBleMac   app_param.o
    0x080161d6   0x080161d6   0x0000000e   Code   RO          760    i.paramSaveCM       app_param.o
    0x080161e4   0x080161e4   0x00000026   Code   RO          761    i.paramSaveCodeVersion  app_param.o
    0x0801620a   0x0801620a   0x00000002   PAD
    0x0801620c   0x0801620c   0x00000018   Code   RO          762    i.paramSaveFence    app_param.o
    0x08016224   0x08016224   0x00000010   Code   RO          763    i.paramSaveGPSUploadInterval  app_param.o
    0x08016234   0x08016234   0x00000014   Code   RO          764    i.paramSaveHardFault  app_param.o
    0x08016248   0x08016248   0x00000010   Code   RO          765    i.paramSaveHeartbeatInterval  app_param.o
    0x08016258   0x08016258   0x00000018   Code   RO          766    i.paramSaveInterval  app_param.o
    0x08016270   0x08016270   0x00000018   Code   RO          767    i.paramSaveLedCtl   app_param.o
    0x08016288   0x08016288   0x00000018   Code   RO          768    i.paramSaveLightAlarmMode  app_param.o
    0x080162a0   0x080162a0   0x0000000e   Code   RO          769    i.paramSaveLoww     app_param.o
    0x080162ae   0x080162ae   0x00000002   PAD
    0x080162b0   0x080162b0   0x00000014   Code   RO          770    i.paramSaveMallocFault  app_param.o
    0x080162c4   0x080162c4   0x00000018   Code   RO          771    i.paramSaveMode     app_param.o
    0x080162dc   0x080162dc   0x00000018   Code   RO          772    i.paramSaveMode1GapDay  app_param.o
    0x080162f4   0x080162f4   0x00000018   Code   RO          773    i.paramSaveMode1Timer  app_param.o
    0x0801630c   0x0801630c   0x00000018   Code   RO          774    i.paramSaveMode2cnt  app_param.o
    0x08016324   0x08016324   0x00000018   Code   RO          775    i.paramSaveNoNetWakeUpMinutes  app_param.o
    0x0801633c   0x0801633c   0x00000018   Code   RO          776    i.paramSavePdop     app_param.o
    0x08016354   0x08016354   0x00000018   Code   RO          777    i.paramSavePoitype  app_param.o
    0x0801636c   0x0801636c   0x0000004a   Code   RO          778    i.paramSaveServer   app_param.o
    0x080163b6   0x080163b6   0x0000000e   Code   RO          780    i.paramSaveSmsreply  app_param.o
    0x080163c4   0x080163c4   0x0000001e   Code   RO          781    i.paramSaveSnNumber  app_param.o
    0x080163e2   0x080163e2   0x00000002   PAD
    0x080163e4   0x080163e4   0x00000018   Code   RO          782    i.paramSaveStaticTime  app_param.o
    0x080163fc   0x080163fc   0x00000014   Code   RO          783    i.paramSaveStep     app_param.o
    0x08016410   0x08016410   0x00000018   Code   RO          784    i.paramSaveTurnalg  app_param.o
    0x08016428   0x08016428   0x00000046   Code   RO          785    i.paramSaveUPSServer  app_param.o
    0x0801646e   0x0801646e   0x00000002   PAD
    0x08016470   0x08016470   0x00000018   Code   RO          786    i.paramSaveUTC      app_param.o
    0x08016488   0x08016488   0x00000014   Code   RO          787    i.paramSaveUpdateStatus  app_param.o
    0x0801649c   0x0801649c   0x00000014   Code   RO          788    i.paramSaveVibrange  app_param.o
    0x080164b0   0x080164b0   0x00000138   Code   RO         2156    i.parseGPS          app_nmea.o
    0x080165e8   0x080165e8   0x0000001c   Code   RO         2157    i.parse_GGA         app_nmea.o
    0x08016604   0x08016604   0x0000003c   Code   RO         2158    i.parse_GSA         app_nmea.o
    0x08016640   0x08016640   0x000001c4   Code   RO         2159    i.parse_GSV         app_nmea.o
    0x08016804   0x08016804   0x00000158   Code   RO         2160    i.parse_RMC         app_nmea.o
    0x0801695c   0x0801695c   0x00000038   Code   RO         1176    i.playAudio         app_net.o
    0x08016994   0x08016994   0x00000034   Code   RO          236    i.portClearStep     app_port.o
    0x080169c8   0x080169c8   0x00000038   Code   RO          237    i.portGetAdc        app_port.o
    0x08016a00   0x08016a00   0x00000036   Code   RO          238    i.portGetDateTimeOfSeconds  app_port.o
    0x08016a36   0x08016a36   0x00000002   PAD
    0x08016a38   0x08016a38   0x00000058   Code   RO          239    i.portGetSystemDateTime  app_port.o
    0x08016a90   0x08016a90   0x000000a0   Code   RO          240    i.portGsensorCfg    app_port.o
    0x08016b30   0x08016b30   0x00000010   Code   RO          241    i.portGsensorInt    app_port.o
    0x08016b40   0x08016b40   0x00000088   Code   RO          242    i.portLdrInt        app_port.o
    0x08016bc8   0x08016bc8   0x0000001c   Code   RO          243    i.portLowPowerCfg   app_port.o
    0x08016be4   0x08016be4   0x000000c0   Code   RO          244    i.portModuleCfg     app_port.o
    0x08016ca4   0x08016ca4   0x00000020   Code   RO          245    i.portPollUart      app_port.o
    0x08016cc4   0x08016cc4   0x00000054   Code   RO          246    i.portRingSignal    app_port.o
    0x08016d18   0x08016d18   0x0000003c   Code   RO          247    i.portSaveStep      app_port.o
    0x08016d54   0x08016d54   0x00000144   Code   RO          248    i.portSetNextAlarmTime  app_port.o
    0x08016e98   0x08016e98   0x000000d8   Code   RO          249    i.portSetNextWakeUpTime  app_port.o
    0x08016f70   0x08016f70   0x00000150   Code   RO          250    i.portSetSystemDateTime  app_port.o
    0x080170c0   0x080170c0   0x00000028   Code   RO          251    i.portSystemReset   app_port.o
    0x080170e8   0x080170e8   0x00000140   Code   RO          252    i.portUartCfg       app_port.o
    0x08017228   0x08017228   0x00000014   Code   RO          253    i.portUartSend      app_port.o
    0x0801723c   0x0801723c   0x0000001c   Code   RO          254    i.portUpdateStep    app_port.o
    0x08017258   0x08017258   0x00000010   Code   RO          255    i.portWdtFeed       app_port.o
    0x08017268   0x08017268   0x000009fc   Code   RO         6185    i.pow               m_ps.l(pow.o)
    0x08017c64   0x08017c64   0x000000bc   Code   RO         1833    i.protoclparser51   app_serverprotocol.o
    0x08017d20   0x08017d20   0x000000c8   Code   RO         1834    i.protoclparser52   app_serverprotocol.o
    0x08017de8   0x08017de8   0x000001d0   Code   RO         1836    i.protocolGPSpack   app_serverprotocol.o
    0x08017fb8   0x08017fb8   0x0000010c   Code   RO         1837    i.protocolReceivePush  app_serverprotocol.o
    0x080180c4   0x080180c4   0x00000128   Code   RO         1838    i.protocolRunFsm    app_serverprotocol.o
    0x080181ec   0x080181ec   0x00000134   Code   RO         1839    i.protocolRxParser  app_serverprotocol.o
    0x08018320   0x08018320   0x0000000a   Code   RO         1177    i.reConnectServer   app_net.o
    0x0801832a   0x0801832a   0x00000002   PAD
    0x0801832c   0x0801832c   0x0000001c   Code   RO         1840    i.reCover123InstructionId  app_serverprotocol.o
    0x08018348   0x08018348   0x00000048   Code   RO         2834    i.readInterruptConfig  app_mir3da.o
    0x08018390   0x08018390   0x000000b0   Code   RO         2835    i.read_gsensor_id   app_mir3da.o
    0x08018440   0x08018440   0x00000008   Code   RO         2607    i.recGetRecStruct   app_rec.o
    0x08018448   0x08018448   0x00000014   Code   RO         2608    i.recIsRun          app_rec.o
    0x0801845c   0x0801845c   0x00000028   Code   RO         2609    i.recNoFileToread   app_rec.o
    0x08018484   0x08018484   0x0000000c   Code   RO         2610    i.recReadFileOk     app_rec.o
    0x08018490   0x08018490   0x000000bc   Code   RO         2611    i.recRecordUploadTask  app_rec.o
    0x0801854c   0x0801854c   0x000000a4   Code   RO         2612    i.recStart          app_rec.o
    0x080185f0   0x080185f0   0x00000038   Code   RO         2613    i.recStop           app_rec.o
    0x08018628   0x08018628   0x00000014   Code   RO         2614    i.recStopAndUpload  app_rec.o
    0x0801863c   0x0801863c   0x00000014   Code   RO         2615    i.recUpdateFileName  app_rec.o
    0x08018650   0x08018650   0x0000004c   Code   RO         2616    i.recUpdateFileSize  app_rec.o
    0x0801869c   0x0801869c   0x0000000a   Code   RO         1562    i.repairGsensor     app_task.o
    0x080186a6   0x080186a6   0x00000004   Code   RO         2617    i.resIsCycleRuning  app_rec.o
    0x080186aa   0x080186aa   0x00000002   PAD
    0x080186ac   0x080186ac   0x00000048   Code   RO         1563    i.runTimeCount      app_task.o
    0x080186f4   0x080186f4   0x0000001c   Code   RO         1841    i.save123InstructionId  app_serverprotocol.o
    0x08018710   0x08018710   0x0000002c   Code   RO         1178    i.sendDataToServer  app_net.o
    0x0801873c   0x0801873c   0x0000004c   Code   RO         1179    i.sendMessage       app_net.o
    0x08018788   0x08018788   0x000000f8   Code   RO         2390    i.sendMessageWithDifMode  app_instructioncmd.o
    0x08018880   0x08018880   0x000000c8   Code   RO         1180    i.sendModuleCmd     app_net.o
    0x08018948   0x08018948   0x00000188   Code   RO         1842    i.sendProtocolToServer  app_serverprotocol.o
    0x08018ad0   0x08018ad0   0x00000074   Code   RO         1564    i.setAgps           app_task.o
    0x08018b44   0x08018b44   0x0000001c   Code   RO         1181    i.setModuleVol      app_net.o
    0x08018b60   0x08018b60   0x000000b8   Code   RO         2710    i.setkey            app_sn.o
    0x08018c18   0x08018c18   0x000001ec   Code   RO         2161    i.showgpsinfo       app_nmea.o
    0x08018e04   0x08018e04   0x00000084   Code   RO         1565    i.signalLedTask     app_task.o
    0x08018e88   0x08018e88   0x0000009c   Code   RO         6195    i.sin               m_ps.l(sin.o)
    0x08018f24   0x08018f24   0x00000048   Code   RO         6203    i.sqrt              m_ps.l(sqrt.o)
    0x08018f6c   0x08018f6c   0x00000054   Code   RO         2836    i.startStep         app_mir3da.o
    0x08018fc0   0x08018fc0   0x00000070   Code   RO            7    i.startTimer        app_kernal.o
    0x08019030   0x08019030   0x00000068   Code   RO            8    i.stopTimer         app_kernal.o
    0x08019098   0x08019098   0x0000012c   Code   RO          479    i.stringToItem      app_sys.o
    0x080191c4   0x080191c4   0x00000050   Code   RO         1566    i.systemModeRunStart  app_task.o
    0x08019214   0x08019214   0x00000054   Code   RO         1567    i.systemModeTask    app_task.o
    0x08019268   0x08019268   0x00000010   Code   RO         1568    i.systemRequestClear  app_task.o
    0x08019278   0x08019278   0x00000010   Code   RO         1569    i.systemRequestSet  app_task.o
    0x08019288   0x08019288   0x0000016c   Code   RO         1570    i.systemRequestTask  app_task.o
    0x080193f4   0x080193f4   0x00000090   Code   RO         1571    i.systemShutDown    app_task.o
    0x08019484   0x08019484   0x00000050   Code   RO           10    i.systemTaskResume  app_kernal.o
    0x080194d4   0x080194d4   0x00000050   Code   RO           11    i.systemTaskSuspend  app_kernal.o
    0x08019524   0x08019524   0x000000b8   Code   RO          669    i.tapInt            app_user.o
    0x080195dc   0x080195dc   0x00000044   Code   RO         1572    i.taskRunInOneSecond  app_task.o
    0x08019620   0x08019620   0x00000010   Code   RO          480    i.terminalAccoff    app_sys.o
    0x08019630   0x08019630   0x00000010   Code   RO          481    i.terminalAccon     app_sys.o
    0x08019640   0x08019640   0x00000014   Code   RO          482    i.terminalAlarmSet  app_sys.o
    0x08019654   0x08019654   0x00000010   Code   RO          483    i.terminalCharge    app_sys.o
    0x08019664   0x08019664   0x00000010   Code   RO          486    i.terminalGPSFixed  app_sys.o
    0x08019674   0x08019674   0x00000010   Code   RO          487    i.terminalGPSUnFixed  app_sys.o
    0x08019684   0x08019684   0x00000010   Code   RO          488    i.terminalunCharge  app_sys.o
    0x08019694   0x08019694   0x0000008c   Code   RO          256    i.updateAlarmA      app_port.o
    0x08019720   0x08019720   0x0000006c   Code   RO         2030    i.updateLocalRTCTime  app_gps.o
    0x0801978c   0x0801978c   0x00000010   Code   RO          489    i.updateRTCtimeRequest  app_sys.o
    0x0801979c   0x0801979c   0x00000030   Code   RO         2838    i.updateRange       app_mir3da.o
    0x080197cc   0x080197cc   0x00000070   Code   RO         1573    i.updateSystemLedStatus  app_task.o
    0x0801983c   0x0801983c   0x0000000c   Code   RO          490    i.updateSystemStartTime  app_sys.o
    0x08019848   0x08019848   0x00000034   Code   RO         1843    i.uploadGpsRestoreData  app_serverprotocol.o
    0x0801987c   0x0801987c   0x000000b8   Code   RO         1574    i.uploadRequestInMode4  app_task.o
    0x08019934   0x08019934   0x0000035c   Code   RO         1575    i.voltageCheckTask  app_task.o
    0x08019c90   0x08019c90   0x00000120   Code   RO         1576    i.wdtProcess        app_task.o
    0x08019db0   0x08019db0   0x00000016   Code   RO         1577    i.wifiScanStart     app_task.o
    0x08019dc6   0x08019dc6   0x00000002   PAD
    0x08019dc8   0x08019dc8   0x00000034   Code   RO         1578    i.wifiUploadRequestTask  app_task.o
    0x08019dfc   0x08019dfc   0x00000056   Code   RO         2711    i.ztvm_encrypt_des  app_sn.o
    0x08019e52   0x08019e52   0x00000058   Code   RO         2712    i.ztvm_encrypt_undes  app_sn.o
    0x08019eaa   0x08019eaa   0x00000028   Code   RO         2713    i.ztvm_encrypt_untrides  app_sn.o
    0x08019ed2   0x08019ed2   0x0000020d   Data   RO          492    .constdata          app_sys.o
    0x0801a0df   0x0801a0df   0x00000001   PAD
    0x0801a0e0   0x0801a0e0   0x000001d0   Data   RO         1183    .constdata          app_net.o
    0x0801a2b0   0x0801a2b0   0x000001e2   Data   RO         2251    .constdata          app_atcmd.o
    0x0801a492   0x0801a492   0x00000348   Data   RO         2715    .constdata          app_sn.o
    0x0801a7da   0x0801a7da   0x00000019   Data   RO         6125    .constdata          system_stm32l0xx.o
    0x0801a7f3   0x0801a7f3   0x00000008   Data   RO         6126    .constdata          system_stm32l0xx.o
    0x0801a7fb   0x0801a7fb   0x00000005   PAD
    0x0801a800   0x0801a800   0x00000050   Data   RO         6164    .constdata          m_ps.l(asin.o)
    0x0801a850   0x0801a850   0x00000088   Data   RO         6186    .constdata          m_ps.l(pow.o)
    0x0801a8d8   0x0801a8d8   0x0000000c   Data   RO         6220    .constdata          mc_p.l(mktime.o)
    0x0801a8e4   0x0801a8e4   0x00000004   PAD
    0x0801a8e8   0x0801a8e8   0x00000030   Data   RO         6566    .constdata          m_ps.l(cos_i.o)
    0x0801a918   0x0801a918   0x00000008   Data   RO         6586    .constdata          m_ps.l(qnan.o)
    0x0801a920   0x0801a920   0x000000c8   Data   RO         6589    .constdata          m_ps.l(rred.o)
    0x0801a9e8   0x0801a9e8   0x00000028   Data   RO         6593    .constdata          m_ps.l(sin_i.o)
    0x0801aa10   0x0801aa10   0x00000081   Data   RO         6622    .constdata          mc_p.l(ctype_o.o)
    0x0801aa91   0x0801aa91   0x00000003   PAD
    0x0801aa94   0x0801aa94   0x00000004   Data   RO         6623    .constdata          mc_p.l(ctype_o.o)
    0x0801aa98   0x0801aa98   0x0000000c   Data   RO         6653    .constdata          mc_p.l(localtime_i.o)
    0x0801aaa4   0x0801aaa4   0x00000283   Data   RO         1184    .conststring        app_net.o
    0x0801ad27   0x0801ad27   0x00000001   PAD
    0x0801ad28   0x0801ad28   0x000001d8   Data   RO         2252    .conststring        app_atcmd.o
    0x0801af00   0x0801af00   0x0000020d   Data   RO         2392    .conststring        app_instructioncmd.o
    0x0801b10d   0x0801b10d   0x00000003   PAD
    0x0801b110   0x0801b110   0x00000020   Data   RO         6704    Region$$Table       anon$$obj.o


    Execution Region RW_IRAM1 (Exec base: 0x20000000, Load base: 0x0801b130, Size: 0x00004398, Max: 0x00005000, ABSOLUTE)

    Exec Addr    Load Addr    Size         Type   Attr      Idx    E Section Name        Object

    0x20000000   0x0801b130   0x00000004   Data   RW           14    .data               app_kernal.o
    0x20000004   0x0801b134   0x00000008   Data   RW          258    .data               app_port.o
    0x2000000c   0x0801b13c   0x00000001   Data   RW          671    .data               app_user.o
    0x2000000d   0x0801b13d   0x00000003   PAD
    0x20000010   0x0801b140   0x00000008   Data   RW         1185    .data               app_net.o
    0x20000018   0x0801b148   0x0000002c   Data   RW         1580    .data               app_task.o
    0x20000044   0x0801b174   0x0000000e   Data   RW         1845    .data               app_serverprotocol.o
    0x20000052   0x0801b182   0x00000001   Data   RW         2163    .data               app_nmea.o
    0x20000053   0x0801b183   0x00000001   Data   RW         2393    .data               app_instructioncmd.o
    0x20000054   0x0801b184   0x00000012   Data   RW         2716    .data               app_sn.o
    0x20000066   0x0801b196   0x00000002   PAD
    0x20000068   0x0801b198   0x00000008   Data   RW         2783    .data               app_gpsarithmetic.o
    0x20000070   0x0801b1a0   0x00000001   Data   RW         2839    .data               app_mir3da.o
    0x20000071   0x0801b1a1   0x00000003   PAD
    0x20000074   0x0801b1a4   0x0000000c   Data   RW         3633    .data               stm32l0xx_hal.o
    0x20000080   0x0801b1b0   0x00000004   Data   RW         6127    .data               system_stm32l0xx.o
    0x20000084   0x0801b1b4   0x00000004   Data   RW         6655    .data               mc_p.l(mvars.o)
    0x20000088   0x0801b1b8   0x00000004   Data   RW         6656    .data               mc_p.l(mvars.o)
    0x2000008c   0x0801b1bc   0x00000004   Data   RW         6660    .data               mc_p.l(errno.o)
    0x20000090        -       0x00000010   Zero   RW           13    .bss                app_kernal.o
    0x200000a0        -       0x000009bc   Zero   RW          257    .bss                app_port.o
    0x20000a5c        -       0x00000180   Zero   RW          491    .bss                app_sys.o
    0x20000bdc        -       0x00000028   Zero   RW          670    .bss                app_user.o
    0x20000c04        -       0x000001e2   Zero   RW          789    .bss                app_param.o
    0x20000de6   0x0801b1c0   0x00000002   PAD
    0x20000de8        -       0x000000a1   Zero   RW         1182    .bss                app_net.o
    0x20000e89   0x0801b1c0   0x00000003   PAD
    0x20000e8c        -       0x00000020   Zero   RW         1579    .bss                app_task.o
    0x20000eac        -       0x00000848   Zero   RW         1844    .bss                app_serverprotocol.o
    0x200016f4   0x0801b1c0   0x00000004   PAD
    0x200016f8        -       0x00000438   Zero   RW         2031    .bss                app_gps.o
    0x20001b30        -       0x0000003c   Zero   RW         2106    .bss                app_gpsrestore.o
    0x20001b6c   0x0801b1c0   0x00000004   PAD
    0x20001b70        -       0x00000070   Zero   RW         2162    .bss                app_nmea.o
    0x20001be0        -       0x0000001e   Zero   RW         2391    .bss                app_instructioncmd.o
    0x20001bfe   0x0801b1c0   0x00000002   PAD
    0x20001c00        -       0x00000044   Zero   RW         2618    .bss                app_rec.o
    0x20001c44        -       0x000003c0   Zero   RW         2714    .bss                app_sn.o
    0x20002004   0x0801b1c0   0x00000004   PAD
    0x20002008        -       0x00000020   Zero   RW         2782    .bss                app_gpsarithmetic.o
    0x20002028        -       0x00000017   Zero   RW         2932    .bss                app_ble.o
    0x2000203f   0x0801b1c0   0x00000001   PAD
    0x20002040        -       0x0000005c   Zero   RW         3048    .bss                adc.o
    0x2000209c        -       0x0000004c   Zero   RW         3106    .bss                i2c.o
    0x200020e8        -       0x00000010   Zero   RW         3142    .bss                iwdg.o
    0x200020f8        -       0x00000264   Zero   RW         3172    .bss                usart.o
    0x2000235c        -       0x00000024   Zero   RW         3220    .bss                rtc.o
    0x20002380        -       0x00000018   Zero   RW         4546    .bss                stm32l0xx_hal_flash.o
    0x20002398        -       0x00001000   Zero   RW         6156    HEAP                startup_stm32l071xx.o
    0x20003398        -       0x00001000   Zero   RW         6155    STACK               startup_stm32l071xx.o


==============================================================================

Image component sizes


      Code (inc. data)   RO Data    RW Data    ZI Data      Debug   Object Name

       192         20          0          0         92       1519   adc.o
      3010        960        954          0          0      12420   app_atcmd.o
       412         66          0          0         23       3864   app_ble.o
       342         42          0          0       1080       3890   app_gps.o
       976        176          0          8         32       4268   app_gpsarithmetic.o
       436        154          0          0         60       3709   app_gpsrestore.o
     10068       3950        525          1         30      30830   app_instructioncmd.o
       820        256          0          4         16     365785   app_kernal.o
       864        256          0          1          0       6318   app_mir3da.o
      8196       1938       1107          8        161      44217   app_net.o
      2252        308          0          1        112       9188   app_nmea.o
      3122        552          0          0        482      38762   app_param.o
      3200        876          0          8       2492      24326   app_port.o
       608        180          0          0         68       5783   app_rec.o
      4400        520          0         14       2120      24562   app_serverprotocol.o
      1136         36        840         18        960       8359   app_sn.o
      1560        182        525          0        384      19038   app_sys.o
      6304       1862          0         44         32      26287   app_task.o
       326         58          0          1         40       7155   app_user.o
        56          4          0          0          0        686   dma.o
       268         30          0          0          0        907   gpio.o
       236         40          0          0         76       1957   i2c.o
        44         12          0          0         16        615   iwdg.o
       188         10          0          0          0       1804   main.o
       116         16          0          0         36       1339   rtc.o
        28          8        192          0       8192        580   startup_stm32l071xx.o
       204         36          0         12          0       9924   stm32l0xx_hal.o
      1274         36          0          0          0       8392   stm32l0xx_hal_adc.o
       170          0          0          0          0       1382   stm32l0xx_hal_adc_ex.o
       208         40          0          0          0      13214   stm32l0xx_hal_cortex.o
       712         22          0          0          0       6006   stm32l0xx_hal_dma.o
       256         16          0          0         24       4110   stm32l0xx_hal_flash.o
       156         26          0          0          0       2211   stm32l0xx_hal_flash_ex.o
       674         66          0          0          0       4236   stm32l0xx_hal_gpio.o
      1516         36          0          0          0      11759   stm32l0xx_hal_i2c.o
       146          0          0          0          0       1843   stm32l0xx_hal_i2c_ex.o
       116         20          0          0          0       1691   stm32l0xx_hal_iwdg.o
        24          4          0          0          0        410   stm32l0xx_hal_msp.o
       116         16          0          0          0       1219   stm32l0xx_hal_pwr.o
        32          8          0          0          0       1001   stm32l0xx_hal_pwr_ex.o
      1718         90          0          0          0       5580   stm32l0xx_hal_rcc.o
       376         14          0          0          0       1408   stm32l0xx_hal_rcc_ex.o
      1744         42          0          0          0      10609   stm32l0xx_hal_rtc.o
       306         18          0          0          0       3120   stm32l0xx_hal_rtc_ex.o
      2566        100          0          0          0      15805   stm32l0xx_hal_uart.o
         2          0          0          0          0        956   stm32l0xx_hal_uart_ex.o
       182         36          0          0          0       5109   stm32l0xx_it.o
        88         22         33          4          0       1151   system_stm32l0xx.o
       696         78          0          0        612       3494   usart.o

    ----------------------------------------------------------------------
     62516      13238       4218        132      17160     762798   Object Totals
         0          0         32          0          0          0   (incl. Generated)
        74          0         10          8         20          0   (incl. Padding)

    ----------------------------------------------------------------------

      Code (inc. data)   RO Data    RW Data    ZI Data      Debug   Library Member Name

       628         54         80          0          0        104   asin.o
        42          0          0          0          0         76   atof.o
       152         10          0          0          0        104   cos.o
       244         20         48          0          0         92   cos_i.o
        94         14          0          0          0        408   dunder.o
        44          4          0          0          0         60   fpclassify.o
       172          0          0          0          0         76   poly.o
      2556        196        136          0          0        240   pow.o
         0          0          8          0          0          0   qnan.o
       924         86        200          0          0        120   rred.o
       156         10          0          0          0        104   sin.o
       236         14         40          0          0        100   sin_i.o
        72          6          0          0          0         76   sqrt.o
        30          0          0          0          0         60   _chval.o
        68          0          0          0          0         76   _sgetc.o
       166          0          0          0          0         84   _strtoul.o
        26          0          0          0          0         72   atoi.o
        26          0          0          0          0         72   atol.o
         8          4        133          0          0         60   ctype_o.o
         0          0          0          0          0          0   entry.o
         0          0          0          0          0          0   entry10a.o
         0          0          0          0          0          0   entry11a.o
         8          4          0          0          0          0   entry2.o
         4          0          0          0          0          0   entry5.o
         0          0          0          0          0          0   entry7b.o
         0          0          0          0          0          0   entry8b.o
         8          4          0          0          0          0   entry9a.o
        32         16          0          4          0        180   errno.o
        30          0          0          0          0          0   handlers.o
        40          0          0          0          0         72   idiv.o
        36          8          0          0          0         68   init.o
        18          0          0          0          0         68   isspace_o.o
         0          0          0          0          0          0   iusefp.o
       122          0          0          0          0         84   llmul.o
        32          0          0          0          0         68   llshl.o
        38          0          0          0          0         68   llsshr.o
        34          0          0          0          0         68   llushr.o
       116         12         12          0          0         72   localtime_i.o
       192         20          0          0          0        144   malloc.o
        36          0          0          0          0         60   memcpya.o
        36          0          0          0          0        100   memseta.o
       140         16         12          0          0         72   mktime.o
         0          0          0          8          0          0   mvars.o
      2306        100          0          0          0        544   printfa.o
       898         12          0          0          0        184   scanf_fp.o
        18          0          0          0          0         60   strcpy.o
        14          0          0          0          0         60   strlen.o
        26          0          0          0          0         68   strncpy.o
        40          0          0          0          0         72   strstr.o
       164         16          0          0          0        120   strtod.o
       112          4          0          0          0         76   strtol.o
       118          0          0          0          0         84   strtoul.o
        44          0          0          0          0         72   uidiv.o
        96          0          0          0          0         84   uldiv.o
        40          2          0          0          0         68   cdcmple.o
        40          2          0          0          0         68   cdrcmple.o
        20          0          0          0          0         68   cfcmple.o
        56          0          0          0          0         68   d2f.o
       356          4          0          0          0        140   dadd.o
       240          6          0          0          0         84   ddiv.o
       236          0          0          0          0        216   depilogue.o
        72         10          0          0          0         72   dfixi.o
        60         10          0          0          0         68   dfixui.o
        64         10          0          0          0         68   dfixul.o
        40          6          0          0          0         68   dflti.o
        28          4          0          0          0         68   dfltui.o
        28          6          0          0          0         68   dfltul.o
       208          6          0          0          0         88   dmul.o
        44          0          0          0          0         72   dscalb.o
       162          0          0          0          0         80   dsqrt.o
        40          0          0          0          0         60   f2d.o
       178          0          0          0          0        108   fadd.o
       124          0          0          0          0         72   fdiv.o
       130          0          0          0          0        144   fepilogue.o
        40          0          0          0          0         60   ffixui.o
        14          0          0          0          0         68   ffltui.o
       122          0          0          0          0         72   fmul.o

    ----------------------------------------------------------------------
     12766        696        676         12          0       6480   Library Totals
        22          0          7          0          0          0   (incl. Padding)

    ----------------------------------------------------------------------

      Code (inc. data)   RO Data    RW Data    ZI Data      Debug   Library Name

      5320        414        512          0          0       1560   m_ps.l
      5082        216        157         12          0       2972   mc_p.l
      2342         66          0          0          0       1948   mf_p.l

    ----------------------------------------------------------------------
     12766        696        676         12          0       6480   Library Totals

    ----------------------------------------------------------------------

==============================================================================


      Code (inc. data)   RO Data    RW Data    ZI Data      Debug   

     75282      13934       4894        144      17160     742302   Grand Totals
     75282      13934       4894        144      17160     742302   ELF Image Totals
     75282      13934       4894        144          0          0   ROM Totals

==============================================================================

    Total RO  Size (Code + RO Data)                80176 (  78.30kB)
    Total RW  Size (RW Data + ZI Data)             17304 (  16.90kB)
    Total ROM Size (Code + RO Data + RW Data)      80320 (  78.44kB)

==============================================================================

