Component: ARM Compiler 5.06 update 6 (build 750) Tool: armlink [4d35ed]

==============================================================================

Image Symbol Table

    Local Symbols

    Symbol Name                              Value     Ov Type        Size  Object(Section)

    ../Drivers/STM32L0xx_HAL_Driver/Src/stm32l0xx_hal.c 0x00000000   Number         0  stm32l0xx_hal.o ABSOLUTE
    ../Drivers/STM32L0xx_HAL_Driver/Src/stm32l0xx_hal_adc.c 0x00000000   Number         0  stm32l0xx_hal_adc.o ABSOLUTE
    ../Drivers/STM32L0xx_HAL_Driver/Src/stm32l0xx_hal_adc_ex.c 0x00000000   Number         0  stm32l0xx_hal_adc_ex.o ABSOLUTE
    ../Drivers/STM32L0xx_HAL_Driver/Src/stm32l0xx_hal_cortex.c 0x00000000   Number         0  stm32l0xx_hal_cortex.o ABSOLUTE
    ../Drivers/STM32L0xx_HAL_Driver/Src/stm32l0xx_hal_dma.c 0x00000000   Number         0  stm32l0xx_hal_dma.o ABSOLUTE
    ../Drivers/STM32L0xx_HAL_Driver/Src/stm32l0xx_hal_exti.c 0x00000000   Number         0  stm32l0xx_hal_exti.o ABSOLUTE
    ../Drivers/STM32L0xx_HAL_Driver/Src/stm32l0xx_hal_flash.c 0x00000000   Number         0  stm32l0xx_hal_flash.o ABSOLUTE
    ../Drivers/STM32L0xx_HAL_Driver/Src/stm32l0xx_hal_flash_ex.c 0x00000000   Number         0  stm32l0xx_hal_flash_ex.o ABSOLUTE
    ../Drivers/STM32L0xx_HAL_Driver/Src/stm32l0xx_hal_flash_ramfunc.c 0x00000000   Number         0  stm32l0xx_hal_flash_ramfunc.o ABSOLUTE
    ../Drivers/STM32L0xx_HAL_Driver/Src/stm32l0xx_hal_gpio.c 0x00000000   Number         0  stm32l0xx_hal_gpio.o ABSOLUTE
    ../Drivers/STM32L0xx_HAL_Driver/Src/stm32l0xx_hal_i2c.c 0x00000000   Number         0  stm32l0xx_hal_i2c.o ABSOLUTE
    ../Drivers/STM32L0xx_HAL_Driver/Src/stm32l0xx_hal_i2c_ex.c 0x00000000   Number         0  stm32l0xx_hal_i2c_ex.o ABSOLUTE
    ../Drivers/STM32L0xx_HAL_Driver/Src/stm32l0xx_hal_iwdg.c 0x00000000   Number         0  stm32l0xx_hal_iwdg.o ABSOLUTE
    ../Drivers/STM32L0xx_HAL_Driver/Src/stm32l0xx_hal_pwr.c 0x00000000   Number         0  stm32l0xx_hal_pwr.o ABSOLUTE
    ../Drivers/STM32L0xx_HAL_Driver/Src/stm32l0xx_hal_pwr_ex.c 0x00000000   Number         0  stm32l0xx_hal_pwr_ex.o ABSOLUTE
    ../Drivers/STM32L0xx_HAL_Driver/Src/stm32l0xx_hal_rcc.c 0x00000000   Number         0  stm32l0xx_hal_rcc.o ABSOLUTE
    ../Drivers/STM32L0xx_HAL_Driver/Src/stm32l0xx_hal_rcc_ex.c 0x00000000   Number         0  stm32l0xx_hal_rcc_ex.o ABSOLUTE
    ../Drivers/STM32L0xx_HAL_Driver/Src/stm32l0xx_hal_rtc.c 0x00000000   Number         0  stm32l0xx_hal_rtc.o ABSOLUTE
    ../Drivers/STM32L0xx_HAL_Driver/Src/stm32l0xx_hal_rtc_ex.c 0x00000000   Number         0  stm32l0xx_hal_rtc_ex.o ABSOLUTE
    ../Drivers/STM32L0xx_HAL_Driver/Src/stm32l0xx_hal_tim.c 0x00000000   Number         0  stm32l0xx_hal_tim.o ABSOLUTE
    ../Drivers/STM32L0xx_HAL_Driver/Src/stm32l0xx_hal_tim_ex.c 0x00000000   Number         0  stm32l0xx_hal_tim_ex.o ABSOLUTE
    ../Drivers/STM32L0xx_HAL_Driver/Src/stm32l0xx_hal_uart.c 0x00000000   Number         0  stm32l0xx_hal_uart.o ABSOLUTE
    ../Drivers/STM32L0xx_HAL_Driver/Src/stm32l0xx_hal_uart_ex.c 0x00000000   Number         0  stm32l0xx_hal_uart_ex.o ABSOLUTE
    ../Src/adc.c                             0x00000000   Number         0  adc.o ABSOLUTE
    ../Src/dma.c                             0x00000000   Number         0  dma.o ABSOLUTE
    ../Src/gpio.c                            0x00000000   Number         0  gpio.o ABSOLUTE
    ../Src/i2c.c                             0x00000000   Number         0  i2c.o ABSOLUTE
    ../Src/iwdg.c                            0x00000000   Number         0  iwdg.o ABSOLUTE
    ../Src/main.c                            0x00000000   Number         0  main.o ABSOLUTE
    ../Src/rtc.c                             0x00000000   Number         0  rtc.o ABSOLUTE
    ../Src/stm32l0xx_hal_msp.c               0x00000000   Number         0  stm32l0xx_hal_msp.o ABSOLUTE
    ../Src/stm32l0xx_it.c                    0x00000000   Number         0  stm32l0xx_it.o ABSOLUTE
    ../Src/system_stm32l0xx.c                0x00000000   Number         0  system_stm32l0xx.o ABSOLUTE
    ../Src/usart.c                           0x00000000   Number         0  usart.o ABSOLUTE
    ../clib/microlib/ctype/ctype.c           0x00000000   Number         0  islower_o.o ABSOLUTE
    ../clib/microlib/ctype/ctype.c           0x00000000   Number         0  ctype_c.o ABSOLUTE
    ../clib/microlib/ctype/ctype.c           0x00000000   Number         0  isprint_o.o ABSOLUTE
    ../clib/microlib/ctype/ctype.c           0x00000000   Number         0  ctype_o.o ABSOLUTE
    ../clib/microlib/ctype/ctype.c           0x00000000   Number         0  isalnum_o.o ABSOLUTE
    ../clib/microlib/ctype/ctype.c           0x00000000   Number         0  isxdigit_o.o ABSOLUTE
    ../clib/microlib/ctype/ctype.c           0x00000000   Number         0  isalpha_o.o ABSOLUTE
    ../clib/microlib/ctype/ctype.c           0x00000000   Number         0  isblank_o.o ABSOLUTE
[...]
    systemShutDown                           0x08018f3d   Thumb Code   118  app_task.o(i.systemShutDown)
    systemTaskResume                         0x08018fcd   Thumb Code    52  app_kernal.o(i.systemTaskResume)
    systemTaskSuspend                        0x0801901d   Thumb Code    50  app_kernal.o(i.systemTaskSuspend)
    tapInt                                   0x0801906d   Thumb Code   150  app_user.o(i.tapInt)
    taskRunInOneSecond                       0x08019125   Thumb Code    64  app_task.o(i.taskRunInOneSecond)
    terminalAccoff                           0x08019169   Thumb Code    12  app_sys.o(i.terminalAccoff)
    terminalAccon                            0x08019179   Thumb Code    12  app_sys.o(i.terminalAccon)
    terminalAlarmSet                         0x08019189   Thumb Code    16  app_sys.o(i.terminalAlarmSet)
    terminalCharge                           0x0801919d   Thumb Code    12  app_sys.o(i.terminalCharge)
    terminalGPSFixed                         0x080191ad   Thumb Code    12  app_sys.o(i.terminalGPSFixed)
    terminalGPSUnFixed                       0x080191bd   Thumb Code    12  app_sys.o(i.terminalGPSUnFixed)
    terminalunCharge                         0x080191cd   Thumb Code    12  app_sys.o(i.terminalunCharge)
    updateLocalRTCTime                       0x08019269   Thumb Code    98  app_gps.o(i.updateLocalRTCTime)
    updateRTCtimeRequest                     0x080192d5   Thumb Code    12  app_sys.o(i.updateRTCtimeRequest)
    updateRange                              0x080192e5   Thumb Code    26  app_mir3da.o(i.updateRange)
    updateSystemLedStatus                    0x08019315   Thumb Code   108  app_task.o(i.updateSystemLedStatus)
    updateSystemStartTime                    0x08019385   Thumb Code     8  app_sys.o(i.updateSystemStartTime)
    uploadGpsRestoreData                     0x08019391   Thumb Code    44  app_serverprotocol.o(i.uploadGpsRestoreData)
    uploadRequestInMode4                     0x080193c5   Thumb Code   138  app_task.o(i.uploadRequestInMode4)
    voltageCheckTask                         0x0801947d   Thumb Code   542  app_task.o(i.voltageCheckTask)
    wdtProcess                               0x080197d9   Thumb Code   178  app_task.o(i.wdtProcess)
    wifiUploadRequestTask                    0x080198f9   Thumb Code    28  app_task.o(i.wifiUploadRequestTask)
    ztvm_encrypt_des                         0x08019919   Thumb Code    86  app_sn.o(i.ztvm_encrypt_des)
    ztvm_encrypt_undes                       0x0801996f   Thumb Code    88  app_sn.o(i.ztvm_encrypt_undes)
    ztvm_encrypt_untrides                    0x080199c7   Thumb Code    40  app_sn.o(i.ztvm_encrypt_untrides)
    n58_cmd_table                            0x08019bfc   Data         464  app_net.o(.constdata)
    atcmdtable                               0x08019dcc   Data         152  app_atcmd.o(.constdata)
    instructiontable                         0x08019e64   Data         296  app_atcmd.o(.constdata)
    AHBPrescTable                            0x0801a2f6   Data          16  system_stm32l0xx.o(.constdata)
    PLLMulTable                              0x0801a306   Data           9  system_stm32l0xx.o(.constdata)
    APBPrescTable                            0x0801a30f   Data           8  system_stm32l0xx.o(.constdata)
    __mathlib_zero                           0x0801a430   Data           8  qnan.o(.constdata)
    __ctype_table                            0x0801a528   Data         129  ctype_o.o(.constdata)
    Region$$Table$$Base                      0x0801ac28   Number         0  anon$$obj.o(Region$$Table)
    Region$$Table$$Limit                     0x0801ac48   Number         0  anon$$obj.o(Region$$Table)
    ringTimerId                              0x20000004   Data           1  app_port.o(.data)
    i2c_addr                                 0x20000070   Data           1  app_mir3da.o(.data)
    uwTickFreq                               0x20000074   Data           1  stm32l0xx_hal.o(.data)
    uwTickPrio                               0x20000078   Data           4  stm32l0xx_hal.o(.data)
    uwTick                                   0x2000007c   Data           4  stm32l0xx_hal.o(.data)
    SystemCoreClock                          0x20000080   Data           4  system_stm32l0xx.o(.data)
    __microlib_freelist                      0x20000084   Data           4  mvars.o(.data)
    __microlib_freelist_initialised          0x20000088   Data           4  mvars.o(.data)
    usart1_ctl                               0x200000a0   Data          20  app_port.o(.bss)
    usart2_ctl                               0x200000b4   Data          20  app_port.o(.bss)
    usart3_ctl                               0x200000c8   Data          20  app_port.o(.bss)
    usart1rxbuf                              0x200000dc   Data         256  app_port.o(.bss)
    usart2rxbuf                              0x200001dc   Data        2048  app_port.o(.bss)
    usart3rxbuf                              0x200009dc   Data         128  app_port.o(.bss)
    sysinfo                                  0x20000a5c   Data         132  app_sys.o(.bss)
    sysparam                                 0x20000c08   Data         452  app_param.o(.bss)
    CODEVERSION                              0x20000dcc   Data          30  app_param.o(.bss)
    n58_invoke_status                        0x20000dec   Data          12  app_net.o(.bss)
    n58_lte_status                           0x20000df8   Data         149  app_net.o(.bss)
    netconnect                               0x200016b0   Data          16  app_serverprotocol.o(.bss)
    rf                                       0x20001c00   Data          68  app_rec.o(.bss)
    lastuploadgpsinfo                        0x20002008   Data          32  app_gpsarithmetic.o(.bss)
    ble_info                                 0x20002028   Data          23  app_ble.o(.bss)
    hadc                                     0x20002040   Data          92  adc.o(.bss)
    hiwdg                                    0x2000209c   Data          16  iwdg.o(.bss)
    hlpuart1                                 0x200020ac   Data         132  usart.o(.bss)
    huart1                                   0x20002130   Data         132  usart.o(.bss)
    huart2                                   0x200021b4   Data         132  usart.o(.bss)
    hdma_lpuart1_rx                          0x20002238   Data          72  usart.o(.bss)
    hdma_usart1_rx                           0x20002280   Data          72  usart.o(.bss)
    hdma_usart2_rx                           0x200022c8   Data          72  usart.o(.bss)
    hrtc                                     0x20002310   Data          36  rtc.o(.bss)
    pFlash                                   0x20002334   Data          24  stm32l0xx_hal_flash.o(.bss)
    __heap_base                              0x20002350   Data           0  startup_stm32l071xx.o(HEAP)
    __heap_limit                             0x20003350   Data           0  startup_stm32l071xx.o(HEAP)
    __initial_sp                             0x20004350   Data           0  startup_stm32l071xx.o(STACK)



==============================================================================

Memory Map of the image

  Image Entry point : 0x080078c1

  Load Region LR_IROM1 (Base: 0x08007800, Size: 0x000134d8, Max: 0x00020000, ABSOLUTE)

    Execution Region ER_IROM1 (Exec base: 0x08007800, Load base: 0x08007800, Size: 0x00013448, Max: 0x00020000, ABSOLUTE)

    Exec Addr    Load Addr    Size         Type   Attr      Idx    E Section Name        Object

    0x08007800   0x08007800   0x000000c0   Data   RO         6209    RESET               startup_stm32l071xx.o
    0x080078c0   0x080078c0   0x00000000   Code   RO         6262  * .ARM.Collect$$$$00000000  mc_p.l(entry.o)
    0x080078c0   0x080078c0   0x00000004   Code   RO         6650    .ARM.Collect$$$$00000001  mc_p.l(entry2.o)
    0x080078c4   0x080078c4   0x00000004   Code   RO         6653    .ARM.Collect$$$$00000004  mc_p.l(entry5.o)
    0x080078c8   0x080078c8   0x00000000   Code   RO         6655    .ARM.Collect$$$$00000008  mc_p.l(entry7b.o)
    0x080078c8   0x080078c8   0x00000000   Code   RO         6657    .ARM.Collect$$$$0000000A  mc_p.l(entry8b.o)
    0x080078c8   0x080078c8   0x00000008   Code   RO         6658    .ARM.Collect$$$$0000000B  mc_p.l(entry9a.o)
    0x080078d0   0x080078d0   0x00000000   Code   RO         6660    .ARM.Collect$$$$0000000D  mc_p.l(entry10a.o)
    0x080078d0   0x080078d0   0x00000000   Code   RO         6662    .ARM.Collect$$$$0000000F  mc_p.l(entry11a.o)
    0x080078d0   0x080078d0   0x00000004   Code   RO         6651    .ARM.Collect$$$$00002712  mc_p.l(entry2.o)
    0x080078d4   0x080078d4   0x0000001c   Code   RO         6210    .text               startup_stm32l071xx.o
    0x080078f0   0x080078f0   0x0000002c   Code   RO         6265    .text               mc_p.l(uidiv.o)
    0x0800791c   0x0800791c   0x00000028   Code   RO         6267    .text               mc_p.l(idiv.o)
    0x08007944   0x08007944   0x00000060   Code   RO         6269    .text               mc_p.l(uldiv.o)
    0x080079a4   0x080079a4   0x0000008c   Code   RO         6271    .text               mc_p.l(mktime.o)
    0x08007a30   0x08007a30   0x00000024   Code   RO         6274    .text               mc_p.l(memcpya.o)
    0x08007a54   0x08007a54   0x00000024   Code   RO         6276    .text               mc_p.l(memseta.o)
    0x08007a78   0x08007a78   0x00000028   Code   RO         6278    .text               mc_p.l(strstr.o)
    0x08007aa0   0x08007aa0   0x0000001a   Code   RO         6280    .text               mc_p.l(strncpy.o)
    0x08007aba   0x08007aba   0x0000000e   Code   RO         6282    .text               mc_p.l(strlen.o)
    0x08007ac8   0x08007ac8   0x00000012   Code   RO         6284    .text               mc_p.l(strcpy.o)
    0x08007ada   0x08007ada   0x00000076   Code   RO         6577    .text               mc_p.l(strtoul.o)
    0x08007b50   0x08007b50   0x0000001a   Code   RO         6579    .text               mc_p.l(atoi.o)
    0x08007b6a   0x08007b6a   0x0000001a   Code   RO         6581    .text               mc_p.l(atol.o)
    0x08007b84   0x08007b84   0x000000b2   Code   RO         6583    .text               mf_p.l(fadd.o)
    0x08007c36   0x08007c36   0x0000007a   Code   RO         6585    .text               mf_p.l(fmul.o)
    0x08007cb0   0x08007cb0   0x0000007c   Code   RO         6587    .text               mf_p.l(fdiv.o)
    0x08007d2c   0x08007d2c   0x00000164   Code   RO         6589    .text               mf_p.l(dadd.o)
    0x08007e90   0x08007e90   0x000000d0   Code   RO         6591    .text               mf_p.l(dmul.o)
    0x08007f60   0x08007f60   0x000000f0   Code   RO         6593    .text               mf_p.l(ddiv.o)
    0x08008050   0x08008050   0x0000002c   Code   RO         6595    .text               mf_p.l(dscalb.o)
    0x0800807c   0x0800807c   0x0000000e   Code   RO         6597    .text               mf_p.l(ffltui.o)
    0x0800808a   0x0800808a   0x00000002   PAD
    0x0800808c   0x0800808c   0x00000028   Code   RO         6599    .text               mf_p.l(dflti.o)
    0x080080b4   0x080080b4   0x0000001c   Code   RO         6601    .text               mf_p.l(dfltui.o)
    0x080080d0   0x080080d0   0x00000028   Code   RO         6603    .text               mf_p.l(ffixui.o)
    0x080080f8   0x080080f8   0x0000003c   Code   RO         6605    .text               mf_p.l(dfixui.o)
    0x08008134   0x08008134   0x00000028   Code   RO         6607    .text               mf_p.l(f2d.o)
    0x0800815c   0x0800815c   0x00000028   Code   RO         6609    .text               mf_p.l(cdcmple.o)
    0x08008184   0x08008184   0x00000028   Code   RO         6611    .text               mf_p.l(cdrcmple.o)
    0x080081ac   0x080081ac   0x00000038   Code   RO         6613    .text               mf_p.l(d2f.o)
    0x080081e4   0x080081e4   0x00000014   Code   RO         6615    .text               mf_p.l(cfcmple.o)
    0x080081f8   0x080081f8   0x00000020   Code   RO         6667    .text               mc_p.l(llshl.o)
    0x08008218   0x08008218   0x00000022   Code   RO         6669    .text               mc_p.l(llushr.o)
    0x0800823a   0x0800823a   0x00000026   Code   RO         6671    .text               mc_p.l(llsshr.o)
    0x08008260   0x08008260   0x00000008   Code   RO         6673    .text               mc_p.l(ctype_o.o)
    0x08008268   0x08008268   0x00000012   Code   RO         6695    .text               mc_p.l(isspace_o.o)
    0x0800827a   0x0800827a   0x00000002   PAD
    0x0800827c   0x0800827c   0x00000074   Code   RO         6704    .text               mc_p.l(localtime_i.o)
    0x080082f0   0x080082f0   0x000000a6   Code   RO         6716    .text               mc_p.l(_strtoul.o)
    0x08008396   0x08008396   0x00000002   PAD
    0x08008398   0x08008398   0x000000a4   Code   RO         6718    .text               mc_p.l(strtod.o)
    0x0800843c   0x0800843c   0x00000070   Code   RO         6720    .text               mc_p.l(strtol.o)
    0x080084ac   0x080084ac   0x00000000   Code   RO         6722    .text               mc_p.l(iusefp.o)
    0x080084ac   0x080084ac   0x00000082   Code   RO         6723    .text               mf_p.l(fepilogue.o)
    0x0800852e   0x0800852e   0x000000be   Code   RO         6725    .text               mf_p.l(depilogue.o)
    0x080085ec   0x080085ec   0x000000a2   Code   RO         6729    .text               mf_p.l(dsqrt.o)
    0x0800868e   0x0800868e   0x00000002   PAD
    0x08008690   0x08008690   0x00000040   Code   RO         6731    .text               mf_p.l(dfixul.o)
    0x080086d0   0x080086d0   0x00000024   Code   RO         6733    .text               mc_p.l(init.o)
    0x080086f4   0x080086f4   0x0000001e   Code   RO         6738    .text               mc_p.l(_chval.o)
    0x08008712   0x08008712   0x00000002   PAD
    0x08008714   0x08008714   0x00000374   Code   RO         6740    .text               mc_p.l(scanf_fp.o)
    0x08008a88   0x08008a88   0x00000044   Code   RO         6744    .text               mc_p.l(_sgetc.o)
    0x08008acc   0x08008acc   0x00000048   Code   RO         6747    .text               mf_p.l(dfixi.o)
    0x08008b14   0x08008b14   0x0000007a   Code   RO         6749    .text               mc_p.l(llmul.o)
    0x08008b8e   0x08008b8e   0x00000002   PAD
    0x08008b90   0x08008b90   0x0000001c   Code   RO         6754    .text               mf_p.l(dfltul.o)
    0x08008bac   0x08008bac   0x00000052   Code   RO         3417    i.ADC_ConversionStop  stm32l0xx_hal_adc.o
    0x08008bfe   0x08008bfe   0x00000002   PAD
    0x08008c00   0x08008c00   0x00000024   Code   RO         3421    i.ADC_DelayMicroSecond  stm32l0xx_hal_adc.o
    0x08008c24   0x08008c24   0x00000060   Code   RO         3422    i.ADC_Disable       stm32l0xx_hal_adc.o
    0x08008c84   0x08008c84   0x00000064   Code   RO         3423    i.ADC_Enable        stm32l0xx_hal_adc.o
    0x08008ce8   0x08008ce8   0x000000e4   Code   RO         1163    i.CreateNodeCmd     app_net.o
    0x08008dcc   0x08008dcc   0x000000fc   Code   RO            3    i.Create_Timer      app_kernal.o
    0x08008ec8   0x08008ec8   0x00000010   Code   RO         3307    i.DMA1_Channel2_3_IRQHandler  stm32l0xx_it.o
    0x08008ed8   0x08008ed8   0x00000018   Code   RO         3308    i.DMA1_Channel4_5_6_7_IRQHandler  stm32l0xx_it.o
    0x08008ef0   0x08008ef0   0x0000002c   Code   RO         4853    i.DMA_SetConfig     stm32l0xx_hal_dma.o
    0x08008f1c   0x08008f1c   0x00000018   Code   RO         3309    i.EXTI4_15_IRQHandler  stm32l0xx_it.o
    0x08008f34   0x08008f34   0x00000002   Code   RO         3035    i.Error_Handler     main.o
    0x08008f36   0x08008f36   0x00000002   PAD
    0x08008f38   0x08008f38   0x00000090   Code   RO         4585    i.FLASH_SetErrorCode  stm32l0xx_hal_flash.o
    0x08008fc8   0x08008fc8   0x00000070   Code   RO         4586    i.FLASH_WaitForLastOperation  stm32l0xx_hal_flash.o
    0x08009038   0x08009038   0x0000002c   Code   RO          509    i.GetCrc16          app_sys.o
    0x08009064   0x08009064   0x000000aa   Code   RO         3600    i.HAL_ADCEx_Calibration_Start  stm32l0xx_hal_adc_ex.o
    0x0800910e   0x0800910e   0x00000002   PAD
    0x08009110   0x08009110   0x00000094   Code   RO         3425    i.HAL_ADC_ConfigChannel  stm32l0xx_hal_adc.o
    0x080091a4   0x080091a4   0x00000004   Code   RO         3431    i.HAL_ADC_GetState  stm32l0xx_hal_adc.o
    0x080091a8   0x080091a8   0x00000006   Code   RO         3432    i.HAL_ADC_GetValue  stm32l0xx_hal_adc.o
    0x080091ae   0x080091ae   0x00000002   PAD
    0x080091b0   0x080091b0   0x000001c8   Code   RO         3434    i.HAL_ADC_Init      stm32l0xx_hal_adc.o
    0x08009378   0x08009378   0x00000050   Code   RO         3098    i.HAL_ADC_MspInit   adc.o
    0x080093c8   0x080093c8   0x000000c0   Code   RO         3438    i.HAL_ADC_PollForConversion  stm32l0xx_hal_adc.o
    0x08009488   0x08009488   0x0000005c   Code   RO         3440    i.HAL_ADC_Start     stm32l0xx_hal_adc.o
    0x080094e4   0x080094e4   0x0000003e   Code   RO         3443    i.HAL_ADC_Stop      stm32l0xx_hal_adc.o
    0x08009522   0x08009522   0x00000044   Code   RO         4854    i.HAL_DMA_Abort     stm32l0xx_hal_dma.o
    0x08009566   0x08009566   0x0000004c   Code   RO         4855    i.HAL_DMA_Abort_IT  stm32l0xx_hal_dma.o
    0x080095b2   0x080095b2   0x00000002   PAD
    0x080095b4   0x080095b4   0x00000068   Code   RO         4856    i.HAL_DMA_DeInit    stm32l0xx_hal_dma.o
    0x0800961c   0x0800961c   0x00000004   Code   RO         4857    i.HAL_DMA_GetError  stm32l0xx_hal_dma.o
    0x08009620   0x08009620   0x000000a8   Code   RO         4859    i.HAL_DMA_IRQHandler  stm32l0xx_hal_dma.o
    0x080096c8   0x080096c8   0x00000090   Code   RO         4860    i.HAL_DMA_Init      stm32l0xx_hal_dma.o
    0x08009758   0x08009758   0x00000068   Code   RO         4864    i.HAL_DMA_Start_IT  stm32l0xx_hal_dma.o
    0x080097c0   0x080097c0   0x00000024   Code   RO         3663    i.HAL_Delay         stm32l0xx_hal.o
    0x080097e4   0x080097e4   0x00000014   Code   RO         4689    i.HAL_FLASHEx_DATAEEPROM_Lock  stm32l0xx_hal_flash_ex.o
    0x080097f8   0x080097f8   0x00000054   Code   RO         4690    i.HAL_FLASHEx_DATAEEPROM_Program  stm32l0xx_hal_flash_ex.o
    0x0800984c   0x0800984c   0x00000034   Code   RO         4691    i.HAL_FLASHEx_DATAEEPROM_Unlock  stm32l0xx_hal_flash_ex.o
    0x08009880   0x08009880   0x000000f0   Code   RO         4791    i.HAL_GPIO_DeInit   stm32l0xx_hal_gpio.o
    0x08009970   0x08009970   0x00000026   Code   RO          713    i.HAL_GPIO_EXTI_Callback  app_user.o
    0x08009996   0x08009996   0x00000002   PAD
    0x08009998   0x08009998   0x00000018   Code   RO         4793    i.HAL_GPIO_EXTI_IRQHandler  stm32l0xx_hal_gpio.o
    0x080099b0   0x080099b0   0x00000184   Code   RO         4794    i.HAL_GPIO_Init     stm32l0xx_hal_gpio.o
    0x08009b34   0x08009b34   0x0000000a   Code   RO         4796    i.HAL_GPIO_ReadPin  stm32l0xx_hal_gpio.o
    0x08009b3e   0x08009b3e   0x0000000c   Code   RO         4798    i.HAL_GPIO_WritePin  stm32l0xx_hal_gpio.o
    0x08009b4a   0x08009b4a   0x00000002   PAD
    0x08009b4c   0x08009b4c   0x0000000c   Code   RO         3667    i.HAL_GetTick       stm32l0xx_hal.o
    0x08009b58   0x08009b58   0x00000064   Code   RO         5296    i.HAL_IWDG_Init     stm32l0xx_hal_iwdg.o
    0x08009bbc   0x08009bbc   0x00000010   Code   RO         5297    i.HAL_IWDG_Refresh  stm32l0xx_hal_iwdg.o
    0x08009bcc   0x08009bcc   0x00000010   Code   RO         3673    i.HAL_IncTick       stm32l0xx_hal.o
    0x08009bdc   0x08009bdc   0x00000028   Code   RO         3674    i.HAL_Init          stm32l0xx_hal.o
    0x08009c04   0x08009c04   0x00000044   Code   RO         3675    i.HAL_InitTick      stm32l0xx_hal.o
    0x08009c48   0x08009c48   0x00000018   Code   RO         3397    i.HAL_MspInit       stm32l0xx_hal_msp.o
    0x08009c60   0x08009c60   0x00000020   Code   RO         5120    i.HAL_NVIC_DisableIRQ  stm32l0xx_hal_cortex.o
    0x08009c80   0x08009c80   0x00000018   Code   RO         5121    i.HAL_NVIC_EnableIRQ  stm32l0xx_hal_cortex.o
    0x08009c98   0x08009c98   0x00000008   Code   RO         5125    i.HAL_NVIC_SetPriority  stm32l0xx_hal_cortex.o
    0x08009ca0   0x08009ca0   0x0000001c   Code   RO         5126    i.HAL_NVIC_SystemReset  stm32l0xx_hal_cortex.o
    0x08009cbc   0x08009cbc   0x00000010   Code   RO         5063    i.HAL_PWREx_EnableFastWakeUp  stm32l0xx_hal_pwr_ex.o
    0x08009ccc   0x08009ccc   0x00000010   Code   RO         5065    i.HAL_PWREx_EnableUltraLowPower  stm32l0xx_hal_pwr_ex.o
    0x08009cdc   0x08009cdc   0x00000010   Code   RO         4951    i.HAL_PWR_EnableBkUpAccess  stm32l0xx_hal_pwr.o
    0x08009cec   0x08009cec   0x00000064   Code   RO         4958    i.HAL_PWR_EnterSTOPMode  stm32l0xx_hal_pwr.o
    0x08009d50   0x08009d50   0x00000178   Code   RO         4469    i.HAL_RCCEx_PeriphCLKConfig  stm32l0xx_hal_rcc_ex.o
    0x08009ec8   0x08009ec8   0x0000019c   Code   RO         4369    i.HAL_RCC_ClockConfig  stm32l0xx_hal_rcc.o
    0x0800a064   0x0800a064   0x00000020   Code   RO         4375    i.HAL_RCC_GetPCLK1Freq  stm32l0xx_hal_rcc.o
    0x0800a084   0x0800a084   0x00000020   Code   RO         4376    i.HAL_RCC_GetPCLK2Freq  stm32l0xx_hal_rcc.o
    0x0800a0a4   0x0800a0a4   0x00000078   Code   RO         4377    i.HAL_RCC_GetSysClockFreq  stm32l0xx_hal_rcc.o
    0x0800a11c   0x0800a11c   0x00000432   Code   RO         4380    i.HAL_RCC_OscConfig  stm32l0xx_hal_rcc.o
    0x0800a54e   0x0800a54e   0x00000002   Code   RO         5923    i.HAL_RTCEx_AlarmBEventCallback  stm32l0xx_hal_rtc_ex.o
    0x0800a550   0x0800a550   0x000000f8   Code   RO         5950    i.HAL_RTCEx_SetWakeUpTimer_IT  stm32l0xx_hal_rtc_ex.o
    0x0800a648   0x0800a648   0x0000000a   Code   RO          227    i.HAL_RTCEx_WakeUpTimerEventCallback  app_port.o
    0x0800a652   0x0800a652   0x00000002   PAD
    0x0800a654   0x0800a654   0x00000038   Code   RO         5957    i.HAL_RTCEx_WakeUpTimerIRQHandler  stm32l0xx_hal_rtc_ex.o
    0x0800a68c   0x0800a68c   0x00000054   Code   RO          228    i.HAL_RTC_AlarmAEventCallback  app_port.o
    0x0800a6e0   0x0800a6e0   0x00000060   Code   RO         5791    i.HAL_RTC_AlarmIRQHandler  stm32l0xx_hal_rtc.o
    0x0800a740   0x0800a740   0x000000b8   Code   RO         5793    i.HAL_RTC_DeactivateAlarm  stm32l0xx_hal_rtc.o
    0x0800a7f8   0x0800a7f8   0x0000008c   Code   RO         5794    i.HAL_RTC_GetAlarm  stm32l0xx_hal_rtc.o
    0x0800a884   0x0800a884   0x00000044   Code   RO         5795    i.HAL_RTC_GetDate   stm32l0xx_hal_rtc.o
    0x0800a8c8   0x0800a8c8   0x0000005c   Code   RO         5797    i.HAL_RTC_GetTime   stm32l0xx_hal_rtc.o
    0x0800a924   0x0800a924   0x000000bc   Code   RO         5798    i.HAL_RTC_Init      stm32l0xx_hal_rtc.o
    0x0800a9e0   0x0800a9e0   0x00000030   Code   RO         3270    i.HAL_RTC_MspInit   rtc.o
    0x0800aa10   0x0800aa10   0x00000190   Code   RO         5803    i.HAL_RTC_SetAlarm_IT  stm32l0xx_hal_rtc.o
    0x0800aba0   0x0800aba0   0x000000c4   Code   RO         5804    i.HAL_RTC_SetDate   stm32l0xx_hal_rtc.o
    0x0800ac64   0x0800ac64   0x000000e8   Code   RO         5805    i.HAL_RTC_SetTime   stm32l0xx_hal_rtc.o
    0x0800ad4c   0x0800ad4c   0x00000034   Code   RO         5806    i.HAL_RTC_WaitForSynchro  stm32l0xx_hal_rtc.o
    0x0800ad80   0x0800ad80   0x00000010   Code   RO         3678    i.HAL_ResumeTick    stm32l0xx_hal.o
    0x0800ad90   0x0800ad90   0x00000030   Code   RO         5129    i.HAL_SYSTICK_Config  stm32l0xx_hal_cortex.o
    0x0800adc0   0x0800adc0   0x00000010   Code   RO         3684    i.HAL_SuspendTick   stm32l0xx_hal.o
    0x0800add0   0x0800add0   0x00000002   Code   RO         5331    i.HAL_UARTEx_RxEventCallback  stm32l0xx_hal_uart.o
    0x0800add2   0x0800add2   0x00000002   Code   RO         5720    i.HAL_UARTEx_WakeupCallback  stm32l0xx_hal_uart_ex.o
    0x0800add4   0x0800add4   0x0000007e   Code   RO         5343    i.HAL_UART_DMAStop  stm32l0xx_hal_uart.o
    0x0800ae52   0x0800ae52   0x0000003e   Code   RO         5344    i.HAL_UART_DeInit   stm32l0xx_hal_uart.o
    0x0800ae90   0x0800ae90   0x000000c8   Code   RO          229    i.HAL_UART_ErrorCallback  app_port.o
    0x0800af58   0x0800af58   0x00000220   Code   RO         5350    i.HAL_UART_IRQHandler  stm32l0xx_hal_uart.o
    0x0800b178   0x0800b178   0x0000006a   Code   RO         5351    i.HAL_UART_Init     stm32l0xx_hal_uart.o
    0x0800b1e2   0x0800b1e2   0x00000002   PAD
    0x0800b1e4   0x0800b1e4   0x00000090   Code   RO         3219    i.HAL_UART_MspDeInit  usart.o
    0x0800b274   0x0800b274   0x00000180   Code   RO         3220    i.HAL_UART_MspInit  usart.o
    0x0800b3f4   0x0800b3f4   0x00000060   Code   RO         5355    i.HAL_UART_Receive_DMA  stm32l0xx_hal_uart.o
    0x0800b454   0x0800b454   0x00000090   Code   RO          230    i.HAL_UART_RxCpltCallback  app_port.o
    0x0800b4e4   0x0800b4e4   0x00000002   Code   RO         5359    i.HAL_UART_RxHalfCpltCallback  stm32l0xx_hal_uart.o
    0x0800b4e6   0x0800b4e6   0x000000d2   Code   RO         5360    i.HAL_UART_Transmit  stm32l0xx_hal_uart.o
    0x0800b5b8   0x0800b5b8   0x00000002   Code   RO         5363    i.HAL_UART_TxCpltCallback  stm32l0xx_hal_uart.o
    0x0800b5ba   0x0800b5ba   0x00000002   PAD
    0x0800b5bc   0x0800b5bc   0x00000018   Code   RO         3310    i.HardFault_Handler  stm32l0xx_it.o
    0x0800b5d4   0x0800b5d4   0x0000000e   Code   RO          231    i.I2C_Delay_us      app_port.o
    0x0800b5e2   0x0800b5e2   0x00000002   PAD
    0x0800b5e4   0x0800b5e4   0x00000014   Code   RO         3311    i.LPUART1_IRQHandler  stm32l0xx_it.o
    0x0800b5f8   0x0800b5f8   0x00000028   Code   RO          510    i.LogMessage        app_sys.o
    0x0800b620   0x0800b620   0x0000001c   Code   RO          511    i.LogMessageWL      app_sys.o
    0x0800b63c   0x0800b63c   0x00000070   Code   RO          512    i.LogPrintf         app_sys.o
    0x0800b6ac   0x0800b6ac   0x00000070   Code   RO         3099    i.MX_ADC_Init       adc.o
    0x0800b71c   0x0800b71c   0x00000038   Code   RO         3135    i.MX_DMA_Init       dma.o
    0x0800b754   0x0800b754   0x00000118   Code   RO         3077    i.MX_GPIO_Init      gpio.o
    0x0800b86c   0x0800b86c   0x0000002c   Code   RO         3193    i.MX_IWDG_Init      iwdg.o
    0x0800b898   0x0800b898   0x00000038   Code   RO         3221    i.MX_LPUART1_UART_Init  usart.o
    0x0800b8d0   0x0800b8d0   0x00000044   Code   RO         3271    i.MX_RTC_Init       rtc.o
    0x0800b914   0x0800b914   0x00000038   Code   RO         3222    i.MX_USART1_UART_Init  usart.o
    0x0800b94c   0x0800b94c   0x00000038   Code   RO         3223    i.MX_USART2_UART_Init  usart.o
    0x0800b984   0x0800b984   0x0000001c   Code   RO         1164    i.N58_ChangeInvokeStatus  app_net.o
    0x0800b9a0   0x0800b9a0   0x0000002c   Code   RO         1166    i.N58_CreateSocket  app_net.o
    0x0800b9cc   0x0800b9cc   0x00000044   Code   RO         1167    i.N58enterFlightMode  app_net.o
    0x0800ba10   0x0800ba10   0x00000044   Code   RO         1168    i.N58enterNormalMode  app_net.o
    0x0800ba54   0x0800ba54   0x00000002   Code   RO         3312    i.NMI_Handler       stm32l0xx_it.o
    0x0800ba56   0x0800ba56   0x00000002   Code   RO         3313    i.PendSV_Handler    stm32l0xx_it.o
    0x0800ba58   0x0800ba58   0x00000010   Code   RO         5807    i.RTC_Bcd2ToByte    stm32l0xx_hal_rtc.o
    0x0800ba68   0x0800ba68   0x00000018   Code   RO         5808    i.RTC_ByteToBcd2    stm32l0xx_hal_rtc.o
    0x0800ba80   0x0800ba80   0x00000038   Code   RO         5809    i.RTC_EnterInitMode  stm32l0xx_hal_rtc.o
    0x0800bab8   0x0800bab8   0x00000014   Code   RO         3314    i.RTC_IRQHandler    stm32l0xx_it.o
    0x0800bacc   0x0800bacc   0x0000009c   Code   RO          233    i.Read_Byte         app_port.o
    0x0800bb68   0x0800bb68   0x00000002   Code   RO         3315    i.SVC_Handler       stm32l0xx_it.o
    0x0800bb6a   0x0800bb6a   0x00000002   PAD
    0x0800bb6c   0x0800bb6c   0x00000044   Code   RO          234    i.Start             app_port.o
    0x0800bbb0   0x0800bbb0   0x00000034   Code   RO          235    i.Stop              app_port.o
    0x0800bbe4   0x0800bbe4   0x00000008   Code   RO         3316    i.SysTick_Handler   stm32l0xx_it.o
    0x0800bbec   0x0800bbec   0x00000090   Code   RO         3036    i.SystemClock_Config  main.o
    0x0800bc7c   0x0800bc7c   0x00000058   Code   RO         6176    i.SystemInit        system_stm32l0xx.o
    0x0800bcd4   0x0800bcd4   0x000000ca   Code   RO         5365    i.UART_AdvFeatureConfig  stm32l0xx_hal_uart.o
    0x0800bd9e   0x0800bd9e   0x00000002   PAD
    0x0800bda0   0x0800bda0   0x00000064   Code   RO         5366    i.UART_CheckIdleState  stm32l0xx_hal_uart.o
    0x0800be04   0x0800be04   0x00000014   Code   RO         5367    i.UART_DMAAbortOnError  stm32l0xx_hal_uart.o
    0x0800be18   0x0800be18   0x0000004c   Code   RO         5368    i.UART_DMAError     stm32l0xx_hal_uart.o
    0x0800be64   0x0800be64   0x0000005e   Code   RO         5369    i.UART_DMAReceiveCplt  stm32l0xx_hal_uart.o
    0x0800bec2   0x0800bec2   0x0000001c   Code   RO         5371    i.UART_DMARxHalfCplt  stm32l0xx_hal_uart.o
    0x0800bede   0x0800bede   0x00000032   Code   RO         5377    i.UART_EndRxTransfer  stm32l0xx_hal_uart.o
    0x0800bf10   0x0800bf10   0x00000010   Code   RO         5378    i.UART_EndTxTransfer  stm32l0xx_hal_uart.o
    0x0800bf20   0x0800bf20   0x00000214   Code   RO         5381    i.UART_SetConfig    stm32l0xx_hal_uart.o
    0x0800c134   0x0800c134   0x0000008c   Code   RO         5382    i.UART_Start_Receive_DMA  stm32l0xx_hal_uart.o
    0x0800c1c0   0x0800c1c0   0x0000009e   Code   RO         5386    i.UART_WaitOnFlagUntilTimeout  stm32l0xx_hal_uart.o
    0x0800c25e   0x0800c25e   0x00000002   PAD
    0x0800c260   0x0800c260   0x00000014   Code   RO         3317    i.USART1_IRQHandler  stm32l0xx_it.o
    0x0800c274   0x0800c274   0x00000014   Code   RO         3318    i.USART2_IRQHandler  stm32l0xx_it.o
    0x0800c288   0x0800c288   0x00000098   Code   RO          236    i.Write_Byte        app_port.o
    0x0800c320   0x0800c320   0x00000026   Code   RO         2752    i.XINGSHENG_ID_ASCII_Decoding  app_sn.o
    0x0800c346   0x0800c346   0x00000084   Code   RO         2753    i.XINGSHENG_ID_Decoder  app_sn.o
    0x0800c3ca   0x0800c3ca   0x00000002   PAD
    0x0800c3cc   0x0800c3cc   0x00000028   Code   RO         6523    i.__0sprintf        mc_p.l(printfa.o)
    0x0800c3f4   0x0800c3f4   0x00000024   Code   RO         6527    i.__0vsprintf       mc_p.l(printfa.o)
    0x0800c418   0x0800c418   0x0000002e   Code   RO         6727    i.__ARM_clz         mf_p.l(depilogue.o)
    0x0800c446   0x0800c446   0x00000030   Code   RO         4454    i.__ARM_common_ll_muluu  stm32l0xx_hal_rcc.o
    0x0800c476   0x0800c476   0x0000001a   Code   RO         1561    i.__ARM_common_switch8  app_net.o
    0x0800c490   0x0800c490   0x0000002c   Code   RO         6634    i.__ARM_fpclassify  m_ps.l(fpclassify.o)
    0x0800c4bc   0x0800c4bc   0x00000044   Code   RO         5131    i.__NVIC_SetPriority  stm32l0xx_hal_cortex.o
    0x0800c500   0x0800c500   0x00000008   Code   RO         6709    i.__aeabi_errno_addr  mc_p.l(errno.o)
    0x0800c508   0x0800c508   0x0000039c   Code   RO         6639    i.__ieee754_rem_pio2  m_ps.l(rred.o)
    0x0800c8a4   0x0800c8a4   0x000000f4   Code   RO         6617    i.__kernel_cos      m_ps.l(cos_i.o)
    0x0800c998   0x0800c998   0x000000ac   Code   RO         6636    i.__kernel_poly     m_ps.l(poly.o)
    0x0800ca44   0x0800ca44   0x000000ec   Code   RO         6644    i.__kernel_sin      m_ps.l(sin_i.o)
    0x0800cb30   0x0800cb30   0x00000014   Code   RO         6620    i.__mathlib_dbl_divzero  m_ps.l(dunder.o)
    0x0800cb44   0x0800cb44   0x0000000a   Code   RO         6621    i.__mathlib_dbl_infnan  m_ps.l(dunder.o)
    0x0800cb4e   0x0800cb4e   0x00000008   Code   RO         6622    i.__mathlib_dbl_infnan2  m_ps.l(dunder.o)
    0x0800cb56   0x0800cb56   0x00000010   Code   RO         6623    i.__mathlib_dbl_invalid  m_ps.l(dunder.o)
    0x0800cb66   0x0800cb66   0x00000002   PAD
    0x0800cb68   0x0800cb68   0x00000014   Code   RO         6624    i.__mathlib_dbl_overflow  m_ps.l(dunder.o)
    0x0800cb7c   0x0800cb7c   0x00000014   Code   RO         6626    i.__mathlib_dbl_underflow  m_ps.l(dunder.o)
    0x0800cb90   0x0800cb90   0x0000000c   Code   RO         6710    i.__read_errno      mc_p.l(errno.o)
    0x0800cb9c   0x0800cb9c   0x0000000e   Code   RO         6758    i.__scatterload_copy  mc_p.l(handlers.o)
    0x0800cbaa   0x0800cbaa   0x00000002   Code   RO         6759    i.__scatterload_null  mc_p.l(handlers.o)
    0x0800cbac   0x0800cbac   0x0000000e   Code   RO         6760    i.__scatterload_zeroinit  mc_p.l(handlers.o)
    0x0800cbba   0x0800cbba   0x00000002   PAD
    0x0800cbbc   0x0800cbbc   0x0000000c   Code   RO         6711    i.__set_errno       mc_p.l(errno.o)
    0x0800cbc8   0x0800cbc8   0x00000174   Code   RO         6528    i._fp_digits        mc_p.l(printfa.o)
    0x0800cd3c   0x0800cd3c   0x0000000e   Code   RO         6742    i._is_digit         mc_p.l(scanf_fp.o)
    0x0800cd4a   0x0800cd4a   0x00000002   PAD
    0x0800cd4c   0x0800cd4c   0x000006ec   Code   RO         6529    i._printf_core      mc_p.l(printfa.o)
    0x0800d438   0x0800d438   0x00000020   Code   RO         6530    i._printf_post_padding  mc_p.l(printfa.o)
    0x0800d458   0x0800d458   0x0000002c   Code   RO         6531    i._printf_pre_padding  mc_p.l(printfa.o)
    0x0800d484   0x0800d484   0x0000000a   Code   RO         6533    i._sputc            mc_p.l(printfa.o)
    0x0800d48e   0x0800d48e   0x00000002   PAD
    0x0800d490   0x0800d490   0x000000a0   Code   RO         2070    i.addNewGPSInfo     app_gps.o
    0x0800d530   0x0800d530   0x00000010   Code   RO         1581    i.alarmRequestClear  app_task.o
    0x0800d540   0x0800d540   0x00000010   Code   RO         1582    i.alarmRequestSet   app_task.o
    0x0800d550   0x0800d550   0x00000244   Code   RO         1583    i.alarmUploadRequest  app_task.o
    0x0800d794   0x0800d794   0x000000ac   Code   RO         2973    i.appBleCRecvParser  app_ble.o
    0x0800d840   0x0800d840   0x00000010   Code   RO         2975    i.appBleInfoReset   app_ble.o
    0x0800d850   0x0800d850   0x000000a0   Code   RO         2977    i.appBlePRecvParser  app_ble.o
    0x0800d8f0   0x0800d8f0   0x00000040   Code   RO         2978    i.appBleSendData    app_ble.o
    0x0800d930   0x0800d930   0x0000002a   Code   RO          513    i.asciiToHex        app_sys.o
    0x0800d95a   0x0800d95a   0x00000002   PAD
    0x0800d95c   0x0800d95c   0x00000274   Code   RO         6215    i.asin              m_ps.l(asin.o)
    0x0800dbd0   0x0800dbd0   0x0000002c   Code   RO         2281    i.atCmdCmGetParser  app_atcmd.o
    0x0800dbfc   0x0800dbfc   0x0000003c   Code   RO         2282    i.atCmdDebugLevelParser  app_atcmd.o
    0x0800dc38   0x0800dc38   0x000002ac   Code   RO         2283    i.atCmdDebugParase  app_atcmd.o
    0x0800dee4   0x0800dee4   0x0000008c   Code   RO         2285    i.atCmdFMPCnmeaParase  app_atcmd.o
    0x0800df70   0x0800df70   0x000000b8   Code   RO         2286    i.atCmdFmpcAdccalParase  app_atcmd.o
    0x0800e028   0x0800e028   0x00000020   Code   RO         2287    i.atCmdFmpcAllParse  app_atcmd.o
    0x0800e048   0x0800e048   0x00000034   Code   RO         2288    i.atCmdFmpcCMParse  app_atcmd.o
    0x0800e07c   0x0800e07c   0x00000038   Code   RO         2289    i.atCmdFmpcChkpParse  app_atcmd.o
    0x0800e0b4   0x0800e0b4   0x00000034   Code   RO         2290    i.atCmdFmpcIMSIParse  app_atcmd.o
    0x0800e0e8   0x0800e0e8   0x00000044   Code   RO         2291    i.atCmdFmpcIMSIParseRespon  app_atcmd.o
    0x0800e12c   0x0800e12c   0x00000034   Code   RO         2292    i.atCmdIMEIParse    app_atcmd.o
    0x0800e160   0x0800e160   0x00000034   Code   RO         2293    i.atCmdIMEIParseRespon  app_atcmd.o
    0x0800e194   0x0800e194   0x00000300   Code   RO         2294    i.atCmdParserFunction  app_atcmd.o
    0x0800e494   0x0800e494   0x0000005c   Code   RO         2295    i.atCmdZTSNParse    app_atcmd.o
    0x0800e4f0   0x0800e4f0   0x0000002a   Code   RO         6225    i.atof              m_ps.l(atof.o)
    0x0800e51a   0x0800e51a   0x00000002   PAD
    0x0800e51c   0x0800e51c   0x00000114   Code   RO         1584    i.autoSleepTask     app_task.o
    0x0800e630   0x0800e630   0x000000a8   Code   RO         2825    i.calculateDistanceOfPoint  app_gpsarithmetic.o
    0x0800e6d8   0x0800e6d8   0x0000010c   Code   RO         2826    i.calculateTheDistanceBetweenTwoPonits  app_gpsarithmetic.o
    0x0800e7e4   0x0800e7e4   0x00000130   Code   RO         2827    i.calculateTheGPSCornerPoint  app_gpsarithmetic.o
    0x0800e914   0x0800e914   0x0000003c   Code   RO          514    i.changeByteArrayToHexString  app_sys.o
    0x0800e950   0x0800e950   0x00000048   Code   RO          515    i.changeHexStringToByteArray  app_sys.o
    0x0800e998   0x0800e998   0x0000004c   Code   RO          516    i.changeHexStringToByteArray_10in  app_sys.o
    0x0800e9e4   0x0800e9e4   0x00000150   Code   RO          517    i.changeUTCTimeToLocalTime  app_sys.o
    0x0800eb34   0x0800eb34   0x00000094   Code   RO         2200    i.charstrToHexValue  app_nmea.o
    0x0800ebc8   0x0800ebc8   0x00000020   Code   RO         1858    i.clearHbtTimer     app_serverprotocol.o
    0x0800ebe8   0x0800ebe8   0x0000001c   Code   RO          237    i.clearRingWakeUp   app_port.o
    0x0800ec04   0x0800ec04   0x00000024   Code   RO         2873    i.clearStep         app_mir3da.o
    0x0800ec28   0x0800ec28   0x00000010   Code   RO         1169    i.closeModuleGPS    app_net.o
    0x0800ec38   0x0800ec38   0x0000002a   Code   RO         2754    i.compress          app_sn.o
    0x0800ec62   0x0800ec62   0x00000002   PAD
    0x0800ec64   0x0800ec64   0x00000098   Code   RO         6229    i.cos               m_ps.l(cos.o)
    0x0800ecfc   0x0800ecfc   0x000000b4   Code   RO         1859    i.createProtocol16  app_serverprotocol.o
    0x0800edb0   0x0800edb0   0x000000bc   Code   RO         1860    i.createProtocol19  app_serverprotocol.o
    0x0800ee6c   0x0800ee6c   0x00000068   Code   RO         1861    i.createProtocol53  app_serverprotocol.o
    0x0800eed4   0x0800eed4   0x00000094   Code   RO         1863    i.createProtocol62  app_serverprotocol.o
    0x0800ef68   0x0800ef68   0x00000050   Code   RO         1864    i.createProtocolF1  app_serverprotocol.o
    0x0800efb8   0x0800efb8   0x000000f8   Code   RO         1865    i.createProtocolF3  app_serverprotocol.o
    0x0800f0b0   0x0800f0b0   0x00000014   Code   RO         1866    i.createProtocolHead  app_serverprotocol.o
    0x0800f0c4   0x0800f0c4   0x00000010   Code   RO         1867    i.createProtocolSerial  app_serverprotocol.o
    0x0800f0d4   0x0800f0d4   0x00000036   Code   RO         1868    i.createProtocolTail  app_serverprotocol.o
    0x0800f10a   0x0800f10a   0x00000040   Code   RO         1869    i.createProtocolTail_7979  app_serverprotocol.o
    0x0800f14a   0x0800f14a   0x00000038   Code   RO         1870    i.createProtocol_01  app_serverprotocol.o
    0x0800f182   0x0800f182   0x00000002   PAD
    0x0800f184   0x0800f184   0x0000008c   Code   RO         1871    i.createProtocol_12  app_serverprotocol.o
    0x0800f210   0x0800f210   0x000000c4   Code   RO         1872    i.createProtocol_13  app_serverprotocol.o
    0x0800f2d4   0x0800f2d4   0x0000004c   Code   RO         1873    i.createProtocol_21  app_serverprotocol.o
    0x0800f320   0x0800f320   0x00000022   Code   RO         1874    i.createProtocol_8A  app_serverprotocol.o
    0x0800f342   0x0800f342   0x00000010   Code   RO            4    i.createSystemTask  app_kernal.o
    0x0800f352   0x0800f352   0x0000000c   Code   RO         1170    i.csqRequest        app_net.o
    0x0800f35e   0x0800f35e   0x00000002   PAD
    0x0800f360   0x0800f360   0x000000a4   Code   RO         2755    i.decryptSN         app_sn.o
    0x0800f404   0x0800f404   0x00000024   Code   RO         1585    i.delSmsOndDay      app_task.o
    0x0800f428   0x0800f428   0x00000010   Code   RO         1171    i.deleteMessage     app_net.o
    0x0800f438   0x0800f438   0x00000090   Code   RO          238    i.disPlaySystemTime  app_port.o
    0x0800f4c8   0x0800f4c8   0x00000014   Code   RO          518    i.distinguishOK     app_sys.o
    0x0800f4dc   0x0800f4dc   0x000000c0   Code   RO         2400    i.do123Instruction  app_instructioncmd.o
    0x0800f59c   0x0800f59c   0x00000120   Code   RO         2401    i.doACCCTLGNSSInstrucion  app_instructioncmd.o
    0x0800f6bc   0x0800f6bc   0x00000138   Code   RO         2402    i.doAPNInstruction  app_instructioncmd.o
    0x0800f7f4   0x0800f7f4   0x00000110   Code   RO         2403    i.doAdccalInstrucion  app_instructioncmd.o
    0x0800f904   0x0800f904   0x00000170   Code   RO         2404    i.doAlarmModeInstrucion  app_instructioncmd.o
    0x0800fa74   0x0800fa74   0x000000c8   Code   RO         2405    i.doAnswerInstrucion  app_instructioncmd.o
    0x0800fb3c   0x0800fb3c   0x000000ec   Code   RO         2406    i.doAudioInstrucion  app_instructioncmd.o
    0x0800fc28   0x0800fc28   0x00000034   Code   RO         2407    i.doBFInstruction   app_instructioncmd.o
    0x0800fc5c   0x0800fc5c   0x00000034   Code   RO         2408    i.doCFInstruction   app_instructioncmd.o
    0x0800fc90   0x0800fc90   0x0000036c   Code   RO         2409    i.doDebugInstrucion  app_instructioncmd.o
    0x0800fffc   0x0800fffc   0x00000094   Code   RO         2410    i.doFactoryInstrucion  app_instructioncmd.o
    0x08010090   0x08010090   0x000001d8   Code   RO         2411    i.doFactoryTestInstruction  app_instructioncmd.o
    0x08010268   0x08010268   0x0000009c   Code   RO         2412    i.doFenceInstrucion  app_instructioncmd.o
    0x08010304   0x08010304   0x000000c8   Code   RO         2413    i.doHbtInstruction  app_instructioncmd.o
    0x080103cc   0x080103cc   0x00000124   Code   RO         2415    i.doJtInstruction   app_instructioncmd.o
    0x080104f0   0x080104f0   0x00000090   Code   RO         2416    i.doLEDInstruction  app_instructioncmd.o
    0x08010580   0x08010580   0x000000c8   Code   RO         2417    i.doLOWWInstruction  app_instructioncmd.o
    0x08010648   0x08010648   0x0000046c   Code   RO         2418    i.doModeInstruction  app_instructioncmd.o
    0x08010ab4   0x08010ab4   0x00000130   Code   RO         2419    i.doPOITYPEInstruction  app_instructioncmd.o
    0x08010be4   0x08010be4   0x00000294   Code   RO         2420    i.doParamInstruction  app_instructioncmd.o
    0x08010e78   0x08010e78   0x000000ac   Code   RO         2421    i.doPdopInstrucion  app_instructioncmd.o
    0x08010f24   0x08010f24   0x00000070   Code   RO         1586    i.doPoitypeRequest  app_task.o
    0x08010f94   0x08010f94   0x00000068   Code   RO         2422    i.doResetInstruction  app_instructioncmd.o
    0x08010ffc   0x08010ffc   0x000000b0   Code   RO         2423    i.doSNInstruction   app_instructioncmd.o
    0x080110ac   0x080110ac   0x0000007c   Code   RO         2424    i.doServerInstruction  app_instructioncmd.o
    0x08011128   0x08011128   0x000000c8   Code   RO         2425    i.doSetAgpsInstruction  app_instructioncmd.o
    0x080111f0   0x080111f0   0x00000174   Code   RO         2426    i.doSetblemacInstrucion  app_instructioncmd.o
    0x08011364   0x08011364   0x000000a8   Code   RO         2427    i.doSmsreplyInstrucion  app_instructioncmd.o
    0x0801140c   0x0801140c   0x00000084   Code   RO         2428    i.doStaticTimeInstrucion  app_instructioncmd.o
    0x08011490   0x08011490   0x00000184   Code   RO         2429    i.doStatusInstruction  app_instructioncmd.o
    0x08011614   0x08011614   0x000000e4   Code   RO         2430    i.doTTSInstruction  app_instructioncmd.o
    0x080116f8   0x080116f8   0x000000c4   Code   RO         2431    i.doTurnAlgInstrucion  app_instructioncmd.o
    0x080117bc   0x080117bc   0x000000b4   Code   RO         2432    i.doUPSInstruction  app_instructioncmd.o
    0x08011870   0x08011870   0x000000e4   Code   RO         2433    i.doUTCInstruction  app_instructioncmd.o
    0x08011954   0x08011954   0x00000068   Code   RO         2434    i.doVersionInstruction  app_instructioncmd.o
    0x080119bc   0x080119bc   0x000000a4   Code   RO         2435    i.doVibrangeInstrucion  app_instructioncmd.o
    0x08011a60   0x08011a60   0x00000080   Code   RO         2436    i.doVolInstrucion   app_instructioncmd.o
    0x08011ae0   0x08011ae0   0x0000021c   Code   RO         2296    i.doinstruction     app_atcmd.o
    0x08011cfc   0x08011cfc   0x000000b4   Code   RO         2437    i.dorequestSend123  app_instructioncmd.o
    0x08011db0   0x08011db0   0x00000034   Code   RO          765    i.eepromWriteByte   app_param.o
    0x08011de4   0x08011de4   0x00000034   Code   RO          766    i.eepromWriteTwoBytes  app_param.o
    0x08011e18   0x08011e18   0x00000034   Code   RO          767    i.eepromWriteWord   app_param.o
    0x08011e4c   0x08011e4c   0x00000140   Code   RO         2756    i.encrypt           app_sn.o
    0x08011f8c   0x08011f8c   0x00000050   Code   RO         1587    i.exitNetCtl        app_task.o
    0x08011fdc   0x08011fdc   0x0000002a   Code   RO         2757    i.expand            app_sn.o
    0x08012006   0x08012006   0x00000002   PAD
    0x08012008   0x08012008   0x00000054   Code   RO         6549    i.free              mc_p.l(malloc.o)
    0x0801205c   0x0801205c   0x00000050   Code   RO         1588    i.getBatVoltage     app_task.o
    0x080120ac   0x080120ac   0x0000005c   Code   RO         1875    i.getBatteryLevel   app_serverprotocol.o
    0x08012108   0x08012108   0x0000001a   Code   RO          519    i.getCharIndex      app_sys.o
    0x08012122   0x08012122   0x00000028   Code   RO          520    i.getCharIndexWithNum  app_sys.o
    0x0801214a   0x0801214a   0x00000002   PAD
    0x0801214c   0x0801214c   0x00000008   Code   RO         2073    i.getCurrentGPSInfo  app_gps.o
    0x08012154   0x08012154   0x00000008   Code   RO         2074    i.getGSPfifo        app_gps.o
    0x0801215c   0x0801215c   0x00000008   Code   RO         2075    i.getLastFixedGPSInfo  app_gps.o
    0x08012164   0x08012164   0x00000008   Code   RO         1172    i.getModuleICCID    app_net.o
    0x0801216c   0x0801216c   0x00000008   Code   RO         1173    i.getModuleIMEI     app_net.o
    0x08012174   0x08012174   0x00000008   Code   RO         1174    i.getModuleIMSI     app_net.o
    0x0801217c   0x0801217c   0x0000000c   Code   RO         1175    i.getModuleRssi     app_net.o
    0x08012188   0x08012188   0x0000001a   Code   RO         2874    i.getStep           app_mir3da.o
    0x080121a2   0x080121a2   0x00000002   PAD
    0x080121a4   0x080121a4   0x00000010   Code   RO          521    i.getTerminalAccState  app_sys.o
    0x080121b4   0x080121b4   0x00000010   Code   RO          522    i.getTerminalChargeState  app_sys.o
    0x080121c4   0x080121c4   0x0000000c   Code   RO         1589    i.gpsChangeFsmState  app_task.o
    0x080121d0   0x080121d0   0x00000028   Code   RO         2076    i.gpsClearCurrentGPSInfo  app_gps.o
    0x080121f8   0x080121f8   0x00000016   Code   RO         2077    i.gpsFilter         app_gps.o
    0x0801220e   0x0801220e   0x00000002   PAD
    0x08012210   0x08012210   0x00000014   Code   RO         2148    i.gpsIsRun          app_gpsrestore.o
    0x08012224   0x08012224   0x0000005c   Code   RO         1590    i.gpsLedTask        app_task.o
    0x08012280   0x08012280   0x0000000c   Code   RO         2149    i.gpsNoRestoreFileToRead  app_gpsrestore.o
    0x0801228c   0x0801228c   0x0000005c   Code   RO         1591    i.gpsOutputCheckTask  app_task.o
    0x080122e8   0x080122e8   0x000000f0   Code   RO         2150    i.gpsReadFromModuleAndSendtoServe  app_gpsrestore.o
    0x080123d8   0x080123d8   0x00000010   Code   RO         2151    i.gpsReadRestoreReset  app_gpsrestore.o
    0x080123e8   0x080123e8   0x00000044   Code   RO         1592    i.gpsRequestClear   app_task.o
    0x0801242c   0x0801242c   0x00000054   Code   RO         1593    i.gpsRequestClose   app_task.o
    0x08012480   0x08012480   0x00000010   Code   RO         1594    i.gpsRequestGet     app_task.o
    0x08012490   0x08012490   0x00000074   Code   RO         1595    i.gpsRequestOpen    app_task.o
    0x08012504   0x08012504   0x00000040   Code   RO         1596    i.gpsRequestSet     app_task.o
    0x08012544   0x08012544   0x000000a4   Code   RO         1597    i.gpsRequestTask    app_task.o
    0x080125e8   0x080125e8   0x000000f8   Code   RO         1876    i.gpsRestoreDataSend  app_serverprotocol.o
    0x080126e0   0x080126e0   0x0000006c   Code   RO         2152    i.gpsRestoreWriteData  app_gpsrestore.o
    0x0801274c   0x0801274c   0x00000010   Code   RO         1598    i.gpsStartBD        app_task.o
    0x0801275c   0x0801275c   0x00000028   Code   RO         2153    i.gpsUpdateRestoreFileNameAndTotalSize  app_gpsrestore.o
    0x08012784   0x08012784   0x0000009c   Code   RO         2828    i.gpsUploadPointToServer  app_gpsarithmetic.o
    0x08012820   0x08012820   0x00000078   Code   RO         1599    i.gpsUplodOnePointTask  app_task.o
    0x08012898   0x08012898   0x000000b4   Code   RO         1600    i.gsensorIntervalCheck  app_task.o
    0x0801294c   0x0801294c   0x000001d4   Code   RO         1601    i.gsensorTapTask    app_task.o
    0x08012b20   0x08012b20   0x00000094   Code   RO          239    i.halGetInDma       app_port.o
    0x08012bb4   0x08012bb4   0x00000014   Code   RO          240    i.halRecvInIdle     app_port.o
    0x08012bc8   0x08012bc8   0x00000018   Code   RO          241    i.halUartRecvPushOut  app_port.o
    0x08012be0   0x08012be0   0x00000084   Code   RO         1602    i.hearbeatRequest   app_task.o
    0x08012c64   0x08012c64   0x0000005a   Code   RO          242    i.iicReadData       app_port.o
    0x08012cbe   0x08012cbe   0x0000002a   Code   RO          243    i.iicWriteData      app_port.o
    0x08012ce8   0x08012ce8   0x00000050   Code   RO         2829    i.initLastPoint     app_gpsarithmetic.o
    0x08012d38   0x08012d38   0x0000004c   Code   RO         2297    i.instructionParser  app_atcmd.o
    0x08012d84   0x08012d84   0x0000000c   Code   RO         1176    i.isModulePowerOn   app_net.o
    0x08012d90   0x08012d90   0x00000014   Code   RO         1177    i.isModuleRunNormal  app_net.o
    0x08012da4   0x08012da4   0x00000020   Code   RO         1877    i.isProtocolReday   app_serverprotocol.o
    0x08012dc4   0x08012dc4   0x000000b0   Code   RO            6    i.kernalRun         app_kernal.o
    0x08012e74   0x08012e74   0x000000a8   Code   RO         2201    i.latitude_to_double  app_nmea.o
    0x08012f1c   0x08012f1c   0x00000058   Code   RO         1603    i.lbsUploadRequestTask  app_task.o
    0x08012f74   0x08012f74   0x0000000c   Code   RO         1604    i.ledRunTask        app_task.o
    0x08012f80   0x08012f80   0x00000018   Code   RO         1605    i.ledSetPeriod      app_task.o
    0x08012f98   0x08012f98   0x000000a8   Code   RO         2202    i.longitude_to_double  app_nmea.o
    0x08013040   0x08013040   0x00000026   Code   RO         3037    i.main              main.o
    0x08013066   0x08013066   0x00000002   PAD
    0x08013068   0x08013068   0x0000006c   Code   RO         6550    i.malloc            mc_p.l(malloc.o)
    0x080130d4   0x080130d4   0x00000114   Code   RO         2876    i.mir3da_init       app_mir3da.o
    0x080131e8   0x080131e8   0x00000026   Code   RO         2877    i.mir3da_open_interrupt  app_mir3da.o
    0x0801320e   0x0801320e   0x00000002   PAD
    0x08013210   0x08013210   0x00000020   Code   RO         2879    i.mir3da_register_read  app_mir3da.o
    0x08013230   0x08013230   0x0000001c   Code   RO         2880    i.mir3da_register_write  app_mir3da.o
    0x0801324c   0x0801324c   0x00000014   Code   RO         2881    i.mir3da_set_enable  app_mir3da.o
    0x08013260   0x08013260   0x0000008c   Code   RO         1606    i.modeRun           app_task.o
    0x080132ec   0x080132ec   0x0000009c   Code   RO         1607    i.modeShutDownQuickly  app_task.o
    0x08013388   0x08013388   0x000000a8   Code   RO         1608    i.modeStart         app_task.o
    0x08013430   0x08013430   0x00000068   Code   RO         1609    i.modeStop          app_task.o
    0x08013498   0x08013498   0x0000001c   Code   RO         1178    i.moduleInfoInit    app_net.o
    0x080134b4   0x080134b4   0x00000054   Code   RO         1179    i.modulePowerOff    app_net.o
    0x08013508   0x08013508   0x00000060   Code   RO         1180    i.modulePowerOn     app_net.o
    0x08013568   0x08013568   0x00000064   Code   RO         1181    i.moduleReset       app_net.o
    0x080135cc   0x080135cc   0x00000014   Code   RO         1878    i.moduleResetProcess  app_serverprotocol.o
    0x080135e0   0x080135e0   0x00000040   Code   RO         1182    i.moduleResetProcessA  app_net.o
    0x08013620   0x08013620   0x00000284   Code   RO         1183    i.moduleResponParaser  app_net.o
    0x080138a4   0x080138a4   0x00000060   Code   RO          714    i.myAppConfig       app_user.o
    0x08013904   0x08013904   0x00000014   Code   RO          715    i.myAppRun          app_user.o
    0x08013918   0x08013918   0x00000058   Code   RO          523    i.my_getstrindex    app_sys.o
    0x08013970   0x08013970   0x0000002e   Code   RO          524    i.my_strpach        app_sys.o
    0x0801399e   0x0801399e   0x00000036   Code   RO          525    i.my_strstr         app_sys.o
    0x080139d4   0x080139d4   0x0000003a   Code   RO         2298    i.mycmdPatch        app_atcmd.o
    0x08013a0e   0x08013a0e   0x00000002   PAD
    0x08013a10   0x08013a10   0x00000018   Code   RO         1184    i.n58ATA            app_net.o
    0x08013a28   0x08013a28   0x00000048   Code   RO         1185    i.n58AtaParser      app_net.o
    0x08013a70   0x08013a70   0x000000a4   Code   RO         1186    i.n58AudplayParser  app_net.o
    0x08013b14   0x08013b14   0x00000088   Code   RO         1187    i.n58CCIDParser     app_net.o
    0x08013b9c   0x08013b9c   0x0000005c   Code   RO         1188    i.n58CGSNParser     app_net.o
    0x08013bf8   0x08013bf8   0x000000e4   Code   RO         1189    i.n58CIMIParser     app_net.o
    0x08013cdc   0x08013cdc   0x000000e0   Code   RO         1190    i.n58CMGRParser     app_net.o
    0x08013dbc   0x08013dbc   0x00000088   Code   RO         1191    i.n58CMTIParser     app_net.o
    0x08013e44   0x08013e44   0x000000a4   Code   RO         1192    i.n58CREGParser     app_net.o
    0x08013ee8   0x08013ee8   0x00000090   Code   RO         1193    i.n58CSQParser      app_net.o
    0x08013f78   0x08013f78   0x00000198   Code   RO         1194    i.n58FSLISTParser   app_net.o
    0x08014110   0x08014110   0x0000014c   Code   RO         1195    i.n58FswrParser     app_net.o
    0x0801425c   0x0801425c   0x00000064   Code   RO         1196    i.n58GmrParser      app_net.o
    0x080142c0   0x080142c0   0x0000002c   Code   RO         1197    i.n58MygpsposParser  app_net.o
    0x080142ec   0x080142ec   0x00000080   Code   RO         1198    i.n58MygpsstateParser  app_net.o
    0x0801436c   0x0801436c   0x000000e8   Code   RO         1199    i.n58MylacidParser  app_net.o
    0x08014454   0x08014454   0x00000060   Code   RO         1200    i.n58NwblecconParser  app_net.o
    0x080144b4   0x080144b4   0x00000080   Code   RO         1201    i.n58NwbleroleParser  app_net.o
    0x08014534   0x08014534   0x0000007c   Code   RO         1202    i.n58NwbtblepwrParser  app_net.o
    0x080145b0   0x080145b0   0x0000007c   Code   RO         1203    i.n58NwurcblestatParser  app_net.o
    0x0801462c   0x0801462c   0x000000e0   Code   RO         1204    i.n58TCPRecvParser  app_net.o
    0x0801470c   0x0801470c   0x00000090   Code   RO         1205    i.n58TCPcloseParser  app_net.o
    0x0801479c   0x0801479c   0x00000178   Code   RO         1206    i.n58TCPsetupParser  app_net.o
    0x08014914   0x08014914   0x00000088   Code   RO         1207    i.n58TcpsendParase  app_net.o
    0x0801499c   0x0801499c   0x000000d0   Code   RO         1208    i.n58WIFISCANParser  app_net.o
    0x08014a6c   0x08014a6c   0x0000004c   Code   RO         1209    i.n58cgattParser    app_net.o
    0x08014ab8   0x08014ab8   0x0000001c   Code   RO         1210    i.n58cgdcontParser  app_net.o
    0x08014ad4   0x08014ad4   0x0000003c   Code   RO         1211    i.n58mysysteminfoParser  app_net.o
    0x08014b10   0x08014b10   0x0000002c   Code   RO         1212    i.n58setAPN         app_net.o
    0x08014b3c   0x08014b3c   0x00000034   Code   RO         1213    i.n58setXGAUTH      app_net.o
    0x08014b70   0x08014b70   0x0000001c   Code   RO         1214    i.n58xgauthParser   app_net.o
    0x08014b8c   0x08014b8c   0x0000001c   Code   RO         1215    i.n58xiicParser     app_net.o
    0x08014ba8   0x08014ba8   0x000000a4   Code   RO         1216    i.n58xiicqueryParser  app_net.o
    0x08014c4c   0x08014c4c   0x00000010   Code   RO         1879    i.netConnectReset   app_serverprotocol.o
    0x08014c5c   0x08014c5c   0x00000054   Code   RO         1217    i.netEnterStopMode  app_net.o
    0x08014cb0   0x08014cb0   0x0000003c   Code   RO         1218    i.netExitStopMode   app_net.o
    0x08014cec   0x08014cec   0x0000004c   Code   RO         1610    i.netModuleShutdown  app_task.o
    0x08014d38   0x08014d38   0x0000008c   Code   RO         1611    i.netModuleStartup  app_task.o
    0x08014dc4   0x08014dc4   0x00000014   Code   RO         1219    i.netWorkModuleRunOk  app_net.o
    0x08014dd8   0x08014dd8   0x000004cc   Code   RO         1220    i.networkConnectProcess  app_net.o
    0x080152a4   0x080152a4   0x00000050   Code   RO         2203    i.nmeaParse         app_nmea.o
    0x080152f4   0x080152f4   0x0000001c   Code   RO         1221    i.openModuleGPS     app_net.o
    0x08015310   0x08015310   0x00000058   Code   RO         1222    i.outPutNodeCmd     app_net.o
    0x08015368   0x08015368   0x00000084   Code   RO         1880    i.packIMEI          app_serverprotocol.o
    0x080153ec   0x080153ec   0x00000204   Code   RO          768    i.paramDefaultInit  app_param.o
    0x080155f0   0x080155f0   0x00000020   Code   RO          769    i.paramGetAdcCal    app_param.o
    0x08015610   0x08015610   0x00000014   Code   RO          770    i.paramGetAgpsPort  app_param.o
    0x08015624   0x08015624   0x0000002c   Code   RO          771    i.paramGetAgpsPswd  app_param.o
    0x08015650   0x08015650   0x0000002c   Code   RO          772    i.paramGetAgpsServer  app_param.o
    0x0801567c   0x0801567c   0x0000002c   Code   RO          773    i.paramGetAgpsUser  app_param.o
    0x080156a8   0x080156a8   0x0000001c   Code   RO          774    i.paramGetApnName   app_param.o
    0x080156c4   0x080156c4   0x0000001c   Code   RO          775    i.paramGetApnPswd   app_param.o
    0x080156e0   0x080156e0   0x0000001c   Code   RO          776    i.paramGetApnUser   app_param.o
    0x080156fc   0x080156fc   0x00000014   Code   RO          777    i.paramGetAutoParam  app_param.o
    0x08015710   0x08015710   0x00000020   Code   RO          778    i.paramGetBleMac    app_param.o
    0x08015730   0x08015730   0x0000000c   Code   RO          779    i.paramGetCM        app_param.o
    0x0801573c   0x0801573c   0x0000001c   Code   RO          780    i.paramGetCodeVersion  app_param.o
    0x08015758   0x08015758   0x0000000c   Code   RO          781    i.paramGetGPSUploadInterval  app_param.o
    0x08015764   0x08015764   0x0000000c   Code   RO          782    i.paramGetHeartbeatInterval  app_param.o
    0x08015770   0x08015770   0x0000000c   Code   RO          783    i.paramGetLoww      app_param.o
    0x0801577c   0x0801577c   0x00000014   Code   RO          784    i.paramGetMode2cnt  app_param.o
    0x08015790   0x08015790   0x0000002c   Code   RO          785    i.paramGetServer    app_param.o
    0x080157bc   0x080157bc   0x00000020   Code   RO          786    i.paramGetSnNumber  app_param.o
    0x080157dc   0x080157dc   0x00000014   Code   RO          787    i.paramGetStaticTime  app_param.o
    0x080157f0   0x080157f0   0x00000014   Code   RO          788    i.paramGetStep      app_param.o
    0x08015804   0x08015804   0x00000028   Code   RO          789    i.paramGetUPSServer  app_param.o
    0x0801582c   0x0801582c   0x00000014   Code   RO          791    i.paramGetVibrange  app_param.o
    0x08015840   0x08015840   0x00000264   Code   RO          792    i.paramInit         app_param.o
    0x08015aa4   0x08015aa4   0x00000018   Code   RO          793    i.paramSaveACCCTLGNSS  app_param.o
    0x08015abc   0x08015abc   0x00000020   Code   RO          794    i.paramSaveAdcCal   app_param.o
    0x08015adc   0x08015adc   0x00000018   Code   RO          795    i.paramSaveAgpsPort  app_param.o
    0x08015af4   0x08015af4   0x00000028   Code   RO          796    i.paramSaveAgpsPswd  app_param.o
    0x08015b1c   0x08015b1c   0x00000028   Code   RO          797    i.paramSaveAgpsServer  app_param.o
    0x08015b44   0x08015b44   0x00000028   Code   RO          798    i.paramSaveAgpsUser  app_param.o
    0x08015b6c   0x08015b6c   0x00000028   Code   RO          799    i.paramSaveAlarmTime  app_param.o
    0x08015b94   0x08015b94   0x0000003c   Code   RO          800    i.paramSaveApnName  app_param.o
    0x08015bd0   0x08015bd0   0x0000003c   Code   RO          801    i.paramSaveApnPswd  app_param.o
    0x08015c0c   0x08015c0c   0x0000003c   Code   RO          802    i.paramSaveApnUser  app_param.o
    0x08015c48   0x08015c48   0x00000018   Code   RO          803    i.paramSaveAutoAnswer  app_param.o
    0x08015c60   0x08015c60   0x0000000e   Code   RO          804    i.paramSaveAutoParam  app_param.o
    0x08015c6e   0x08015c6e   0x00000002   PAD
    0x08015c70   0x08015c70   0x00000018   Code   RO          805    i.paramSaveBF       app_param.o
    0x08015c88   0x08015c88   0x0000003e   Code   RO          806    i.paramSaveBleMac   app_param.o
    0x08015cc6   0x08015cc6   0x0000000e   Code   RO          807    i.paramSaveCM       app_param.o
    0x08015cd4   0x08015cd4   0x00000026   Code   RO          808    i.paramSaveCodeVersion  app_param.o
    0x08015cfa   0x08015cfa   0x00000002   PAD
    0x08015cfc   0x08015cfc   0x00000018   Code   RO          809    i.paramSaveFence    app_param.o
    0x08015d14   0x08015d14   0x00000010   Code   RO          810    i.paramSaveGPSUploadInterval  app_param.o
    0x08015d24   0x08015d24   0x00000014   Code   RO          811    i.paramSaveHardFault  app_param.o
    0x08015d38   0x08015d38   0x00000010   Code   RO          812    i.paramSaveHeartbeatInterval  app_param.o
    0x08015d48   0x08015d48   0x00000018   Code   RO          813    i.paramSaveInterval  app_param.o
    0x08015d60   0x08015d60   0x00000018   Code   RO          814    i.paramSaveLedCtl   app_param.o
    0x08015d78   0x08015d78   0x00000018   Code   RO          815    i.paramSaveLightAlarmMode  app_param.o
    0x08015d90   0x08015d90   0x0000000e   Code   RO          816    i.paramSaveLoww     app_param.o
    0x08015d9e   0x08015d9e   0x00000002   PAD
    0x08015da0   0x08015da0   0x00000014   Code   RO          817    i.paramSaveMallocFault  app_param.o
    0x08015db4   0x08015db4   0x00000018   Code   RO          818    i.paramSaveMode     app_param.o
    0x08015dcc   0x08015dcc   0x00000018   Code   RO          819    i.paramSaveMode1GapDay  app_param.o
    0x08015de4   0x08015de4   0x00000018   Code   RO          820    i.paramSaveMode1Timer  app_param.o
    0x08015dfc   0x08015dfc   0x00000018   Code   RO          821    i.paramSaveMode2cnt  app_param.o
    0x08015e14   0x08015e14   0x00000018   Code   RO          822    i.paramSaveNoNetWakeUpMinutes  app_param.o
    0x08015e2c   0x08015e2c   0x00000018   Code   RO          823    i.paramSavePdop     app_param.o
    0x08015e44   0x08015e44   0x00000018   Code   RO          824    i.paramSavePoitype  app_param.o
    0x08015e5c   0x08015e5c   0x0000004a   Code   RO          825    i.paramSaveServer   app_param.o
    0x08015ea6   0x08015ea6   0x0000000e   Code   RO          827    i.paramSaveSmsreply  app_param.o
    0x08015eb4   0x08015eb4   0x0000001e   Code   RO          828    i.paramSaveSnNumber  app_param.o
    0x08015ed2   0x08015ed2   0x00000002   PAD
    0x08015ed4   0x08015ed4   0x00000018   Code   RO          829    i.paramSaveStaticTime  app_param.o
    0x08015eec   0x08015eec   0x00000014   Code   RO          830    i.paramSaveStep     app_param.o
    0x08015f00   0x08015f00   0x00000018   Code   RO          831    i.paramSaveTurnalg  app_param.o
    0x08015f18   0x08015f18   0x00000046   Code   RO          832    i.paramSaveUPSServer  app_param.o
    0x08015f5e   0x08015f5e   0x00000002   PAD
    0x08015f60   0x08015f60   0x00000018   Code   RO          833    i.paramSaveUTC      app_param.o
    0x08015f78   0x08015f78   0x00000014   Code   RO          834    i.paramSaveUpdateStatus  app_param.o
    0x08015f8c   0x08015f8c   0x00000014   Code   RO          835    i.paramSaveVibrange  app_param.o
    0x08015fa0   0x08015fa0   0x00000138   Code   RO         2204    i.parseGPS          app_nmea.o
    0x080160d8   0x080160d8   0x0000001c   Code   RO         2205    i.parse_GGA         app_nmea.o
    0x080160f4   0x080160f4   0x0000003c   Code   RO         2206    i.parse_GSA         app_nmea.o
    0x08016130   0x08016130   0x000001c4   Code   RO         2207    i.parse_GSV         app_nmea.o
    0x080162f4   0x080162f4   0x00000158   Code   RO         2208    i.parse_RMC         app_nmea.o
    0x0801644c   0x0801644c   0x00000038   Code   RO         1223    i.playAudio         app_net.o
    0x08016484   0x08016484   0x00000034   Code   RO          244    i.portClearStep     app_port.o
    0x080164b8   0x080164b8   0x00000038   Code   RO          245    i.portGetAdc        app_port.o
    0x080164f0   0x080164f0   0x00000036   Code   RO          246    i.portGetDateTimeOfSeconds  app_port.o
    0x08016526   0x08016526   0x00000002   PAD
    0x08016528   0x08016528   0x00000058   Code   RO          247    i.portGetSystemDateTime  app_port.o
    0x08016580   0x08016580   0x000000a8   Code   RO          248    i.portGsensorCfg    app_port.o
    0x08016628   0x08016628   0x00000010   Code   RO          249    i.portGsensorInt    app_port.o
    0x08016638   0x08016638   0x00000050   Code   RO          250    i.portGsensorSdaSclCtl  app_port.o
    0x08016688   0x08016688   0x00000088   Code   RO          251    i.portLdrInt        app_port.o
    0x08016710   0x08016710   0x0000001c   Code   RO          252    i.portLowPowerCfg   app_port.o
    0x0801672c   0x0801672c   0x000000c0   Code   RO          253    i.portModuleCfg     app_port.o
    0x080167ec   0x080167ec   0x00000020   Code   RO          254    i.portPollUart      app_port.o
    0x0801680c   0x0801680c   0x00000054   Code   RO          255    i.portRingSignal    app_port.o
    0x08016860   0x08016860   0x0000003c   Code   RO          256    i.portSaveStep      app_port.o
    0x0801689c   0x0801689c   0x00000144   Code   RO          257    i.portSetNextAlarmTime  app_port.o
    0x080169e0   0x080169e0   0x000000d8   Code   RO          258    i.portSetNextWakeUpTime  app_port.o
    0x08016ab8   0x08016ab8   0x00000150   Code   RO          259    i.portSetSystemDateTime  app_port.o
    0x08016c08   0x08016c08   0x00000028   Code   RO          260    i.portSystemReset   app_port.o
    0x08016c30   0x08016c30   0x00000140   Code   RO          261    i.portUartCfg       app_port.o
    0x08016d70   0x08016d70   0x00000014   Code   RO          262    i.portUartSend      app_port.o
    0x08016d84   0x08016d84   0x0000001c   Code   RO          263    i.portUpdateStep    app_port.o
    0x08016da0   0x08016da0   0x00000010   Code   RO          264    i.portWdtFeed       app_port.o
    0x08016db0   0x08016db0   0x000009fc   Code   RO         6237    i.pow               m_ps.l(pow.o)
    0x080177ac   0x080177ac   0x000000bc   Code   RO         1881    i.protoclparser51   app_serverprotocol.o
    0x08017868   0x08017868   0x000000c8   Code   RO         1882    i.protoclparser52   app_serverprotocol.o
    0x08017930   0x08017930   0x000001d0   Code   RO         1884    i.protocolGPSpack   app_serverprotocol.o
    0x08017b00   0x08017b00   0x0000010c   Code   RO         1885    i.protocolReceivePush  app_serverprotocol.o
    0x08017c0c   0x08017c0c   0x00000128   Code   RO         1886    i.protocolRunFsm    app_serverprotocol.o
    0x08017d34   0x08017d34   0x00000134   Code   RO         1887    i.protocolRxParser  app_serverprotocol.o
    0x08017e68   0x08017e68   0x0000000a   Code   RO         1224    i.reConnectServer   app_net.o
    0x08017e72   0x08017e72   0x00000002   PAD
    0x08017e74   0x08017e74   0x0000001c   Code   RO         1888    i.reCover123InstructionId  app_serverprotocol.o
    0x08017e90   0x08017e90   0x00000048   Code   RO         2882    i.readInterruptConfig  app_mir3da.o
    0x08017ed8   0x08017ed8   0x000000b0   Code   RO         2883    i.read_gsensor_id   app_mir3da.o
    0x08017f88   0x08017f88   0x00000008   Code   RO         2655    i.recGetRecStruct   app_rec.o
    0x08017f90   0x08017f90   0x00000014   Code   RO         2656    i.recIsRun          app_rec.o
    0x08017fa4   0x08017fa4   0x00000028   Code   RO         2657    i.recNoFileToread   app_rec.o
    0x08017fcc   0x08017fcc   0x0000000c   Code   RO         2658    i.recReadFileOk     app_rec.o
    0x08017fd8   0x08017fd8   0x000000bc   Code   RO         2659    i.recRecordUploadTask  app_rec.o
    0x08018094   0x08018094   0x000000a4   Code   RO         2660    i.recStart          app_rec.o
    0x08018138   0x08018138   0x00000038   Code   RO         2661    i.recStop           app_rec.o
    0x08018170   0x08018170   0x00000014   Code   RO         2662    i.recStopAndUpload  app_rec.o
    0x08018184   0x08018184   0x00000014   Code   RO         2663    i.recUpdateFileName  app_rec.o
    0x08018198   0x08018198   0x0000004c   Code   RO         2664    i.recUpdateFileSize  app_rec.o
    0x080181e4   0x080181e4   0x0000000a   Code   RO         1612    i.repairGsensor     app_task.o
    0x080181ee   0x080181ee   0x00000004   Code   RO         2665    i.resIsCycleRuning  app_rec.o
    0x080181f2   0x080181f2   0x00000002   PAD
    0x080181f4   0x080181f4   0x00000048   Code   RO         1613    i.runTimeCount      app_task.o
    0x0801823c   0x0801823c   0x0000001c   Code   RO         1889    i.save123InstructionId  app_serverprotocol.o
    0x08018258   0x08018258   0x0000002c   Code   RO         1225    i.sendDataToServer  app_net.o
    0x08018284   0x08018284   0x0000004c   Code   RO         1226    i.sendMessage       app_net.o
    0x080182d0   0x080182d0   0x000000f8   Code   RO         2438    i.sendMessageWithDifMode  app_instructioncmd.o
    0x080183c8   0x080183c8   0x000000c8   Code   RO         1227    i.sendModuleCmd     app_net.o
    0x08018490   0x08018490   0x00000188   Code   RO         1890    i.sendProtocolToServer  app_serverprotocol.o
    0x08018618   0x08018618   0x00000074   Code   RO         1614    i.setAgps           app_task.o
    0x0801868c   0x0801868c   0x0000001c   Code   RO         1228    i.setModuleVol      app_net.o
    0x080186a8   0x080186a8   0x000000b8   Code   RO         2758    i.setkey            app_sn.o
    0x08018760   0x08018760   0x000001ec   Code   RO         2209    i.showgpsinfo       app_nmea.o
    0x0801894c   0x0801894c   0x00000084   Code   RO         1615    i.signalLedTask     app_task.o
    0x080189d0   0x080189d0   0x0000009c   Code   RO         6247    i.sin               m_ps.l(sin.o)
    0x08018a6c   0x08018a6c   0x00000048   Code   RO         6255    i.sqrt              m_ps.l(sqrt.o)
    0x08018ab4   0x08018ab4   0x00000054   Code   RO         2884    i.startStep         app_mir3da.o
    0x08018b08   0x08018b08   0x00000070   Code   RO            7    i.startTimer        app_kernal.o
    0x08018b78   0x08018b78   0x00000068   Code   RO            8    i.stopTimer         app_kernal.o
    0x08018be0   0x08018be0   0x0000012c   Code   RO          526    i.stringToItem      app_sys.o
    0x08018d0c   0x08018d0c   0x00000050   Code   RO         1616    i.systemModeRunStart  app_task.o
    0x08018d5c   0x08018d5c   0x00000054   Code   RO         1617    i.systemModeTask    app_task.o
    0x08018db0   0x08018db0   0x00000010   Code   RO         1618    i.systemRequestClear  app_task.o
    0x08018dc0   0x08018dc0   0x00000010   Code   RO         1619    i.systemRequestSet  app_task.o
    0x08018dd0   0x08018dd0   0x0000016c   Code   RO         1620    i.systemRequestTask  app_task.o
    0x08018f3c   0x08018f3c   0x00000090   Code   RO         1621    i.systemShutDown    app_task.o
    0x08018fcc   0x08018fcc   0x00000050   Code   RO           10    i.systemTaskResume  app_kernal.o
    0x0801901c   0x0801901c   0x00000050   Code   RO           11    i.systemTaskSuspend  app_kernal.o
    0x0801906c   0x0801906c   0x000000b8   Code   RO          716    i.tapInt            app_user.o
    0x08019124   0x08019124   0x00000044   Code   RO         1622    i.taskRunInOneSecond  app_task.o
    0x08019168   0x08019168   0x00000010   Code   RO          527    i.terminalAccoff    app_sys.o
    0x08019178   0x08019178   0x00000010   Code   RO          528    i.terminalAccon     app_sys.o
    0x08019188   0x08019188   0x00000014   Code   RO          529    i.terminalAlarmSet  app_sys.o
    0x0801919c   0x0801919c   0x00000010   Code   RO          530    i.terminalCharge    app_sys.o
    0x080191ac   0x080191ac   0x00000010   Code   RO          533    i.terminalGPSFixed  app_sys.o
    0x080191bc   0x080191bc   0x00000010   Code   RO          534    i.terminalGPSUnFixed  app_sys.o
    0x080191cc   0x080191cc   0x00000010   Code   RO          535    i.terminalunCharge  app_sys.o
    0x080191dc   0x080191dc   0x0000008c   Code   RO          265    i.updateAlarmA      app_port.o
    0x08019268   0x08019268   0x0000006c   Code   RO         2078    i.updateLocalRTCTime  app_gps.o
    0x080192d4   0x080192d4   0x00000010   Code   RO          536    i.updateRTCtimeRequest  app_sys.o
    0x080192e4   0x080192e4   0x00000030   Code   RO         2886    i.updateRange       app_mir3da.o
    0x08019314   0x08019314   0x00000070   Code   RO         1623    i.updateSystemLedStatus  app_task.o
    0x08019384   0x08019384   0x0000000c   Code   RO          537    i.updateSystemStartTime  app_sys.o
    0x08019390   0x08019390   0x00000034   Code   RO         1891    i.uploadGpsRestoreData  app_serverprotocol.o
    0x080193c4   0x080193c4   0x000000b8   Code   RO         1624    i.uploadRequestInMode4  app_task.o
    0x0801947c   0x0801947c   0x0000035c   Code   RO         1625    i.voltageCheckTask  app_task.o
    0x080197d8   0x080197d8   0x00000120   Code   RO         1626    i.wdtProcess        app_task.o
    0x080198f8   0x080198f8   0x00000020   Code   RO         1627    i.wifiUploadRequestTask  app_task.o
    0x08019918   0x08019918   0x00000056   Code   RO         2759    i.ztvm_encrypt_des  app_sn.o
    0x0801996e   0x0801996e   0x00000058   Code   RO         2760    i.ztvm_encrypt_undes  app_sn.o
    0x080199c6   0x080199c6   0x00000028   Code   RO         2761    i.ztvm_encrypt_untrides  app_sn.o
    0x080199ee   0x080199ee   0x0000020d   Data   RO          539    .constdata          app_sys.o
    0x08019bfb   0x08019bfb   0x00000001   PAD
    0x08019bfc   0x08019bfc   0x000001d0   Data   RO         1230    .constdata          app_net.o
    0x08019dcc   0x08019dcc   0x000001e2   Data   RO         2299    .constdata          app_atcmd.o
    0x08019fae   0x08019fae   0x00000348   Data   RO         2763    .constdata          app_sn.o
    0x0801a2f6   0x0801a2f6   0x00000019   Data   RO         6177    .constdata          system_stm32l0xx.o
    0x0801a30f   0x0801a30f   0x00000008   Data   RO         6178    .constdata          system_stm32l0xx.o
    0x0801a317   0x0801a317   0x00000001   PAD
    0x0801a318   0x0801a318   0x00000050   Data   RO         6216    .constdata          m_ps.l(asin.o)
    0x0801a368   0x0801a368   0x00000088   Data   RO         6238    .constdata          m_ps.l(pow.o)
    0x0801a3f0   0x0801a3f0   0x0000000c   Data   RO         6272    .constdata          mc_p.l(mktime.o)
    0x0801a3fc   0x0801a3fc   0x00000004   PAD
    0x0801a400   0x0801a400   0x00000030   Data   RO         6618    .constdata          m_ps.l(cos_i.o)
    0x0801a430   0x0801a430   0x00000008   Data   RO         6638    .constdata          m_ps.l(qnan.o)
    0x0801a438   0x0801a438   0x000000c8   Data   RO         6641    .constdata          m_ps.l(rred.o)
    0x0801a500   0x0801a500   0x00000028   Data   RO         6645    .constdata          m_ps.l(sin_i.o)
    0x0801a528   0x0801a528   0x00000081   Data   RO         6674    .constdata          mc_p.l(ctype_o.o)
    0x0801a5a9   0x0801a5a9   0x00000003   PAD
    0x0801a5ac   0x0801a5ac   0x00000004   Data   RO         6675    .constdata          mc_p.l(ctype_o.o)
    0x0801a5b0   0x0801a5b0   0x0000000c   Data   RO         6705    .constdata          mc_p.l(localtime_i.o)
    0x0801a5bc   0x0801a5bc   0x00000283   Data   RO         1231    .conststring        app_net.o
    0x0801a83f   0x0801a83f   0x00000001   PAD
    0x0801a840   0x0801a840   0x000001d8   Data   RO         2300    .conststring        app_atcmd.o
    0x0801aa18   0x0801aa18   0x0000020d   Data   RO         2440    .conststring        app_instructioncmd.o
    0x0801ac25   0x0801ac25   0x00000003   PAD
    0x0801ac28   0x0801ac28   0x00000020   Data   RO         6756    Region$$Table       anon$$obj.o


    Execution Region RW_IRAM1 (Exec base: 0x20000000, Load base: 0x0801ac48, Size: 0x00004350, Max: 0x00005000, ABSOLUTE)

    Exec Addr    Load Addr    Size         Type   Attr      Idx    E Section Name        Object

    0x20000000   0x0801ac48   0x00000004   Data   RW           14    .data               app_kernal.o
    0x20000004   0x0801ac4c   0x00000008   Data   RW          267    .data               app_port.o
    0x2000000c   0x0801ac54   0x00000001   Data   RW          718    .data               app_user.o
    0x2000000d   0x0801ac55   0x00000003   PAD
    0x20000010   0x0801ac58   0x00000008   Data   RW         1232    .data               app_net.o
    0x20000018   0x0801ac60   0x0000002c   Data   RW         1629    .data               app_task.o
    0x20000044   0x0801ac8c   0x0000000e   Data   RW         1893    .data               app_serverprotocol.o
    0x20000052   0x0801ac9a   0x00000001   Data   RW         2211    .data               app_nmea.o
    0x20000053   0x0801ac9b   0x00000001   Data   RW         2441    .data               app_instructioncmd.o
    0x20000054   0x0801ac9c   0x00000012   Data   RW         2764    .data               app_sn.o
    0x20000066   0x0801acae   0x00000002   PAD
    0x20000068   0x0801acb0   0x00000008   Data   RW         2831    .data               app_gpsarithmetic.o
    0x20000070   0x0801acb8   0x00000001   Data   RW         2887    .data               app_mir3da.o
    0x20000071   0x0801acb9   0x00000003   PAD
    0x20000074   0x0801acbc   0x0000000c   Data   RW         3685    .data               stm32l0xx_hal.o
    0x20000080   0x0801acc8   0x00000004   Data   RW         6179    .data               system_stm32l0xx.o
    0x20000084   0x0801accc   0x00000004   Data   RW         6707    .data               mc_p.l(mvars.o)
    0x20000088   0x0801acd0   0x00000004   Data   RW         6708    .data               mc_p.l(mvars.o)
    0x2000008c   0x0801acd4   0x00000004   Data   RW         6712    .data               mc_p.l(errno.o)
    0x20000090        -       0x00000010   Zero   RW           13    .bss                app_kernal.o
    0x200000a0        -       0x000009bc   Zero   RW          266    .bss                app_port.o
    0x20000a5c        -       0x00000184   Zero   RW          538    .bss                app_sys.o
    0x20000be0        -       0x00000028   Zero   RW          717    .bss                app_user.o
    0x20000c08        -       0x000001e2   Zero   RW          836    .bss                app_param.o
    0x20000dea   0x0801acd8   0x00000002   PAD
    0x20000dec        -       0x000000a1   Zero   RW         1229    .bss                app_net.o
    0x20000e8d   0x0801acd8   0x00000003   PAD
    0x20000e90        -       0x00000020   Zero   RW         1628    .bss                app_task.o
    0x20000eb0        -       0x00000848   Zero   RW         1892    .bss                app_serverprotocol.o
    0x200016f8        -       0x00000438   Zero   RW         2079    .bss                app_gps.o
    0x20001b30        -       0x0000003c   Zero   RW         2154    .bss                app_gpsrestore.o
    0x20001b6c   0x0801acd8   0x00000004   PAD
    0x20001b70        -       0x00000070   Zero   RW         2210    .bss                app_nmea.o
    0x20001be0        -       0x0000001e   Zero   RW         2439    .bss                app_instructioncmd.o
    0x20001bfe   0x0801acd8   0x00000002   PAD
    0x20001c00        -       0x00000044   Zero   RW         2666    .bss                app_rec.o
    0x20001c44        -       0x000003c0   Zero   RW         2762    .bss                app_sn.o
    0x20002004   0x0801acd8   0x00000004   PAD
    0x20002008        -       0x00000020   Zero   RW         2830    .bss                app_gpsarithmetic.o
    0x20002028        -       0x00000017   Zero   RW         2980    .bss                app_ble.o
    0x2000203f   0x0801acd8   0x00000001   PAD
    0x20002040        -       0x0000005c   Zero   RW         3100    .bss                adc.o
    0x2000209c        -       0x00000010   Zero   RW         3194    .bss                iwdg.o
    0x200020ac        -       0x00000264   Zero   RW         3224    .bss                usart.o
    0x20002310        -       0x00000024   Zero   RW         3272    .bss                rtc.o
    0x20002334        -       0x00000018   Zero   RW         4598    .bss                stm32l0xx_hal_flash.o
    0x2000234c   0x0801acd8   0x00000004   PAD
    0x20002350        -       0x00001000   Zero   RW         6208    HEAP                startup_stm32l071xx.o
    0x20003350        -       0x00001000   Zero   RW         6207    STACK               startup_stm32l071xx.o


==============================================================================

Image component sizes


      Code (inc. data)   RO Data    RW Data    ZI Data      Debug   Object Name

       192         20          0          0         92       1519   adc.o
      3010        960        954          0          0      12420   app_atcmd.o
       412         66          0          0         23       3864   app_ble.o
       354         42          0          0       1080       3934   app_gps.o
       976        176          0          8         32       4268   app_gpsarithmetic.o
       436        154          0          0         60       3709   app_gpsrestore.o
     10048       3940        525          1         30      30846   app_instructioncmd.o
       820        256          0          4         16     365801   app_kernal.o
       836        246          0          1          0       6322   app_mir3da.o
      8180       1938       1107          8        161      44279   app_net.o
      2252        308          0          1        112       9188   app_nmea.o
      3142        572          0          0        482      38762   app_param.o
      3862        894          0          8       2492      29315   app_port.o
       608        180          0          0         68       5783   app_rec.o
      4400        520          0         14       2120      24562   app_serverprotocol.o
      1136         36        840         18        960       8359   app_sn.o
      1560        182        525          0        388      19054   app_sys.o
      6306       1856          0         44         32      26273   app_task.o
       338         58          0          1         40       7167   app_user.o
        56          4          0          0          0        686   dma.o
       280         32          0          0          0        911   gpio.o
        44         12          0          0         16        615   iwdg.o
       184         10          0          0          0       1800   main.o
       116         16          0          0         36       1339   rtc.o
        28          8        192          0       8192        580   startup_stm32l071xx.o
       204         36          0         12          0       9924   stm32l0xx_hal.o
      1274         36          0          0          0       8392   stm32l0xx_hal_adc.o
       170          0          0          0          0       1382   stm32l0xx_hal_adc_ex.o
       208         40          0          0          0      13214   stm32l0xx_hal_cortex.o
       712         22          0          0          0       6006   stm32l0xx_hal_dma.o
       256         16          0          0         24       4110   stm32l0xx_hal_flash.o
       156         26          0          0          0       2211   stm32l0xx_hal_flash_ex.o
       674         66          0          0          0       4236   stm32l0xx_hal_gpio.o
       116         20          0          0          0       1691   stm32l0xx_hal_iwdg.o
        24          4          0          0          0        410   stm32l0xx_hal_msp.o
       116         16          0          0          0       1219   stm32l0xx_hal_pwr.o
        32          8          0          0          0       1001   stm32l0xx_hal_pwr_ex.o
      1718         90          0          0          0       5580   stm32l0xx_hal_rcc.o
       376         14          0          0          0       1408   stm32l0xx_hal_rcc_ex.o
      1744         42          0          0          0      10609   stm32l0xx_hal_rtc.o
       306         18          0          0          0       3120   stm32l0xx_hal_rtc_ex.o
      2566        100          0          0          0      15805   stm32l0xx_hal_uart.o
         2          0          0          0          0        956   stm32l0xx_hal_uart_ex.o
       182         36          0          0          0       5109   stm32l0xx_it.o
        88         22         33          4          0       1151   system_stm32l0xx.o
       696         78          0          0        612       3494   usart.o

    ----------------------------------------------------------------------
     61264      13176       4214        132      17088     752384   Object Totals
         0          0         32          0          0          0   (incl. Generated)
        68          0          6          8         20          0   (incl. Padding)

    ----------------------------------------------------------------------

      Code (inc. data)   RO Data    RW Data    ZI Data      Debug   Library Member Name

       628         54         80          0          0        104   asin.o
        42          0          0          0          0         76   atof.o
       152         10          0          0          0        104   cos.o
       244         20         48          0          0         92   cos_i.o
        94         14          0          0          0        408   dunder.o
        44          4          0          0          0         60   fpclassify.o
       172          0          0          0          0         76   poly.o
      2556        196        136          0          0        240   pow.o
         0          0          8          0          0          0   qnan.o
       924         86        200          0          0        120   rred.o
       156         10          0          0          0        104   sin.o
       236         14         40          0          0        100   sin_i.o
        72          6          0          0          0         76   sqrt.o
        30          0          0          0          0         60   _chval.o
        68          0          0          0          0         76   _sgetc.o
       166          0          0          0          0         84   _strtoul.o
        26          0          0          0          0         72   atoi.o
        26          0          0          0          0         72   atol.o
         8          4        133          0          0         60   ctype_o.o
         0          0          0          0          0          0   entry.o
         0          0          0          0          0          0   entry10a.o
         0          0          0          0          0          0   entry11a.o
         8          4          0          0          0          0   entry2.o
         4          0          0          0          0          0   entry5.o
         0          0          0          0          0          0   entry7b.o
         0          0          0          0          0          0   entry8b.o
         8          4          0          0          0          0   entry9a.o
        32         16          0          4          0        180   errno.o
        30          0          0          0          0          0   handlers.o
        40          0          0          0          0         72   idiv.o
        36          8          0          0          0         68   init.o
        18          0          0          0          0         68   isspace_o.o
         0          0          0          0          0          0   iusefp.o
       122          0          0          0          0         84   llmul.o
        32          0          0          0          0         68   llshl.o
        38          0          0          0          0         68   llsshr.o
        34          0          0          0          0         68   llushr.o
       116         12         12          0          0         72   localtime_i.o
       192         20          0          0          0        144   malloc.o
        36          0          0          0          0         60   memcpya.o
        36          0          0          0          0        100   memseta.o
       140         16         12          0          0         72   mktime.o
         0          0          0          8          0          0   mvars.o
      2306        100          0          0          0        544   printfa.o
       898         12          0          0          0        184   scanf_fp.o
        18          0          0          0          0         60   strcpy.o
        14          0          0          0          0         60   strlen.o
        26          0          0          0          0         68   strncpy.o
        40          0          0          0          0         72   strstr.o
       164         16          0          0          0        120   strtod.o
       112          4          0          0          0         76   strtol.o
       118          0          0          0          0         84   strtoul.o
        44          0          0          0          0         72   uidiv.o
        96          0          0          0          0         84   uldiv.o
        40          2          0          0          0         68   cdcmple.o
        40          2          0          0          0         68   cdrcmple.o
        20          0          0          0          0         68   cfcmple.o
        56          0          0          0          0         68   d2f.o
       356          4          0          0          0        140   dadd.o
       240          6          0          0          0         84   ddiv.o
       236          0          0          0          0        216   depilogue.o
        72         10          0          0          0         72   dfixi.o
        60         10          0          0          0         68   dfixui.o
        64         10          0          0          0         68   dfixul.o
        40          6          0          0          0         68   dflti.o
        28          4          0          0          0         68   dfltui.o
        28          6          0          0          0         68   dfltul.o
       208          6          0          0          0         88   dmul.o
        44          0          0          0          0         72   dscalb.o
       162          0          0          0          0         80   dsqrt.o
        40          0          0          0          0         60   f2d.o
       178          0          0          0          0        108   fadd.o
       124          0          0          0          0         72   fdiv.o
       130          0          0          0          0        144   fepilogue.o
        40          0          0          0          0         60   ffixui.o
        14          0          0          0          0         68   ffltui.o
       122          0          0          0          0         72   fmul.o

    ----------------------------------------------------------------------
     12766        696        676         12          0       6480   Library Totals
        22          0          7          0          0          0   (incl. Padding)

    ----------------------------------------------------------------------

      Code (inc. data)   RO Data    RW Data    ZI Data      Debug   Library Name

      5320        414        512          0          0       1560   m_ps.l
      5082        216        157         12          0       2972   mc_p.l
      2342         66          0          0          0       1948   mf_p.l

    ----------------------------------------------------------------------
     12766        696        676         12          0       6480   Library Totals

    ----------------------------------------------------------------------

==============================================================================


      Code (inc. data)   RO Data    RW Data    ZI Data      Debug   

     74030      13872       4890        144      17088     732284   Grand Totals
     74030      13872       4890        144      17088     732284   ELF Image Totals
     74030      13872       4890        144          0          0   ROM Totals

==============================================================================

    Total RO  Size (Code + RO Data)                78920 (  77.07kB)
    Total RW  Size (RW Data + ZI Data)             17232 (  16.83kB)
    Total ROM Size (Code + RO Data + RW Data)      79064 (  77.21kB)

==============================================================================

