Component: ARM Compiler 5.06 update 7 (build 960) Tool: armlink [4d3601]

==============================================================================

Image Symbol Table

    Local Symbols

    Symbol Name                              Value     Ov Type        Size  Object(Section)

    ../Drivers/STM32L0xx_HAL_Driver/Src/stm32l0xx_hal.c 0x00000000   Number         0  stm32l0xx_hal.o ABSOLUTE
    ../Drivers/STM32L0xx_HAL_Driver/Src/stm32l0xx_hal_adc.c 0x00000000   Number         0  stm32l0xx_hal_adc.o ABSOLUTE
    ../Drivers/STM32L0xx_HAL_Driver/Src/stm32l0xx_hal_adc_ex.c 0x00000000   Number         0  stm32l0xx_hal_adc_ex.o ABSOLUTE
    ../Drivers/STM32L0xx_HAL_Driver/Src/stm32l0xx_hal_cortex.c 0x00000000   Number         0  stm32l0xx_hal_cortex.o ABSOLUTE
    ../Drivers/STM32L0xx_HAL_Driver/Src/stm32l0xx_hal_dma.c 0x00000000   Number         0  stm32l0xx_hal_dma.o ABSOLUTE
    ../Drivers/STM32L0xx_HAL_Driver/Src/stm32l0xx_hal_exti.c 0x00000000   Number         0  stm32l0xx_hal_exti.o ABSOLUTE
    ../Drivers/STM32L0xx_HAL_Driver/Src/stm32l0xx_hal_flash.c 0x00000000   Number         0  stm32l0xx_hal_flash.o ABSOLUTE
    ../Drivers/STM32L0xx_HAL_Driver/Src/stm32l0xx_hal_flash_ex.c 0x00000000   Number         0  stm32l0xx_hal_flash_ex.o ABSOLUTE
    ../Drivers/STM32L0xx_HAL_Driver/Src/stm32l0xx_hal_flash_ramfunc.c 0x00000000   Number         0  stm32l0xx_hal_flash_ramfunc.o ABSOLUTE
    ../Drivers/STM32L0xx_HAL_Driver/Src/stm32l0xx_hal_gpio.c 0x00000000   Number         0  stm32l0xx_hal_gpio.o ABSOLUTE
    ../Drivers/STM32L0xx_HAL_Driver/Src/stm32l0xx_hal_i2c.c 0x00000000   Number         0  stm32l0xx_hal_i2c.o ABSOLUTE
    ../Drivers/STM32L0xx_HAL_Driver/Src/stm32l0xx_hal_i2c_ex.c 0x00000000   Number         0  stm32l0xx_hal_i2c_ex.o ABSOLUTE
    ../Drivers/STM32L0xx_HAL_Driver/Src/stm32l0xx_hal_iwdg.c 0x00000000   Number         0  stm32l0xx_hal_iwdg.o ABSOLUTE
    ../Drivers/STM32L0xx_HAL_Driver/Src/stm32l0xx_hal_pwr.c 0x00000000   Number         0  stm32l0xx_hal_pwr.o ABSOLUTE
    ../Drivers/STM32L0xx_HAL_Driver/Src/stm32l0xx_hal_pwr_ex.c 0x00000000   Number         0  stm32l0xx_hal_pwr_ex.o ABSOLUTE
    ../Drivers/STM32L0xx_HAL_Driver/Src/stm32l0xx_hal_rcc.c 0x00000000   Number         0  stm32l0xx_hal_rcc.o ABSOLUTE
    ../Drivers/STM32L0xx_HAL_Driver/Src/stm32l0xx_hal_rcc_ex.c 0x00000000   Number         0  stm32l0xx_hal_rcc_ex.o ABSOLUTE
    ../Drivers/STM32L0xx_HAL_Driver/Src/stm32l0xx_hal_rtc.c 0x00000000   Number         0  stm32l0xx_hal_rtc.o ABSOLUTE
    ../Drivers/STM32L0xx_HAL_Driver/Src/stm32l0xx_hal_rtc_ex.c 0x00000000   Number         0  stm32l0xx_hal_rtc_ex.o ABSOLUTE
    ../Drivers/STM32L0xx_HAL_Driver/Src/stm32l0xx_hal_tim.c 0x00000000   Number         0  stm32l0xx_hal_tim.o ABSOLUTE
    ../Drivers/STM32L0xx_HAL_Driver/Src/stm32l0xx_hal_tim_ex.c 0x00000000   Number         0  stm32l0xx_hal_tim_ex.o ABSOLUTE
    ../Drivers/STM32L0xx_HAL_Driver/Src/stm32l0xx_hal_uart.c 0x00000000   Number         0  stm32l0xx_hal_uart.o ABSOLUTE
    ../Drivers/STM32L0xx_HAL_Driver/Src/stm32l0xx_hal_uart_ex.c 0x00000000   Number         0  stm32l0xx_hal_uart_ex.o ABSOLUTE
    ../Src/adc.c                             0x00000000   Number         0  adc.o ABSOLUTE
    ../Src/dma.c                             0x00000000   Number         0  dma.o ABSOLUTE
    ../Src/gpio.c                            0x00000000   Number         0  gpio.o ABSOLUTE
    ../Src/i2c.c                             0x00000000   Number         0  i2c.o ABSOLUTE
    ../Src/iwdg.c                            0x00000000   Number         0  iwdg.o ABSOLUTE
    ../Src/main.c                            0x00000000   Number         0  main.o ABSOLUTE
    ../Src/rtc.c                             0x00000000   Number         0  rtc.o ABSOLUTE
    ../Src/stm32l0xx_hal_msp.c               0x00000000   Number         0  stm32l0xx_hal_msp.o ABSOLUTE
    ../Src/stm32l0xx_it.c                    0x00000000   Number         0  stm32l0xx_it.o ABSOLUTE
    ../Src/system_stm32l0xx.c                0x00000000   Number         0  system_stm32l0xx.o ABSOLUTE
    ../Src/usart.c                           0x00000000   Number         0  usart.o ABSOLUTE
    ../clib/microlib/ctype/ctype.c           0x00000000   Number         0  isgraph_o.o ABSOLUTE
    ../clib/microlib/ctype/ctype.c           0x00000000   Number         0  isdigit_o.o ABSOLUTE
    ../clib/microlib/ctype/ctype.c           0x00000000   Number         0  iscntrl_o.o ABSOLUTE
    ../clib/microlib/ctype/ctype.c           0x00000000   Number         0  ctype_o.o ABSOLUTE
    ../clib/microlib/ctype/ctype.c           0x00000000   Number         0  isalnum_o.o ABSOLUTE
    ../clib/microlib/ctype/ctype.c           0x00000000   Number         0  isalpha_o.o ABSOLUTE
    ../clib/microlib/ctype/ctype.c           0x00000000   Number         0  isblank_o.o ABSOLUTE
    ../clib/microlib/ctype/ctype.c           0x00000000   Number         0  isspace_c.o ABSOLUTE
[...]
    recUpdateFileSize                        0x0801798d   Thumb Code    64  app_rec.o(i.recUpdateFileSize)
    resIsCycleRuning                         0x080179e5   Thumb Code     6  app_rec.o(i.resIsCycleRuning)
    save123InstructionId                     0x080179f1   Thumb Code    22  app_serverprotocol.o(i.save123InstructionId)
    sendDataToServer                         0x08017a0d   Thumb Code    36  app_net.o(i.sendDataToServer)
    sendMessage                              0x08017a39   Thumb Code    60  app_net.o(i.sendMessage)
    sendMessageWithDifMode                   0x08017a85   Thumb Code   118  app_instructioncmd.o(i.sendMessageWithDifMode)
    sendModuleCmd                            0x08017b7d   Thumb Code   154  app_net.o(i.sendModuleCmd)
    sendProtocolToServer                     0x08017c4d   Thumb Code   248  app_serverprotocol.o(i.sendProtocolToServer)
    setNextAlarmTime                         0x08017de1   Thumb Code   304  app_port.o(i.setNextAlarmTime)
    setNextWakeUpTime                        0x08017f21   Thumb Code   212  app_port.o(i.setNextWakeUpTime)
    showgpsinfo                              0x080180b1   Thumb Code   320  app_nmea.o(i.showgpsinfo)
    sin                                      0x08018321   Thumb Code   146  sin.o(i.sin)
    sqrt                                     0x080183bd   Thumb Code    66  sqrt.o(i.sqrt)
    startTimer                               0x08018405   Thumb Code    72  app_kernal.o(i.startTimer)
    stopTimer                                0x08018475   Thumb Code    76  app_kernal.o(i.stopTimer)
    systemModeRunStart                       0x080184dd   Thumb Code    32  app_task.o(i.systemModeRunStart)
    systemModeRunTask                        0x0801852d   Thumb Code   522  app_task.o(i.systemModeRunTask)
    systemRequestClear                       0x08018749   Thumb Code    10  app_task.o(i.systemRequestClear)
    systemRequestSet                         0x08018759   Thumb Code    10  app_task.o(i.systemRequestSet)
    systemRequestTask                        0x08018769   Thumb Code   202  app_task.o(i.systemRequestTask)
    systemShutDown                           0x080188d9   Thumb Code   118  app_task.o(i.systemShutDown)
    systemTaskResume                         0x08018969   Thumb Code    52  app_kernal.o(i.systemTaskResume)
    systemTaskSuspend                        0x080189b9   Thumb Code    50  app_kernal.o(i.systemTaskSuspend)
    taskRunInOneSecond                       0x08018a09   Thumb Code    68  app_task.o(i.taskRunInOneSecond)
    terminalAccoff                           0x08018a51   Thumb Code    12  app_sys.o(i.terminalAccoff)
    terminalAccon                            0x08018a61   Thumb Code    12  app_sys.o(i.terminalAccon)
    terminalAlarmSet                         0x08018a71   Thumb Code    16  app_sys.o(i.terminalAlarmSet)
    terminalCharge                           0x08018a85   Thumb Code    12  app_sys.o(i.terminalCharge)
    terminalGPSFixed                         0x08018a95   Thumb Code    12  app_sys.o(i.terminalGPSFixed)
    terminalGPSUnFixed                       0x08018aa5   Thumb Code    12  app_sys.o(i.terminalGPSUnFixed)
    terminalunCharge                         0x08018ab5   Thumb Code    12  app_sys.o(i.terminalunCharge)
    updateLocalRTCTime                       0x08018b51   Thumb Code    98  app_gps.o(i.updateLocalRTCTime)
    updateRTCdatetime                        0x08018bbd   Thumb Code   126  app_port.o(i.updateRTCdatetime)
    updateRTCtimeRequest                     0x08018c75   Thumb Code    12  app_sys.o(i.updateRTCtimeRequest)
    updateSystemLedStatus                    0x08018c85   Thumb Code   108  app_task.o(i.updateSystemLedStatus)
    updateSystemStartTime                    0x08018cf5   Thumb Code     8  app_sys.o(i.updateSystemStartTime)
    uploadRequestInMode4                     0x08018d01   Thumb Code   138  app_task.o(i.uploadRequestInMode4)
    voltageCheckTask                         0x08018e4d   Thumb Code   542  app_task.o(i.voltageCheckTask)
    wdtProcess                               0x080191a9   Thumb Code   182  app_task.o(i.wdtProcess)
    wifiUploadRequestTask                    0x080192e5   Thumb Code    38  app_task.o(i.wifiUploadRequestTask)
    ztvm_encrypt_des                         0x08019319   Thumb Code    86  app_sn.o(i.ztvm_encrypt_des)
    ztvm_encrypt_undes                       0x0801936f   Thumb Code    88  app_sn.o(i.ztvm_encrypt_undes)
    ztvm_encrypt_untrides                    0x080193c7   Thumb Code    40  app_sn.o(i.ztvm_encrypt_untrides)
    n58_cmd_table                            0x08019606   Data        1176  app_net.o(.constdata)
    atcmdtable                               0x08019a9e   Data         323  app_atcmd.o(.constdata)
    instructiontable                         0x08019be1   Data         561  app_atcmd.o(.constdata)
    AHBPrescTable                            0x0801a17c   Data          16  system_stm32l0xx.o(.constdata)
    PLLMulTable                              0x0801a18c   Data           9  system_stm32l0xx.o(.constdata)
    APBPrescTable                            0x0801a195   Data           8  system_stm32l0xx.o(.constdata)
    __mathlib_zero                           0x0801a2b8   Data           8  qnan.o(.constdata)
    __ctype_table                            0x0801a3b0   Data         129  ctype_o.o(.constdata)
    Region$$Table$$Base                      0x0801a654   Number         0  anon$$obj.o(Region$$Table)
    Region$$Table$$Limit                     0x0801a674   Number         0  anon$$obj.o(Region$$Table)
    i2c_addr                                 0x20000068   Data           1  app_mir3da.o(.data)
    uwTickFreq                               0x2000006c   Data           1  stm32l0xx_hal.o(.data)
    uwTickPrio                               0x20000070   Data           4  stm32l0xx_hal.o(.data)
    uwTick                                   0x20000074   Data           4  stm32l0xx_hal.o(.data)
    SystemCoreClock                          0x20000078   Data           4  system_stm32l0xx.o(.data)
    __microlib_freelist                      0x2000007c   Data           4  mvars.o(.data)
    __microlib_freelist_initialised          0x20000080   Data           4  mvars.o(.data)
    usart1_ctl                               0x20000098   Data          20  app_port.o(.bss)
    usart2_ctl                               0x200000ac   Data          20  app_port.o(.bss)
    usart3_ctl                               0x200000c0   Data          20  app_port.o(.bss)
    usart1rxbuf                              0x200000d4   Data         256  app_port.o(.bss)
    usart2rxbuf                              0x200001d4   Data        2560  app_port.o(.bss)
    usart3rxbuf                              0x20000bd4   Data         128  app_port.o(.bss)
    sysinfo                                  0x20000c54   Data         124  app_sys.o(.bss)
    sysparam                                 0x20000dd0   Data         444  app_param.o(.bss)
    CODEVERSION                              0x20000f8c   Data          30  app_param.o(.bss)
    n58_invoke_status                        0x20000fac   Data          12  app_net.o(.bss)
    n58_lte_status                           0x20000fb8   Data         149  app_net.o(.bss)
    netconnect                               0x20001070   Data          12  app_serverprotocol.o(.bss)
    rf                                       0x20001598   Data          68  app_rec.o(.bss)
    lastuploadgpsinfo                        0x200019a0   Data          32  app_gpsarithmetic.o(.bss)
    ble_info                                 0x200019c0   Data          23  app_ble.o(.bss)
    hadc                                     0x200019d8   Data          92  adc.o(.bss)
    hi2c1                                    0x20001a34   Data          76  i2c.o(.bss)
    hiwdg                                    0x20001a80   Data          16  iwdg.o(.bss)
    hlpuart1                                 0x20001a90   Data         132  usart.o(.bss)
    huart1                                   0x20001b14   Data         132  usart.o(.bss)
    huart2                                   0x20001b98   Data         132  usart.o(.bss)
    hdma_lpuart1_rx                          0x20001c1c   Data          72  usart.o(.bss)
    hdma_usart1_rx                           0x20001c64   Data          72  usart.o(.bss)
    hdma_usart2_rx                           0x20001cac   Data          72  usart.o(.bss)
    hrtc                                     0x20001cf4   Data          36  rtc.o(.bss)
    pFlash                                   0x20001d18   Data          24  stm32l0xx_hal_flash.o(.bss)
    __heap_base                              0x20001d30   Data           0  startup_stm32l071xx.o(HEAP)
    __heap_limit                             0x20002d30   Data           0  startup_stm32l071xx.o(HEAP)
    __initial_sp                             0x20003d30   Data           0  startup_stm32l071xx.o(STACK)



==============================================================================

Memory Map of the image

  Image Entry point : 0x080078c1

  Load Region LR_IROM1 (Base: 0x08007800, Size: 0x00012efc, Max: 0x00020000, ABSOLUTE)

    Execution Region ER_IROM1 (Exec base: 0x08007800, Load base: 0x08007800, Size: 0x00012e74, Max: 0x00020000, ABSOLUTE)

    Exec Addr    Load Addr    Size         Type   Attr      Idx    E Section Name        Object

    0x08007800   0x08007800   0x000000c0   Data   RO         5971    RESET               startup_stm32l071xx.o
    0x080078c0   0x080078c0   0x00000000   Code   RO         6024  * .ARM.Collect$$$$00000000  mc_p.l(entry.o)
    0x080078c0   0x080078c0   0x00000004   Code   RO         6412    .ARM.Collect$$$$00000001  mc_p.l(entry2.o)
    0x080078c4   0x080078c4   0x00000004   Code   RO         6415    .ARM.Collect$$$$00000004  mc_p.l(entry5.o)
    0x080078c8   0x080078c8   0x00000000   Code   RO         6417    .ARM.Collect$$$$00000008  mc_p.l(entry7b.o)
    0x080078c8   0x080078c8   0x00000000   Code   RO         6419    .ARM.Collect$$$$0000000A  mc_p.l(entry8b.o)
    0x080078c8   0x080078c8   0x00000008   Code   RO         6420    .ARM.Collect$$$$0000000B  mc_p.l(entry9a.o)
    0x080078d0   0x080078d0   0x00000004   Code   RO         6427    .ARM.Collect$$$$0000000E  mc_p.l(entry12b.o)
    0x080078d4   0x080078d4   0x00000000   Code   RO         6422    .ARM.Collect$$$$0000000F  mc_p.l(entry10a.o)
    0x080078d4   0x080078d4   0x00000000   Code   RO         6424    .ARM.Collect$$$$00000011  mc_p.l(entry11a.o)
    0x080078d4   0x080078d4   0x00000004   Code   RO         6413    .ARM.Collect$$$$00002712  mc_p.l(entry2.o)
    0x080078d8   0x080078d8   0x0000001c   Code   RO         5972    .text               startup_stm32l071xx.o
    0x080078f4   0x080078f4   0x0000002c   Code   RO         6027    .text               mc_p.l(uidiv.o)
    0x08007920   0x08007920   0x00000028   Code   RO         6029    .text               mc_p.l(idiv.o)
    0x08007948   0x08007948   0x00000060   Code   RO         6031    .text               mc_p.l(uldiv.o)
    0x080079a8   0x080079a8   0x0000008c   Code   RO         6033    .text               mc_p.l(mktime.o)
    0x08007a34   0x08007a34   0x00000024   Code   RO         6036    .text               mc_p.l(memcpya.o)
    0x08007a58   0x08007a58   0x00000024   Code   RO         6038    .text               mc_p.l(memseta.o)
    0x08007a7c   0x08007a7c   0x00000028   Code   RO         6040    .text               mc_p.l(strstr.o)
    0x08007aa4   0x08007aa4   0x0000001a   Code   RO         6042    .text               mc_p.l(strncpy.o)
    0x08007abe   0x08007abe   0x0000000e   Code   RO         6044    .text               mc_p.l(strlen.o)
    0x08007acc   0x08007acc   0x00000012   Code   RO         6046    .text               mc_p.l(strcpy.o)
    0x08007ade   0x08007ade   0x00000076   Code   RO         6339    .text               mc_p.l(strtoul.o)
    0x08007b54   0x08007b54   0x0000001a   Code   RO         6341    .text               mc_p.l(atoi.o)
    0x08007b6e   0x08007b6e   0x0000001a   Code   RO         6343    .text               mc_p.l(atol.o)
    0x08007b88   0x08007b88   0x000000b2   Code   RO         6345    .text               mf_p.l(fadd.o)
    0x08007c3a   0x08007c3a   0x0000007a   Code   RO         6347    .text               mf_p.l(fmul.o)
    0x08007cb4   0x08007cb4   0x0000007c   Code   RO         6349    .text               mf_p.l(fdiv.o)
    0x08007d30   0x08007d30   0x00000168   Code   RO         6351    .text               mf_p.l(dadd.o)
    0x08007e98   0x08007e98   0x000000d0   Code   RO         6353    .text               mf_p.l(dmul.o)
    0x08007f68   0x08007f68   0x000000f0   Code   RO         6355    .text               mf_p.l(ddiv.o)
    0x08008058   0x08008058   0x0000002c   Code   RO         6357    .text               mf_p.l(dscalb.o)
    0x08008084   0x08008084   0x0000000e   Code   RO         6359    .text               mf_p.l(ffltui.o)
    0x08008092   0x08008092   0x00000002   PAD
    0x08008094   0x08008094   0x00000028   Code   RO         6361    .text               mf_p.l(dflti.o)
    0x080080bc   0x080080bc   0x0000001c   Code   RO         6363    .text               mf_p.l(dfltui.o)
    0x080080d8   0x080080d8   0x00000028   Code   RO         6365    .text               mf_p.l(ffixui.o)
    0x08008100   0x08008100   0x0000003c   Code   RO         6367    .text               mf_p.l(dfixui.o)
    0x0800813c   0x0800813c   0x00000028   Code   RO         6369    .text               mf_p.l(f2d.o)
    0x08008164   0x08008164   0x00000028   Code   RO         6371    .text               mf_p.l(cdcmple.o)
    0x0800818c   0x0800818c   0x00000028   Code   RO         6373    .text               mf_p.l(cdrcmple.o)
    0x080081b4   0x080081b4   0x00000038   Code   RO         6375    .text               mf_p.l(d2f.o)
    0x080081ec   0x080081ec   0x00000014   Code   RO         6377    .text               mf_p.l(cfcmple.o)
    0x08008200   0x08008200   0x00000020   Code   RO         6431    .text               mc_p.l(llshl.o)
    0x08008220   0x08008220   0x00000022   Code   RO         6433    .text               mc_p.l(llushr.o)
    0x08008242   0x08008242   0x00000026   Code   RO         6435    .text               mc_p.l(llsshr.o)
    0x08008268   0x08008268   0x00000008   Code   RO         6437    .text               mc_p.l(ctype_o.o)
    0x08008270   0x08008270   0x00000012   Code   RO         6459    .text               mc_p.l(isspace_o.o)
    0x08008282   0x08008282   0x00000002   PAD
    0x08008284   0x08008284   0x00000074   Code   RO         6468    .text               mc_p.l(localtime_i.o)
    0x080082f8   0x080082f8   0x000000a6   Code   RO         6480    .text               mc_p.l(_strtoul.o)
    0x0800839e   0x0800839e   0x00000002   PAD
    0x080083a0   0x080083a0   0x000000a4   Code   RO         6482    .text               mc_p.l(strtod.o)
    0x08008444   0x08008444   0x00000070   Code   RO         6484    .text               mc_p.l(strtol.o)
    0x080084b4   0x080084b4   0x00000000   Code   RO         6486    .text               mc_p.l(iusefp.o)
    0x080084b4   0x080084b4   0x00000082   Code   RO         6487    .text               mf_p.l(fepilogue.o)
    0x08008536   0x08008536   0x000000be   Code   RO         6489    .text               mf_p.l(depilogue.o)
    0x080085f4   0x080085f4   0x000000a2   Code   RO         6493    .text               mf_p.l(dsqrt.o)
    0x08008696   0x08008696   0x00000002   PAD
    0x08008698   0x08008698   0x00000040   Code   RO         6495    .text               mf_p.l(dfixul.o)
    0x080086d8   0x080086d8   0x00000024   Code   RO         6497    .text               mc_p.l(init.o)
    0x080086fc   0x080086fc   0x0000001e   Code   RO         6502    .text               mc_p.l(_chval.o)
    0x0800871a   0x0800871a   0x00000002   PAD
    0x0800871c   0x0800871c   0x00000374   Code   RO         6504    .text               mc_p.l(scanf_fp.o)
    0x08008a90   0x08008a90   0x00000044   Code   RO         6508    .text               mc_p.l(_sgetc.o)
    0x08008ad4   0x08008ad4   0x00000048   Code   RO         6511    .text               mf_p.l(dfixi.o)
    0x08008b1c   0x08008b1c   0x0000007a   Code   RO         6513    .text               mc_p.l(llmul.o)
    0x08008b96   0x08008b96   0x00000002   PAD
    0x08008b98   0x08008b98   0x0000001c   Code   RO         6518    .text               mf_p.l(dfltul.o)
    0x08008bb4   0x08008bb4   0x00000052   Code   RO         3179    i.ADC_ConversionStop  stm32l0xx_hal_adc.o
    0x08008c06   0x08008c06   0x00000002   PAD
    0x08008c08   0x08008c08   0x00000024   Code   RO         3183    i.ADC_DelayMicroSecond  stm32l0xx_hal_adc.o
    0x08008c2c   0x08008c2c   0x00000060   Code   RO         3184    i.ADC_Disable       stm32l0xx_hal_adc.o
    0x08008c8c   0x08008c8c   0x00000064   Code   RO         3185    i.ADC_Enable        stm32l0xx_hal_adc.o
    0x08008cf0   0x08008cf0   0x000000e4   Code   RO         1039    i.CreateNodeCmd     app_net.o
    0x08008dd4   0x08008dd4   0x000000fc   Code   RO            3    i.Create_Timer      app_kernal.o
    0x08008ed0   0x08008ed0   0x00000010   Code   RO         3069    i.DMA1_Channel2_3_IRQHandler  stm32l0xx_it.o
    0x08008ee0   0x08008ee0   0x00000018   Code   RO         3070    i.DMA1_Channel4_5_6_7_IRQHandler  stm32l0xx_it.o
    0x08008ef8   0x08008ef8   0x0000002c   Code   RO         4615    i.DMA_SetConfig     stm32l0xx_hal_dma.o
    0x08008f24   0x08008f24   0x00000018   Code   RO         3071    i.EXTI4_15_IRQHandler  stm32l0xx_it.o
    0x08008f3c   0x08008f3c   0x00000002   Code   RO         2801    i.Error_Handler     main.o
    0x08008f3e   0x08008f3e   0x00000002   PAD
    0x08008f40   0x08008f40   0x00000090   Code   RO         4347    i.FLASH_SetErrorCode  stm32l0xx_hal_flash.o
    0x08008fd0   0x08008fd0   0x00000070   Code   RO         4348    i.FLASH_WaitForLastOperation  stm32l0xx_hal_flash.o
    0x08009040   0x08009040   0x0000002c   Code   RO          429    i.GetCrc16          app_sys.o
    0x0800906c   0x0800906c   0x000000aa   Code   RO         3362    i.HAL_ADCEx_Calibration_Start  stm32l0xx_hal_adc_ex.o
    0x08009116   0x08009116   0x00000002   PAD
    0x08009118   0x08009118   0x00000094   Code   RO         3187    i.HAL_ADC_ConfigChannel  stm32l0xx_hal_adc.o
    0x080091ac   0x080091ac   0x00000004   Code   RO         3193    i.HAL_ADC_GetState  stm32l0xx_hal_adc.o
    0x080091b0   0x080091b0   0x00000006   Code   RO         3194    i.HAL_ADC_GetValue  stm32l0xx_hal_adc.o
    0x080091b6   0x080091b6   0x00000002   PAD
    0x080091b8   0x080091b8   0x000001c8   Code   RO         3196    i.HAL_ADC_Init      stm32l0xx_hal_adc.o
    0x08009380   0x08009380   0x00000050   Code   RO         2860    i.HAL_ADC_MspInit   adc.o
    0x080093d0   0x080093d0   0x000000c0   Code   RO         3200    i.HAL_ADC_PollForConversion  stm32l0xx_hal_adc.o
    0x08009490   0x08009490   0x0000005c   Code   RO         3202    i.HAL_ADC_Start     stm32l0xx_hal_adc.o
    0x080094ec   0x080094ec   0x0000003e   Code   RO         3205    i.HAL_ADC_Stop      stm32l0xx_hal_adc.o
    0x0800952a   0x0800952a   0x00000044   Code   RO         4616    i.HAL_DMA_Abort     stm32l0xx_hal_dma.o
    0x0800956e   0x0800956e   0x0000004c   Code   RO         4617    i.HAL_DMA_Abort_IT  stm32l0xx_hal_dma.o
    0x080095ba   0x080095ba   0x00000002   PAD
    0x080095bc   0x080095bc   0x00000068   Code   RO         4618    i.HAL_DMA_DeInit    stm32l0xx_hal_dma.o
    0x08009624   0x08009624   0x00000004   Code   RO         4619    i.HAL_DMA_GetError  stm32l0xx_hal_dma.o
    0x08009628   0x08009628   0x000000a8   Code   RO         4621    i.HAL_DMA_IRQHandler  stm32l0xx_hal_dma.o
    0x080096d0   0x080096d0   0x00000090   Code   RO         4622    i.HAL_DMA_Init      stm32l0xx_hal_dma.o
    0x08009760   0x08009760   0x00000068   Code   RO         4626    i.HAL_DMA_Start_IT  stm32l0xx_hal_dma.o
    0x080097c8   0x080097c8   0x00000024   Code   RO         3425    i.HAL_Delay         stm32l0xx_hal.o
    0x080097ec   0x080097ec   0x00000014   Code   RO         4451    i.HAL_FLASHEx_DATAEEPROM_Lock  stm32l0xx_hal_flash_ex.o
    0x08009800   0x08009800   0x00000054   Code   RO         4452    i.HAL_FLASHEx_DATAEEPROM_Program  stm32l0xx_hal_flash_ex.o
    0x08009854   0x08009854   0x00000034   Code   RO         4453    i.HAL_FLASHEx_DATAEEPROM_Unlock  stm32l0xx_hal_flash_ex.o
    0x08009888   0x08009888   0x000000f0   Code   RO         4553    i.HAL_GPIO_DeInit   stm32l0xx_hal_gpio.o
    0x08009978   0x08009978   0x00000022   Code   RO          637    i.HAL_GPIO_EXTI_Callback  app_user.o
    0x0800999a   0x0800999a   0x00000002   PAD
    0x0800999c   0x0800999c   0x00000018   Code   RO         4555    i.HAL_GPIO_EXTI_IRQHandler  stm32l0xx_hal_gpio.o
    0x080099b4   0x080099b4   0x00000184   Code   RO         4556    i.HAL_GPIO_Init     stm32l0xx_hal_gpio.o
    0x08009b38   0x08009b38   0x0000000a   Code   RO         4558    i.HAL_GPIO_ReadPin  stm32l0xx_hal_gpio.o
    0x08009b42   0x08009b42   0x0000000c   Code   RO         4560    i.HAL_GPIO_WritePin  stm32l0xx_hal_gpio.o
    0x08009b4e   0x08009b4e   0x00000002   PAD
    0x08009b50   0x08009b50   0x0000000c   Code   RO         3429    i.HAL_GetTick       stm32l0xx_hal.o
    0x08009b5c   0x08009b5c   0x0000004a   Code   RO         4080    i.HAL_I2CEx_ConfigAnalogFilter  stm32l0xx_hal_i2c_ex.o
    0x08009ba6   0x08009ba6   0x00000048   Code   RO         4081    i.HAL_I2CEx_ConfigDigitalFilter  stm32l0xx_hal_i2c_ex.o
    0x08009bee   0x08009bee   0x00000034   Code   RO         3624    i.HAL_I2C_DeInit    stm32l0xx_hal_i2c.o
    0x08009c22   0x08009c22   0x00000002   PAD
    0x08009c24   0x08009c24   0x000000b4   Code   RO         3633    i.HAL_I2C_Init      stm32l0xx_hal_i2c.o
    0x08009cd8   0x08009cd8   0x00000154   Code   RO         3651    i.HAL_I2C_Mem_Read  stm32l0xx_hal_i2c.o
    0x08009e2c   0x08009e2c   0x0000014c   Code   RO         3654    i.HAL_I2C_Mem_Write  stm32l0xx_hal_i2c.o
    0x08009f78   0x08009f78   0x00000038   Code   RO         2917    i.HAL_I2C_MspDeInit  i2c.o
    0x08009fb0   0x08009fb0   0x0000005c   Code   RO         2918    i.HAL_I2C_MspInit   i2c.o
    0x0800a00c   0x0800a00c   0x00000064   Code   RO         5058    i.HAL_IWDG_Init     stm32l0xx_hal_iwdg.o
    0x0800a070   0x0800a070   0x00000010   Code   RO         5059    i.HAL_IWDG_Refresh  stm32l0xx_hal_iwdg.o
    0x0800a080   0x0800a080   0x00000010   Code   RO         3435    i.HAL_IncTick       stm32l0xx_hal.o
    0x0800a090   0x0800a090   0x00000028   Code   RO         3436    i.HAL_Init          stm32l0xx_hal.o
    0x0800a0b8   0x0800a0b8   0x00000044   Code   RO         3437    i.HAL_InitTick      stm32l0xx_hal.o
    0x0800a0fc   0x0800a0fc   0x00000018   Code   RO         3159    i.HAL_MspInit       stm32l0xx_hal_msp.o
    0x0800a114   0x0800a114   0x00000020   Code   RO         4882    i.HAL_NVIC_DisableIRQ  stm32l0xx_hal_cortex.o
    0x0800a134   0x0800a134   0x00000018   Code   RO         4883    i.HAL_NVIC_EnableIRQ  stm32l0xx_hal_cortex.o
    0x0800a14c   0x0800a14c   0x00000008   Code   RO         4887    i.HAL_NVIC_SetPriority  stm32l0xx_hal_cortex.o
    0x0800a154   0x0800a154   0x0000001c   Code   RO         4888    i.HAL_NVIC_SystemReset  stm32l0xx_hal_cortex.o
    0x0800a170   0x0800a170   0x00000010   Code   RO         4825    i.HAL_PWREx_EnableFastWakeUp  stm32l0xx_hal_pwr_ex.o
    0x0800a180   0x0800a180   0x00000010   Code   RO         4827    i.HAL_PWREx_EnableUltraLowPower  stm32l0xx_hal_pwr_ex.o
    0x0800a190   0x0800a190   0x00000010   Code   RO         4713    i.HAL_PWR_EnableBkUpAccess  stm32l0xx_hal_pwr.o
    0x0800a1a0   0x0800a1a0   0x00000064   Code   RO         4720    i.HAL_PWR_EnterSTOPMode  stm32l0xx_hal_pwr.o
    0x0800a204   0x0800a204   0x00000178   Code   RO         4231    i.HAL_RCCEx_PeriphCLKConfig  stm32l0xx_hal_rcc_ex.o
    0x0800a37c   0x0800a37c   0x0000019c   Code   RO         4131    i.HAL_RCC_ClockConfig  stm32l0xx_hal_rcc.o
    0x0800a518   0x0800a518   0x00000020   Code   RO         4137    i.HAL_RCC_GetPCLK1Freq  stm32l0xx_hal_rcc.o
    0x0800a538   0x0800a538   0x00000020   Code   RO         4138    i.HAL_RCC_GetPCLK2Freq  stm32l0xx_hal_rcc.o
    0x0800a558   0x0800a558   0x00000078   Code   RO         4139    i.HAL_RCC_GetSysClockFreq  stm32l0xx_hal_rcc.o
    0x0800a5d0   0x0800a5d0   0x00000432   Code   RO         4142    i.HAL_RCC_OscConfig  stm32l0xx_hal_rcc.o
    0x0800aa02   0x0800aa02   0x00000002   Code   RO         5685    i.HAL_RTCEx_AlarmBEventCallback  stm32l0xx_hal_rtc_ex.o
    0x0800aa04   0x0800aa04   0x000000f8   Code   RO         5712    i.HAL_RTCEx_SetWakeUpTimer_IT  stm32l0xx_hal_rtc_ex.o
    0x0800aafc   0x0800aafc   0x0000000a   Code   RO          219    i.HAL_RTCEx_WakeUpTimerEventCallback  app_port.o
    0x0800ab06   0x0800ab06   0x00000002   PAD
    0x0800ab08   0x0800ab08   0x00000038   Code   RO         5719    i.HAL_RTCEx_WakeUpTimerIRQHandler  stm32l0xx_hal_rtc_ex.o
    0x0800ab40   0x0800ab40   0x00000078   Code   RO          220    i.HAL_RTC_AlarmAEventCallback  app_port.o
    0x0800abb8   0x0800abb8   0x00000060   Code   RO         5553    i.HAL_RTC_AlarmIRQHandler  stm32l0xx_hal_rtc.o
    0x0800ac18   0x0800ac18   0x000000b8   Code   RO         5555    i.HAL_RTC_DeactivateAlarm  stm32l0xx_hal_rtc.o
    0x0800acd0   0x0800acd0   0x0000008c   Code   RO         5556    i.HAL_RTC_GetAlarm  stm32l0xx_hal_rtc.o
    0x0800ad5c   0x0800ad5c   0x00000044   Code   RO         5557    i.HAL_RTC_GetDate   stm32l0xx_hal_rtc.o
    0x0800ada0   0x0800ada0   0x0000005c   Code   RO         5559    i.HAL_RTC_GetTime   stm32l0xx_hal_rtc.o
    0x0800adfc   0x0800adfc   0x000000bc   Code   RO         5560    i.HAL_RTC_Init      stm32l0xx_hal_rtc.o
    0x0800aeb8   0x0800aeb8   0x00000030   Code   RO         3032    i.HAL_RTC_MspInit   rtc.o
    0x0800aee8   0x0800aee8   0x00000190   Code   RO         5565    i.HAL_RTC_SetAlarm_IT  stm32l0xx_hal_rtc.o
    0x0800b078   0x0800b078   0x000000c4   Code   RO         5566    i.HAL_RTC_SetDate   stm32l0xx_hal_rtc.o
    0x0800b13c   0x0800b13c   0x000000e8   Code   RO         5567    i.HAL_RTC_SetTime   stm32l0xx_hal_rtc.o
    0x0800b224   0x0800b224   0x00000034   Code   RO         5568    i.HAL_RTC_WaitForSynchro  stm32l0xx_hal_rtc.o
    0x0800b258   0x0800b258   0x00000010   Code   RO         3440    i.HAL_ResumeTick    stm32l0xx_hal.o
    0x0800b268   0x0800b268   0x00000030   Code   RO         4891    i.HAL_SYSTICK_Config  stm32l0xx_hal_cortex.o
    0x0800b298   0x0800b298   0x00000010   Code   RO         3446    i.HAL_SuspendTick   stm32l0xx_hal.o
    0x0800b2a8   0x0800b2a8   0x00000002   Code   RO         5093    i.HAL_UARTEx_RxEventCallback  stm32l0xx_hal_uart.o
    0x0800b2aa   0x0800b2aa   0x00000002   Code   RO         5482    i.HAL_UARTEx_WakeupCallback  stm32l0xx_hal_uart_ex.o
    0x0800b2ac   0x0800b2ac   0x0000007e   Code   RO         5105    i.HAL_UART_DMAStop  stm32l0xx_hal_uart.o
    0x0800b32a   0x0800b32a   0x0000003e   Code   RO         5106    i.HAL_UART_DeInit   stm32l0xx_hal_uart.o
    0x0800b368   0x0800b368   0x000000c8   Code   RO          221    i.HAL_UART_ErrorCallback  app_port.o
    0x0800b430   0x0800b430   0x00000220   Code   RO         5112    i.HAL_UART_IRQHandler  stm32l0xx_hal_uart.o
    0x0800b650   0x0800b650   0x0000006a   Code   RO         5113    i.HAL_UART_Init     stm32l0xx_hal_uart.o
    0x0800b6ba   0x0800b6ba   0x00000002   PAD
    0x0800b6bc   0x0800b6bc   0x00000090   Code   RO         2981    i.HAL_UART_MspDeInit  usart.o
    0x0800b74c   0x0800b74c   0x00000180   Code   RO         2982    i.HAL_UART_MspInit  usart.o
    0x0800b8cc   0x0800b8cc   0x00000060   Code   RO         5117    i.HAL_UART_Receive_DMA  stm32l0xx_hal_uart.o
    0x0800b92c   0x0800b92c   0x00000080   Code   RO          222    i.HAL_UART_RxCpltCallback  app_port.o
    0x0800b9ac   0x0800b9ac   0x00000002   Code   RO         5121    i.HAL_UART_RxHalfCpltCallback  stm32l0xx_hal_uart.o
    0x0800b9ae   0x0800b9ae   0x000000d2   Code   RO         5122    i.HAL_UART_Transmit  stm32l0xx_hal_uart.o
    0x0800ba80   0x0800ba80   0x00000002   Code   RO         5125    i.HAL_UART_TxCpltCallback  stm32l0xx_hal_uart.o
    0x0800ba82   0x0800ba82   0x00000002   PAD
    0x0800ba84   0x0800ba84   0x00000014   Code   RO         3072    i.HardFault_Handler  stm32l0xx_it.o
    0x0800ba98   0x0800ba98   0x00000022   Code   RO         3680    i.I2C_Flush_TXDR    stm32l0xx_hal_i2c.o
    0x0800baba   0x0800baba   0x00000002   PAD
    0x0800babc   0x0800babc   0x00000070   Code   RO         3688    i.I2C_IsAcknowledgeFailed  stm32l0xx_hal_i2c.o
    0x0800bb2c   0x0800bb2c   0x00000060   Code   RO         3691    i.I2C_RequestMemoryRead  stm32l0xx_hal_i2c.o
    0x0800bb8c   0x0800bb8c   0x00000060   Code   RO         3692    i.I2C_RequestMemoryWrite  stm32l0xx_hal_i2c.o
    0x0800bbec   0x0800bbec   0x00000028   Code   RO         3695    i.I2C_TransferConfig  stm32l0xx_hal_i2c.o
    0x0800bc14   0x0800bc14   0x0000004e   Code   RO         3697    i.I2C_WaitOnFlagUntilTimeout  stm32l0xx_hal_i2c.o
    0x0800bc62   0x0800bc62   0x0000004c   Code   RO         3699    i.I2C_WaitOnSTOPFlagUntilTimeout  stm32l0xx_hal_i2c.o
    0x0800bcae   0x0800bcae   0x00000050   Code   RO         3700    i.I2C_WaitOnTXISFlagUntilTimeout  stm32l0xx_hal_i2c.o
    0x0800bcfe   0x0800bcfe   0x00000002   PAD
    0x0800bd00   0x0800bd00   0x00000014   Code   RO         3073    i.LPUART1_IRQHandler  stm32l0xx_it.o
    0x0800bd14   0x0800bd14   0x00000028   Code   RO          430    i.LogMessage        app_sys.o
    0x0800bd3c   0x0800bd3c   0x0000001c   Code   RO          431    i.LogMessageWL      app_sys.o
    0x0800bd58   0x0800bd58   0x00000070   Code   RO          432    i.LogPrintf         app_sys.o
    0x0800bdc8   0x0800bdc8   0x00000070   Code   RO         2861    i.MX_ADC_Init       adc.o
    0x0800be38   0x0800be38   0x00000038   Code   RO         2897    i.MX_DMA_Init       dma.o
    0x0800be70   0x0800be70   0x0000010c   Code   RO         2839    i.MX_GPIO_Init      gpio.o
    0x0800bf7c   0x0800bf7c   0x00000058   Code   RO         2919    i.MX_I2C1_Init      i2c.o
    0x0800bfd4   0x0800bfd4   0x0000002c   Code   RO         2955    i.MX_IWDG_Init      iwdg.o
    0x0800c000   0x0800c000   0x00000038   Code   RO         2983    i.MX_LPUART1_UART_Init  usart.o
    0x0800c038   0x0800c038   0x00000044   Code   RO         3033    i.MX_RTC_Init       rtc.o
    0x0800c07c   0x0800c07c   0x00000038   Code   RO         2984    i.MX_USART1_UART_Init  usart.o
    0x0800c0b4   0x0800c0b4   0x00000038   Code   RO         2985    i.MX_USART2_UART_Init  usart.o
    0x0800c0ec   0x0800c0ec   0x0000001c   Code   RO         1040    i.N58_ChangeInvokeStatus  app_net.o
    0x0800c108   0x0800c108   0x0000002c   Code   RO         1042    i.N58_CreateSocket  app_net.o
    0x0800c134   0x0800c134   0x00000044   Code   RO         1043    i.N58enterFlightMode  app_net.o
    0x0800c178   0x0800c178   0x00000044   Code   RO         1044    i.N58enterNormalMode  app_net.o
    0x0800c1bc   0x0800c1bc   0x00000002   Code   RO         3074    i.NMI_Handler       stm32l0xx_it.o
    0x0800c1be   0x0800c1be   0x00000002   Code   RO         3075    i.PendSV_Handler    stm32l0xx_it.o
    0x0800c1c0   0x0800c1c0   0x00000010   Code   RO         5569    i.RTC_Bcd2ToByte    stm32l0xx_hal_rtc.o
    0x0800c1d0   0x0800c1d0   0x00000018   Code   RO         5570    i.RTC_ByteToBcd2    stm32l0xx_hal_rtc.o
    0x0800c1e8   0x0800c1e8   0x00000038   Code   RO         5571    i.RTC_EnterInitMode  stm32l0xx_hal_rtc.o
    0x0800c220   0x0800c220   0x00000014   Code   RO         3076    i.RTC_IRQHandler    stm32l0xx_it.o
    0x0800c234   0x0800c234   0x00000002   Code   RO         3077    i.SVC_Handler       stm32l0xx_it.o
    0x0800c236   0x0800c236   0x00000008   Code   RO         3078    i.SysTick_Handler   stm32l0xx_it.o
    0x0800c23e   0x0800c23e   0x00000002   PAD
    0x0800c240   0x0800c240   0x00000090   Code   RO         2802    i.SystemClock_Config  main.o
    0x0800c2d0   0x0800c2d0   0x00000058   Code   RO         5938    i.SystemInit        system_stm32l0xx.o
    0x0800c328   0x0800c328   0x000000ca   Code   RO         5127    i.UART_AdvFeatureConfig  stm32l0xx_hal_uart.o
    0x0800c3f2   0x0800c3f2   0x00000002   PAD
    0x0800c3f4   0x0800c3f4   0x00000064   Code   RO         5128    i.UART_CheckIdleState  stm32l0xx_hal_uart.o
    0x0800c458   0x0800c458   0x00000014   Code   RO         5129    i.UART_DMAAbortOnError  stm32l0xx_hal_uart.o
    0x0800c46c   0x0800c46c   0x0000004c   Code   RO         5130    i.UART_DMAError     stm32l0xx_hal_uart.o
    0x0800c4b8   0x0800c4b8   0x0000005e   Code   RO         5131    i.UART_DMAReceiveCplt  stm32l0xx_hal_uart.o
    0x0800c516   0x0800c516   0x0000001c   Code   RO         5133    i.UART_DMARxHalfCplt  stm32l0xx_hal_uart.o
    0x0800c532   0x0800c532   0x00000032   Code   RO         5139    i.UART_EndRxTransfer  stm32l0xx_hal_uart.o
    0x0800c564   0x0800c564   0x00000010   Code   RO         5140    i.UART_EndTxTransfer  stm32l0xx_hal_uart.o
    0x0800c574   0x0800c574   0x00000214   Code   RO         5143    i.UART_SetConfig    stm32l0xx_hal_uart.o
    0x0800c788   0x0800c788   0x0000008c   Code   RO         5144    i.UART_Start_Receive_DMA  stm32l0xx_hal_uart.o
    0x0800c814   0x0800c814   0x0000009e   Code   RO         5148    i.UART_WaitOnFlagUntilTimeout  stm32l0xx_hal_uart.o
    0x0800c8b2   0x0800c8b2   0x00000002   PAD
    0x0800c8b4   0x0800c8b4   0x00000014   Code   RO         3079    i.USART1_IRQHandler  stm32l0xx_it.o
    0x0800c8c8   0x0800c8c8   0x00000014   Code   RO         3080    i.USART2_IRQHandler  stm32l0xx_it.o
    0x0800c8dc   0x0800c8dc   0x00000014   Code   RO          223    i.UsartInterruptHandler  app_port.o
    0x0800c8f0   0x0800c8f0   0x00000018   Code   RO          224    i.UsartReceiveDataPost  app_port.o
    0x0800c908   0x0800c908   0x00000026   Code   RO         2548    i.XINGSHENG_ID_ASCII_Decoding  app_sn.o
    0x0800c92e   0x0800c92e   0x00000084   Code   RO         2549    i.XINGSHENG_ID_Decoder  app_sn.o
    0x0800c9b2   0x0800c9b2   0x00000002   PAD
    0x0800c9b4   0x0800c9b4   0x00000028   Code   RO         6285    i.__0sprintf        mc_p.l(printfa.o)
    0x0800c9dc   0x0800c9dc   0x00000024   Code   RO         6289    i.__0vsprintf       mc_p.l(printfa.o)
    0x0800ca00   0x0800ca00   0x0000002e   Code   RO         6491    i.__ARM_clz         mf_p.l(depilogue.o)
    0x0800ca2e   0x0800ca2e   0x00000030   Code   RO         4216    i.__ARM_common_ll_muluu  stm32l0xx_hal_rcc.o
    0x0800ca5e   0x0800ca5e   0x0000001a   Code   RO         1416    i.__ARM_common_switch8  app_net.o
    0x0800ca78   0x0800ca78   0x0000002c   Code   RO         6396    i.__ARM_fpclassify  m_ps.l(fpclassify.o)
    0x0800caa4   0x0800caa4   0x00000044   Code   RO         4893    i.__NVIC_SetPriority  stm32l0xx_hal_cortex.o
    0x0800cae8   0x0800cae8   0x00000008   Code   RO         6473    i.__aeabi_errno_addr  mc_p.l(errno.o)
    0x0800caf0   0x0800caf0   0x0000039c   Code   RO         6401    i.__ieee754_rem_pio2  m_ps.l(rred.o)
    0x0800ce8c   0x0800ce8c   0x000000f4   Code   RO         6379    i.__kernel_cos      m_ps.l(cos_i.o)
    0x0800cf80   0x0800cf80   0x000000ac   Code   RO         6398    i.__kernel_poly     m_ps.l(poly.o)
    0x0800d02c   0x0800d02c   0x000000ec   Code   RO         6406    i.__kernel_sin      m_ps.l(sin_i.o)
    0x0800d118   0x0800d118   0x00000014   Code   RO         6382    i.__mathlib_dbl_divzero  m_ps.l(dunder.o)
    0x0800d12c   0x0800d12c   0x0000000a   Code   RO         6383    i.__mathlib_dbl_infnan  m_ps.l(dunder.o)
    0x0800d136   0x0800d136   0x00000008   Code   RO         6384    i.__mathlib_dbl_infnan2  m_ps.l(dunder.o)
    0x0800d13e   0x0800d13e   0x00000010   Code   RO         6385    i.__mathlib_dbl_invalid  m_ps.l(dunder.o)
    0x0800d14e   0x0800d14e   0x00000002   PAD
    0x0800d150   0x0800d150   0x00000014   Code   RO         6386    i.__mathlib_dbl_overflow  m_ps.l(dunder.o)
    0x0800d164   0x0800d164   0x00000014   Code   RO         6388    i.__mathlib_dbl_underflow  m_ps.l(dunder.o)
    0x0800d178   0x0800d178   0x0000000c   Code   RO         6474    i.__read_errno      mc_p.l(errno.o)
    0x0800d184   0x0800d184   0x0000000e   Code   RO         6522    i.__scatterload_copy  mc_p.l(handlers.o)
    0x0800d192   0x0800d192   0x00000002   Code   RO         6523    i.__scatterload_null  mc_p.l(handlers.o)
    0x0800d194   0x0800d194   0x0000000e   Code   RO         6524    i.__scatterload_zeroinit  mc_p.l(handlers.o)
    0x0800d1a2   0x0800d1a2   0x00000002   PAD
    0x0800d1a4   0x0800d1a4   0x0000000c   Code   RO         6475    i.__set_errno       mc_p.l(errno.o)
    0x0800d1b0   0x0800d1b0   0x00000174   Code   RO         6290    i._fp_digits        mc_p.l(printfa.o)
    0x0800d324   0x0800d324   0x0000000e   Code   RO         6506    i._is_digit         mc_p.l(scanf_fp.o)
    0x0800d332   0x0800d332   0x00000002   PAD
    0x0800d334   0x0800d334   0x000006f0   Code   RO         6291    i._printf_core      mc_p.l(printfa.o)
    0x0800da24   0x0800da24   0x00000020   Code   RO         6292    i._printf_post_padding  mc_p.l(printfa.o)
    0x0800da44   0x0800da44   0x0000002c   Code   RO         6293    i._printf_pre_padding  mc_p.l(printfa.o)
    0x0800da70   0x0800da70   0x0000000a   Code   RO         6295    i._sputc            mc_p.l(printfa.o)
    0x0800da7a   0x0800da7a   0x00000002   PAD
    0x0800da7c   0x0800da7c   0x000000a0   Code   RO         1884    i.addNewGPSInfo     app_gps.o
    0x0800db1c   0x0800db1c   0x00000010   Code   RO         1436    i.alarmRequestClear  app_task.o
    0x0800db2c   0x0800db2c   0x00000010   Code   RO         1437    i.alarmRequestSet   app_task.o
    0x0800db3c   0x0800db3c   0x00000244   Code   RO         1438    i.alarmUploadRequest  app_task.o
    0x0800dd80   0x0800dd80   0x000000ac   Code   RO         2739    i.appBleCRecv       app_ble.o
    0x0800de2c   0x0800de2c   0x00000010   Code   RO         2741    i.appBleInfoReset   app_ble.o
    0x0800de3c   0x0800de3c   0x000000a0   Code   RO         2743    i.appBlePRecv       app_ble.o
    0x0800dedc   0x0800dedc   0x00000040   Code   RO         2744    i.appBleSendData    app_ble.o
    0x0800df1c   0x0800df1c   0x00000140   Code   RO          225    i.appUartConfig     app_port.o
    0x0800e05c   0x0800e05c   0x00000014   Code   RO          226    i.appUartSend       app_port.o
    0x0800e070   0x0800e070   0x0000002a   Code   RO          433    i.asciiToHex        app_sys.o
    0x0800e09a   0x0800e09a   0x00000002   PAD
    0x0800e09c   0x0800e09c   0x00000274   Code   RO         5977    i.asin              m_ps.l(asin.o)
    0x0800e310   0x0800e310   0x0000002c   Code   RO         2096    i.atCmdCmGetParser  app_atcmd.o
    0x0800e33c   0x0800e33c   0x0000003c   Code   RO         2097    i.atCmdDebugLevelParser  app_atcmd.o
    0x0800e378   0x0800e378   0x00000288   Code   RO         2098    i.atCmdDebugParase  app_atcmd.o
    0x0800e600   0x0800e600   0x0000008c   Code   RO         2100    i.atCmdFMPCnmeaParase  app_atcmd.o
    0x0800e68c   0x0800e68c   0x000000b8   Code   RO         2101    i.atCmdFmpcAdccalParase  app_atcmd.o
    0x0800e744   0x0800e744   0x00000020   Code   RO         2102    i.atCmdFmpcAllParse  app_atcmd.o
    0x0800e764   0x0800e764   0x00000034   Code   RO         2103    i.atCmdFmpcCMParse  app_atcmd.o
    0x0800e798   0x0800e798   0x00000038   Code   RO         2104    i.atCmdFmpcChkpParse  app_atcmd.o
    0x0800e7d0   0x0800e7d0   0x00000034   Code   RO         2105    i.atCmdFmpcIMSIParse  app_atcmd.o
    0x0800e804   0x0800e804   0x00000044   Code   RO         2106    i.atCmdFmpcIMSIParseRespon  app_atcmd.o
    0x0800e848   0x0800e848   0x00000034   Code   RO         2107    i.atCmdIMEIParse    app_atcmd.o
    0x0800e87c   0x0800e87c   0x00000034   Code   RO         2108    i.atCmdIMEIParseRespon  app_atcmd.o
    0x0800e8b0   0x0800e8b0   0x00000308   Code   RO         2109    i.atCmdParaseFunction  app_atcmd.o
    0x0800ebb8   0x0800ebb8   0x0000005c   Code   RO         2110    i.atCmdZTSNParse    app_atcmd.o
    0x0800ec14   0x0800ec14   0x0000002a   Code   RO         5987    i.atof              m_ps.l(atof.o)
    0x0800ec3e   0x0800ec3e   0x00000002   PAD
    0x0800ec40   0x0800ec40   0x00000100   Code   RO         1439    i.autoSleepTask     app_task.o
    0x0800ed40   0x0800ed40   0x000000a8   Code   RO         2621    i.calculateDistanceOfPoint  app_gpsarithmetic.o
    0x0800ede8   0x0800ede8   0x0000010c   Code   RO         2622    i.calculateTheDistanceBetweenTwoPonits  app_gpsarithmetic.o
    0x0800eef4   0x0800eef4   0x00000130   Code   RO         2623    i.calculateTheGPSCornerPoint  app_gpsarithmetic.o
    0x0800f024   0x0800f024   0x0000003c   Code   RO          434    i.changeByteArrayToHexString  app_sys.o
    0x0800f060   0x0800f060   0x00000048   Code   RO          435    i.changeHexStringToByteArray  app_sys.o
    0x0800f0a8   0x0800f0a8   0x0000004c   Code   RO          436    i.changeHexStringToByteArray_10in  app_sys.o
    0x0800f0f4   0x0800f0f4   0x00000150   Code   RO          437    i.changeUTCTimeToLocalTime  app_sys.o
    0x0800f244   0x0800f244   0x00000094   Code   RO         2015    i.charstrToHexValue  app_nmea.o
    0x0800f2d8   0x0800f2d8   0x00000020   Code   RO         1699    i.clearHbtTimer     app_serverprotocol.o
    0x0800f2f8   0x0800f2f8   0x00000010   Code   RO         2111    i.clearInstrucionRequest  app_atcmd.o
    0x0800f308   0x0800f308   0x00000010   Code   RO         1045    i.closeModuleGPS    app_net.o
    0x0800f318   0x0800f318   0x0000002a   Code   RO         2550    i.compress          app_sn.o
    0x0800f342   0x0800f342   0x00000002   PAD
    0x0800f344   0x0800f344   0x00000098   Code   RO         5991    i.cos               m_ps.l(cos.o)
    0x0800f3dc   0x0800f3dc   0x000000b4   Code   RO         1700    i.createProtocol16  app_serverprotocol.o
    0x0800f490   0x0800f490   0x000000bc   Code   RO         1701    i.createProtocol19  app_serverprotocol.o
    0x0800f54c   0x0800f54c   0x00000094   Code   RO         1703    i.createProtocol62  app_serverprotocol.o
    0x0800f5e0   0x0800f5e0   0x00000050   Code   RO         1704    i.createProtocolF1  app_serverprotocol.o
    0x0800f630   0x0800f630   0x000000f8   Code   RO         1705    i.createProtocolF3  app_serverprotocol.o
    0x0800f728   0x0800f728   0x00000014   Code   RO         1706    i.createProtocolHead  app_serverprotocol.o
    0x0800f73c   0x0800f73c   0x00000010   Code   RO         1707    i.createProtocolSerial  app_serverprotocol.o
    0x0800f74c   0x0800f74c   0x00000036   Code   RO         1708    i.createProtocolTail  app_serverprotocol.o
    0x0800f782   0x0800f782   0x00000040   Code   RO         1709    i.createProtocolTail_7979  app_serverprotocol.o
    0x0800f7c2   0x0800f7c2   0x00000038   Code   RO         1710    i.createProtocol_01  app_serverprotocol.o
    0x0800f7fa   0x0800f7fa   0x00000002   PAD
    0x0800f7fc   0x0800f7fc   0x0000007c   Code   RO         1711    i.createProtocol_12  app_serverprotocol.o
    0x0800f878   0x0800f878   0x000000bc   Code   RO         1712    i.createProtocol_13  app_serverprotocol.o
    0x0800f934   0x0800f934   0x0000004c   Code   RO         1713    i.createProtocol_21  app_serverprotocol.o
    0x0800f980   0x0800f980   0x00000022   Code   RO         1714    i.createProtocol_8A  app_serverprotocol.o
    0x0800f9a2   0x0800f9a2   0x00000010   Code   RO            4    i.createSystemTask  app_kernal.o
    0x0800f9b2   0x0800f9b2   0x0000000c   Code   RO         1046    i.csqRequest        app_net.o
    0x0800f9be   0x0800f9be   0x00000002   PAD
    0x0800f9c0   0x0800f9c0   0x000000a4   Code   RO         2551    i.decryptSN         app_sn.o
    0x0800fa64   0x0800fa64   0x00000024   Code   RO         1440    i.delSmsOndDay      app_task.o
    0x0800fa88   0x0800fa88   0x00000010   Code   RO         1047    i.deleteMessage     app_net.o
    0x0800fa98   0x0800fa98   0x00000074   Code   RO          227    i.disPlaySystemTime  app_port.o
    0x0800fb0c   0x0800fb0c   0x00000014   Code   RO          438    i.distinguishOK     app_sys.o
    0x0800fb20   0x0800fb20   0x000000c0   Code   RO         2220    i.do123Instruction  app_instructioncmd.o
    0x0800fbe0   0x0800fbe0   0x00000120   Code   RO         2221    i.doACCCTLGNSSInstrucion  app_instructioncmd.o
    0x0800fd00   0x0800fd00   0x00000138   Code   RO         2222    i.doAPNInstruction  app_instructioncmd.o
    0x0800fe38   0x0800fe38   0x00000110   Code   RO         2223    i.doAdccalInstrucion  app_instructioncmd.o
    0x0800ff48   0x0800ff48   0x00000170   Code   RO         2224    i.doAlarmModeInstrucion  app_instructioncmd.o
    0x080100b8   0x080100b8   0x000000c8   Code   RO         2225    i.doAnswerInstrucion  app_instructioncmd.o
    0x08010180   0x08010180   0x00000034   Code   RO         2226    i.doBFInstruction   app_instructioncmd.o
    0x080101b4   0x080101b4   0x00000034   Code   RO         2227    i.doCFInstruction   app_instructioncmd.o
    0x080101e8   0x080101e8   0x0000033c   Code   RO         2228    i.doDebugInstrucion  app_instructioncmd.o
    0x08010524   0x08010524   0x00000094   Code   RO         2229    i.doFactoryInstrucion  app_instructioncmd.o
    0x080105b8   0x080105b8   0x000001d8   Code   RO         2230    i.doFactoryTestInstruction  app_instructioncmd.o
    0x08010790   0x08010790   0x0000009c   Code   RO         2231    i.doFenceInstrucion  app_instructioncmd.o
    0x0801082c   0x0801082c   0x000000c8   Code   RO         2232    i.doHbtInstruction  app_instructioncmd.o
    0x080108f4   0x080108f4   0x00000118   Code   RO         2233    i.doJTCYCLEInstrucion  app_instructioncmd.o
    0x08010a0c   0x08010a0c   0x00000124   Code   RO         2234    i.doJtInstruction   app_instructioncmd.o
    0x08010b30   0x08010b30   0x00000090   Code   RO         2235    i.doLEDInstruction  app_instructioncmd.o
    0x08010bc0   0x08010bc0   0x000000c8   Code   RO         2236    i.doLOWWInstruction  app_instructioncmd.o
    0x08010c88   0x08010c88   0x00000434   Code   RO         2237    i.doModeInstruction  app_instructioncmd.o
    0x080110bc   0x080110bc   0x00000130   Code   RO         2238    i.doPOITYPEInstruction  app_instructioncmd.o
    0x080111ec   0x080111ec   0x00000278   Code   RO         2239    i.doParamInstruction  app_instructioncmd.o
    0x08011464   0x08011464   0x000000ac   Code   RO         2240    i.doPdopInstrucion  app_instructioncmd.o
    0x08011510   0x08011510   0x00000070   Code   RO         1441    i.doPoitypeRequest  app_task.o
    0x08011580   0x08011580   0x00000068   Code   RO         2241    i.doResetInstruction  app_instructioncmd.o
    0x080115e8   0x080115e8   0x000000b0   Code   RO         2242    i.doSNInstruction   app_instructioncmd.o
    0x08011698   0x08011698   0x0000007c   Code   RO         2243    i.doServerInstruction  app_instructioncmd.o
    0x08011714   0x08011714   0x000000e0   Code   RO         2244    i.doSetAgpsInstruction  app_instructioncmd.o
    0x080117f4   0x080117f4   0x00000174   Code   RO         2245    i.doSetblemacInstrucion  app_instructioncmd.o
    0x08011968   0x08011968   0x000000a8   Code   RO         2246    i.doSmsreplyInstrucion  app_instructioncmd.o
    0x08011a10   0x08011a10   0x00000160   Code   RO         2247    i.doStatusInstruction  app_instructioncmd.o
    0x08011b70   0x08011b70   0x000000e4   Code   RO         2248    i.doTTSInstruction  app_instructioncmd.o
    0x08011c54   0x08011c54   0x000000c4   Code   RO         2249    i.doTurnAlgInstrucion  app_instructioncmd.o
    0x08011d18   0x08011d18   0x000000b4   Code   RO         2250    i.doUPSInstruction  app_instructioncmd.o
    0x08011dcc   0x08011dcc   0x000000e4   Code   RO         2251    i.doUTCInstruction  app_instructioncmd.o
    0x08011eb0   0x08011eb0   0x00000068   Code   RO         2252    i.doVersionInstruction  app_instructioncmd.o
    0x08011f18   0x08011f18   0x00000218   Code   RO         2112    i.doinstruction     app_atcmd.o
    0x08012130   0x08012130   0x000000b4   Code   RO         2253    i.dorequestSend123  app_instructioncmd.o
    0x080121e4   0x080121e4   0x00000034   Code   RO          681    i.eepromWriteByte   app_param.o
    0x08012218   0x08012218   0x00000034   Code   RO          682    i.eepromWriteTwoBytes  app_param.o
    0x0801224c   0x0801224c   0x00000034   Code   RO          683    i.eepromWriteWord   app_param.o
    0x08012280   0x08012280   0x00000140   Code   RO         2552    i.encrypt           app_sn.o
    0x080123c0   0x080123c0   0x00000050   Code   RO         1442    i.exitNetCtl        app_task.o
    0x08012410   0x08012410   0x0000002a   Code   RO         2553    i.expand            app_sn.o
    0x0801243a   0x0801243a   0x00000002   PAD
    0x0801243c   0x0801243c   0x00000010   Code   RO          228    i.feedWdt           app_port.o
    0x0801244c   0x0801244c   0x00000054   Code   RO         6311    i.free              mc_p.l(malloc.o)
    0x080124a0   0x080124a0   0x00000050   Code   RO         1443    i.getBatVoltage     app_task.o
    0x080124f0   0x080124f0   0x0000005c   Code   RO         1715    i.getBatteryLevel   app_serverprotocol.o
    0x0801254c   0x0801254c   0x0000001a   Code   RO          439    i.getCharIndex      app_sys.o
    0x08012566   0x08012566   0x00000028   Code   RO          440    i.getCharIndexWithNum  app_sys.o
    0x0801258e   0x0801258e   0x00000046   Code   RO          229    i.getCurrentDateTimeOfSec  app_port.o
    0x080125d4   0x080125d4   0x00000008   Code   RO         1887    i.getCurrentGPSInfo  app_gps.o
    0x080125dc   0x080125dc   0x00000008   Code   RO         1888    i.getGSPfifo        app_gps.o
    0x080125e4   0x080125e4   0x00000008   Code   RO         1889    i.getLastFixedGPSInfo  app_gps.o
    0x080125ec   0x080125ec   0x00000008   Code   RO         1048    i.getModuleICCID    app_net.o
    0x080125f4   0x080125f4   0x00000008   Code   RO         1049    i.getModuleIMEI     app_net.o
    0x080125fc   0x080125fc   0x00000008   Code   RO         1050    i.getModuleIMSI     app_net.o
    0x08012604   0x08012604   0x0000000c   Code   RO         1051    i.getModuleRssi     app_net.o
    0x08012610   0x08012610   0x00000058   Code   RO          230    i.getRtcDateTime    app_port.o
    0x08012668   0x08012668   0x00000010   Code   RO          441    i.getTerminalAccState  app_sys.o
    0x08012678   0x08012678   0x00000010   Code   RO          442    i.getTerminalChargeState  app_sys.o
    0x08012688   0x08012688   0x00000038   Code   RO          231    i.getVoltageAdcValue  app_port.o
    0x080126c0   0x080126c0   0x0000000c   Code   RO         1444    i.gpsChangeFsmState  app_task.o
    0x080126cc   0x080126cc   0x00000028   Code   RO         1890    i.gpsClearCurrentGPSInfo  app_gps.o
    0x080126f4   0x080126f4   0x00000048   Code   RO         1891    i.gpsFilter         app_gps.o
    0x0801273c   0x0801273c   0x00000014   Code   RO         1963    i.gpsIsRun          app_gpsrestore.o
    0x08012750   0x08012750   0x0000005c   Code   RO         1445    i.gpsLedTask        app_task.o
    0x080127ac   0x080127ac   0x0000000c   Code   RO         1964    i.gpsNoRestoreFileToRead  app_gpsrestore.o
    0x080127b8   0x080127b8   0x0000005c   Code   RO         1446    i.gpsOutputCheckTask  app_task.o
    0x08012814   0x08012814   0x000000f0   Code   RO         1965    i.gpsReadFromModuleAndSendtoServe  app_gpsrestore.o
    0x08012904   0x08012904   0x00000010   Code   RO         1966    i.gpsReadRestoreReset  app_gpsrestore.o
    0x08012914   0x08012914   0x00000044   Code   RO         1447    i.gpsRequestClear   app_task.o
    0x08012958   0x08012958   0x00000054   Code   RO         1448    i.gpsRequestClose   app_task.o
    0x080129ac   0x080129ac   0x00000010   Code   RO         1449    i.gpsRequestGet     app_task.o
    0x080129bc   0x080129bc   0x00000074   Code   RO         1450    i.gpsRequestOpen    app_task.o
    0x08012a30   0x08012a30   0x00000040   Code   RO         1451    i.gpsRequestSet     app_task.o
    0x08012a70   0x08012a70   0x000000a8   Code   RO         1452    i.gpsRequestTask    app_task.o
    0x08012b18   0x08012b18   0x000000f8   Code   RO         1716    i.gpsRestoreDataSend  app_serverprotocol.o
    0x08012c10   0x08012c10   0x0000006c   Code   RO         1967    i.gpsRestoreWriteData  app_gpsrestore.o
    0x08012c7c   0x08012c7c   0x00000010   Code   RO         1453    i.gpsStartBD        app_task.o
    0x08012c8c   0x08012c8c   0x00000028   Code   RO         1968    i.gpsUpdateRestoreFileNameAndTotalSize  app_gpsrestore.o
    0x08012cb4   0x08012cb4   0x00000090   Code   RO         2624    i.gpsUploadPointToServer  app_gpsarithmetic.o
    0x08012d44   0x08012d44   0x00000078   Code   RO         1454    i.gpsUplodOnePointTask  app_task.o
    0x08012dbc   0x08012dbc   0x0000008c   Code   RO          232    i.gsensorConfig     app_port.o
    0x08012e48   0x08012e48   0x00000010   Code   RO          233    i.gsensorInterrupt  app_port.o
    0x08012e58   0x08012e58   0x000000c4   Code   RO         1455    i.gsensorIntervalCheck  app_task.o
    0x08012f1c   0x08012f1c   0x00000178   Code   RO         1456    i.gsensorTapTask    app_task.o
    0x08013094   0x08013094   0x00000088   Code   RO         1457    i.hearbeatRequest   app_task.o
    0x0801311c   0x0801311c   0x00000050   Code   RO         2625    i.initLastPoint     app_gpsarithmetic.o
    0x0801316c   0x0801316c   0x00000050   Code   RO         2113    i.instructionParase  app_atcmd.o
    0x080131bc   0x080131bc   0x0000000c   Code   RO         1052    i.isModulePowerOn   app_net.o
    0x080131c8   0x080131c8   0x00000014   Code   RO         1053    i.isModuleRunNormal  app_net.o
    0x080131dc   0x080131dc   0x00000020   Code   RO         1717    i.isProtocolReday   app_serverprotocol.o
    0x080131fc   0x080131fc   0x000000b0   Code   RO            6    i.kernalRun         app_kernal.o
    0x080132ac   0x080132ac   0x000000a8   Code   RO         2016    i.latitude_to_double  app_nmea.o
    0x08013354   0x08013354   0x00000058   Code   RO         1458    i.lbsUploadRequestTask  app_task.o
    0x080133ac   0x080133ac   0x00000088   Code   RO          234    i.ldrInterrupt      app_port.o
    0x08013434   0x08013434   0x0000000c   Code   RO         1459    i.ledRunTask        app_task.o
    0x08013440   0x08013440   0x00000018   Code   RO         1460    i.ledSetPeriod      app_task.o
    0x08013458   0x08013458   0x000000a8   Code   RO         2017    i.longitude_to_double  app_nmea.o
    0x08013500   0x08013500   0x0000001c   Code   RO          235    i.lowPowerConfig    app_port.o
    0x0801351c   0x0801351c   0x0000002a   Code   RO         2803    i.main              main.o
    0x08013546   0x08013546   0x00000002   PAD
    0x08013548   0x08013548   0x0000006c   Code   RO         6312    i.malloc            mc_p.l(malloc.o)
    0x080135b4   0x080135b4   0x00000114   Code   RO         2670    i.mir3da_init       app_mir3da.o
    0x080136c8   0x080136c8   0x00000026   Code   RO         2671    i.mir3da_open_interrupt  app_mir3da.o
    0x080136ee   0x080136ee   0x00000002   PAD
    0x080136f0   0x080136f0   0x00000028   Code   RO         2673    i.mir3da_register_read  app_mir3da.o
    0x08013718   0x08013718   0x00000030   Code   RO         2674    i.mir3da_register_write  app_mir3da.o
    0x08013748   0x08013748   0x00000014   Code   RO         2675    i.mir3da_set_enable  app_mir3da.o
    0x0801375c   0x0801375c   0x00000094   Code   RO         1461    i.modeShutDownQuickly  app_task.o
    0x080137f0   0x080137f0   0x0000001c   Code   RO         1054    i.moduleInfoInit    app_net.o
    0x0801380c   0x0801380c   0x000000c4   Code   RO          236    i.modulePinConfig   app_port.o
    0x080138d0   0x080138d0   0x00000054   Code   RO         1055    i.modulePowerOff    app_net.o
    0x08013924   0x08013924   0x00000060   Code   RO         1056    i.modulePowerOn     app_net.o
    0x08013984   0x08013984   0x00000064   Code   RO         1057    i.moduleReset       app_net.o
    0x080139e8   0x080139e8   0x00000014   Code   RO         1718    i.moduleResetProcess  app_serverprotocol.o
    0x080139fc   0x080139fc   0x00000040   Code   RO         1058    i.moduleResetProcessA  app_net.o
    0x08013a3c   0x08013a3c   0x00000238   Code   RO         1059    i.moduleResponParaser  app_net.o
    0x08013c74   0x08013c74   0x0000001c   Code   RO          237    i.moduleRiSignal    app_port.o
    0x08013c90   0x08013c90   0x00000054   Code   RO          638    i.myAppConfig       app_user.o
    0x08013ce4   0x08013ce4   0x00000010   Code   RO          639    i.myAppRun          app_user.o
    0x08013cf4   0x08013cf4   0x00000058   Code   RO          443    i.my_getstrindex    app_sys.o
    0x08013d4c   0x08013d4c   0x0000002e   Code   RO          444    i.my_strpach        app_sys.o
    0x08013d7a   0x08013d7a   0x00000036   Code   RO          445    i.my_strstr         app_sys.o
    0x08013db0   0x08013db0   0x0000003a   Code   RO         2114    i.mycmdPatch        app_atcmd.o
    0x08013dea   0x08013dea   0x00000002   PAD
    0x08013dec   0x08013dec   0x00000018   Code   RO         1060    i.n58ATA            app_net.o
    0x08013e04   0x08013e04   0x00000048   Code   RO         1061    i.n58AutoATA        app_net.o
    0x08013e4c   0x08013e4c   0x00000088   Code   RO         1062    i.n58CCIDParase     app_net.o
    0x08013ed4   0x08013ed4   0x0000005c   Code   RO         1063    i.n58CGSNParase     app_net.o
    0x08013f30   0x08013f30   0x000000e4   Code   RO         1064    i.n58CIMIParase     app_net.o
    0x08014014   0x08014014   0x000000e0   Code   RO         1065    i.n58CMGRparse      app_net.o
    0x080140f4   0x080140f4   0x00000088   Code   RO         1066    i.n58CMTIparase     app_net.o
    0x0801417c   0x0801417c   0x000000a4   Code   RO         1067    i.n58CREGparase     app_net.o
    0x08014220   0x08014220   0x00000090   Code   RO         1068    i.n58CSQparase      app_net.o
    0x080142b0   0x080142b0   0x00000198   Code   RO         1069    i.n58FSLISTparase   app_net.o
    0x08014448   0x08014448   0x0000014c   Code   RO         1070    i.n58FswrParase     app_net.o
    0x08014594   0x08014594   0x00000064   Code   RO         1071    i.n58GmrParser      app_net.o
    0x080145f8   0x080145f8   0x0000002c   Code   RO         1072    i.n58MygpsposParaser  app_net.o
    0x08014624   0x08014624   0x00000080   Code   RO         1073    i.n58MygpsstateParase  app_net.o
    0x080146a4   0x080146a4   0x000000e8   Code   RO         1074    i.n58MylacidParse   app_net.o
    0x0801478c   0x0801478c   0x00000060   Code   RO         1075    i.n58NwblecconParser  app_net.o
    0x080147ec   0x080147ec   0x00000080   Code   RO         1076    i.n58NwbleroleParser  app_net.o
    0x0801486c   0x0801486c   0x0000007c   Code   RO         1077    i.n58NwbtblepwrParser  app_net.o
    0x080148e8   0x080148e8   0x0000007c   Code   RO         1078    i.n58NwurcblestatParser  app_net.o
    0x08014964   0x08014964   0x000000e0   Code   RO         1079    i.n58TCPRecvparase  app_net.o
    0x08014a44   0x08014a44   0x00000090   Code   RO         1080    i.n58TCPcloseparase  app_net.o
    0x08014ad4   0x08014ad4   0x00000178   Code   RO         1081    i.n58TCPsetupparase  app_net.o
    0x08014c4c   0x08014c4c   0x00000088   Code   RO         1082    i.n58TcpsendParase  app_net.o
    0x08014cd4   0x08014cd4   0x000000d0   Code   RO         1083    i.n58WIFISCANParse  app_net.o
    0x08014da4   0x08014da4   0x0000004c   Code   RO         1084    i.n58cgattparase    app_net.o
    0x08014df0   0x08014df0   0x0000001c   Code   RO         1085    i.n58cgdcontparase  app_net.o
    0x08014e0c   0x08014e0c   0x0000003c   Code   RO         1086    i.n58mysysteminfoparase  app_net.o
    0x08014e48   0x08014e48   0x0000002c   Code   RO         1087    i.n58setAPN         app_net.o
    0x08014e74   0x08014e74   0x00000034   Code   RO         1088    i.n58setXGAUTH      app_net.o
    0x08014ea8   0x08014ea8   0x0000001c   Code   RO         1089    i.n58xgauthparase   app_net.o
    0x08014ec4   0x08014ec4   0x0000001c   Code   RO         1090    i.n58xiicparase     app_net.o
    0x08014ee0   0x08014ee0   0x000000a4   Code   RO         1091    i.n58xiicqueryparase  app_net.o
    0x08014f84   0x08014f84   0x00000010   Code   RO         1719    i.netConnectReset   app_serverprotocol.o
    0x08014f94   0x08014f94   0x00000054   Code   RO         1092    i.netEnterStopMode  app_net.o
    0x08014fe8   0x08014fe8   0x0000003c   Code   RO         1093    i.netExitStopMode   app_net.o
    0x08015024   0x08015024   0x0000004c   Code   RO         1462    i.netModuleShutdown  app_task.o
    0x08015070   0x08015070   0x0000008c   Code   RO         1463    i.netModuleStartup  app_task.o
    0x080150fc   0x080150fc   0x00000014   Code   RO         1094    i.netWorkModuleRunOk  app_net.o
    0x08015110   0x08015110   0x000004bc   Code   RO         1095    i.networkConnectProcess  app_net.o
    0x080155cc   0x080155cc   0x00000050   Code   RO         2018    i.nmeaParse         app_nmea.o
    0x0801561c   0x0801561c   0x0000001c   Code   RO         1096    i.openModuleGPS     app_net.o
    0x08015638   0x08015638   0x00000060   Code   RO         1097    i.outPutNodeCmd     app_net.o
    0x08015698   0x08015698   0x00000084   Code   RO         1720    i.packIMEI          app_serverprotocol.o
    0x0801571c   0x0801571c   0x000001e8   Code   RO          684    i.paramDefaultInit  app_param.o
    0x08015904   0x08015904   0x00000020   Code   RO          685    i.paramGetAdcCal    app_param.o
    0x08015924   0x08015924   0x00000014   Code   RO          686    i.paramGetAgpsPort  app_param.o
    0x08015938   0x08015938   0x0000002c   Code   RO          687    i.paramGetAgpsPswd  app_param.o
    0x08015964   0x08015964   0x0000002c   Code   RO          688    i.paramGetAgpsServer  app_param.o
    0x08015990   0x08015990   0x0000002c   Code   RO          689    i.paramGetAgpsUser  app_param.o
    0x080159bc   0x080159bc   0x0000001c   Code   RO          690    i.paramGetApnName   app_param.o
    0x080159d8   0x080159d8   0x0000001c   Code   RO          691    i.paramGetApnPswd   app_param.o
    0x080159f4   0x080159f4   0x0000001c   Code   RO          692    i.paramGetApnUser   app_param.o
    0x08015a10   0x08015a10   0x00000020   Code   RO          693    i.paramGetBleMac    app_param.o
    0x08015a30   0x08015a30   0x0000000c   Code   RO          694    i.paramGetCM        app_param.o
    0x08015a3c   0x08015a3c   0x0000001c   Code   RO          695    i.paramGetCodeVersion  app_param.o
    0x08015a58   0x08015a58   0x0000000c   Code   RO          696    i.paramGetGPSUploadInterval  app_param.o
    0x08015a64   0x08015a64   0x0000000c   Code   RO          697    i.paramGetHeartbeatInterval  app_param.o
    0x08015a70   0x08015a70   0x0000000c   Code   RO          698    i.paramGetLoww      app_param.o
    0x08015a7c   0x08015a7c   0x00000014   Code   RO          699    i.paramGetMode2cnt  app_param.o
    0x08015a90   0x08015a90   0x0000002c   Code   RO          700    i.paramGetServer    app_param.o
    0x08015abc   0x08015abc   0x00000020   Code   RO          701    i.paramGetSnNumber  app_param.o
    0x08015adc   0x08015adc   0x00000028   Code   RO          702    i.paramGetUPSServer  app_param.o
    0x08015b04   0x08015b04   0x000001c4   Code   RO          704    i.paramInit         app_param.o
    0x08015cc8   0x08015cc8   0x00000018   Code   RO          705    i.paramSaveACCCTLGNSS  app_param.o
    0x08015ce0   0x08015ce0   0x00000020   Code   RO          706    i.paramSaveAdcCal   app_param.o
    0x08015d00   0x08015d00   0x00000018   Code   RO          707    i.paramSaveAgpsPort  app_param.o
    0x08015d18   0x08015d18   0x00000028   Code   RO          708    i.paramSaveAgpsPswd  app_param.o
    0x08015d40   0x08015d40   0x00000028   Code   RO          709    i.paramSaveAgpsServer  app_param.o
    0x08015d68   0x08015d68   0x00000028   Code   RO          710    i.paramSaveAgpsUser  app_param.o
    0x08015d90   0x08015d90   0x00000028   Code   RO          711    i.paramSaveAlarmTime  app_param.o
    0x08015db8   0x08015db8   0x0000003c   Code   RO          712    i.paramSaveApnName  app_param.o
    0x08015df4   0x08015df4   0x0000003c   Code   RO          713    i.paramSaveApnPswd  app_param.o
    0x08015e30   0x08015e30   0x0000003c   Code   RO          714    i.paramSaveApnUser  app_param.o
    0x08015e6c   0x08015e6c   0x00000018   Code   RO          715    i.paramSaveAutoAnswer  app_param.o
    0x08015e84   0x08015e84   0x00000018   Code   RO          716    i.paramSaveBF       app_param.o
    0x08015e9c   0x08015e9c   0x0000003e   Code   RO          717    i.paramSaveBleMac   app_param.o
    0x08015eda   0x08015eda   0x0000000e   Code   RO          718    i.paramSaveCM       app_param.o
    0x08015ee8   0x08015ee8   0x00000026   Code   RO          719    i.paramSaveCodeVersion  app_param.o
    0x08015f0e   0x08015f0e   0x00000002   PAD
    0x08015f10   0x08015f10   0x00000018   Code   RO          720    i.paramSaveFence    app_param.o
    0x08015f28   0x08015f28   0x00000010   Code   RO          721    i.paramSaveGPSUploadInterval  app_param.o
    0x08015f38   0x08015f38   0x00000014   Code   RO          722    i.paramSaveHardFault  app_param.o
    0x08015f4c   0x08015f4c   0x00000010   Code   RO          723    i.paramSaveHeartbeatInterval  app_param.o
    0x08015f5c   0x08015f5c   0x00000018   Code   RO          724    i.paramSaveInterval  app_param.o
    0x08015f74   0x08015f74   0x00000018   Code   RO          725    i.paramSaveLedCtl   app_param.o
    0x08015f8c   0x08015f8c   0x00000018   Code   RO          726    i.paramSaveLightAlarmMode  app_param.o
    0x08015fa4   0x08015fa4   0x0000000e   Code   RO          727    i.paramSaveLoww     app_param.o
    0x08015fb2   0x08015fb2   0x00000002   PAD
    0x08015fb4   0x08015fb4   0x00000014   Code   RO          728    i.paramSaveMallocFault  app_param.o
    0x08015fc8   0x08015fc8   0x00000018   Code   RO          729    i.paramSaveMode     app_param.o
    0x08015fe0   0x08015fe0   0x00000018   Code   RO          730    i.paramSaveMode1GapDay  app_param.o
    0x08015ff8   0x08015ff8   0x00000018   Code   RO          731    i.paramSaveMode1Timer  app_param.o
    0x08016010   0x08016010   0x00000018   Code   RO          732    i.paramSaveMode2cnt  app_param.o
    0x08016028   0x08016028   0x00000018   Code   RO          733    i.paramSaveNoNetWakeUpMinutes  app_param.o
    0x08016040   0x08016040   0x00000018   Code   RO          734    i.paramSavePdop     app_param.o
    0x08016058   0x08016058   0x00000018   Code   RO          735    i.paramSavePoitype  app_param.o
    0x08016070   0x08016070   0x0000004a   Code   RO          736    i.paramSaveServer   app_param.o
    0x080160ba   0x080160ba   0x0000000e   Code   RO          738    i.paramSaveSmsreply  app_param.o
    0x080160c8   0x080160c8   0x0000001e   Code   RO          739    i.paramSaveSnNumber  app_param.o
    0x080160e6   0x080160e6   0x00000002   PAD
    0x080160e8   0x080160e8   0x00000018   Code   RO          740    i.paramSaveTurnalg  app_param.o
    0x08016100   0x08016100   0x00000046   Code   RO          741    i.paramSaveUPSServer  app_param.o
    0x08016146   0x08016146   0x00000002   PAD
    0x08016148   0x08016148   0x00000018   Code   RO          742    i.paramSaveUTC      app_param.o
    0x08016160   0x08016160   0x00000014   Code   RO          743    i.paramSaveUpdateStatus  app_param.o
    0x08016174   0x08016174   0x00000134   Code   RO          446    i.paraseInstructionToItem  app_sys.o
    0x080162a8   0x080162a8   0x00000138   Code   RO         2019    i.parseGPS          app_nmea.o
    0x080163e0   0x080163e0   0x0000001c   Code   RO         2020    i.parse_GGA         app_nmea.o
    0x080163fc   0x080163fc   0x0000003c   Code   RO         2021    i.parse_GSA         app_nmea.o
    0x08016438   0x08016438   0x000001c4   Code   RO         2022    i.parse_GSV         app_nmea.o
    0x080165fc   0x080165fc   0x00000158   Code   RO         2023    i.parse_RMC         app_nmea.o
    0x08016754   0x08016754   0x00000020   Code   RO          238    i.pollUartData      app_port.o
    0x08016774   0x08016774   0x000009fc   Code   RO         5999    i.pow               m_ps.l(pow.o)
    0x08017170   0x08017170   0x00000044   Code   RO         1721    i.protocolFsmStateChange  app_serverprotocol.o
    0x080171b4   0x080171b4   0x000001d0   Code   RO         1722    i.protocolGPSpack   app_serverprotocol.o
    0x08017384   0x08017384   0x00000134   Code   RO         1723    i.protocolRunFsm    app_serverprotocol.o
    0x080174b8   0x080174b8   0x0000010c   Code   RO         1724    i.protocolRxParase  app_serverprotocol.o
    0x080175c4   0x080175c4   0x0000000a   Code   RO         1098    i.reConnectServer   app_net.o
    0x080175ce   0x080175ce   0x00000002   PAD
    0x080175d0   0x080175d0   0x0000001c   Code   RO         1725    i.reCover123InstructionId  app_serverprotocol.o
    0x080175ec   0x080175ec   0x00000048   Code   RO         2676    i.readInterruptConfig  app_mir3da.o
    0x08017634   0x08017634   0x000000b0   Code   RO         2677    i.read_gsensor_id   app_mir3da.o
    0x080176e4   0x080176e4   0x0000000c   Code   RO         2448    i.recCycleStart     app_rec.o
    0x080176f0   0x080176f0   0x00000018   Code   RO         2449    i.recCycleStop      app_rec.o
    0x08017708   0x08017708   0x00000074   Code   RO         2450    i.recCycleTask      app_rec.o
    0x0801777c   0x0801777c   0x00000008   Code   RO         2451    i.recGetRecStruct   app_rec.o
    0x08017784   0x08017784   0x00000014   Code   RO         2452    i.recIsRun          app_rec.o
    0x08017798   0x08017798   0x00000028   Code   RO         2453    i.recNoFileToread   app_rec.o
    0x080177c0   0x080177c0   0x0000000c   Code   RO         2454    i.recReadFileOk     app_rec.o
    0x080177cc   0x080177cc   0x000000bc   Code   RO         2455    i.recRecordUploadTask  app_rec.o
    0x08017888   0x08017888   0x000000a4   Code   RO         2456    i.recStart          app_rec.o
    0x0801792c   0x0801792c   0x00000038   Code   RO         2457    i.recStop           app_rec.o
    0x08017964   0x08017964   0x00000014   Code   RO         2458    i.recStopAndUpload  app_rec.o
    0x08017978   0x08017978   0x00000014   Code   RO         2459    i.recUpdateFileName  app_rec.o
    0x0801798c   0x0801798c   0x0000004c   Code   RO         2460    i.recUpdateFileSize  app_rec.o
    0x080179d8   0x080179d8   0x0000000a   Code   RO         1464    i.repairGsensor     app_task.o
    0x080179e2   0x080179e2   0x00000002   PAD
    0x080179e4   0x080179e4   0x0000000c   Code   RO         2461    i.resIsCycleRuning  app_rec.o
    0x080179f0   0x080179f0   0x0000001c   Code   RO         1726    i.save123InstructionId  app_serverprotocol.o
    0x08017a0c   0x08017a0c   0x0000002c   Code   RO         1099    i.sendDataToServer  app_net.o
    0x08017a38   0x08017a38   0x0000004c   Code   RO         1100    i.sendMessage       app_net.o
    0x08017a84   0x08017a84   0x000000f8   Code   RO         2254    i.sendMessageWithDifMode  app_instructioncmd.o
    0x08017b7c   0x08017b7c   0x000000d0   Code   RO         1101    i.sendModuleCmd     app_net.o
    0x08017c4c   0x08017c4c   0x00000120   Code   RO         1727    i.sendProtocolToServer  app_serverprotocol.o
    0x08017d6c   0x08017d6c   0x00000074   Code   RO         1465    i.setAgps           app_task.o
    0x08017de0   0x08017de0   0x00000140   Code   RO          239    i.setNextAlarmTime  app_port.o
    0x08017f20   0x08017f20   0x000000d8   Code   RO          240    i.setNextWakeUpTime  app_port.o
    0x08017ff8   0x08017ff8   0x000000b8   Code   RO         2554    i.setkey            app_sn.o
    0x080180b0   0x080180b0   0x000001ec   Code   RO         2024    i.showgpsinfo       app_nmea.o
    0x0801829c   0x0801829c   0x00000084   Code   RO         1466    i.signalLedTask     app_task.o
    0x08018320   0x08018320   0x0000009c   Code   RO         6009    i.sin               m_ps.l(sin.o)
    0x080183bc   0x080183bc   0x00000048   Code   RO         6017    i.sqrt              m_ps.l(sqrt.o)
    0x08018404   0x08018404   0x00000070   Code   RO            7    i.startTimer        app_kernal.o
    0x08018474   0x08018474   0x00000068   Code   RO            8    i.stopTimer         app_kernal.o
    0x080184dc   0x080184dc   0x00000050   Code   RO         1467    i.systemModeRunStart  app_task.o
    0x0801852c   0x0801852c   0x0000021c   Code   RO         1468    i.systemModeRunTask  app_task.o
    0x08018748   0x08018748   0x00000010   Code   RO         1469    i.systemRequestClear  app_task.o
    0x08018758   0x08018758   0x00000010   Code   RO         1470    i.systemRequestSet  app_task.o
    0x08018768   0x08018768   0x00000170   Code   RO         1471    i.systemRequestTask  app_task.o
    0x080188d8   0x080188d8   0x00000090   Code   RO         1472    i.systemShutDown    app_task.o
    0x08018968   0x08018968   0x00000050   Code   RO           10    i.systemTaskResume  app_kernal.o
    0x080189b8   0x080189b8   0x00000050   Code   RO           11    i.systemTaskSuspend  app_kernal.o
    0x08018a08   0x08018a08   0x00000048   Code   RO         1473    i.taskRunInOneSecond  app_task.o
    0x08018a50   0x08018a50   0x00000010   Code   RO          447    i.terminalAccoff    app_sys.o
    0x08018a60   0x08018a60   0x00000010   Code   RO          448    i.terminalAccon     app_sys.o
    0x08018a70   0x08018a70   0x00000014   Code   RO          449    i.terminalAlarmSet  app_sys.o
    0x08018a84   0x08018a84   0x00000010   Code   RO          450    i.terminalCharge    app_sys.o
    0x08018a94   0x08018a94   0x00000010   Code   RO          453    i.terminalGPSFixed  app_sys.o
    0x08018aa4   0x08018aa4   0x00000010   Code   RO          454    i.terminalGPSUnFixed  app_sys.o
    0x08018ab4   0x08018ab4   0x00000010   Code   RO          455    i.terminalunCharge  app_sys.o
    0x08018ac4   0x08018ac4   0x0000008c   Code   RO          241    i.updateAlarmA      app_port.o
    0x08018b50   0x08018b50   0x0000006c   Code   RO         1892    i.updateLocalRTCTime  app_gps.o
    0x08018bbc   0x08018bbc   0x000000b8   Code   RO          242    i.updateRTCdatetime  app_port.o
    0x08018c74   0x08018c74   0x00000010   Code   RO          456    i.updateRTCtimeRequest  app_sys.o
    0x08018c84   0x08018c84   0x00000070   Code   RO         1474    i.updateSystemLedStatus  app_task.o
    0x08018cf4   0x08018cf4   0x0000000c   Code   RO          457    i.updateSystemStartTime  app_sys.o
    0x08018d00   0x08018d00   0x000000b8   Code   RO         1475    i.uploadRequestInMode4  app_task.o
    0x08018db8   0x08018db8   0x00000094   Code   RO          243    i.usartGetDataFromDma  app_port.o
    0x08018e4c   0x08018e4c   0x0000035c   Code   RO         1476    i.voltageCheckTask  app_task.o
    0x080191a8   0x080191a8   0x00000124   Code   RO         1477    i.wdtProcess        app_task.o
    0x080192cc   0x080192cc   0x00000016   Code   RO         1478    i.wifiScanStart     app_task.o
    0x080192e2   0x080192e2   0x00000002   PAD
    0x080192e4   0x080192e4   0x00000034   Code   RO         1479    i.wifiUploadRequestTask  app_task.o
    0x08019318   0x08019318   0x00000056   Code   RO         2555    i.ztvm_encrypt_des  app_sn.o
    0x0801936e   0x0801936e   0x00000058   Code   RO         2556    i.ztvm_encrypt_undes  app_sn.o
    0x080193c6   0x080193c6   0x00000028   Code   RO         2557    i.ztvm_encrypt_untrides  app_sn.o
    0x080193ee   0x080193ee   0x00000218   Data   RO          459    .constdata          app_sys.o
    0x08019606   0x08019606   0x00000498   Data   RO         1103    .constdata          app_net.o
    0x08019a9e   0x08019a9e   0x00000396   Data   RO         2115    .constdata          app_atcmd.o
    0x08019e34   0x08019e34   0x00000348   Data   RO         2559    .constdata          app_sn.o
    0x0801a17c   0x0801a17c   0x00000019   Data   RO         5939    .constdata          system_stm32l0xx.o
    0x0801a195   0x0801a195   0x00000008   Data   RO         5940    .constdata          system_stm32l0xx.o
    0x0801a19d   0x0801a19d   0x00000003   PAD
    0x0801a1a0   0x0801a1a0   0x00000050   Data   RO         5978    .constdata          m_ps.l(asin.o)
    0x0801a1f0   0x0801a1f0   0x00000088   Data   RO         6000    .constdata          m_ps.l(pow.o)
    0x0801a278   0x0801a278   0x0000000c   Data   RO         6034    .constdata          mc_p.l(mktime.o)
    0x0801a284   0x0801a284   0x00000004   PAD
    0x0801a288   0x0801a288   0x00000030   Data   RO         6380    .constdata          m_ps.l(cos_i.o)
    0x0801a2b8   0x0801a2b8   0x00000008   Data   RO         6400    .constdata          m_ps.l(qnan.o)
    0x0801a2c0   0x0801a2c0   0x000000c8   Data   RO         6403    .constdata          m_ps.l(rred.o)
    0x0801a388   0x0801a388   0x00000028   Data   RO         6407    .constdata          m_ps.l(sin_i.o)
    0x0801a3b0   0x0801a3b0   0x00000081   Data   RO         6438    .constdata          mc_p.l(ctype_o.o)
    0x0801a431   0x0801a431   0x00000003   PAD
    0x0801a434   0x0801a434   0x00000004   Data   RO         6439    .constdata          mc_p.l(ctype_o.o)
    0x0801a438   0x0801a438   0x0000000c   Data   RO         6469    .constdata          mc_p.l(localtime_i.o)
    0x0801a444   0x0801a444   0x0000020d   Data   RO         2256    .conststring        app_instructioncmd.o
    0x0801a651   0x0801a651   0x00000003   PAD
    0x0801a654   0x0801a654   0x00000020   Data   RO         6520    Region$$Table       anon$$obj.o


    Execution Region RW_IRAM1 (Exec base: 0x20000000, Load base: 0x0801a674, Size: 0x00003d30, Max: 0x00005000, ABSOLUTE)

    Exec Addr    Load Addr    Size         Type   Attr      Idx    E Section Name        Object

    0x20000000   0x0801a674   0x00000004   Data   RW           14    .data               app_kernal.o
    0x20000004   0x0801a678   0x00000008   Data   RW          245    .data               app_port.o
    0x2000000c   0x0801a680   0x00000008   Data   RW         1104    .data               app_net.o
    0x20000014   0x0801a688   0x00000028   Data   RW         1481    .data               app_task.o
    0x2000003c   0x0801a6b0   0x0000000c   Data   RW         1729    .data               app_serverprotocol.o
    0x20000048   0x0801a6bc   0x00000001   Data   RW         2026    .data               app_nmea.o
    0x20000049   0x0801a6bd   0x00000001   Data   RW         2257    .data               app_instructioncmd.o
    0x2000004a   0x0801a6be   0x00000012   Data   RW         2560    .data               app_sn.o
    0x2000005c   0x0801a6d0   0x00000004   PAD
    0x20000060   0x0801a6d4   0x00000008   Data   RW         2627    .data               app_gpsarithmetic.o
    0x20000068   0x0801a6dc   0x00000001   Data   RW         2678    .data               app_mir3da.o
    0x20000069   0x0801a6dd   0x00000003   PAD
    0x2000006c   0x0801a6e0   0x0000000c   Data   RW         3447    .data               stm32l0xx_hal.o
    0x20000078   0x0801a6ec   0x00000004   Data   RW         5941    .data               system_stm32l0xx.o
    0x2000007c   0x0801a6f0   0x00000004   Data   RW         6471    .data               mc_p.l(mvars.o)
    0x20000080   0x0801a6f4   0x00000004   Data   RW         6472    .data               mc_p.l(mvars.o)
    0x20000084   0x0801a6f8   0x00000004   Data   RW         6476    .data               mc_p.l(errno.o)
    0x20000088        -       0x00000010   Zero   RW           13    .bss                app_kernal.o
    0x20000098        -       0x00000bbc   Zero   RW          244    .bss                app_port.o
    0x20000c54        -       0x0000017c   Zero   RW          458    .bss                app_sys.o
    0x20000dd0        -       0x000001da   Zero   RW          744    .bss                app_param.o
    0x20000faa   0x0801a6fc   0x00000002   PAD
    0x20000fac        -       0x000000a1   Zero   RW         1102    .bss                app_net.o
    0x2000104d   0x0801a6fc   0x00000003   PAD
    0x20001050        -       0x00000020   Zero   RW         1480    .bss                app_task.o
    0x20001070        -       0x00000020   Zero   RW         1728    .bss                app_serverprotocol.o
    0x20001090        -       0x00000438   Zero   RW         1893    .bss                app_gps.o
    0x200014c8        -       0x0000003c   Zero   RW         1969    .bss                app_gpsrestore.o
    0x20001504   0x0801a6fc   0x00000004   PAD
    0x20001508        -       0x00000070   Zero   RW         2025    .bss                app_nmea.o
    0x20001578        -       0x0000001e   Zero   RW         2255    .bss                app_instructioncmd.o
    0x20001596   0x0801a6fc   0x00000002   PAD
    0x20001598        -       0x00000044   Zero   RW         2462    .bss                app_rec.o
    0x200015dc        -       0x000003c0   Zero   RW         2558    .bss                app_sn.o
    0x2000199c   0x0801a6fc   0x00000004   PAD
    0x200019a0        -       0x00000020   Zero   RW         2626    .bss                app_gpsarithmetic.o
    0x200019c0        -       0x00000017   Zero   RW         2746    .bss                app_ble.o
    0x200019d7   0x0801a6fc   0x00000001   PAD
    0x200019d8        -       0x0000005c   Zero   RW         2862    .bss                adc.o
    0x20001a34        -       0x0000004c   Zero   RW         2920    .bss                i2c.o
    0x20001a80        -       0x00000010   Zero   RW         2956    .bss                iwdg.o
    0x20001a90        -       0x00000264   Zero   RW         2986    .bss                usart.o
    0x20001cf4        -       0x00000024   Zero   RW         3034    .bss                rtc.o
    0x20001d18        -       0x00000018   Zero   RW         4360    .bss                stm32l0xx_hal_flash.o
    0x20001d30        -       0x00001000   Zero   RW         5970    HEAP                startup_stm32l071xx.o
    0x20002d30        -       0x00001000   Zero   RW         5969    STACK               startup_stm32l071xx.o


==============================================================================

Image component sizes


      Code (inc. data)   RO Data    RW Data    ZI Data      Debug   Object Name

       192         20          0          0         92       1499   adc.o
      2998        968        918          0          0      12737   app_atcmd.o
       412         66          0          0         23       3812   app_ble.o
       404         52          0          0       1080       3936   app_gps.o
       964        176          0          8         32       4184   app_gpsarithmetic.o
       436        154          0          0         60       3665   app_gpsrestore.o
      9524       3750        525          1         30      28238   app_instructioncmd.o
       820        256          0          4         16     365601   app_kernal.o
       670        186          0          1          0       4522   app_mir3da.o
      7856       1806       1176          8        161      41907   app_net.o
      2252        308          0          1        112       9136   app_nmea.o
      2796        456          0          0        474      34752   app_param.o
      2772        758          0          8       3004      21473   app_port.o
       768        232          0          0         68       7001   app_rec.o
      3500        380          0         12         32      20709   app_serverprotocol.o
      1136         36        840         18        960       8303   app_sn.o
      1568        194        536          0        380      18849   app_sys.o
      6236       1800          0         40         32      24510   app_task.o
       134         24          0          0          0       6390   app_user.o
        56          4          0          0          0        674   dma.o
       268         30          0          0          0        899   gpio.o
       236         40          0          0         76       1933   i2c.o
        44         12          0          0         16        603   iwdg.o
       188         10          0          0          0       1780   main.o
       116         16          0          0         36       1315   rtc.o
        28          8        192          0       8192        576   startup_stm32l071xx.o
       204         36          0         12          0       9872   stm32l0xx_hal.o
      1274         36          0          0          0       8328   stm32l0xx_hal_adc.o
       170          0          0          0          0       1366   stm32l0xx_hal_adc_ex.o
       208         40          0          0          0      13182   stm32l0xx_hal_cortex.o
       712         22          0          0          0       5958   stm32l0xx_hal_dma.o
       256         16          0          0         24       4086   stm32l0xx_hal_flash.o
       156         26          0          0          0       2199   stm32l0xx_hal_flash_ex.o
       674         66          0          0          0       4212   stm32l0xx_hal_gpio.o
      1516         36          0          0          0      11703   stm32l0xx_hal_i2c.o
       146          0          0          0          0       1827   stm32l0xx_hal_i2c_ex.o
       116         20          0          0          0       1675   stm32l0xx_hal_iwdg.o
        24          4          0          0          0        406   stm32l0xx_hal_msp.o
       116         16          0          0          0       1211   stm32l0xx_hal_pwr.o
        32          8          0          0          0        989   stm32l0xx_hal_pwr_ex.o
      1718         90          0          0          0       5556   stm32l0xx_hal_rcc.o
       376         14          0          0          0       1392   stm32l0xx_hal_rcc_ex.o
      1744         42          0          0          0      10545   stm32l0xx_hal_rtc.o
       306         18          0          0          0       3100   stm32l0xx_hal_rtc_ex.o
      2566        100          0          0          0      15697   stm32l0xx_hal_uart.o
         2          0          0          0          0        948   stm32l0xx_hal_uart_ex.o
       178         36          0          0          0       5045   stm32l0xx_it.o
        88         22         33          4          0       1139   system_stm32l0xx.o
       696         78          0          0        612       3466   usart.o

    ----------------------------------------------------------------------
     59716      12468       4258        124      15528     742906   Object Totals
         0          0         32          0          0          0   (incl. Generated)
        64          0          6          7         16          0   (incl. Padding)

    ----------------------------------------------------------------------

      Code (inc. data)   RO Data    RW Data    ZI Data      Debug   Library Member Name

       628         54         80          0          0        104   asin.o
        42          0          0          0          0         76   atof.o
       152         10          0          0          0        104   cos.o
       244         20         48          0          0         92   cos_i.o
        94         14          0          0          0        408   dunder.o
        44          4          0          0          0         60   fpclassify.o
       172          0          0          0          0         76   poly.o
      2556        196        136          0          0        240   pow.o
         0          0          8          0          0          0   qnan.o
       924         86        200          0          0        120   rred.o
       156         10          0          0          0        104   sin.o
       236         14         40          0          0        100   sin_i.o
        72          6          0          0          0         76   sqrt.o
        30          0          0          0          0         60   _chval.o
        68          0          0          0          0         76   _sgetc.o
       166          0          0          0          0         84   _strtoul.o
        26          0          0          0          0         72   atoi.o
        26          0          0          0          0         72   atol.o
         8          4        133          0          0         60   ctype_o.o
         0          0          0          0          0          0   entry.o
         0          0          0          0          0          0   entry10a.o
         0          0          0          0          0          0   entry11a.o
         4          0          0          0          0          0   entry12b.o
         8          4          0          0          0          0   entry2.o
         4          0          0          0          0          0   entry5.o
         0          0          0          0          0          0   entry7b.o
         0          0          0          0          0          0   entry8b.o
         8          4          0          0          0          0   entry9a.o
        32         16          0          4          0        180   errno.o
        30          0          0          0          0          0   handlers.o
        40          0          0          0          0         72   idiv.o
        36          8          0          0          0         68   init.o
        18          0          0          0          0         68   isspace_o.o
         0          0          0          0          0          0   iusefp.o
       122          0          0          0          0         84   llmul.o
        32          0          0          0          0         68   llshl.o
        38          0          0          0          0         68   llsshr.o
        34          0          0          0          0         68   llushr.o
       116         12         12          0          0         72   localtime_i.o
       192         20          0          0          0        144   malloc.o
        36          0          0          0          0         60   memcpya.o
        36          0          0          0          0        100   memseta.o
       140         16         12          0          0         72   mktime.o
         0          0          0          8          0          0   mvars.o
      2310        100          0          0          0        544   printfa.o
       898         12          0          0          0        184   scanf_fp.o
        18          0          0          0          0         60   strcpy.o
        14          0          0          0          0         60   strlen.o
        26          0          0          0          0         68   strncpy.o
        40          0          0          0          0         72   strstr.o
       164         16          0          0          0        120   strtod.o
       112          4          0          0          0         76   strtol.o
       118          0          0          0          0         84   strtoul.o
        44          0          0          0          0         72   uidiv.o
        96          0          0          0          0         84   uldiv.o
        40          2          0          0          0         68   cdcmple.o
        40          2          0          0          0         68   cdrcmple.o
        20          0          0          0          0         68   cfcmple.o
        56          0          0          0          0         68   d2f.o
       360          6          0          0          0        140   dadd.o
       240          6          0          0          0         84   ddiv.o
       236          0          0          0          0        216   depilogue.o
        72         10          0          0          0         72   dfixi.o
        60         10          0          0          0         68   dfixui.o
        64         10          0          0          0         68   dfixul.o
        40          6          0          0          0         68   dflti.o
        28          4          0          0          0         68   dfltui.o
        28          6          0          0          0         68   dfltul.o
       208          6          0          0          0         88   dmul.o
        44          0          0          0          0         72   dscalb.o
       162          0          0          0          0         80   dsqrt.o
        40          0          0          0          0         60   f2d.o
       178          0          0          0          0        108   fadd.o
       124          0          0          0          0         72   fdiv.o
       130          0          0          0          0        144   fepilogue.o
        40          0          0          0          0         60   ffixui.o
        14          0          0          0          0         68   ffltui.o
       122          0          0          0          0         72   fmul.o

    ----------------------------------------------------------------------
     12778        698        676         12          0       6480   Library Totals
        22          0          7          0          0          0   (incl. Padding)

    ----------------------------------------------------------------------

      Code (inc. data)   RO Data    RW Data    ZI Data      Debug   Library Name

      5320        414        512          0          0       1560   m_ps.l
      5090        216        157         12          0       2972   mc_p.l
      2346         68          0          0          0       1948   mf_p.l

    ----------------------------------------------------------------------
     12778        698        676         12          0       6480   Library Totals

    ----------------------------------------------------------------------

==============================================================================


      Code (inc. data)   RO Data    RW Data    ZI Data      Debug   

     72494      13166       4934        136      15528     723598   Grand Totals
     72494      13166       4934        136      15528     723598   ELF Image Totals
     72494      13166       4934        136          0          0   ROM Totals

==============================================================================

    Total RO  Size (Code + RO Data)                77428 (  75.61kB)
    Total RW  Size (RW Data + ZI Data)             15664 (  15.30kB)
    Total ROM Size (Code + RO Data + RW Data)      77564 (  75.75kB)

==============================================================================

