Component: ARM Compiler 5.06 update 7 (build 960) Tool: armlink [4d3601]

==============================================================================

Image Symbol Table

    Local Symbols

    Symbol Name                              Value     Ov Type        Size  Object(Section)

    ../Drivers/STM32L0xx_HAL_Driver/Src/stm32l0xx_hal.c 0x00000000   Number         0  stm32l0xx_hal.o ABSOLUTE
    ../Drivers/STM32L0xx_HAL_Driver/Src/stm32l0xx_hal_adc.c 0x00000000   Number         0  stm32l0xx_hal_adc.o ABSOLUTE
    ../Drivers/STM32L0xx_HAL_Driver/Src/stm32l0xx_hal_adc_ex.c 0x00000000   Number         0  stm32l0xx_hal_adc_ex.o ABSOLUTE
    ../Drivers/STM32L0xx_HAL_Driver/Src/stm32l0xx_hal_cortex.c 0x00000000   Number         0  stm32l0xx_hal_cortex.o ABSOLUTE
    ../Drivers/STM32L0xx_HAL_Driver/Src/stm32l0xx_hal_dma.c 0x00000000   Number         0  stm32l0xx_hal_dma.o ABSOLUTE
    ../Drivers/STM32L0xx_HAL_Driver/Src/stm32l0xx_hal_exti.c 0x00000000   Number         0  stm32l0xx_hal_exti.o ABSOLUTE
    ../Drivers/STM32L0xx_HAL_Driver/Src/stm32l0xx_hal_flash.c 0x00000000   Number         0  stm32l0xx_hal_flash.o ABSOLUTE
    ../Drivers/STM32L0xx_HAL_Driver/Src/stm32l0xx_hal_flash_ex.c 0x00000000   Number         0  stm32l0xx_hal_flash_ex.o ABSOLUTE
    ../Drivers/STM32L0xx_HAL_Driver/Src/stm32l0xx_hal_flash_ramfunc.c 0x00000000   Number         0  stm32l0xx_hal_flash_ramfunc.o ABSOLUTE
    ../Drivers/STM32L0xx_HAL_Driver/Src/stm32l0xx_hal_gpio.c 0x00000000   Number         0  stm32l0xx_hal_gpio.o ABSOLUTE
    ../Drivers/STM32L0xx_HAL_Driver/Src/stm32l0xx_hal_i2c.c 0x00000000   Number         0  stm32l0xx_hal_i2c.o ABSOLUTE
    ../Drivers/STM32L0xx_HAL_Driver/Src/stm32l0xx_hal_i2c_ex.c 0x00000000   Number         0  stm32l0xx_hal_i2c_ex.o ABSOLUTE
    ../Drivers/STM32L0xx_HAL_Driver/Src/stm32l0xx_hal_iwdg.c 0x00000000   Number         0  stm32l0xx_hal_iwdg.o ABSOLUTE
    ../Drivers/STM32L0xx_HAL_Driver/Src/stm32l0xx_hal_pwr.c 0x00000000   Number         0  stm32l0xx_hal_pwr.o ABSOLUTE
    ../Drivers/STM32L0xx_HAL_Driver/Src/stm32l0xx_hal_pwr_ex.c 0x00000000   Number         0  stm32l0xx_hal_pwr_ex.o ABSOLUTE
    ../Drivers/STM32L0xx_HAL_Driver/Src/stm32l0xx_hal_rcc.c 0x00000000   Number         0  stm32l0xx_hal_rcc.o ABSOLUTE
    ../Drivers/STM32L0xx_HAL_Driver/Src/stm32l0xx_hal_rcc_ex.c 0x00000000   Number         0  stm32l0xx_hal_rcc_ex.o ABSOLUTE
    ../Drivers/STM32L0xx_HAL_Driver/Src/stm32l0xx_hal_rtc.c 0x00000000   Number         0  stm32l0xx_hal_rtc.o ABSOLUTE
    ../Drivers/STM32L0xx_HAL_Driver/Src/stm32l0xx_hal_rtc_ex.c 0x00000000   Number         0  stm32l0xx_hal_rtc_ex.o ABSOLUTE
    ../Drivers/STM32L0xx_HAL_Driver/Src/stm32l0xx_hal_tim.c 0x00000000   Number         0  stm32l0xx_hal_tim.o ABSOLUTE
    ../Drivers/STM32L0xx_HAL_Driver/Src/stm32l0xx_hal_tim_ex.c 0x00000000   Number         0  stm32l0xx_hal_tim_ex.o ABSOLUTE
    ../Drivers/STM32L0xx_HAL_Driver/Src/stm32l0xx_hal_uart.c 0x00000000   Number         0  stm32l0xx_hal_uart.o ABSOLUTE
    ../Drivers/STM32L0xx_HAL_Driver/Src/stm32l0xx_hal_uart_ex.c 0x00000000   Number         0  stm32l0xx_hal_uart_ex.o ABSOLUTE
    ../Src/adc.c                             0x00000000   Number         0  adc.o ABSOLUTE
    ../Src/dma.c                             0x00000000   Number         0  dma.o ABSOLUTE
    ../Src/gpio.c                            0x00000000   Number         0  gpio.o ABSOLUTE
    ../Src/i2c.c                             0x00000000   Number         0  i2c.o ABSOLUTE
    ../Src/iwdg.c                            0x00000000   Number         0  iwdg.o ABSOLUTE
    ../Src/main.c                            0x00000000   Number         0  main.o ABSOLUTE
    ../Src/rtc.c                             0x00000000   Number         0  rtc.o ABSOLUTE
    ../Src/stm32l0xx_hal_msp.c               0x00000000   Number         0  stm32l0xx_hal_msp.o ABSOLUTE
    ../Src/stm32l0xx_it.c                    0x00000000   Number         0  stm32l0xx_it.o ABSOLUTE
    ../Src/system_stm32l0xx.c                0x00000000   Number         0  system_stm32l0xx.o ABSOLUTE
    ../Src/usart.c                           0x00000000   Number         0  usart.o ABSOLUTE
    ../clib/microlib/ctype/ctype.c           0x00000000   Number         0  isdigit_o.o ABSOLUTE
    ../clib/microlib/ctype/ctype.c           0x00000000   Number         0  isspace_o.o ABSOLUTE
    ../clib/microlib/ctype/ctype.c           0x00000000   Number         0  iscntrl_o.o ABSOLUTE
    ../clib/microlib/ctype/ctype.c           0x00000000   Number         0  isblank_o.o ABSOLUTE
    ../clib/microlib/ctype/ctype.c           0x00000000   Number         0  isalnum_o.o ABSOLUTE
    ../clib/microlib/ctype/ctype.c           0x00000000   Number         0  ctype_o.o ABSOLUTE
    ../clib/microlib/ctype/ctype.c           0x00000000   Number         0  isspace_c.o ABSOLUTE
    ../clib/microlib/ctype/ctype.c           0x00000000   Number         0  isxdigit_o.o ABSOLUTE
[...]
    sendProtocolToServer                     0x08017cc9   Thumb Code   248  app_serverprotocol.o(i.sendProtocolToServer)
    setNextAlarmTime                         0x08017e5d   Thumb Code   304  app_port.o(i.setNextAlarmTime)
    setNextWakeUpTime                        0x08017f9d   Thumb Code   212  app_port.o(i.setNextWakeUpTime)
    showgpsinfo                              0x0801812d   Thumb Code   320  app_nmea.o(i.showgpsinfo)
    sin                                      0x0801839d   Thumb Code   146  sin.o(i.sin)
    sqrt                                     0x08018439   Thumb Code    66  sqrt.o(i.sqrt)
    startTimer                               0x08018481   Thumb Code    72  app_kernal.o(i.startTimer)
    stopTimer                                0x080184f1   Thumb Code    76  app_kernal.o(i.stopTimer)
    systemModeRunStart                       0x08018559   Thumb Code    32  app_task.o(i.systemModeRunStart)
    systemModeRunTask                        0x080185a9   Thumb Code   590  app_task.o(i.systemModeRunTask)
    systemRequestClear                       0x08018809   Thumb Code    10  app_task.o(i.systemRequestClear)
    systemRequestSet                         0x08018819   Thumb Code    10  app_task.o(i.systemRequestSet)
    systemRequestTask                        0x08018829   Thumb Code   202  app_task.o(i.systemRequestTask)
    systemShutDown                           0x08018999   Thumb Code   118  app_task.o(i.systemShutDown)
    systemTaskResume                         0x08018a29   Thumb Code    52  app_kernal.o(i.systemTaskResume)
    systemTaskSuspend                        0x08018a79   Thumb Code    50  app_kernal.o(i.systemTaskSuspend)
    taskRunInOneSecond                       0x08018ac9   Thumb Code    68  app_task.o(i.taskRunInOneSecond)
    terminalAccoff                           0x08018b11   Thumb Code    12  app_sys.o(i.terminalAccoff)
    terminalAccon                            0x08018b21   Thumb Code    12  app_sys.o(i.terminalAccon)
    terminalAlarmSet                         0x08018b31   Thumb Code    16  app_sys.o(i.terminalAlarmSet)
    terminalCharge                           0x08018b45   Thumb Code    12  app_sys.o(i.terminalCharge)
    terminalGPSFixed                         0x08018b55   Thumb Code    12  app_sys.o(i.terminalGPSFixed)
    terminalGPSUnFixed                       0x08018b65   Thumb Code    12  app_sys.o(i.terminalGPSUnFixed)
    terminalunCharge                         0x08018b75   Thumb Code    12  app_sys.o(i.terminalunCharge)
    test                                     0x08018b85   Thumb Code   146  app_atcmd.o(i.test)
    updateLocalRTCTime                       0x08018cbd   Thumb Code    98  app_gps.o(i.updateLocalRTCTime)
    updateRTCdatetime                        0x08018d29   Thumb Code   250  app_port.o(i.updateRTCdatetime)
    updateRTCtimeRequest                     0x08018e75   Thumb Code    12  app_sys.o(i.updateRTCtimeRequest)
    updateSystemLedStatus                    0x08018e85   Thumb Code   108  app_task.o(i.updateSystemLedStatus)
    updateSystemStartTime                    0x08018ef5   Thumb Code     8  app_sys.o(i.updateSystemStartTime)
    uploadGpsRestoreData                     0x08018f01   Thumb Code    44  app_serverprotocol.o(i.uploadGpsRestoreData)
    uploadRequestInMode4                     0x08018f35   Thumb Code   138  app_task.o(i.uploadRequestInMode4)
    voltageCheckTask                         0x08019081   Thumb Code   542  app_task.o(i.voltageCheckTask)
    wdtProcess                               0x080193dd   Thumb Code   182  app_task.o(i.wdtProcess)
    wifiUploadRequestTask                    0x08019519   Thumb Code    38  app_task.o(i.wifiUploadRequestTask)
    ztvm_encrypt_des                         0x0801954d   Thumb Code    86  app_sn.o(i.ztvm_encrypt_des)
    ztvm_encrypt_undes                       0x080195a3   Thumb Code    88  app_sn.o(i.ztvm_encrypt_undes)
    ztvm_encrypt_untrides                    0x080195fb   Thumb Code    40  app_sn.o(i.ztvm_encrypt_untrides)
    n58_cmd_table                            0x0801983a   Data        1176  app_net.o(.constdata)
    atcmdtable                               0x08019cd2   Data         323  app_atcmd.o(.constdata)
    instructiontable                         0x08019e15   Data         561  app_atcmd.o(.constdata)
    AHBPrescTable                            0x0801a3b0   Data          16  system_stm32l0xx.o(.constdata)
    PLLMulTable                              0x0801a3c0   Data           9  system_stm32l0xx.o(.constdata)
    APBPrescTable                            0x0801a3c9   Data           8  system_stm32l0xx.o(.constdata)
    __mathlib_zero                           0x0801a4f0   Data           8  qnan.o(.constdata)
    __ctype_table                            0x0801a5e8   Data         129  ctype_o.o(.constdata)
    Region$$Table$$Base                      0x0801a88c   Number         0  anon$$obj.o(Region$$Table)
    Region$$Table$$Limit                     0x0801a8ac   Number         0  anon$$obj.o(Region$$Table)
    i2c_addr                                 0x20000068   Data           1  app_mir3da.o(.data)
    uwTickFreq                               0x2000006c   Data           1  stm32l0xx_hal.o(.data)
    uwTickPrio                               0x20000070   Data           4  stm32l0xx_hal.o(.data)
    uwTick                                   0x20000074   Data           4  stm32l0xx_hal.o(.data)
    SystemCoreClock                          0x20000078   Data           4  system_stm32l0xx.o(.data)
    __microlib_freelist                      0x2000007c   Data           4  mvars.o(.data)
    __microlib_freelist_initialised          0x20000080   Data           4  mvars.o(.data)
    usart1_ctl                               0x20000098   Data          20  app_port.o(.bss)
    usart2_ctl                               0x200000ac   Data          20  app_port.o(.bss)
    usart3_ctl                               0x200000c0   Data          20  app_port.o(.bss)
    usart1rxbuf                              0x200000d4   Data         256  app_port.o(.bss)
    usart2rxbuf                              0x200001d4   Data        2560  app_port.o(.bss)
    usart3rxbuf                              0x20000bd4   Data         128  app_port.o(.bss)
    sysinfo                                  0x20000c54   Data         124  app_sys.o(.bss)
    sysparam                                 0x20000dd0   Data         448  app_param.o(.bss)
    CODEVERSION                              0x20000f90   Data          30  app_param.o(.bss)
    n58_invoke_status                        0x20000fb0   Data          12  app_net.o(.bss)
    n58_lte_status                           0x20000fbc   Data         149  app_net.o(.bss)
    netconnect                               0x20001074   Data          16  app_serverprotocol.o(.bss)
    rf                                       0x200015a0   Data          68  app_rec.o(.bss)
    lastuploadgpsinfo                        0x200019a8   Data          32  app_gpsarithmetic.o(.bss)
    ble_info                                 0x200019c8   Data          23  app_ble.o(.bss)
    hadc                                     0x200019e0   Data          92  adc.o(.bss)
    hi2c1                                    0x20001a3c   Data          76  i2c.o(.bss)
    hiwdg                                    0x20001a88   Data          16  iwdg.o(.bss)
    hlpuart1                                 0x20001a98   Data         132  usart.o(.bss)
    huart1                                   0x20001b1c   Data         132  usart.o(.bss)
    huart2                                   0x20001ba0   Data         132  usart.o(.bss)
    hdma_lpuart1_rx                          0x20001c24   Data          72  usart.o(.bss)
    hdma_usart1_rx                           0x20001c6c   Data          72  usart.o(.bss)
    hdma_usart2_rx                           0x20001cb4   Data          72  usart.o(.bss)
    hrtc                                     0x20001cfc   Data          36  rtc.o(.bss)
    pFlash                                   0x20001d20   Data          24  stm32l0xx_hal_flash.o(.bss)
    __heap_base                              0x20001d38   Data           0  startup_stm32l071xx.o(HEAP)
    __heap_limit                             0x20002d38   Data           0  startup_stm32l071xx.o(HEAP)
    __initial_sp                             0x20003d38   Data           0  startup_stm32l071xx.o(STACK)



==============================================================================

Memory Map of the image

  Image Entry point : 0x080078c1

  Load Region LR_IROM1 (Base: 0x08007800, Size: 0x00013134, Max: 0x00020000, ABSOLUTE)

    Execution Region ER_IROM1 (Exec base: 0x08007800, Load base: 0x08007800, Size: 0x000130ac, Max: 0x00020000, ABSOLUTE)

    Exec Addr    Load Addr    Size         Type   Attr      Idx    E Section Name        Object

    0x08007800   0x08007800   0x000000c0   Data   RO         6001    RESET               startup_stm32l071xx.o
    0x080078c0   0x080078c0   0x00000000   Code   RO         6054  * .ARM.Collect$$$$00000000  mc_p.l(entry.o)
    0x080078c0   0x080078c0   0x00000004   Code   RO         6442    .ARM.Collect$$$$00000001  mc_p.l(entry2.o)
    0x080078c4   0x080078c4   0x00000004   Code   RO         6445    .ARM.Collect$$$$00000004  mc_p.l(entry5.o)
    0x080078c8   0x080078c8   0x00000000   Code   RO         6447    .ARM.Collect$$$$00000008  mc_p.l(entry7b.o)
    0x080078c8   0x080078c8   0x00000000   Code   RO         6449    .ARM.Collect$$$$0000000A  mc_p.l(entry8b.o)
    0x080078c8   0x080078c8   0x00000008   Code   RO         6450    .ARM.Collect$$$$0000000B  mc_p.l(entry9a.o)
    0x080078d0   0x080078d0   0x00000004   Code   RO         6457    .ARM.Collect$$$$0000000E  mc_p.l(entry12b.o)
    0x080078d4   0x080078d4   0x00000000   Code   RO         6452    .ARM.Collect$$$$0000000F  mc_p.l(entry10a.o)
    0x080078d4   0x080078d4   0x00000000   Code   RO         6454    .ARM.Collect$$$$00000011  mc_p.l(entry11a.o)
    0x080078d4   0x080078d4   0x00000004   Code   RO         6443    .ARM.Collect$$$$00002712  mc_p.l(entry2.o)
    0x080078d8   0x080078d8   0x0000001c   Code   RO         6002    .text               startup_stm32l071xx.o
    0x080078f4   0x080078f4   0x0000002c   Code   RO         6057    .text               mc_p.l(uidiv.o)
    0x08007920   0x08007920   0x00000028   Code   RO         6059    .text               mc_p.l(idiv.o)
    0x08007948   0x08007948   0x00000060   Code   RO         6061    .text               mc_p.l(uldiv.o)
    0x080079a8   0x080079a8   0x0000008c   Code   RO         6063    .text               mc_p.l(mktime.o)
    0x08007a34   0x08007a34   0x00000024   Code   RO         6066    .text               mc_p.l(memcpya.o)
    0x08007a58   0x08007a58   0x00000024   Code   RO         6068    .text               mc_p.l(memseta.o)
    0x08007a7c   0x08007a7c   0x00000028   Code   RO         6070    .text               mc_p.l(strstr.o)
    0x08007aa4   0x08007aa4   0x0000001a   Code   RO         6072    .text               mc_p.l(strncpy.o)
    0x08007abe   0x08007abe   0x0000000e   Code   RO         6074    .text               mc_p.l(strlen.o)
    0x08007acc   0x08007acc   0x00000012   Code   RO         6076    .text               mc_p.l(strcpy.o)
    0x08007ade   0x08007ade   0x00000076   Code   RO         6369    .text               mc_p.l(strtoul.o)
    0x08007b54   0x08007b54   0x0000001a   Code   RO         6371    .text               mc_p.l(atoi.o)
    0x08007b6e   0x08007b6e   0x0000001a   Code   RO         6373    .text               mc_p.l(atol.o)
    0x08007b88   0x08007b88   0x000000b2   Code   RO         6375    .text               mf_p.l(fadd.o)
    0x08007c3a   0x08007c3a   0x0000007a   Code   RO         6377    .text               mf_p.l(fmul.o)
    0x08007cb4   0x08007cb4   0x0000007c   Code   RO         6379    .text               mf_p.l(fdiv.o)
    0x08007d30   0x08007d30   0x00000168   Code   RO         6381    .text               mf_p.l(dadd.o)
    0x08007e98   0x08007e98   0x000000d0   Code   RO         6383    .text               mf_p.l(dmul.o)
    0x08007f68   0x08007f68   0x000000f0   Code   RO         6385    .text               mf_p.l(ddiv.o)
    0x08008058   0x08008058   0x0000002c   Code   RO         6387    .text               mf_p.l(dscalb.o)
    0x08008084   0x08008084   0x0000000e   Code   RO         6389    .text               mf_p.l(ffltui.o)
    0x08008092   0x08008092   0x00000002   PAD
    0x08008094   0x08008094   0x00000028   Code   RO         6391    .text               mf_p.l(dflti.o)
    0x080080bc   0x080080bc   0x0000001c   Code   RO         6393    .text               mf_p.l(dfltui.o)
    0x080080d8   0x080080d8   0x00000028   Code   RO         6395    .text               mf_p.l(ffixui.o)
    0x08008100   0x08008100   0x0000003c   Code   RO         6397    .text               mf_p.l(dfixui.o)
    0x0800813c   0x0800813c   0x00000028   Code   RO         6399    .text               mf_p.l(f2d.o)
    0x08008164   0x08008164   0x00000028   Code   RO         6401    .text               mf_p.l(cdcmple.o)
    0x0800818c   0x0800818c   0x00000028   Code   RO         6403    .text               mf_p.l(cdrcmple.o)
    0x080081b4   0x080081b4   0x00000038   Code   RO         6405    .text               mf_p.l(d2f.o)
    0x080081ec   0x080081ec   0x00000014   Code   RO         6407    .text               mf_p.l(cfcmple.o)
    0x08008200   0x08008200   0x00000020   Code   RO         6461    .text               mc_p.l(llshl.o)
    0x08008220   0x08008220   0x00000022   Code   RO         6463    .text               mc_p.l(llushr.o)
    0x08008242   0x08008242   0x00000026   Code   RO         6465    .text               mc_p.l(llsshr.o)
    0x08008268   0x08008268   0x00000008   Code   RO         6467    .text               mc_p.l(ctype_o.o)
    0x08008270   0x08008270   0x00000012   Code   RO         6489    .text               mc_p.l(isspace_o.o)
    0x08008282   0x08008282   0x00000002   PAD
    0x08008284   0x08008284   0x00000074   Code   RO         6498    .text               mc_p.l(localtime_i.o)
    0x080082f8   0x080082f8   0x000000a6   Code   RO         6510    .text               mc_p.l(_strtoul.o)
    0x0800839e   0x0800839e   0x00000002   PAD
    0x080083a0   0x080083a0   0x000000a4   Code   RO         6512    .text               mc_p.l(strtod.o)
    0x08008444   0x08008444   0x00000070   Code   RO         6514    .text               mc_p.l(strtol.o)
    0x080084b4   0x080084b4   0x00000000   Code   RO         6516    .text               mc_p.l(iusefp.o)
    0x080084b4   0x080084b4   0x00000082   Code   RO         6517    .text               mf_p.l(fepilogue.o)
    0x08008536   0x08008536   0x000000be   Code   RO         6519    .text               mf_p.l(depilogue.o)
    0x080085f4   0x080085f4   0x000000a2   Code   RO         6523    .text               mf_p.l(dsqrt.o)
    0x08008696   0x08008696   0x00000002   PAD
    0x08008698   0x08008698   0x00000040   Code   RO         6525    .text               mf_p.l(dfixul.o)
    0x080086d8   0x080086d8   0x00000024   Code   RO         6527    .text               mc_p.l(init.o)
    0x080086fc   0x080086fc   0x0000001e   Code   RO         6532    .text               mc_p.l(_chval.o)
    0x0800871a   0x0800871a   0x00000002   PAD
    0x0800871c   0x0800871c   0x00000374   Code   RO         6534    .text               mc_p.l(scanf_fp.o)
    0x08008a90   0x08008a90   0x00000044   Code   RO         6538    .text               mc_p.l(_sgetc.o)
    0x08008ad4   0x08008ad4   0x00000048   Code   RO         6541    .text               mf_p.l(dfixi.o)
    0x08008b1c   0x08008b1c   0x0000007a   Code   RO         6543    .text               mc_p.l(llmul.o)
    0x08008b96   0x08008b96   0x00000002   PAD
    0x08008b98   0x08008b98   0x0000001c   Code   RO         6548    .text               mf_p.l(dfltul.o)
    0x08008bb4   0x08008bb4   0x00000052   Code   RO         3209    i.ADC_ConversionStop  stm32l0xx_hal_adc.o
    0x08008c06   0x08008c06   0x00000002   PAD
    0x08008c08   0x08008c08   0x00000024   Code   RO         3213    i.ADC_DelayMicroSecond  stm32l0xx_hal_adc.o
    0x08008c2c   0x08008c2c   0x00000060   Code   RO         3214    i.ADC_Disable       stm32l0xx_hal_adc.o
    0x08008c8c   0x08008c8c   0x00000064   Code   RO         3215    i.ADC_Enable        stm32l0xx_hal_adc.o
    0x08008cf0   0x08008cf0   0x000000e4   Code   RO         1049    i.CreateNodeCmd     app_net.o
    0x08008dd4   0x08008dd4   0x000000fc   Code   RO            3    i.Create_Timer      app_kernal.o
    0x08008ed0   0x08008ed0   0x00000010   Code   RO         3099    i.DMA1_Channel2_3_IRQHandler  stm32l0xx_it.o
    0x08008ee0   0x08008ee0   0x00000018   Code   RO         3100    i.DMA1_Channel4_5_6_7_IRQHandler  stm32l0xx_it.o
    0x08008ef8   0x08008ef8   0x0000002c   Code   RO         4645    i.DMA_SetConfig     stm32l0xx_hal_dma.o
    0x08008f24   0x08008f24   0x00000018   Code   RO         3101    i.EXTI4_15_IRQHandler  stm32l0xx_it.o
    0x08008f3c   0x08008f3c   0x00000002   Code   RO         2831    i.Error_Handler     main.o
    0x08008f3e   0x08008f3e   0x00000002   PAD
    0x08008f40   0x08008f40   0x00000090   Code   RO         4377    i.FLASH_SetErrorCode  stm32l0xx_hal_flash.o
    0x08008fd0   0x08008fd0   0x00000070   Code   RO         4378    i.FLASH_WaitForLastOperation  stm32l0xx_hal_flash.o
    0x08009040   0x08009040   0x0000002c   Code   RO          429    i.GetCrc16          app_sys.o
    0x0800906c   0x0800906c   0x000000aa   Code   RO         3392    i.HAL_ADCEx_Calibration_Start  stm32l0xx_hal_adc_ex.o
    0x08009116   0x08009116   0x00000002   PAD
    0x08009118   0x08009118   0x00000094   Code   RO         3217    i.HAL_ADC_ConfigChannel  stm32l0xx_hal_adc.o
    0x080091ac   0x080091ac   0x00000004   Code   RO         3223    i.HAL_ADC_GetState  stm32l0xx_hal_adc.o
    0x080091b0   0x080091b0   0x00000006   Code   RO         3224    i.HAL_ADC_GetValue  stm32l0xx_hal_adc.o
    0x080091b6   0x080091b6   0x00000002   PAD
    0x080091b8   0x080091b8   0x000001c8   Code   RO         3226    i.HAL_ADC_Init      stm32l0xx_hal_adc.o
    0x08009380   0x08009380   0x00000050   Code   RO         2890    i.HAL_ADC_MspInit   adc.o
    0x080093d0   0x080093d0   0x000000c0   Code   RO         3230    i.HAL_ADC_PollForConversion  stm32l0xx_hal_adc.o
    0x08009490   0x08009490   0x0000005c   Code   RO         3232    i.HAL_ADC_Start     stm32l0xx_hal_adc.o
    0x080094ec   0x080094ec   0x0000003e   Code   RO         3235    i.HAL_ADC_Stop      stm32l0xx_hal_adc.o
    0x0800952a   0x0800952a   0x00000044   Code   RO         4646    i.HAL_DMA_Abort     stm32l0xx_hal_dma.o
    0x0800956e   0x0800956e   0x0000004c   Code   RO         4647    i.HAL_DMA_Abort_IT  stm32l0xx_hal_dma.o
    0x080095ba   0x080095ba   0x00000002   PAD
    0x080095bc   0x080095bc   0x00000068   Code   RO         4648    i.HAL_DMA_DeInit    stm32l0xx_hal_dma.o
    0x08009624   0x08009624   0x00000004   Code   RO         4649    i.HAL_DMA_GetError  stm32l0xx_hal_dma.o
    0x08009628   0x08009628   0x000000a8   Code   RO         4651    i.HAL_DMA_IRQHandler  stm32l0xx_hal_dma.o
    0x080096d0   0x080096d0   0x00000090   Code   RO         4652    i.HAL_DMA_Init      stm32l0xx_hal_dma.o
    0x08009760   0x08009760   0x00000068   Code   RO         4656    i.HAL_DMA_Start_IT  stm32l0xx_hal_dma.o
    0x080097c8   0x080097c8   0x00000024   Code   RO         3455    i.HAL_Delay         stm32l0xx_hal.o
    0x080097ec   0x080097ec   0x00000014   Code   RO         4481    i.HAL_FLASHEx_DATAEEPROM_Lock  stm32l0xx_hal_flash_ex.o
    0x08009800   0x08009800   0x00000054   Code   RO         4482    i.HAL_FLASHEx_DATAEEPROM_Program  stm32l0xx_hal_flash_ex.o
    0x08009854   0x08009854   0x00000034   Code   RO         4483    i.HAL_FLASHEx_DATAEEPROM_Unlock  stm32l0xx_hal_flash_ex.o
    0x08009888   0x08009888   0x000000f0   Code   RO         4583    i.HAL_GPIO_DeInit   stm32l0xx_hal_gpio.o
    0x08009978   0x08009978   0x00000022   Code   RO          637    i.HAL_GPIO_EXTI_Callback  app_user.o
    0x0800999a   0x0800999a   0x00000002   PAD
    0x0800999c   0x0800999c   0x00000018   Code   RO         4585    i.HAL_GPIO_EXTI_IRQHandler  stm32l0xx_hal_gpio.o
    0x080099b4   0x080099b4   0x00000184   Code   RO         4586    i.HAL_GPIO_Init     stm32l0xx_hal_gpio.o
    0x08009b38   0x08009b38   0x0000000a   Code   RO         4588    i.HAL_GPIO_ReadPin  stm32l0xx_hal_gpio.o
    0x08009b42   0x08009b42   0x0000000c   Code   RO         4590    i.HAL_GPIO_WritePin  stm32l0xx_hal_gpio.o
    0x08009b4e   0x08009b4e   0x00000002   PAD
    0x08009b50   0x08009b50   0x0000000c   Code   RO         3459    i.HAL_GetTick       stm32l0xx_hal.o
    0x08009b5c   0x08009b5c   0x0000004a   Code   RO         4110    i.HAL_I2CEx_ConfigAnalogFilter  stm32l0xx_hal_i2c_ex.o
    0x08009ba6   0x08009ba6   0x00000048   Code   RO         4111    i.HAL_I2CEx_ConfigDigitalFilter  stm32l0xx_hal_i2c_ex.o
    0x08009bee   0x08009bee   0x00000034   Code   RO         3654    i.HAL_I2C_DeInit    stm32l0xx_hal_i2c.o
    0x08009c22   0x08009c22   0x00000002   PAD
    0x08009c24   0x08009c24   0x000000b4   Code   RO         3663    i.HAL_I2C_Init      stm32l0xx_hal_i2c.o
    0x08009cd8   0x08009cd8   0x00000154   Code   RO         3681    i.HAL_I2C_Mem_Read  stm32l0xx_hal_i2c.o
    0x08009e2c   0x08009e2c   0x0000014c   Code   RO         3684    i.HAL_I2C_Mem_Write  stm32l0xx_hal_i2c.o
    0x08009f78   0x08009f78   0x00000038   Code   RO         2947    i.HAL_I2C_MspDeInit  i2c.o
    0x08009fb0   0x08009fb0   0x0000005c   Code   RO         2948    i.HAL_I2C_MspInit   i2c.o
    0x0800a00c   0x0800a00c   0x00000064   Code   RO         5088    i.HAL_IWDG_Init     stm32l0xx_hal_iwdg.o
    0x0800a070   0x0800a070   0x00000010   Code   RO         5089    i.HAL_IWDG_Refresh  stm32l0xx_hal_iwdg.o
    0x0800a080   0x0800a080   0x00000010   Code   RO         3465    i.HAL_IncTick       stm32l0xx_hal.o
    0x0800a090   0x0800a090   0x00000028   Code   RO         3466    i.HAL_Init          stm32l0xx_hal.o
    0x0800a0b8   0x0800a0b8   0x00000044   Code   RO         3467    i.HAL_InitTick      stm32l0xx_hal.o
    0x0800a0fc   0x0800a0fc   0x00000018   Code   RO         3189    i.HAL_MspInit       stm32l0xx_hal_msp.o
    0x0800a114   0x0800a114   0x00000020   Code   RO         4912    i.HAL_NVIC_DisableIRQ  stm32l0xx_hal_cortex.o
    0x0800a134   0x0800a134   0x00000018   Code   RO         4913    i.HAL_NVIC_EnableIRQ  stm32l0xx_hal_cortex.o
    0x0800a14c   0x0800a14c   0x00000008   Code   RO         4917    i.HAL_NVIC_SetPriority  stm32l0xx_hal_cortex.o
    0x0800a154   0x0800a154   0x0000001c   Code   RO         4918    i.HAL_NVIC_SystemReset  stm32l0xx_hal_cortex.o
    0x0800a170   0x0800a170   0x00000010   Code   RO         4855    i.HAL_PWREx_EnableFastWakeUp  stm32l0xx_hal_pwr_ex.o
    0x0800a180   0x0800a180   0x00000010   Code   RO         4857    i.HAL_PWREx_EnableUltraLowPower  stm32l0xx_hal_pwr_ex.o
    0x0800a190   0x0800a190   0x00000010   Code   RO         4743    i.HAL_PWR_EnableBkUpAccess  stm32l0xx_hal_pwr.o
    0x0800a1a0   0x0800a1a0   0x00000064   Code   RO         4750    i.HAL_PWR_EnterSTOPMode  stm32l0xx_hal_pwr.o
    0x0800a204   0x0800a204   0x00000178   Code   RO         4261    i.HAL_RCCEx_PeriphCLKConfig  stm32l0xx_hal_rcc_ex.o
    0x0800a37c   0x0800a37c   0x0000019c   Code   RO         4161    i.HAL_RCC_ClockConfig  stm32l0xx_hal_rcc.o
    0x0800a518   0x0800a518   0x00000020   Code   RO         4167    i.HAL_RCC_GetPCLK1Freq  stm32l0xx_hal_rcc.o
    0x0800a538   0x0800a538   0x00000020   Code   RO         4168    i.HAL_RCC_GetPCLK2Freq  stm32l0xx_hal_rcc.o
    0x0800a558   0x0800a558   0x00000078   Code   RO         4169    i.HAL_RCC_GetSysClockFreq  stm32l0xx_hal_rcc.o
    0x0800a5d0   0x0800a5d0   0x00000432   Code   RO         4172    i.HAL_RCC_OscConfig  stm32l0xx_hal_rcc.o
    0x0800aa02   0x0800aa02   0x00000002   Code   RO         5715    i.HAL_RTCEx_AlarmBEventCallback  stm32l0xx_hal_rtc_ex.o
    0x0800aa04   0x0800aa04   0x000000f8   Code   RO         5742    i.HAL_RTCEx_SetWakeUpTimer_IT  stm32l0xx_hal_rtc_ex.o
    0x0800aafc   0x0800aafc   0x0000000a   Code   RO          219    i.HAL_RTCEx_WakeUpTimerEventCallback  app_port.o
    0x0800ab06   0x0800ab06   0x00000002   PAD
    0x0800ab08   0x0800ab08   0x00000038   Code   RO         5749    i.HAL_RTCEx_WakeUpTimerIRQHandler  stm32l0xx_hal_rtc_ex.o
    0x0800ab40   0x0800ab40   0x00000078   Code   RO          220    i.HAL_RTC_AlarmAEventCallback  app_port.o
    0x0800abb8   0x0800abb8   0x00000060   Code   RO         5583    i.HAL_RTC_AlarmIRQHandler  stm32l0xx_hal_rtc.o
    0x0800ac18   0x0800ac18   0x000000b8   Code   RO         5585    i.HAL_RTC_DeactivateAlarm  stm32l0xx_hal_rtc.o
    0x0800acd0   0x0800acd0   0x0000008c   Code   RO         5586    i.HAL_RTC_GetAlarm  stm32l0xx_hal_rtc.o
    0x0800ad5c   0x0800ad5c   0x00000044   Code   RO         5587    i.HAL_RTC_GetDate   stm32l0xx_hal_rtc.o
    0x0800ada0   0x0800ada0   0x0000005c   Code   RO         5589    i.HAL_RTC_GetTime   stm32l0xx_hal_rtc.o
    0x0800adfc   0x0800adfc   0x000000bc   Code   RO         5590    i.HAL_RTC_Init      stm32l0xx_hal_rtc.o
    0x0800aeb8   0x0800aeb8   0x00000030   Code   RO         3062    i.HAL_RTC_MspInit   rtc.o
    0x0800aee8   0x0800aee8   0x00000190   Code   RO         5595    i.HAL_RTC_SetAlarm_IT  stm32l0xx_hal_rtc.o
    0x0800b078   0x0800b078   0x000000c4   Code   RO         5596    i.HAL_RTC_SetDate   stm32l0xx_hal_rtc.o
    0x0800b13c   0x0800b13c   0x000000e8   Code   RO         5597    i.HAL_RTC_SetTime   stm32l0xx_hal_rtc.o
    0x0800b224   0x0800b224   0x00000034   Code   RO         5598    i.HAL_RTC_WaitForSynchro  stm32l0xx_hal_rtc.o
    0x0800b258   0x0800b258   0x00000010   Code   RO         3470    i.HAL_ResumeTick    stm32l0xx_hal.o
    0x0800b268   0x0800b268   0x00000030   Code   RO         4921    i.HAL_SYSTICK_Config  stm32l0xx_hal_cortex.o
    0x0800b298   0x0800b298   0x00000010   Code   RO         3476    i.HAL_SuspendTick   stm32l0xx_hal.o
    0x0800b2a8   0x0800b2a8   0x00000002   Code   RO         5123    i.HAL_UARTEx_RxEventCallback  stm32l0xx_hal_uart.o
    0x0800b2aa   0x0800b2aa   0x00000002   Code   RO         5512    i.HAL_UARTEx_WakeupCallback  stm32l0xx_hal_uart_ex.o
    0x0800b2ac   0x0800b2ac   0x0000007e   Code   RO         5135    i.HAL_UART_DMAStop  stm32l0xx_hal_uart.o
    0x0800b32a   0x0800b32a   0x0000003e   Code   RO         5136    i.HAL_UART_DeInit   stm32l0xx_hal_uart.o
    0x0800b368   0x0800b368   0x000000c8   Code   RO          221    i.HAL_UART_ErrorCallback  app_port.o
    0x0800b430   0x0800b430   0x00000220   Code   RO         5142    i.HAL_UART_IRQHandler  stm32l0xx_hal_uart.o
    0x0800b650   0x0800b650   0x0000006a   Code   RO         5143    i.HAL_UART_Init     stm32l0xx_hal_uart.o
    0x0800b6ba   0x0800b6ba   0x00000002   PAD
    0x0800b6bc   0x0800b6bc   0x00000090   Code   RO         3011    i.HAL_UART_MspDeInit  usart.o
    0x0800b74c   0x0800b74c   0x00000180   Code   RO         3012    i.HAL_UART_MspInit  usart.o
    0x0800b8cc   0x0800b8cc   0x00000060   Code   RO         5147    i.HAL_UART_Receive_DMA  stm32l0xx_hal_uart.o
    0x0800b92c   0x0800b92c   0x00000080   Code   RO          222    i.HAL_UART_RxCpltCallback  app_port.o
    0x0800b9ac   0x0800b9ac   0x00000002   Code   RO         5151    i.HAL_UART_RxHalfCpltCallback  stm32l0xx_hal_uart.o
    0x0800b9ae   0x0800b9ae   0x000000d2   Code   RO         5152    i.HAL_UART_Transmit  stm32l0xx_hal_uart.o
    0x0800ba80   0x0800ba80   0x00000002   Code   RO         5155    i.HAL_UART_TxCpltCallback  stm32l0xx_hal_uart.o
    0x0800ba82   0x0800ba82   0x00000002   PAD
    0x0800ba84   0x0800ba84   0x00000014   Code   RO         3102    i.HardFault_Handler  stm32l0xx_it.o
    0x0800ba98   0x0800ba98   0x00000022   Code   RO         3710    i.I2C_Flush_TXDR    stm32l0xx_hal_i2c.o
    0x0800baba   0x0800baba   0x00000002   PAD
    0x0800babc   0x0800babc   0x00000070   Code   RO         3718    i.I2C_IsAcknowledgeFailed  stm32l0xx_hal_i2c.o
    0x0800bb2c   0x0800bb2c   0x00000060   Code   RO         3721    i.I2C_RequestMemoryRead  stm32l0xx_hal_i2c.o
    0x0800bb8c   0x0800bb8c   0x00000060   Code   RO         3722    i.I2C_RequestMemoryWrite  stm32l0xx_hal_i2c.o
    0x0800bbec   0x0800bbec   0x00000028   Code   RO         3725    i.I2C_TransferConfig  stm32l0xx_hal_i2c.o
    0x0800bc14   0x0800bc14   0x0000004e   Code   RO         3727    i.I2C_WaitOnFlagUntilTimeout  stm32l0xx_hal_i2c.o
    0x0800bc62   0x0800bc62   0x0000004c   Code   RO         3729    i.I2C_WaitOnSTOPFlagUntilTimeout  stm32l0xx_hal_i2c.o
    0x0800bcae   0x0800bcae   0x00000050   Code   RO         3730    i.I2C_WaitOnTXISFlagUntilTimeout  stm32l0xx_hal_i2c.o
    0x0800bcfe   0x0800bcfe   0x00000002   PAD
    0x0800bd00   0x0800bd00   0x00000014   Code   RO         3103    i.LPUART1_IRQHandler  stm32l0xx_it.o
    0x0800bd14   0x0800bd14   0x00000028   Code   RO          430    i.LogMessage        app_sys.o
    0x0800bd3c   0x0800bd3c   0x0000001c   Code   RO          431    i.LogMessageWL      app_sys.o
    0x0800bd58   0x0800bd58   0x00000070   Code   RO          432    i.LogPrintf         app_sys.o
    0x0800bdc8   0x0800bdc8   0x00000070   Code   RO         2891    i.MX_ADC_Init       adc.o
    0x0800be38   0x0800be38   0x00000038   Code   RO         2927    i.MX_DMA_Init       dma.o
    0x0800be70   0x0800be70   0x0000010c   Code   RO         2869    i.MX_GPIO_Init      gpio.o
    0x0800bf7c   0x0800bf7c   0x00000058   Code   RO         2949    i.MX_I2C1_Init      i2c.o
    0x0800bfd4   0x0800bfd4   0x0000002c   Code   RO         2985    i.MX_IWDG_Init      iwdg.o
    0x0800c000   0x0800c000   0x00000038   Code   RO         3013    i.MX_LPUART1_UART_Init  usart.o
    0x0800c038   0x0800c038   0x00000044   Code   RO         3063    i.MX_RTC_Init       rtc.o
    0x0800c07c   0x0800c07c   0x00000038   Code   RO         3014    i.MX_USART1_UART_Init  usart.o
    0x0800c0b4   0x0800c0b4   0x00000038   Code   RO         3015    i.MX_USART2_UART_Init  usart.o
    0x0800c0ec   0x0800c0ec   0x0000001c   Code   RO         1050    i.N58_ChangeInvokeStatus  app_net.o
    0x0800c108   0x0800c108   0x0000002c   Code   RO         1052    i.N58_CreateSocket  app_net.o
    0x0800c134   0x0800c134   0x00000044   Code   RO         1053    i.N58enterFlightMode  app_net.o
    0x0800c178   0x0800c178   0x00000044   Code   RO         1054    i.N58enterNormalMode  app_net.o
    0x0800c1bc   0x0800c1bc   0x00000002   Code   RO         3104    i.NMI_Handler       stm32l0xx_it.o
    0x0800c1be   0x0800c1be   0x00000002   Code   RO         3105    i.PendSV_Handler    stm32l0xx_it.o
    0x0800c1c0   0x0800c1c0   0x00000010   Code   RO         5599    i.RTC_Bcd2ToByte    stm32l0xx_hal_rtc.o
    0x0800c1d0   0x0800c1d0   0x00000018   Code   RO         5600    i.RTC_ByteToBcd2    stm32l0xx_hal_rtc.o
    0x0800c1e8   0x0800c1e8   0x00000038   Code   RO         5601    i.RTC_EnterInitMode  stm32l0xx_hal_rtc.o
    0x0800c220   0x0800c220   0x00000014   Code   RO         3106    i.RTC_IRQHandler    stm32l0xx_it.o
    0x0800c234   0x0800c234   0x00000002   Code   RO         3107    i.SVC_Handler       stm32l0xx_it.o
    0x0800c236   0x0800c236   0x00000008   Code   RO         3108    i.SysTick_Handler   stm32l0xx_it.o
    0x0800c23e   0x0800c23e   0x00000002   PAD
    0x0800c240   0x0800c240   0x00000090   Code   RO         2832    i.SystemClock_Config  main.o
    0x0800c2d0   0x0800c2d0   0x00000058   Code   RO         5968    i.SystemInit        system_stm32l0xx.o
    0x0800c328   0x0800c328   0x000000ca   Code   RO         5157    i.UART_AdvFeatureConfig  stm32l0xx_hal_uart.o
    0x0800c3f2   0x0800c3f2   0x00000002   PAD
    0x0800c3f4   0x0800c3f4   0x00000064   Code   RO         5158    i.UART_CheckIdleState  stm32l0xx_hal_uart.o
    0x0800c458   0x0800c458   0x00000014   Code   RO         5159    i.UART_DMAAbortOnError  stm32l0xx_hal_uart.o
    0x0800c46c   0x0800c46c   0x0000004c   Code   RO         5160    i.UART_DMAError     stm32l0xx_hal_uart.o
    0x0800c4b8   0x0800c4b8   0x0000005e   Code   RO         5161    i.UART_DMAReceiveCplt  stm32l0xx_hal_uart.o
    0x0800c516   0x0800c516   0x0000001c   Code   RO         5163    i.UART_DMARxHalfCplt  stm32l0xx_hal_uart.o
    0x0800c532   0x0800c532   0x00000032   Code   RO         5169    i.UART_EndRxTransfer  stm32l0xx_hal_uart.o
    0x0800c564   0x0800c564   0x00000010   Code   RO         5170    i.UART_EndTxTransfer  stm32l0xx_hal_uart.o
    0x0800c574   0x0800c574   0x00000214   Code   RO         5173    i.UART_SetConfig    stm32l0xx_hal_uart.o
    0x0800c788   0x0800c788   0x0000008c   Code   RO         5174    i.UART_Start_Receive_DMA  stm32l0xx_hal_uart.o
    0x0800c814   0x0800c814   0x0000009e   Code   RO         5178    i.UART_WaitOnFlagUntilTimeout  stm32l0xx_hal_uart.o
    0x0800c8b2   0x0800c8b2   0x00000002   PAD
    0x0800c8b4   0x0800c8b4   0x00000014   Code   RO         3109    i.USART1_IRQHandler  stm32l0xx_it.o
    0x0800c8c8   0x0800c8c8   0x00000014   Code   RO         3110    i.USART2_IRQHandler  stm32l0xx_it.o
    0x0800c8dc   0x0800c8dc   0x00000014   Code   RO          223    i.UsartInterruptHandler  app_port.o
    0x0800c8f0   0x0800c8f0   0x00000018   Code   RO          224    i.UsartReceiveDataPost  app_port.o
    0x0800c908   0x0800c908   0x00000026   Code   RO         2578    i.XINGSHENG_ID_ASCII_Decoding  app_sn.o
    0x0800c92e   0x0800c92e   0x00000084   Code   RO         2579    i.XINGSHENG_ID_Decoder  app_sn.o
    0x0800c9b2   0x0800c9b2   0x00000002   PAD
    0x0800c9b4   0x0800c9b4   0x00000028   Code   RO         6315    i.__0sprintf        mc_p.l(printfa.o)
    0x0800c9dc   0x0800c9dc   0x00000024   Code   RO         6319    i.__0vsprintf       mc_p.l(printfa.o)
    0x0800ca00   0x0800ca00   0x0000002e   Code   RO         6521    i.__ARM_clz         mf_p.l(depilogue.o)
    0x0800ca2e   0x0800ca2e   0x00000030   Code   RO         4246    i.__ARM_common_ll_muluu  stm32l0xx_hal_rcc.o
    0x0800ca5e   0x0800ca5e   0x0000001a   Code   RO         1431    i.__ARM_common_switch8  app_net.o
    0x0800ca78   0x0800ca78   0x0000002c   Code   RO         6426    i.__ARM_fpclassify  m_ps.l(fpclassify.o)
    0x0800caa4   0x0800caa4   0x00000044   Code   RO         4923    i.__NVIC_SetPriority  stm32l0xx_hal_cortex.o
    0x0800cae8   0x0800cae8   0x00000008   Code   RO         6503    i.__aeabi_errno_addr  mc_p.l(errno.o)
    0x0800caf0   0x0800caf0   0x0000039c   Code   RO         6431    i.__ieee754_rem_pio2  m_ps.l(rred.o)
    0x0800ce8c   0x0800ce8c   0x000000f4   Code   RO         6409    i.__kernel_cos      m_ps.l(cos_i.o)
    0x0800cf80   0x0800cf80   0x000000ac   Code   RO         6428    i.__kernel_poly     m_ps.l(poly.o)
    0x0800d02c   0x0800d02c   0x000000ec   Code   RO         6436    i.__kernel_sin      m_ps.l(sin_i.o)
    0x0800d118   0x0800d118   0x00000014   Code   RO         6412    i.__mathlib_dbl_divzero  m_ps.l(dunder.o)
    0x0800d12c   0x0800d12c   0x0000000a   Code   RO         6413    i.__mathlib_dbl_infnan  m_ps.l(dunder.o)
    0x0800d136   0x0800d136   0x00000008   Code   RO         6414    i.__mathlib_dbl_infnan2  m_ps.l(dunder.o)
    0x0800d13e   0x0800d13e   0x00000010   Code   RO         6415    i.__mathlib_dbl_invalid  m_ps.l(dunder.o)
    0x0800d14e   0x0800d14e   0x00000002   PAD
    0x0800d150   0x0800d150   0x00000014   Code   RO         6416    i.__mathlib_dbl_overflow  m_ps.l(dunder.o)
    0x0800d164   0x0800d164   0x00000014   Code   RO         6418    i.__mathlib_dbl_underflow  m_ps.l(dunder.o)
    0x0800d178   0x0800d178   0x0000000c   Code   RO         6504    i.__read_errno      mc_p.l(errno.o)
    0x0800d184   0x0800d184   0x0000000e   Code   RO         6552    i.__scatterload_copy  mc_p.l(handlers.o)
    0x0800d192   0x0800d192   0x00000002   Code   RO         6553    i.__scatterload_null  mc_p.l(handlers.o)
    0x0800d194   0x0800d194   0x0000000e   Code   RO         6554    i.__scatterload_zeroinit  mc_p.l(handlers.o)
    0x0800d1a2   0x0800d1a2   0x00000002   PAD
    0x0800d1a4   0x0800d1a4   0x0000000c   Code   RO         6505    i.__set_errno       mc_p.l(errno.o)
    0x0800d1b0   0x0800d1b0   0x00000174   Code   RO         6320    i._fp_digits        mc_p.l(printfa.o)
    0x0800d324   0x0800d324   0x0000000e   Code   RO         6536    i._is_digit         mc_p.l(scanf_fp.o)
    0x0800d332   0x0800d332   0x00000002   PAD
    0x0800d334   0x0800d334   0x000006f0   Code   RO         6321    i._printf_core      mc_p.l(printfa.o)
    0x0800da24   0x0800da24   0x00000020   Code   RO         6322    i._printf_post_padding  mc_p.l(printfa.o)
    0x0800da44   0x0800da44   0x0000002c   Code   RO         6323    i._printf_pre_padding  mc_p.l(printfa.o)
    0x0800da70   0x0800da70   0x0000000a   Code   RO         6325    i._sputc            mc_p.l(printfa.o)
    0x0800da7a   0x0800da7a   0x00000002   PAD
    0x0800da7c   0x0800da7c   0x000000a0   Code   RO         1905    i.addNewGPSInfo     app_gps.o
    0x0800db1c   0x0800db1c   0x00000010   Code   RO         1451    i.alarmRequestClear  app_task.o
    0x0800db2c   0x0800db2c   0x00000010   Code   RO         1452    i.alarmRequestSet   app_task.o
    0x0800db3c   0x0800db3c   0x00000244   Code   RO         1453    i.alarmUploadRequest  app_task.o
    0x0800dd80   0x0800dd80   0x000000ac   Code   RO         2769    i.appBleCRecv       app_ble.o
    0x0800de2c   0x0800de2c   0x00000010   Code   RO         2771    i.appBleInfoReset   app_ble.o
    0x0800de3c   0x0800de3c   0x000000a0   Code   RO         2773    i.appBlePRecv       app_ble.o
    0x0800dedc   0x0800dedc   0x00000040   Code   RO         2774    i.appBleSendData    app_ble.o
    0x0800df1c   0x0800df1c   0x00000140   Code   RO          225    i.appUartConfig     app_port.o
    0x0800e05c   0x0800e05c   0x00000014   Code   RO          226    i.appUartSend       app_port.o
    0x0800e070   0x0800e070   0x0000002a   Code   RO          433    i.asciiToHex        app_sys.o
    0x0800e09a   0x0800e09a   0x00000002   PAD
    0x0800e09c   0x0800e09c   0x00000274   Code   RO         6007    i.asin              m_ps.l(asin.o)
    0x0800e310   0x0800e310   0x0000002c   Code   RO         2117    i.atCmdCmGetParser  app_atcmd.o
    0x0800e33c   0x0800e33c   0x0000003c   Code   RO         2118    i.atCmdDebugLevelParser  app_atcmd.o
    0x0800e378   0x0800e378   0x00000284   Code   RO         2119    i.atCmdDebugParase  app_atcmd.o
    0x0800e5fc   0x0800e5fc   0x0000008c   Code   RO         2121    i.atCmdFMPCnmeaParase  app_atcmd.o
    0x0800e688   0x0800e688   0x000000b8   Code   RO         2122    i.atCmdFmpcAdccalParase  app_atcmd.o
    0x0800e740   0x0800e740   0x00000020   Code   RO         2123    i.atCmdFmpcAllParse  app_atcmd.o
    0x0800e760   0x0800e760   0x00000034   Code   RO         2124    i.atCmdFmpcCMParse  app_atcmd.o
    0x0800e794   0x0800e794   0x00000038   Code   RO         2125    i.atCmdFmpcChkpParse  app_atcmd.o
    0x0800e7cc   0x0800e7cc   0x00000034   Code   RO         2126    i.atCmdFmpcIMSIParse  app_atcmd.o
    0x0800e800   0x0800e800   0x00000044   Code   RO         2127    i.atCmdFmpcIMSIParseRespon  app_atcmd.o
    0x0800e844   0x0800e844   0x00000034   Code   RO         2128    i.atCmdIMEIParse    app_atcmd.o
    0x0800e878   0x0800e878   0x00000034   Code   RO         2129    i.atCmdIMEIParseRespon  app_atcmd.o
    0x0800e8ac   0x0800e8ac   0x00000308   Code   RO         2130    i.atCmdParaseFunction  app_atcmd.o
    0x0800ebb4   0x0800ebb4   0x0000005c   Code   RO         2131    i.atCmdZTSNParse    app_atcmd.o
    0x0800ec10   0x0800ec10   0x0000002a   Code   RO         6017    i.atof              m_ps.l(atof.o)
    0x0800ec3a   0x0800ec3a   0x00000002   PAD
    0x0800ec3c   0x0800ec3c   0x00000100   Code   RO         1454    i.autoSleepTask     app_task.o
    0x0800ed3c   0x0800ed3c   0x000000a8   Code   RO         2651    i.calculateDistanceOfPoint  app_gpsarithmetic.o
    0x0800ede4   0x0800ede4   0x0000010c   Code   RO         2652    i.calculateTheDistanceBetweenTwoPonits  app_gpsarithmetic.o
    0x0800eef0   0x0800eef0   0x00000130   Code   RO         2653    i.calculateTheGPSCornerPoint  app_gpsarithmetic.o
    0x0800f020   0x0800f020   0x0000003c   Code   RO          434    i.changeByteArrayToHexString  app_sys.o
    0x0800f05c   0x0800f05c   0x00000048   Code   RO          435    i.changeHexStringToByteArray  app_sys.o
    0x0800f0a4   0x0800f0a4   0x0000004c   Code   RO          436    i.changeHexStringToByteArray_10in  app_sys.o
    0x0800f0f0   0x0800f0f0   0x00000150   Code   RO          437    i.changeUTCTimeToLocalTime  app_sys.o
    0x0800f240   0x0800f240   0x00000094   Code   RO         2036    i.charstrToHexValue  app_nmea.o
    0x0800f2d4   0x0800f2d4   0x00000020   Code   RO         1714    i.clearHbtTimer     app_serverprotocol.o
    0x0800f2f4   0x0800f2f4   0x00000010   Code   RO         2132    i.clearInstrucionRequest  app_atcmd.o
    0x0800f304   0x0800f304   0x00000010   Code   RO         1055    i.closeModuleGPS    app_net.o
    0x0800f314   0x0800f314   0x0000002a   Code   RO         2580    i.compress          app_sn.o
    0x0800f33e   0x0800f33e   0x00000002   PAD
    0x0800f340   0x0800f340   0x00000098   Code   RO         6021    i.cos               m_ps.l(cos.o)
    0x0800f3d8   0x0800f3d8   0x000000b4   Code   RO         1715    i.createProtocol16  app_serverprotocol.o
    0x0800f48c   0x0800f48c   0x000000bc   Code   RO         1716    i.createProtocol19  app_serverprotocol.o
    0x0800f548   0x0800f548   0x00000094   Code   RO         1718    i.createProtocol62  app_serverprotocol.o
    0x0800f5dc   0x0800f5dc   0x00000050   Code   RO         1719    i.createProtocolF1  app_serverprotocol.o
    0x0800f62c   0x0800f62c   0x000000f8   Code   RO         1720    i.createProtocolF3  app_serverprotocol.o
    0x0800f724   0x0800f724   0x00000014   Code   RO         1721    i.createProtocolHead  app_serverprotocol.o
    0x0800f738   0x0800f738   0x00000010   Code   RO         1722    i.createProtocolSerial  app_serverprotocol.o
    0x0800f748   0x0800f748   0x00000036   Code   RO         1723    i.createProtocolTail  app_serverprotocol.o
    0x0800f77e   0x0800f77e   0x00000040   Code   RO         1724    i.createProtocolTail_7979  app_serverprotocol.o
    0x0800f7be   0x0800f7be   0x00000038   Code   RO         1725    i.createProtocol_01  app_serverprotocol.o
    0x0800f7f6   0x0800f7f6   0x00000002   PAD
    0x0800f7f8   0x0800f7f8   0x0000007c   Code   RO         1726    i.createProtocol_12  app_serverprotocol.o
    0x0800f874   0x0800f874   0x000000bc   Code   RO         1727    i.createProtocol_13  app_serverprotocol.o
    0x0800f930   0x0800f930   0x0000004c   Code   RO         1728    i.createProtocol_21  app_serverprotocol.o
    0x0800f97c   0x0800f97c   0x00000022   Code   RO         1729    i.createProtocol_8A  app_serverprotocol.o
    0x0800f99e   0x0800f99e   0x00000010   Code   RO            4    i.createSystemTask  app_kernal.o
    0x0800f9ae   0x0800f9ae   0x0000000c   Code   RO         1056    i.csqRequest        app_net.o
    0x0800f9ba   0x0800f9ba   0x00000002   PAD
    0x0800f9bc   0x0800f9bc   0x000000a4   Code   RO         2581    i.decryptSN         app_sn.o
    0x0800fa60   0x0800fa60   0x00000024   Code   RO         1455    i.delSmsOndDay      app_task.o
    0x0800fa84   0x0800fa84   0x00000010   Code   RO         1057    i.deleteMessage     app_net.o
    0x0800fa94   0x0800fa94   0x00000074   Code   RO          227    i.disPlaySystemTime  app_port.o
    0x0800fb08   0x0800fb08   0x00000014   Code   RO          438    i.distinguishOK     app_sys.o
    0x0800fb1c   0x0800fb1c   0x000000c0   Code   RO         2250    i.do123Instruction  app_instructioncmd.o
    0x0800fbdc   0x0800fbdc   0x00000120   Code   RO         2251    i.doACCCTLGNSSInstrucion  app_instructioncmd.o
    0x0800fcfc   0x0800fcfc   0x00000138   Code   RO         2252    i.doAPNInstruction  app_instructioncmd.o
    0x0800fe34   0x0800fe34   0x00000110   Code   RO         2253    i.doAdccalInstrucion  app_instructioncmd.o
    0x0800ff44   0x0800ff44   0x00000170   Code   RO         2254    i.doAlarmModeInstrucion  app_instructioncmd.o
    0x080100b4   0x080100b4   0x000000c8   Code   RO         2255    i.doAnswerInstrucion  app_instructioncmd.o
    0x0801017c   0x0801017c   0x00000034   Code   RO         2256    i.doBFInstruction   app_instructioncmd.o
    0x080101b0   0x080101b0   0x00000034   Code   RO         2257    i.doCFInstruction   app_instructioncmd.o
    0x080101e4   0x080101e4   0x0000033c   Code   RO         2258    i.doDebugInstrucion  app_instructioncmd.o
    0x08010520   0x08010520   0x00000094   Code   RO         2259    i.doFactoryInstrucion  app_instructioncmd.o
    0x080105b4   0x080105b4   0x000001d8   Code   RO         2260    i.doFactoryTestInstruction  app_instructioncmd.o
    0x0801078c   0x0801078c   0x0000009c   Code   RO         2261    i.doFenceInstrucion  app_instructioncmd.o
    0x08010828   0x08010828   0x000000c8   Code   RO         2262    i.doHbtInstruction  app_instructioncmd.o
    0x080108f0   0x080108f0   0x00000118   Code   RO         2263    i.doJTCYCLEInstrucion  app_instructioncmd.o
    0x08010a08   0x08010a08   0x00000124   Code   RO         2264    i.doJtInstruction   app_instructioncmd.o
    0x08010b2c   0x08010b2c   0x00000090   Code   RO         2265    i.doLEDInstruction  app_instructioncmd.o
    0x08010bbc   0x08010bbc   0x000000c8   Code   RO         2266    i.doLOWWInstruction  app_instructioncmd.o
    0x08010c84   0x08010c84   0x0000043c   Code   RO         2267    i.doModeInstruction  app_instructioncmd.o
    0x080110c0   0x080110c0   0x00000130   Code   RO         2268    i.doPOITYPEInstruction  app_instructioncmd.o
    0x080111f0   0x080111f0   0x00000278   Code   RO         2269    i.doParamInstruction  app_instructioncmd.o
    0x08011468   0x08011468   0x000000ac   Code   RO         2270    i.doPdopInstrucion  app_instructioncmd.o
    0x08011514   0x08011514   0x00000070   Code   RO         1456    i.doPoitypeRequest  app_task.o
    0x08011584   0x08011584   0x00000068   Code   RO         2271    i.doResetInstruction  app_instructioncmd.o
    0x080115ec   0x080115ec   0x000000b0   Code   RO         2272    i.doSNInstruction   app_instructioncmd.o
    0x0801169c   0x0801169c   0x0000007c   Code   RO         2273    i.doServerInstruction  app_instructioncmd.o
    0x08011718   0x08011718   0x000000e0   Code   RO         2274    i.doSetAgpsInstruction  app_instructioncmd.o
    0x080117f8   0x080117f8   0x00000174   Code   RO         2275    i.doSetblemacInstrucion  app_instructioncmd.o
    0x0801196c   0x0801196c   0x000000a8   Code   RO         2276    i.doSmsreplyInstrucion  app_instructioncmd.o
    0x08011a14   0x08011a14   0x00000160   Code   RO         2277    i.doStatusInstruction  app_instructioncmd.o
    0x08011b74   0x08011b74   0x000000e4   Code   RO         2278    i.doTTSInstruction  app_instructioncmd.o
    0x08011c58   0x08011c58   0x000000c4   Code   RO         2279    i.doTurnAlgInstrucion  app_instructioncmd.o
    0x08011d1c   0x08011d1c   0x000000b4   Code   RO         2280    i.doUPSInstruction  app_instructioncmd.o
    0x08011dd0   0x08011dd0   0x000000e4   Code   RO         2281    i.doUTCInstruction  app_instructioncmd.o
    0x08011eb4   0x08011eb4   0x00000068   Code   RO         2282    i.doVersionInstruction  app_instructioncmd.o
    0x08011f1c   0x08011f1c   0x00000218   Code   RO         2133    i.doinstruction     app_atcmd.o
    0x08012134   0x08012134   0x000000b4   Code   RO         2283    i.dorequestSend123  app_instructioncmd.o
    0x080121e8   0x080121e8   0x00000034   Code   RO          681    i.eepromWriteByte   app_param.o
    0x0801221c   0x0801221c   0x00000034   Code   RO          682    i.eepromWriteTwoBytes  app_param.o
    0x08012250   0x08012250   0x00000034   Code   RO          683    i.eepromWriteWord   app_param.o
    0x08012284   0x08012284   0x00000140   Code   RO         2582    i.encrypt           app_sn.o
    0x080123c4   0x080123c4   0x00000050   Code   RO         1457    i.exitNetCtl        app_task.o
    0x08012414   0x08012414   0x0000002a   Code   RO         2583    i.expand            app_sn.o
    0x0801243e   0x0801243e   0x00000002   PAD
    0x08012440   0x08012440   0x00000010   Code   RO          228    i.feedWdt           app_port.o
    0x08012450   0x08012450   0x00000054   Code   RO         6341    i.free              mc_p.l(malloc.o)
    0x080124a4   0x080124a4   0x00000050   Code   RO         1458    i.getBatVoltage     app_task.o
    0x080124f4   0x080124f4   0x0000005c   Code   RO         1730    i.getBatteryLevel   app_serverprotocol.o
    0x08012550   0x08012550   0x0000001a   Code   RO          439    i.getCharIndex      app_sys.o
    0x0801256a   0x0801256a   0x00000028   Code   RO          440    i.getCharIndexWithNum  app_sys.o
    0x08012592   0x08012592   0x0000004c   Code   RO          229    i.getCurrentDateTimeOfSec  app_port.o
    0x080125de   0x080125de   0x00000002   PAD
    0x080125e0   0x080125e0   0x00000008   Code   RO         1908    i.getCurrentGPSInfo  app_gps.o
    0x080125e8   0x080125e8   0x00000008   Code   RO         1909    i.getGSPfifo        app_gps.o
    0x080125f0   0x080125f0   0x00000008   Code   RO         1910    i.getLastFixedGPSInfo  app_gps.o
    0x080125f8   0x080125f8   0x00000008   Code   RO         1058    i.getModuleICCID    app_net.o
    0x08012600   0x08012600   0x00000008   Code   RO         1059    i.getModuleIMEI     app_net.o
    0x08012608   0x08012608   0x00000008   Code   RO         1060    i.getModuleIMSI     app_net.o
    0x08012610   0x08012610   0x0000000c   Code   RO         1061    i.getModuleRssi     app_net.o
    0x0801261c   0x0801261c   0x00000058   Code   RO          230    i.getRtcDateTime    app_port.o
    0x08012674   0x08012674   0x00000010   Code   RO          441    i.getTerminalAccState  app_sys.o
    0x08012684   0x08012684   0x00000010   Code   RO          442    i.getTerminalChargeState  app_sys.o
    0x08012694   0x08012694   0x00000038   Code   RO          231    i.getVoltageAdcValue  app_port.o
    0x080126cc   0x080126cc   0x0000000c   Code   RO         1459    i.gpsChangeFsmState  app_task.o
    0x080126d8   0x080126d8   0x00000028   Code   RO         1911    i.gpsClearCurrentGPSInfo  app_gps.o
    0x08012700   0x08012700   0x00000048   Code   RO         1912    i.gpsFilter         app_gps.o
    0x08012748   0x08012748   0x00000014   Code   RO         1984    i.gpsIsRun          app_gpsrestore.o
    0x0801275c   0x0801275c   0x0000005c   Code   RO         1460    i.gpsLedTask        app_task.o
    0x080127b8   0x080127b8   0x0000000c   Code   RO         1985    i.gpsNoRestoreFileToRead  app_gpsrestore.o
    0x080127c4   0x080127c4   0x0000005c   Code   RO         1461    i.gpsOutputCheckTask  app_task.o
    0x08012820   0x08012820   0x000000f0   Code   RO         1986    i.gpsReadFromModuleAndSendtoServe  app_gpsrestore.o
    0x08012910   0x08012910   0x00000010   Code   RO         1987    i.gpsReadRestoreReset  app_gpsrestore.o
    0x08012920   0x08012920   0x00000044   Code   RO         1462    i.gpsRequestClear   app_task.o
    0x08012964   0x08012964   0x00000058   Code   RO         1463    i.gpsRequestClose   app_task.o
    0x080129bc   0x080129bc   0x00000010   Code   RO         1464    i.gpsRequestGet     app_task.o
    0x080129cc   0x080129cc   0x0000007c   Code   RO         1465    i.gpsRequestOpen    app_task.o
    0x08012a48   0x08012a48   0x00000040   Code   RO         1466    i.gpsRequestSet     app_task.o
    0x08012a88   0x08012a88   0x000000a8   Code   RO         1467    i.gpsRequestTask    app_task.o
    0x08012b30   0x08012b30   0x000000f8   Code   RO         1731    i.gpsRestoreDataSend  app_serverprotocol.o
    0x08012c28   0x08012c28   0x0000006c   Code   RO         1988    i.gpsRestoreWriteData  app_gpsrestore.o
    0x08012c94   0x08012c94   0x00000010   Code   RO         1468    i.gpsStartBD        app_task.o
    0x08012ca4   0x08012ca4   0x00000028   Code   RO         1989    i.gpsUpdateRestoreFileNameAndTotalSize  app_gpsrestore.o
    0x08012ccc   0x08012ccc   0x00000090   Code   RO         2654    i.gpsUploadPointToServer  app_gpsarithmetic.o
    0x08012d5c   0x08012d5c   0x00000078   Code   RO         1469    i.gpsUplodOnePointTask  app_task.o
    0x08012dd4   0x08012dd4   0x0000008c   Code   RO          232    i.gsensorConfig     app_port.o
    0x08012e60   0x08012e60   0x00000010   Code   RO          233    i.gsensorInterrupt  app_port.o
    0x08012e70   0x08012e70   0x000000c4   Code   RO         1470    i.gsensorIntervalCheck  app_task.o
    0x08012f34   0x08012f34   0x00000178   Code   RO         1471    i.gsensorTapTask    app_task.o
    0x080130ac   0x080130ac   0x00000088   Code   RO         1472    i.hearbeatRequest   app_task.o
    0x08013134   0x08013134   0x00000050   Code   RO         2655    i.initLastPoint     app_gpsarithmetic.o
    0x08013184   0x08013184   0x00000050   Code   RO         2134    i.instructionParase  app_atcmd.o
    0x080131d4   0x080131d4   0x0000000c   Code   RO         1062    i.isModulePowerOn   app_net.o
    0x080131e0   0x080131e0   0x00000014   Code   RO         1063    i.isModuleRunNormal  app_net.o
    0x080131f4   0x080131f4   0x00000020   Code   RO         1732    i.isProtocolReday   app_serverprotocol.o
    0x08013214   0x08013214   0x000000b0   Code   RO            6    i.kernalRun         app_kernal.o
    0x080132c4   0x080132c4   0x000000a8   Code   RO         2037    i.latitude_to_double  app_nmea.o
    0x0801336c   0x0801336c   0x00000058   Code   RO         1473    i.lbsUploadRequestTask  app_task.o
    0x080133c4   0x080133c4   0x00000088   Code   RO          234    i.ldrInterrupt      app_port.o
    0x0801344c   0x0801344c   0x0000000c   Code   RO         1474    i.ledRunTask        app_task.o
    0x08013458   0x08013458   0x00000018   Code   RO         1475    i.ledSetPeriod      app_task.o
    0x08013470   0x08013470   0x000000a8   Code   RO         2038    i.longitude_to_double  app_nmea.o
    0x08013518   0x08013518   0x0000001c   Code   RO          235    i.lowPowerConfig    app_port.o
    0x08013534   0x08013534   0x0000002a   Code   RO         2833    i.main              main.o
    0x0801355e   0x0801355e   0x00000002   PAD
    0x08013560   0x08013560   0x0000006c   Code   RO         6342    i.malloc            mc_p.l(malloc.o)
    0x080135cc   0x080135cc   0x00000114   Code   RO         2700    i.mir3da_init       app_mir3da.o
    0x080136e0   0x080136e0   0x00000026   Code   RO         2701    i.mir3da_open_interrupt  app_mir3da.o
    0x08013706   0x08013706   0x00000002   PAD
    0x08013708   0x08013708   0x00000028   Code   RO         2703    i.mir3da_register_read  app_mir3da.o
    0x08013730   0x08013730   0x00000030   Code   RO         2704    i.mir3da_register_write  app_mir3da.o
    0x08013760   0x08013760   0x00000014   Code   RO         2705    i.mir3da_set_enable  app_mir3da.o
    0x08013774   0x08013774   0x00000094   Code   RO         1476    i.modeShutDownQuickly  app_task.o
    0x08013808   0x08013808   0x0000001c   Code   RO         1064    i.moduleInfoInit    app_net.o
    0x08013824   0x08013824   0x000000c4   Code   RO          236    i.modulePinConfig   app_port.o
    0x080138e8   0x080138e8   0x00000054   Code   RO         1065    i.modulePowerOff    app_net.o
    0x0801393c   0x0801393c   0x00000060   Code   RO         1066    i.modulePowerOn     app_net.o
    0x0801399c   0x0801399c   0x00000064   Code   RO         1067    i.moduleReset       app_net.o
    0x08013a00   0x08013a00   0x00000014   Code   RO         1733    i.moduleResetProcess  app_serverprotocol.o
    0x08013a14   0x08013a14   0x00000040   Code   RO         1068    i.moduleResetProcessA  app_net.o
    0x08013a54   0x08013a54   0x00000238   Code   RO         1069    i.moduleResponParaser  app_net.o
    0x08013c8c   0x08013c8c   0x0000001c   Code   RO          237    i.moduleRiSignal    app_port.o
    0x08013ca8   0x08013ca8   0x0000001c   Code   RO         1070    i.moduleSleepCtl    app_net.o
    0x08013cc4   0x08013cc4   0x00000054   Code   RO          638    i.myAppConfig       app_user.o
    0x08013d18   0x08013d18   0x00000010   Code   RO          639    i.myAppRun          app_user.o
    0x08013d28   0x08013d28   0x00000058   Code   RO          443    i.my_getstrindex    app_sys.o
    0x08013d80   0x08013d80   0x0000002e   Code   RO          444    i.my_strpach        app_sys.o
    0x08013dae   0x08013dae   0x00000036   Code   RO          445    i.my_strstr         app_sys.o
    0x08013de4   0x08013de4   0x0000003a   Code   RO         2135    i.mycmdPatch        app_atcmd.o
    0x08013e1e   0x08013e1e   0x00000002   PAD
    0x08013e20   0x08013e20   0x00000018   Code   RO         1071    i.n58ATA            app_net.o
    0x08013e38   0x08013e38   0x00000048   Code   RO         1072    i.n58AutoATA        app_net.o
    0x08013e80   0x08013e80   0x00000088   Code   RO         1073    i.n58CCIDParase     app_net.o
    0x08013f08   0x08013f08   0x0000005c   Code   RO         1074    i.n58CGSNParase     app_net.o
    0x08013f64   0x08013f64   0x000000e4   Code   RO         1075    i.n58CIMIParase     app_net.o
    0x08014048   0x08014048   0x000000e0   Code   RO         1076    i.n58CMGRparse      app_net.o
    0x08014128   0x08014128   0x00000088   Code   RO         1077    i.n58CMTIparase     app_net.o
    0x080141b0   0x080141b0   0x000000a4   Code   RO         1078    i.n58CREGparase     app_net.o
    0x08014254   0x08014254   0x00000090   Code   RO         1079    i.n58CSQparase      app_net.o
    0x080142e4   0x080142e4   0x00000198   Code   RO         1080    i.n58FSLISTparase   app_net.o
    0x0801447c   0x0801447c   0x0000014c   Code   RO         1081    i.n58FswrParase     app_net.o
    0x080145c8   0x080145c8   0x00000064   Code   RO         1082    i.n58GmrParser      app_net.o
    0x0801462c   0x0801462c   0x0000002c   Code   RO         1083    i.n58MygpsposParaser  app_net.o
    0x08014658   0x08014658   0x00000080   Code   RO         1084    i.n58MygpsstateParase  app_net.o
    0x080146d8   0x080146d8   0x000000e8   Code   RO         1085    i.n58MylacidParse   app_net.o
    0x080147c0   0x080147c0   0x00000060   Code   RO         1086    i.n58NwblecconParser  app_net.o
    0x08014820   0x08014820   0x00000080   Code   RO         1087    i.n58NwbleroleParser  app_net.o
    0x080148a0   0x080148a0   0x0000007c   Code   RO         1088    i.n58NwbtblepwrParser  app_net.o
    0x0801491c   0x0801491c   0x0000007c   Code   RO         1089    i.n58NwurcblestatParser  app_net.o
    0x08014998   0x08014998   0x000000e0   Code   RO         1090    i.n58TCPRecvparase  app_net.o
    0x08014a78   0x08014a78   0x00000090   Code   RO         1091    i.n58TCPcloseparase  app_net.o
    0x08014b08   0x08014b08   0x00000178   Code   RO         1092    i.n58TCPsetupparase  app_net.o
    0x08014c80   0x08014c80   0x00000088   Code   RO         1093    i.n58TcpsendParase  app_net.o
    0x08014d08   0x08014d08   0x000000d0   Code   RO         1094    i.n58WIFISCANParse  app_net.o
    0x08014dd8   0x08014dd8   0x0000004c   Code   RO         1095    i.n58cgattparase    app_net.o
    0x08014e24   0x08014e24   0x0000001c   Code   RO         1096    i.n58cgdcontparase  app_net.o
    0x08014e40   0x08014e40   0x0000003c   Code   RO         1097    i.n58mysysteminfoparase  app_net.o
    0x08014e7c   0x08014e7c   0x0000002c   Code   RO         1098    i.n58setAPN         app_net.o
    0x08014ea8   0x08014ea8   0x00000034   Code   RO         1099    i.n58setXGAUTH      app_net.o
    0x08014edc   0x08014edc   0x0000001c   Code   RO         1100    i.n58xgauthparase   app_net.o
    0x08014ef8   0x08014ef8   0x0000001c   Code   RO         1101    i.n58xiicparase     app_net.o
    0x08014f14   0x08014f14   0x000000a4   Code   RO         1102    i.n58xiicqueryparase  app_net.o
    0x08014fb8   0x08014fb8   0x00000010   Code   RO         1734    i.netConnectReset   app_serverprotocol.o
    0x08014fc8   0x08014fc8   0x00000054   Code   RO         1103    i.netEnterStopMode  app_net.o
    0x0801501c   0x0801501c   0x0000003c   Code   RO         1104    i.netExitStopMode   app_net.o
    0x08015058   0x08015058   0x0000004c   Code   RO         1477    i.netModuleShutdown  app_task.o
    0x080150a4   0x080150a4   0x0000008c   Code   RO         1478    i.netModuleStartup  app_task.o
    0x08015130   0x08015130   0x00000014   Code   RO         1105    i.netWorkModuleRunOk  app_net.o
    0x08015144   0x08015144   0x000004b4   Code   RO         1106    i.networkConnectProcess  app_net.o
    0x080155f8   0x080155f8   0x00000050   Code   RO         2039    i.nmeaParse         app_nmea.o
    0x08015648   0x08015648   0x0000001c   Code   RO         1107    i.openModuleGPS     app_net.o
    0x08015664   0x08015664   0x00000060   Code   RO         1108    i.outPutNodeCmd     app_net.o
    0x080156c4   0x080156c4   0x00000084   Code   RO         1735    i.packIMEI          app_serverprotocol.o
    0x08015748   0x08015748   0x000001f0   Code   RO          684    i.paramDefaultInit  app_param.o
    0x08015938   0x08015938   0x00000020   Code   RO          685    i.paramGetAdcCal    app_param.o
    0x08015958   0x08015958   0x00000014   Code   RO          686    i.paramGetAgpsPort  app_param.o
    0x0801596c   0x0801596c   0x0000002c   Code   RO          687    i.paramGetAgpsPswd  app_param.o
    0x08015998   0x08015998   0x0000002c   Code   RO          688    i.paramGetAgpsServer  app_param.o
    0x080159c4   0x080159c4   0x0000002c   Code   RO          689    i.paramGetAgpsUser  app_param.o
    0x080159f0   0x080159f0   0x0000001c   Code   RO          690    i.paramGetApnName   app_param.o
    0x08015a0c   0x08015a0c   0x0000001c   Code   RO          691    i.paramGetApnPswd   app_param.o
    0x08015a28   0x08015a28   0x0000001c   Code   RO          692    i.paramGetApnUser   app_param.o
    0x08015a44   0x08015a44   0x00000014   Code   RO          693    i.paramGetAutoParam  app_param.o
    0x08015a58   0x08015a58   0x00000020   Code   RO          694    i.paramGetBleMac    app_param.o
    0x08015a78   0x08015a78   0x0000000c   Code   RO          695    i.paramGetCM        app_param.o
    0x08015a84   0x08015a84   0x0000001c   Code   RO          696    i.paramGetCodeVersion  app_param.o
    0x08015aa0   0x08015aa0   0x0000000c   Code   RO          697    i.paramGetGPSUploadInterval  app_param.o
    0x08015aac   0x08015aac   0x0000000c   Code   RO          698    i.paramGetHeartbeatInterval  app_param.o
    0x08015ab8   0x08015ab8   0x0000000c   Code   RO          699    i.paramGetLoww      app_param.o
    0x08015ac4   0x08015ac4   0x00000014   Code   RO          700    i.paramGetMode2cnt  app_param.o
    0x08015ad8   0x08015ad8   0x0000002c   Code   RO          701    i.paramGetServer    app_param.o
    0x08015b04   0x08015b04   0x00000020   Code   RO          702    i.paramGetSnNumber  app_param.o
    0x08015b24   0x08015b24   0x00000028   Code   RO          703    i.paramGetUPSServer  app_param.o
    0x08015b4c   0x08015b4c   0x00000228   Code   RO          705    i.paramInit         app_param.o
    0x08015d74   0x08015d74   0x00000018   Code   RO          706    i.paramSaveACCCTLGNSS  app_param.o
    0x08015d8c   0x08015d8c   0x00000020   Code   RO          707    i.paramSaveAdcCal   app_param.o
    0x08015dac   0x08015dac   0x00000018   Code   RO          708    i.paramSaveAgpsPort  app_param.o
    0x08015dc4   0x08015dc4   0x00000028   Code   RO          709    i.paramSaveAgpsPswd  app_param.o
    0x08015dec   0x08015dec   0x00000028   Code   RO          710    i.paramSaveAgpsServer  app_param.o
    0x08015e14   0x08015e14   0x00000028   Code   RO          711    i.paramSaveAgpsUser  app_param.o
    0x08015e3c   0x08015e3c   0x00000028   Code   RO          712    i.paramSaveAlarmTime  app_param.o
    0x08015e64   0x08015e64   0x0000003c   Code   RO          713    i.paramSaveApnName  app_param.o
    0x08015ea0   0x08015ea0   0x0000003c   Code   RO          714    i.paramSaveApnPswd  app_param.o
    0x08015edc   0x08015edc   0x0000003c   Code   RO          715    i.paramSaveApnUser  app_param.o
    0x08015f18   0x08015f18   0x00000018   Code   RO          716    i.paramSaveAutoAnswer  app_param.o
    0x08015f30   0x08015f30   0x0000000e   Code   RO          717    i.paramSaveAutoParam  app_param.o
    0x08015f3e   0x08015f3e   0x00000002   PAD
    0x08015f40   0x08015f40   0x00000018   Code   RO          718    i.paramSaveBF       app_param.o
    0x08015f58   0x08015f58   0x0000003e   Code   RO          719    i.paramSaveBleMac   app_param.o
    0x08015f96   0x08015f96   0x0000000e   Code   RO          720    i.paramSaveCM       app_param.o
    0x08015fa4   0x08015fa4   0x00000026   Code   RO          721    i.paramSaveCodeVersion  app_param.o
    0x08015fca   0x08015fca   0x00000002   PAD
    0x08015fcc   0x08015fcc   0x00000018   Code   RO          722    i.paramSaveFence    app_param.o
    0x08015fe4   0x08015fe4   0x00000010   Code   RO          723    i.paramSaveGPSUploadInterval  app_param.o
    0x08015ff4   0x08015ff4   0x00000014   Code   RO          724    i.paramSaveHardFault  app_param.o
    0x08016008   0x08016008   0x00000010   Code   RO          725    i.paramSaveHeartbeatInterval  app_param.o
    0x08016018   0x08016018   0x00000018   Code   RO          726    i.paramSaveInterval  app_param.o
    0x08016030   0x08016030   0x00000018   Code   RO          727    i.paramSaveLedCtl   app_param.o
    0x08016048   0x08016048   0x00000018   Code   RO          728    i.paramSaveLightAlarmMode  app_param.o
    0x08016060   0x08016060   0x0000000e   Code   RO          729    i.paramSaveLoww     app_param.o
    0x0801606e   0x0801606e   0x00000002   PAD
    0x08016070   0x08016070   0x00000014   Code   RO          730    i.paramSaveMallocFault  app_param.o
    0x08016084   0x08016084   0x00000018   Code   RO          731    i.paramSaveMode     app_param.o
    0x0801609c   0x0801609c   0x00000018   Code   RO          732    i.paramSaveMode1GapDay  app_param.o
    0x080160b4   0x080160b4   0x00000018   Code   RO          733    i.paramSaveMode1Timer  app_param.o
    0x080160cc   0x080160cc   0x00000018   Code   RO          734    i.paramSaveMode2cnt  app_param.o
    0x080160e4   0x080160e4   0x00000018   Code   RO          735    i.paramSaveNoNetWakeUpMinutes  app_param.o
    0x080160fc   0x080160fc   0x00000018   Code   RO          736    i.paramSavePdop     app_param.o
    0x08016114   0x08016114   0x00000018   Code   RO          737    i.paramSavePoitype  app_param.o
    0x0801612c   0x0801612c   0x0000004a   Code   RO          738    i.paramSaveServer   app_param.o
    0x08016176   0x08016176   0x0000000e   Code   RO          740    i.paramSaveSmsreply  app_param.o
    0x08016184   0x08016184   0x0000001e   Code   RO          741    i.paramSaveSnNumber  app_param.o
    0x080161a2   0x080161a2   0x00000002   PAD
    0x080161a4   0x080161a4   0x00000018   Code   RO          742    i.paramSaveTurnalg  app_param.o
    0x080161bc   0x080161bc   0x00000046   Code   RO          743    i.paramSaveUPSServer  app_param.o
    0x08016202   0x08016202   0x00000002   PAD
    0x08016204   0x08016204   0x00000018   Code   RO          744    i.paramSaveUTC      app_param.o
    0x0801621c   0x0801621c   0x00000014   Code   RO          745    i.paramSaveUpdateStatus  app_param.o
    0x08016230   0x08016230   0x00000134   Code   RO          446    i.paraseInstructionToItem  app_sys.o
    0x08016364   0x08016364   0x00000138   Code   RO         2040    i.parseGPS          app_nmea.o
    0x0801649c   0x0801649c   0x0000001c   Code   RO         2041    i.parse_GGA         app_nmea.o
    0x080164b8   0x080164b8   0x0000003c   Code   RO         2042    i.parse_GSA         app_nmea.o
    0x080164f4   0x080164f4   0x000001c4   Code   RO         2043    i.parse_GSV         app_nmea.o
    0x080166b8   0x080166b8   0x00000158   Code   RO         2044    i.parse_RMC         app_nmea.o
    0x08016810   0x08016810   0x00000020   Code   RO          238    i.pollUartData      app_port.o
    0x08016830   0x08016830   0x000009fc   Code   RO         6029    i.pow               m_ps.l(pow.o)
    0x0801722c   0x0801722c   0x000001d0   Code   RO         1737    i.protocolGPSpack   app_serverprotocol.o
    0x080173fc   0x080173fc   0x00000134   Code   RO         1738    i.protocolRunFsm    app_serverprotocol.o
    0x08017530   0x08017530   0x00000110   Code   RO         1739    i.protocolRxParase  app_serverprotocol.o
    0x08017640   0x08017640   0x0000000a   Code   RO         1109    i.reConnectServer   app_net.o
    0x0801764a   0x0801764a   0x00000002   PAD
    0x0801764c   0x0801764c   0x0000001c   Code   RO         1740    i.reCover123InstructionId  app_serverprotocol.o
    0x08017668   0x08017668   0x00000048   Code   RO         2706    i.readInterruptConfig  app_mir3da.o
    0x080176b0   0x080176b0   0x000000b0   Code   RO         2707    i.read_gsensor_id   app_mir3da.o
    0x08017760   0x08017760   0x0000000c   Code   RO         2478    i.recCycleStart     app_rec.o
    0x0801776c   0x0801776c   0x00000018   Code   RO         2479    i.recCycleStop      app_rec.o
    0x08017784   0x08017784   0x00000074   Code   RO         2480    i.recCycleTask      app_rec.o
    0x080177f8   0x080177f8   0x00000008   Code   RO         2481    i.recGetRecStruct   app_rec.o
    0x08017800   0x08017800   0x00000014   Code   RO         2482    i.recIsRun          app_rec.o
    0x08017814   0x08017814   0x00000028   Code   RO         2483    i.recNoFileToread   app_rec.o
    0x0801783c   0x0801783c   0x0000000c   Code   RO         2484    i.recReadFileOk     app_rec.o
    0x08017848   0x08017848   0x000000bc   Code   RO         2485    i.recRecordUploadTask  app_rec.o
    0x08017904   0x08017904   0x000000a4   Code   RO         2486    i.recStart          app_rec.o
    0x080179a8   0x080179a8   0x00000038   Code   RO         2487    i.recStop           app_rec.o
    0x080179e0   0x080179e0   0x00000014   Code   RO         2488    i.recStopAndUpload  app_rec.o
    0x080179f4   0x080179f4   0x00000014   Code   RO         2489    i.recUpdateFileName  app_rec.o
    0x08017a08   0x08017a08   0x0000004c   Code   RO         2490    i.recUpdateFileSize  app_rec.o
    0x08017a54   0x08017a54   0x0000000a   Code   RO         1479    i.repairGsensor     app_task.o
    0x08017a5e   0x08017a5e   0x00000002   PAD
    0x08017a60   0x08017a60   0x0000000c   Code   RO         2491    i.resIsCycleRuning  app_rec.o
    0x08017a6c   0x08017a6c   0x0000001c   Code   RO         1741    i.save123InstructionId  app_serverprotocol.o
    0x08017a88   0x08017a88   0x0000002c   Code   RO         1110    i.sendDataToServer  app_net.o
    0x08017ab4   0x08017ab4   0x0000004c   Code   RO         1111    i.sendMessage       app_net.o
    0x08017b00   0x08017b00   0x000000f8   Code   RO         2284    i.sendMessageWithDifMode  app_instructioncmd.o
    0x08017bf8   0x08017bf8   0x000000d0   Code   RO         1112    i.sendModuleCmd     app_net.o
    0x08017cc8   0x08017cc8   0x00000120   Code   RO         1742    i.sendProtocolToServer  app_serverprotocol.o
    0x08017de8   0x08017de8   0x00000074   Code   RO         1480    i.setAgps           app_task.o
    0x08017e5c   0x08017e5c   0x00000140   Code   RO          239    i.setNextAlarmTime  app_port.o
    0x08017f9c   0x08017f9c   0x000000d8   Code   RO          240    i.setNextWakeUpTime  app_port.o
    0x08018074   0x08018074   0x000000b8   Code   RO         2584    i.setkey            app_sn.o
    0x0801812c   0x0801812c   0x000001ec   Code   RO         2045    i.showgpsinfo       app_nmea.o
    0x08018318   0x08018318   0x00000084   Code   RO         1481    i.signalLedTask     app_task.o
    0x0801839c   0x0801839c   0x0000009c   Code   RO         6039    i.sin               m_ps.l(sin.o)
    0x08018438   0x08018438   0x00000048   Code   RO         6047    i.sqrt              m_ps.l(sqrt.o)
    0x08018480   0x08018480   0x00000070   Code   RO            7    i.startTimer        app_kernal.o
    0x080184f0   0x080184f0   0x00000068   Code   RO            8    i.stopTimer         app_kernal.o
    0x08018558   0x08018558   0x00000050   Code   RO         1482    i.systemModeRunStart  app_task.o
    0x080185a8   0x080185a8   0x00000260   Code   RO         1483    i.systemModeRunTask  app_task.o
    0x08018808   0x08018808   0x00000010   Code   RO         1484    i.systemRequestClear  app_task.o
    0x08018818   0x08018818   0x00000010   Code   RO         1485    i.systemRequestSet  app_task.o
    0x08018828   0x08018828   0x00000170   Code   RO         1486    i.systemRequestTask  app_task.o
    0x08018998   0x08018998   0x00000090   Code   RO         1487    i.systemShutDown    app_task.o
    0x08018a28   0x08018a28   0x00000050   Code   RO           10    i.systemTaskResume  app_kernal.o
    0x08018a78   0x08018a78   0x00000050   Code   RO           11    i.systemTaskSuspend  app_kernal.o
    0x08018ac8   0x08018ac8   0x00000048   Code   RO         1488    i.taskRunInOneSecond  app_task.o
    0x08018b10   0x08018b10   0x00000010   Code   RO          447    i.terminalAccoff    app_sys.o
    0x08018b20   0x08018b20   0x00000010   Code   RO          448    i.terminalAccon     app_sys.o
    0x08018b30   0x08018b30   0x00000014   Code   RO          449    i.terminalAlarmSet  app_sys.o
    0x08018b44   0x08018b44   0x00000010   Code   RO          450    i.terminalCharge    app_sys.o
    0x08018b54   0x08018b54   0x00000010   Code   RO          453    i.terminalGPSFixed  app_sys.o
    0x08018b64   0x08018b64   0x00000010   Code   RO          454    i.terminalGPSUnFixed  app_sys.o
    0x08018b74   0x08018b74   0x00000010   Code   RO          455    i.terminalunCharge  app_sys.o
    0x08018b84   0x08018b84   0x000000ac   Code   RO         2136    i.test              app_atcmd.o
    0x08018c30   0x08018c30   0x0000008c   Code   RO          241    i.updateAlarmA      app_port.o
    0x08018cbc   0x08018cbc   0x0000006c   Code   RO         1913    i.updateLocalRTCTime  app_gps.o
    0x08018d28   0x08018d28   0x0000014c   Code   RO          242    i.updateRTCdatetime  app_port.o
    0x08018e74   0x08018e74   0x00000010   Code   RO          456    i.updateRTCtimeRequest  app_sys.o
    0x08018e84   0x08018e84   0x00000070   Code   RO         1489    i.updateSystemLedStatus  app_task.o
    0x08018ef4   0x08018ef4   0x0000000c   Code   RO          457    i.updateSystemStartTime  app_sys.o
    0x08018f00   0x08018f00   0x00000034   Code   RO         1743    i.uploadGpsRestoreData  app_serverprotocol.o
    0x08018f34   0x08018f34   0x000000b8   Code   RO         1490    i.uploadRequestInMode4  app_task.o
    0x08018fec   0x08018fec   0x00000094   Code   RO          243    i.usartGetDataFromDma  app_port.o
    0x08019080   0x08019080   0x0000035c   Code   RO         1491    i.voltageCheckTask  app_task.o
    0x080193dc   0x080193dc   0x00000124   Code   RO         1492    i.wdtProcess        app_task.o
    0x08019500   0x08019500   0x00000016   Code   RO         1493    i.wifiScanStart     app_task.o
    0x08019516   0x08019516   0x00000002   PAD
    0x08019518   0x08019518   0x00000034   Code   RO         1494    i.wifiUploadRequestTask  app_task.o
    0x0801954c   0x0801954c   0x00000056   Code   RO         2585    i.ztvm_encrypt_des  app_sn.o
    0x080195a2   0x080195a2   0x00000058   Code   RO         2586    i.ztvm_encrypt_undes  app_sn.o
    0x080195fa   0x080195fa   0x00000028   Code   RO         2587    i.ztvm_encrypt_untrides  app_sn.o
    0x08019622   0x08019622   0x00000218   Data   RO          459    .constdata          app_sys.o
    0x0801983a   0x0801983a   0x00000498   Data   RO         1114    .constdata          app_net.o
    0x08019cd2   0x08019cd2   0x00000396   Data   RO         2137    .constdata          app_atcmd.o
    0x0801a068   0x0801a068   0x00000348   Data   RO         2589    .constdata          app_sn.o
    0x0801a3b0   0x0801a3b0   0x00000019   Data   RO         5969    .constdata          system_stm32l0xx.o
    0x0801a3c9   0x0801a3c9   0x00000008   Data   RO         5970    .constdata          system_stm32l0xx.o
    0x0801a3d1   0x0801a3d1   0x00000007   PAD
    0x0801a3d8   0x0801a3d8   0x00000050   Data   RO         6008    .constdata          m_ps.l(asin.o)
    0x0801a428   0x0801a428   0x00000088   Data   RO         6030    .constdata          m_ps.l(pow.o)
    0x0801a4b0   0x0801a4b0   0x0000000c   Data   RO         6064    .constdata          mc_p.l(mktime.o)
    0x0801a4bc   0x0801a4bc   0x00000004   PAD
    0x0801a4c0   0x0801a4c0   0x00000030   Data   RO         6410    .constdata          m_ps.l(cos_i.o)
    0x0801a4f0   0x0801a4f0   0x00000008   Data   RO         6430    .constdata          m_ps.l(qnan.o)
    0x0801a4f8   0x0801a4f8   0x000000c8   Data   RO         6433    .constdata          m_ps.l(rred.o)
    0x0801a5c0   0x0801a5c0   0x00000028   Data   RO         6437    .constdata          m_ps.l(sin_i.o)
    0x0801a5e8   0x0801a5e8   0x00000081   Data   RO         6468    .constdata          mc_p.l(ctype_o.o)
    0x0801a669   0x0801a669   0x00000003   PAD
    0x0801a66c   0x0801a66c   0x00000004   Data   RO         6469    .constdata          mc_p.l(ctype_o.o)
    0x0801a670   0x0801a670   0x0000000c   Data   RO         6499    .constdata          mc_p.l(localtime_i.o)
    0x0801a67c   0x0801a67c   0x0000020d   Data   RO         2286    .conststring        app_instructioncmd.o
    0x0801a889   0x0801a889   0x00000003   PAD
    0x0801a88c   0x0801a88c   0x00000020   Data   RO         6550    Region$$Table       anon$$obj.o


    Execution Region RW_IRAM1 (Exec base: 0x20000000, Load base: 0x0801a8ac, Size: 0x00003d38, Max: 0x00005000, ABSOLUTE)

    Exec Addr    Load Addr    Size         Type   Attr      Idx    E Section Name        Object

    0x20000000   0x0801a8ac   0x00000004   Data   RW           14    .data               app_kernal.o
    0x20000004   0x0801a8b0   0x00000008   Data   RW          245    .data               app_port.o
    0x2000000c   0x0801a8b8   0x00000008   Data   RW         1115    .data               app_net.o
    0x20000014   0x0801a8c0   0x00000028   Data   RW         1496    .data               app_task.o
    0x2000003c   0x0801a8e8   0x0000000c   Data   RW         1745    .data               app_serverprotocol.o
    0x20000048   0x0801a8f4   0x00000001   Data   RW         2047    .data               app_nmea.o
    0x20000049   0x0801a8f5   0x00000001   Data   RW         2287    .data               app_instructioncmd.o
    0x2000004a   0x0801a8f6   0x00000012   Data   RW         2590    .data               app_sn.o
    0x2000005c   0x0801a908   0x00000004   PAD
    0x20000060   0x0801a90c   0x00000008   Data   RW         2657    .data               app_gpsarithmetic.o
    0x20000068   0x0801a914   0x00000001   Data   RW         2708    .data               app_mir3da.o
    0x20000069   0x0801a915   0x00000003   PAD
    0x2000006c   0x0801a918   0x0000000c   Data   RW         3477    .data               stm32l0xx_hal.o
    0x20000078   0x0801a924   0x00000004   Data   RW         5971    .data               system_stm32l0xx.o
    0x2000007c   0x0801a928   0x00000004   Data   RW         6501    .data               mc_p.l(mvars.o)
    0x20000080   0x0801a92c   0x00000004   Data   RW         6502    .data               mc_p.l(mvars.o)
    0x20000084   0x0801a930   0x00000004   Data   RW         6506    .data               mc_p.l(errno.o)
    0x20000088        -       0x00000010   Zero   RW           13    .bss                app_kernal.o
    0x20000098        -       0x00000bbc   Zero   RW          244    .bss                app_port.o
    0x20000c54        -       0x0000017c   Zero   RW          458    .bss                app_sys.o
    0x20000dd0        -       0x000001de   Zero   RW          746    .bss                app_param.o
    0x20000fae   0x0801a934   0x00000002   PAD
    0x20000fb0        -       0x000000a1   Zero   RW         1113    .bss                app_net.o
    0x20001051   0x0801a934   0x00000003   PAD
    0x20001054        -       0x00000020   Zero   RW         1495    .bss                app_task.o
    0x20001074        -       0x00000024   Zero   RW         1744    .bss                app_serverprotocol.o
    0x20001098        -       0x00000438   Zero   RW         1914    .bss                app_gps.o
    0x200014d0        -       0x0000003c   Zero   RW         1990    .bss                app_gpsrestore.o
    0x2000150c   0x0801a934   0x00000004   PAD
    0x20001510        -       0x00000070   Zero   RW         2046    .bss                app_nmea.o
    0x20001580        -       0x0000001e   Zero   RW         2285    .bss                app_instructioncmd.o
    0x2000159e   0x0801a934   0x00000002   PAD
    0x200015a0        -       0x00000044   Zero   RW         2492    .bss                app_rec.o
    0x200015e4        -       0x000003c0   Zero   RW         2588    .bss                app_sn.o
    0x200019a4   0x0801a934   0x00000004   PAD
    0x200019a8        -       0x00000020   Zero   RW         2656    .bss                app_gpsarithmetic.o
    0x200019c8        -       0x00000017   Zero   RW         2776    .bss                app_ble.o
    0x200019df   0x0801a934   0x00000001   PAD
    0x200019e0        -       0x0000005c   Zero   RW         2892    .bss                adc.o
    0x20001a3c        -       0x0000004c   Zero   RW         2950    .bss                i2c.o
    0x20001a88        -       0x00000010   Zero   RW         2986    .bss                iwdg.o
    0x20001a98        -       0x00000264   Zero   RW         3016    .bss                usart.o
    0x20001cfc        -       0x00000024   Zero   RW         3064    .bss                rtc.o
    0x20001d20        -       0x00000018   Zero   RW         4390    .bss                stm32l0xx_hal_flash.o
    0x20001d38        -       0x00001000   Zero   RW         6000    HEAP                startup_stm32l071xx.o
    0x20002d38        -       0x00001000   Zero   RW         5999    STACK               startup_stm32l071xx.o


==============================================================================

Image component sizes


      Code (inc. data)   RO Data    RW Data    ZI Data      Debug   Object Name

       192         20          0          0         92       1499   adc.o
      3166        990        918          0          0      14352   app_atcmd.o
       412         66          0          0         23       3812   app_ble.o
       404         52          0          0       1080       3936   app_gps.o
       964        176          0          8         32       4184   app_gpsarithmetic.o
       436        154          0          0         60       3665   app_gpsrestore.o
      9532       3750        525          1         30      28238   app_instructioncmd.o
       820        256          0          4         16     365601   app_kernal.o
       670        186          0          1          0       4522   app_mir3da.o
      7876       1814       1176          8        161      42410   app_net.o
      2252        308          0          1        112       9136   app_nmea.o
      2938        502          0          0        478      35785   app_param.o
      2926        782          0          8       3004      21789   app_port.o
       768        232          0          0         68       7001   app_rec.o
      3488        344          0         12         36      20972   app_serverprotocol.o
      1136         36        840         18        960       8303   app_sn.o
      1568        194        536          0        380      18849   app_sys.o
      6316       1800          0         40         32      24594   app_task.o
       134         24          0          0          0       6390   app_user.o
        56          4          0          0          0        674   dma.o
       268         30          0          0          0        899   gpio.o
       236         40          0          0         76       1933   i2c.o
        44         12          0          0         16        603   iwdg.o
       188         10          0          0          0       1780   main.o
       116         16          0          0         36       1315   rtc.o
        28          8        192          0       8192        576   startup_stm32l071xx.o
       204         36          0         12          0       9872   stm32l0xx_hal.o
      1274         36          0          0          0       8328   stm32l0xx_hal_adc.o
       170          0          0          0          0       1366   stm32l0xx_hal_adc_ex.o
       208         40          0          0          0      13182   stm32l0xx_hal_cortex.o
       712         22          0          0          0       5958   stm32l0xx_hal_dma.o
       256         16          0          0         24       4086   stm32l0xx_hal_flash.o
       156         26          0          0          0       2199   stm32l0xx_hal_flash_ex.o
       674         66          0          0          0       4212   stm32l0xx_hal_gpio.o
      1516         36          0          0          0      11703   stm32l0xx_hal_i2c.o
       146          0          0          0          0       1827   stm32l0xx_hal_i2c_ex.o
       116         20          0          0          0       1675   stm32l0xx_hal_iwdg.o
        24          4          0          0          0        406   stm32l0xx_hal_msp.o
       116         16          0          0          0       1211   stm32l0xx_hal_pwr.o
        32          8          0          0          0        989   stm32l0xx_hal_pwr_ex.o
      1718         90          0          0          0       5556   stm32l0xx_hal_rcc.o
       376         14          0          0          0       1392   stm32l0xx_hal_rcc_ex.o
      1744         42          0          0          0      10545   stm32l0xx_hal_rtc.o
       306         18          0          0          0       3100   stm32l0xx_hal_rtc_ex.o
      2566        100          0          0          0      15697   stm32l0xx_hal_uart.o
         2          0          0          0          0        948   stm32l0xx_hal_uart_ex.o
       178         36          0          0          0       5045   stm32l0xx_it.o
        88         22         33          4          0       1139   system_stm32l0xx.o
       696         78          0          0        612       3466   usart.o

    ----------------------------------------------------------------------
     60280      12532       4262        124      15536     746720   Object Totals
         0          0         32          0          0          0   (incl. Generated)
        68          0         10          7         16          0   (incl. Padding)

    ----------------------------------------------------------------------

      Code (inc. data)   RO Data    RW Data    ZI Data      Debug   Library Member Name

       628         54         80          0          0        104   asin.o
        42          0          0          0          0         76   atof.o
       152         10          0          0          0        104   cos.o
       244         20         48          0          0         92   cos_i.o
        94         14          0          0          0        408   dunder.o
        44          4          0          0          0         60   fpclassify.o
       172          0          0          0          0         76   poly.o
      2556        196        136          0          0        240   pow.o
         0          0          8          0          0          0   qnan.o
       924         86        200          0          0        120   rred.o
       156         10          0          0          0        104   sin.o
       236         14         40          0          0        100   sin_i.o
        72          6          0          0          0         76   sqrt.o
        30          0          0          0          0         60   _chval.o
        68          0          0          0          0         76   _sgetc.o
       166          0          0          0          0         84   _strtoul.o
        26          0          0          0          0         72   atoi.o
        26          0          0          0          0         72   atol.o
         8          4        133          0          0         60   ctype_o.o
         0          0          0          0          0          0   entry.o
         0          0          0          0          0          0   entry10a.o
         0          0          0          0          0          0   entry11a.o
         4          0          0          0          0          0   entry12b.o
         8          4          0          0          0          0   entry2.o
         4          0          0          0          0          0   entry5.o
         0          0          0          0          0          0   entry7b.o
         0          0          0          0          0          0   entry8b.o
         8          4          0          0          0          0   entry9a.o
        32         16          0          4          0        180   errno.o
        30          0          0          0          0          0   handlers.o
        40          0          0          0          0         72   idiv.o
        36          8          0          0          0         68   init.o
        18          0          0          0          0         68   isspace_o.o
         0          0          0          0          0          0   iusefp.o
       122          0          0          0          0         84   llmul.o
        32          0          0          0          0         68   llshl.o
        38          0          0          0          0         68   llsshr.o
        34          0          0          0          0         68   llushr.o
       116         12         12          0          0         72   localtime_i.o
       192         20          0          0          0        144   malloc.o
        36          0          0          0          0         60   memcpya.o
        36          0          0          0          0        100   memseta.o
       140         16         12          0          0         72   mktime.o
         0          0          0          8          0          0   mvars.o
      2310        100          0          0          0        544   printfa.o
       898         12          0          0          0        184   scanf_fp.o
        18          0          0          0          0         60   strcpy.o
        14          0          0          0          0         60   strlen.o
        26          0          0          0          0         68   strncpy.o
        40          0          0          0          0         72   strstr.o
       164         16          0          0          0        120   strtod.o
       112          4          0          0          0         76   strtol.o
       118          0          0          0          0         84   strtoul.o
        44          0          0          0          0         72   uidiv.o
        96          0          0          0          0         84   uldiv.o
        40          2          0          0          0         68   cdcmple.o
        40          2          0          0          0         68   cdrcmple.o
        20          0          0          0          0         68   cfcmple.o
        56          0          0          0          0         68   d2f.o
       360          6          0          0          0        140   dadd.o
       240          6          0          0          0         84   ddiv.o
       236          0          0          0          0        216   depilogue.o
        72         10          0          0          0         72   dfixi.o
        60         10          0          0          0         68   dfixui.o
        64         10          0          0          0         68   dfixul.o
        40          6          0          0          0         68   dflti.o
        28          4          0          0          0         68   dfltui.o
        28          6          0          0          0         68   dfltul.o
       208          6          0          0          0         88   dmul.o
        44          0          0          0          0         72   dscalb.o
       162          0          0          0          0         80   dsqrt.o
        40          0          0          0          0         60   f2d.o
       178          0          0          0          0        108   fadd.o
       124          0          0          0          0         72   fdiv.o
       130          0          0          0          0        144   fepilogue.o
        40          0          0          0          0         60   ffixui.o
        14          0          0          0          0         68   ffltui.o
       122          0          0          0          0         72   fmul.o

    ----------------------------------------------------------------------
     12778        698        676         12          0       6480   Library Totals
        22          0          7          0          0          0   (incl. Padding)

    ----------------------------------------------------------------------

      Code (inc. data)   RO Data    RW Data    ZI Data      Debug   Library Name

      5320        414        512          0          0       1560   m_ps.l
      5090        216        157         12          0       2972   mc_p.l
      2346         68          0          0          0       1948   mf_p.l

    ----------------------------------------------------------------------
     12778        698        676         12          0       6480   Library Totals

    ----------------------------------------------------------------------

==============================================================================


      Code (inc. data)   RO Data    RW Data    ZI Data      Debug   

     73058      13230       4938        136      15536     727236   Grand Totals
     73058      13230       4938        136      15536     727236   ELF Image Totals
     73058      13230       4938        136          0          0   ROM Totals

==============================================================================

    Total RO  Size (Code + RO Data)                77996 (  76.17kB)
    Total RW  Size (RW Data + ZI Data)             15672 (  15.30kB)
    Total ROM Size (Code + RO Data + RW Data)      78132 (  76.30kB)

==============================================================================

