<!doctype html public "-//w3c//dtd html 4.0 transitional//en">
<html><head>
<title>Static Call Graph - [STM32L\STM32L.axf]</title></head>
<body><HR>
<H1>Static Call Graph for image STM32L\STM32L.axf</H1><HR>
<BR><P>#&#060CALLGRAPH&#062# ARM Linker, 5060960: Last Updated: Fri May 14 14:34:00 2021
<BR><P>
<H3>Maximum Stack Usage =       5968 bytes + Unknown(Cycles, Untraceable Function Pointers)</H3><H3>
Call chain for Maximum Stack Depth:</H3>
moduleResponParaser &rArr; n58TCPRecvparase &rArr; protocolRxParase &rArr; instructionParase &rArr; doinstruction &rArr; doFactoryTestInstruction &rArr; sendMessageWithDifMode &rArr; sendProtocolToServer &rArr; gpsRestoreWriteData &rArr; sendModuleCmd &rArr; CreateNodeCmd &rArr; LogMessage &rArr; appUartSend &rArr; HAL_UART_Transmit &rArr; UART_WaitOnFlagUntilTimeout
<P>
<H3>
Mutually Recursive functions
</H3> <LI><a href="#[11]">ADC1_COMP_IRQHandler</a>&nbsp;&nbsp;&nbsp;&rArr;&nbsp;&nbsp;&nbsp;<a href="#[11]">ADC1_COMP_IRQHandler</a><BR>
 <LI><a href="#[2]">HardFault_Handler</a>&nbsp;&nbsp;&nbsp;&rArr;&nbsp;&nbsp;&nbsp;<a href="#[2]">HardFault_Handler</a><BR>
</UL>
<P>
<H3>
Function Pointers
</H3><UL>
 <LI><a href="#[11]">ADC1_COMP_IRQHandler</a> from startup_stm32l071xx.o(.text) referenced from startup_stm32l071xx.o(RESET)
 <LI><a href="#[e]">DMA1_Channel1_IRQHandler</a> from startup_stm32l071xx.o(.text) referenced from startup_stm32l071xx.o(RESET)
 <LI><a href="#[f]">DMA1_Channel2_3_IRQHandler</a> from stm32l0xx_it.o(i.DMA1_Channel2_3_IRQHandler) referenced from startup_stm32l071xx.o(RESET)
 <LI><a href="#[10]">DMA1_Channel4_5_6_7_IRQHandler</a> from stm32l0xx_it.o(i.DMA1_Channel4_5_6_7_IRQHandler) referenced from startup_stm32l071xx.o(RESET)
 <LI><a href="#[b]">EXTI0_1_IRQHandler</a> from startup_stm32l071xx.o(.text) referenced from startup_stm32l071xx.o(RESET)
 <LI><a href="#[c]">EXTI2_3_IRQHandler</a> from startup_stm32l071xx.o(.text) referenced from startup_stm32l071xx.o(RESET)
 <LI><a href="#[d]">EXTI4_15_IRQHandler</a> from stm32l0xx_it.o(i.EXTI4_15_IRQHandler) referenced from startup_stm32l071xx.o(RESET)
 <LI><a href="#[9]">FLASH_IRQHandler</a> from startup_stm32l071xx.o(.text) referenced from startup_stm32l071xx.o(RESET)
 <LI><a href="#[31]">HAL_NVIC_SystemReset</a> from stm32l0xx_hal_cortex.o(i.HAL_NVIC_SystemReset) referenced from app_instructioncmd.o(i.doResetInstruction)
 <LI><a href="#[31]">HAL_NVIC_SystemReset</a> from stm32l0xx_hal_cortex.o(i.HAL_NVIC_SystemReset) referenced from app_instructioncmd.o(i.doUPSInstruction)
 <LI><a href="#[2]">HardFault_Handler</a> from stm32l0xx_it.o(i.HardFault_Handler) referenced from startup_stm32l071xx.o(RESET)
 <LI><a href="#[1b]">I2C1_IRQHandler</a> from startup_stm32l071xx.o(.text) referenced from startup_stm32l071xx.o(RESET)
 <LI><a href="#[1c]">I2C2_IRQHandler</a> from startup_stm32l071xx.o(.text) referenced from startup_stm32l071xx.o(RESET)
 <LI><a href="#[19]">I2C3_IRQHandler</a> from startup_stm32l071xx.o(.text) referenced from startup_stm32l071xx.o(RESET)
 <LI><a href="#[12]">LPTIM1_IRQHandler</a> from startup_stm32l071xx.o(.text) referenced from startup_stm32l071xx.o(RESET)
 <LI><a href="#[21]">LPUART1_IRQHandler</a> from stm32l0xx_it.o(i.LPUART1_IRQHandler) referenced from startup_stm32l071xx.o(RESET)
 <LI><a href="#[3e]">N58enterNormalMode</a> from app_net.o(i.N58enterNormalMode) referenced from app_net.o(i.networkConnectProcess)
 <LI><a href="#[1]">NMI_Handler</a> from stm32l0xx_it.o(i.NMI_Handler) referenced from startup_stm32l071xx.o(RESET)
 <LI><a href="#[7]">PVD_IRQHandler</a> from startup_stm32l071xx.o(.text) referenced from startup_stm32l071xx.o(RESET)
 <LI><a href="#[4]">PendSV_Handler</a> from stm32l0xx_it.o(i.PendSV_Handler) referenced from startup_stm32l071xx.o(RESET)
 <LI><a href="#[a]">RCC_IRQHandler</a> from startup_stm32l071xx.o(.text) referenced from startup_stm32l071xx.o(RESET)
 <LI><a href="#[8]">RTC_IRQHandler</a> from stm32l0xx_it.o(i.RTC_IRQHandler) referenced from startup_stm32l071xx.o(RESET)
 <LI><a href="#[0]">Reset_Handler</a> from startup_stm32l071xx.o(.text) referenced from startup_stm32l071xx.o(RESET)
 <LI><a href="#[1d]">SPI1_IRQHandler</a> from startup_stm32l071xx.o(.text) referenced from startup_stm32l071xx.o(RESET)
 <LI><a href="#[1e]">SPI2_IRQHandler</a> from startup_stm32l071xx.o(.text) referenced from startup_stm32l071xx.o(RESET)
 <LI><a href="#[3]">SVC_Handler</a> from stm32l0xx_it.o(i.SVC_Handler) referenced from startup_stm32l071xx.o(RESET)
 <LI><a href="#[5]">SysTick_Handler</a> from stm32l0xx_it.o(i.SysTick_Handler) referenced from startup_stm32l071xx.o(RESET)
 <LI><a href="#[23]">SystemInit</a> from system_stm32l0xx.o(i.SystemInit) referenced from startup_stm32l071xx.o(.text)
 <LI><a href="#[18]">TIM21_IRQHandler</a> from startup_stm32l071xx.o(.text) referenced from startup_stm32l071xx.o(RESET)
 <LI><a href="#[1a]">TIM22_IRQHandler</a> from startup_stm32l071xx.o(.text) referenced from startup_stm32l071xx.o(RESET)
 <LI><a href="#[14]">TIM2_IRQHandler</a> from startup_stm32l071xx.o(.text) referenced from startup_stm32l071xx.o(RESET)
 <LI><a href="#[15]">TIM3_IRQHandler</a> from startup_stm32l071xx.o(.text) referenced from startup_stm32l071xx.o(RESET)
 <LI><a href="#[16]">TIM6_IRQHandler</a> from startup_stm32l071xx.o(.text) referenced from startup_stm32l071xx.o(RESET)
 <LI><a href="#[17]">TIM7_IRQHandler</a> from startup_stm32l071xx.o(.text) referenced from startup_stm32l071xx.o(RESET)
 <LI><a href="#[28]">UART_DMAAbortOnError</a> from stm32l0xx_hal_uart.o(i.UART_DMAAbortOnError) referenced from stm32l0xx_hal_uart.o(i.HAL_UART_IRQHandler)
 <LI><a href="#[2b]">UART_DMAError</a> from stm32l0xx_hal_uart.o(i.UART_DMAError) referenced from stm32l0xx_hal_uart.o(i.HAL_UART_Receive_DMA)
 <LI><a href="#[29]">UART_DMAReceiveCplt</a> from stm32l0xx_hal_uart.o(i.UART_DMAReceiveCplt) referenced from stm32l0xx_hal_uart.o(i.HAL_UART_Receive_DMA)
 <LI><a href="#[2a]">UART_DMARxHalfCplt</a> from stm32l0xx_hal_uart.o(i.UART_DMARxHalfCplt) referenced from stm32l0xx_hal_uart.o(i.HAL_UART_Receive_DMA)
 <LI><a href="#[1f]">USART1_IRQHandler</a> from stm32l0xx_it.o(i.USART1_IRQHandler) referenced from startup_stm32l071xx.o(RESET)
 <LI><a href="#[20]">USART2_IRQHandler</a> from stm32l0xx_it.o(i.USART2_IRQHandler) referenced from startup_stm32l071xx.o(RESET)
 <LI><a href="#[13]">USART4_5_IRQHandler</a> from startup_stm32l071xx.o(.text) referenced from startup_stm32l071xx.o(RESET)
 <LI><a href="#[6]">WWDG_IRQHandler</a> from startup_stm32l071xx.o(.text) referenced from startup_stm32l071xx.o(RESET)
 <LI><a href="#[24]">__main</a> from entry.o(.ARM.Collect$$$$00000000) referenced from startup_stm32l071xx.o(.text)
 <LI><a href="#[26]">_sbackspace</a> from _sgetc.o(.text) referenced from strtod.o(.text)
 <LI><a href="#[25]">_sgetc</a> from _sgetc.o(.text) referenced from strtod.o(.text)
 <LI><a href="#[2c]">_sputc</a> from printfa.o(i._sputc) referenced from printfa.o(i.__0sprintf)
 <LI><a href="#[2c]">_sputc</a> from printfa.o(i._sputc) referenced from printfa.o(i.__0vsprintf)
 <LI><a href="#[2d]">atCmdFmpcIMSIParseRespon</a> from app_atcmd.o(i.atCmdFmpcIMSIParseRespon) referenced from app_atcmd.o(i.atCmdFmpcIMSIParse)
 <LI><a href="#[2e]">atCmdIMEIParseRespon</a> from app_atcmd.o(i.atCmdIMEIParseRespon) referenced from app_atcmd.o(i.atCmdIMEIParse)
 <LI><a href="#[37]">atCmdParaseFunction</a> from app_atcmd.o(i.atCmdParaseFunction) referenced from app_user.o(i.myAppConfig)
 <LI><a href="#[37]">atCmdParaseFunction</a> from app_atcmd.o(i.atCmdParaseFunction) referenced from app_task.o(i.systemRequestTask)
 <LI><a href="#[33]">clearInstrucionRequest</a> from app_atcmd.o(i.clearInstrucionRequest) referenced from app_atcmd.o(i.doinstruction)
 <LI><a href="#[40]">deleteMessage</a> from app_net.o(i.deleteMessage) referenced from app_instructioncmd.o(i.sendMessageWithDifMode)
 <LI><a href="#[34]">gpsStartBD</a> from app_task.o(i.gpsStartBD) referenced from app_task.o(i.gpsRequestOpen)
 <LI><a href="#[27]">isspace</a> from isspace_o.o(.text) referenced from strtod.o(.text)
 <LI><a href="#[38]">ledRunTask</a> from app_task.o(i.ledRunTask) referenced from app_user.o(i.myAppConfig)
 <LI><a href="#[22]">main</a> from main.o(i.main) referenced from entry9a.o(.ARM.Collect$$$$0000000B)
 <LI><a href="#[2f]">moduleReset</a> from app_net.o(i.moduleReset) referenced from app_instructioncmd.o(i.doAPNInstruction)
 <LI><a href="#[3f]">moduleResetProcess</a> from app_serverprotocol.o(i.moduleResetProcess) referenced from app_serverprotocol.o(i.protocolRunFsm)
 <LI><a href="#[36]">moduleResetProcessA</a> from app_net.o(i.moduleResetProcessA) referenced from app_net.o(i.moduleReset)
 <LI><a href="#[3d]">moduleResponParaser</a> from app_net.o(i.moduleResponParaser) referenced from app_task.o(i.netModuleStartup)
 <LI><a href="#[3c]">n58ATA</a> from app_net.o(i.n58ATA) referenced from app_net.o(i.n58AutoATA)
 <LI><a href="#[39]">outPutNodeCmd</a> from app_net.o(i.outPutNodeCmd) referenced from app_user.o(i.myAppConfig)
 <LI><a href="#[32]">reConnectServer</a> from app_net.o(i.reConnectServer) referenced from app_instructioncmd.o(i.doServerInstruction)
 <LI><a href="#[30]">recStopAndUpload</a> from app_rec.o(i.recStopAndUpload) referenced from app_instructioncmd.o(i.doJtInstruction)
 <LI><a href="#[3a]">recordUploadRun</a> from app_rec.o(i.recordUploadRun) referenced from app_user.o(i.myAppConfig)
 <LI><a href="#[35]">repairGsensor</a> from app_task.o(i.repairGsensor) referenced from app_task.o(i.gsensorIntervalCheck)
 <LI><a href="#[3b]">taskRunInOneSecond</a> from app_task.o(i.taskRunInOneSecond) referenced from app_user.o(i.myAppConfig)
 <LI><a href="#[41]">wifiScanStart</a> from app_task.o(i.wifiScanStart) referenced from app_task.o(i.wifiUploadRequestTask)
</UL>
<P>
<H3>
Global Symbols
</H3>
<P><STRONG><a name="[24]"></a>__main</STRONG> (Thumb, 0 bytes, Stack size unknown bytes, entry.o(.ARM.Collect$$$$00000000))
<BR>[Address Reference Count : 1]<UL><LI> startup_stm32l071xx.o(.text)
</UL>
<P><STRONG><a name="[25e]"></a>_main_stk</STRONG> (Thumb, 0 bytes, Stack size unknown bytes, entry2.o(.ARM.Collect$$$$00000001))

<P><STRONG><a name="[42]"></a>_main_scatterload</STRONG> (Thumb, 0 bytes, Stack size unknown bytes, entry5.o(.ARM.Collect$$$$00000004))
<BR><BR>[Calls]<UL><LI><a href="#[43]">&gt;&gt;</a>&nbsp;&nbsp;&nbsp;__scatterload
</UL>

<P><STRONG><a name="[6c]"></a>__main_after_scatterload</STRONG> (Thumb, 0 bytes, Stack size unknown bytes, entry5.o(.ARM.Collect$$$$00000004))
<BR><BR>[Called By]<UL><LI><a href="#[43]">&gt;&gt;</a>&nbsp;&nbsp;&nbsp;__scatterload
</UL>

<P><STRONG><a name="[25f]"></a>_main_clock</STRONG> (Thumb, 0 bytes, Stack size unknown bytes, entry7b.o(.ARM.Collect$$$$00000008))

<P><STRONG><a name="[260]"></a>_main_cpp_init</STRONG> (Thumb, 0 bytes, Stack size unknown bytes, entry8b.o(.ARM.Collect$$$$0000000A))

<P><STRONG><a name="[261]"></a>_main_init</STRONG> (Thumb, 0 bytes, Stack size unknown bytes, entry9a.o(.ARM.Collect$$$$0000000B))

<P><STRONG><a name="[262]"></a>__rt_final_cpp</STRONG> (Thumb, 0 bytes, Stack size unknown bytes, entry10a.o(.ARM.Collect$$$$0000000D))

<P><STRONG><a name="[263]"></a>__rt_final_exit</STRONG> (Thumb, 0 bytes, Stack size unknown bytes, entry11a.o(.ARM.Collect$$$$0000000F))

<P><STRONG><a name="[0]"></a>Reset_Handler</STRONG> (Thumb, 8 bytes, Stack size 0 bytes, startup_stm32l071xx.o(.text))
<BR>[Address Reference Count : 1]<UL><LI> startup_stm32l071xx.o(RESET)
</UL>
<P><STRONG><a name="[11]"></a>ADC1_COMP_IRQHandler</STRONG> (Thumb, 0 bytes, Stack size 0 bytes, startup_stm32l071xx.o(.text))
<BR><BR>[Calls]<UL><LI><a href="#[11]">&gt;&gt;</a>&nbsp;&nbsp;&nbsp;ADC1_COMP_IRQHandler
</UL>
<BR>[Called By]<UL><LI><a href="#[11]">&gt;&gt;</a>&nbsp;&nbsp;&nbsp;ADC1_COMP_IRQHandler
</UL>
<BR>[Address Reference Count : 1]<UL><LI> startup_stm32l071xx.o(RESET)
</UL>
<P><STRONG><a name="[e]"></a>DMA1_Channel1_IRQHandler</STRONG> (Thumb, 0 bytes, Stack size 0 bytes, startup_stm32l071xx.o(.text))
<BR>[Address Reference Count : 1]<UL><LI> startup_stm32l071xx.o(RESET)
</UL>
<P><STRONG><a name="[b]"></a>EXTI0_1_IRQHandler</STRONG> (Thumb, 0 bytes, Stack size 0 bytes, startup_stm32l071xx.o(.text))
<BR>[Address Reference Count : 1]<UL><LI> startup_stm32l071xx.o(RESET)
</UL>
<P><STRONG><a name="[c]"></a>EXTI2_3_IRQHandler</STRONG> (Thumb, 0 bytes, Stack size 0 bytes, startup_stm32l071xx.o(.text))
<BR>[Address Reference Count : 1]<UL><LI> startup_stm32l071xx.o(RESET)
</UL>
<P><STRONG><a name="[9]"></a>FLASH_IRQHandler</STRONG> (Thumb, 0 bytes, Stack size 0 bytes, startup_stm32l071xx.o(.text))
<BR>[Address Reference Count : 1]<UL><LI> startup_stm32l071xx.o(RESET)
</UL>
<P><STRONG><a name="[1b]"></a>I2C1_IRQHandler</STRONG> (Thumb, 0 bytes, Stack size 0 bytes, startup_stm32l071xx.o(.text))
<BR>[Address Reference Count : 1]<UL><LI> startup_stm32l071xx.o(RESET)
</UL>
<P><STRONG><a name="[1c]"></a>I2C2_IRQHandler</STRONG> (Thumb, 0 bytes, Stack size 0 bytes, startup_stm32l071xx.o(.text))
<BR>[Address Reference Count : 1]<UL><LI> startup_stm32l071xx.o(RESET)
</UL>
<P><STRONG><a name="[19]"></a>I2C3_IRQHandler</STRONG> (Thumb, 0 bytes, Stack size 0 bytes, startup_stm32l071xx.o(.text))
<BR>[Address Reference Count : 1]<UL><LI> startup_stm32l071xx.o(RESET)
</UL>
<P><STRONG><a name="[12]"></a>LPTIM1_IRQHandler</STRONG> (Thumb, 0 bytes, Stack size 0 bytes, startup_stm32l071xx.o(.text))
<BR>[Address Reference Count : 1]<UL><LI> startup_stm32l071xx.o(RESET)
</UL>
<P><STRONG><a name="[7]"></a>PVD_IRQHandler</STRONG> (Thumb, 0 bytes, Stack size 0 bytes, startup_stm32l071xx.o(.text))
<BR>[Address Reference Count : 1]<UL><LI> startup_stm32l071xx.o(RESET)
</UL>
<P><STRONG><a name="[a]"></a>RCC_IRQHandler</STRONG> (Thumb, 0 bytes, Stack size 0 bytes, startup_stm32l071xx.o(.text))
<BR>[Address Reference Count : 1]<UL><LI> startup_stm32l071xx.o(RESET)
</UL>
<P><STRONG><a name="[1d]"></a>SPI1_IRQHandler</STRONG> (Thumb, 0 bytes, Stack size 0 bytes, startup_stm32l071xx.o(.text))
<BR>[Address Reference Count : 1]<UL><LI> startup_stm32l071xx.o(RESET)
</UL>
<P><STRONG><a name="[1e]"></a>SPI2_IRQHandler</STRONG> (Thumb, 0 bytes, Stack size 0 bytes, startup_stm32l071xx.o(.text))
<BR>[Address Reference Count : 1]<UL><LI> startup_stm32l071xx.o(RESET)
</UL>
<P><STRONG><a name="[18]"></a>TIM21_IRQHandler</STRONG> (Thumb, 0 bytes, Stack size 0 bytes, startup_stm32l071xx.o(.text))
<BR>[Address Reference Count : 1]<UL><LI> startup_stm32l071xx.o(RESET)
</UL>
<P><STRONG><a name="[1a]"></a>TIM22_IRQHandler</STRONG> (Thumb, 0 bytes, Stack size 0 bytes, startup_stm32l071xx.o(.text))
<BR>[Address Reference Count : 1]<UL><LI> startup_stm32l071xx.o(RESET)
</UL>
<P><STRONG><a name="[14]"></a>TIM2_IRQHandler</STRONG> (Thumb, 0 bytes, Stack size 0 bytes, startup_stm32l071xx.o(.text))
<BR>[Address Reference Count : 1]<UL><LI> startup_stm32l071xx.o(RESET)
</UL>
<P><STRONG><a name="[15]"></a>TIM3_IRQHandler</STRONG> (Thumb, 0 bytes, Stack size 0 bytes, startup_stm32l071xx.o(.text))
<BR>[Address Reference Count : 1]<UL><LI> startup_stm32l071xx.o(RESET)
</UL>
<P><STRONG><a name="[16]"></a>TIM6_IRQHandler</STRONG> (Thumb, 0 bytes, Stack size 0 bytes, startup_stm32l071xx.o(.text))
<BR>[Address Reference Count : 1]<UL><LI> startup_stm32l071xx.o(RESET)
</UL>
<P><STRONG><a name="[17]"></a>TIM7_IRQHandler</STRONG> (Thumb, 0 bytes, Stack size 0 bytes, startup_stm32l071xx.o(.text))
<BR>[Address Reference Count : 1]<UL><LI> startup_stm32l071xx.o(RESET)
</UL>
<P><STRONG><a name="[13]"></a>USART4_5_IRQHandler</STRONG> (Thumb, 0 bytes, Stack size 0 bytes, startup_stm32l071xx.o(.text))
<BR>[Address Reference Count : 1]<UL><LI> startup_stm32l071xx.o(RESET)
</UL>
<P><STRONG><a name="[6]"></a>WWDG_IRQHandler</STRONG> (Thumb, 0 bytes, Stack size 0 bytes, startup_stm32l071xx.o(.text))
<BR>[Address Reference Count : 1]<UL><LI> startup_stm32l071xx.o(RESET)
</UL>
<P><STRONG><a name="[264]"></a>__aeabi_uidiv</STRONG> (Thumb, 0 bytes, Stack size 12 bytes, uidiv.o(.text), UNUSED)

<P><STRONG><a name="[45]"></a>__aeabi_uidivmod</STRONG> (Thumb, 44 bytes, Stack size 12 bytes, uidiv.o(.text))
<BR><BR>[Stack]<UL><LI>Max Depth = 12<LI>Call Chain = __aeabi_uidivmod
</UL>
<BR>[Called By]<UL><LI><a href="#[3a]">&gt;&gt;</a>&nbsp;&nbsp;&nbsp;recordUploadRun
<LI><a href="#[15e]">&gt;&gt;</a>&nbsp;&nbsp;&nbsp;changeUTCTimeToLocalTime
<LI><a href="#[b6]">&gt;&gt;</a>&nbsp;&nbsp;&nbsp;setNextWakeUpTime
<LI><a href="#[b4]">&gt;&gt;</a>&nbsp;&nbsp;&nbsp;setNextAlarmTime
<LI><a href="#[235]">&gt;&gt;</a>&nbsp;&nbsp;&nbsp;protocolRunFsm
<LI><a href="#[171]">&gt;&gt;</a>&nbsp;&nbsp;&nbsp;createProtocolF3
<LI><a href="#[234]">&gt;&gt;</a>&nbsp;&nbsp;&nbsp;networkConnectProcess
<LI><a href="#[223]">&gt;&gt;</a>&nbsp;&nbsp;&nbsp;n58FswrParase
<LI><a href="#[1a5]">&gt;&gt;</a>&nbsp;&nbsp;&nbsp;recStart
<LI><a href="#[1b8]">&gt;&gt;</a>&nbsp;&nbsp;&nbsp;doParamInstruction
<LI><a href="#[1ab]">&gt;&gt;</a>&nbsp;&nbsp;&nbsp;doModeInstruction
<LI><a href="#[199]">&gt;&gt;</a>&nbsp;&nbsp;&nbsp;doDebugInstrucion
<LI><a href="#[1fc]">&gt;&gt;</a>&nbsp;&nbsp;&nbsp;longitude_to_double
<LI><a href="#[1f7]">&gt;&gt;</a>&nbsp;&nbsp;&nbsp;latitude_to_double
<LI><a href="#[10f]">&gt;&gt;</a>&nbsp;&nbsp;&nbsp;addNewGPSInfo
<LI><a href="#[16a]">&gt;&gt;</a>&nbsp;&nbsp;&nbsp;createProtocol61
<LI><a href="#[168]">&gt;&gt;</a>&nbsp;&nbsp;&nbsp;createProtocol19
<LI><a href="#[166]">&gt;&gt;</a>&nbsp;&nbsp;&nbsp;protocolGPSpack
<LI><a href="#[250]">&gt;&gt;</a>&nbsp;&nbsp;&nbsp;uploadRequestInMode4
<LI><a href="#[248]">&gt;&gt;</a>&nbsp;&nbsp;&nbsp;systemModeRunTask
<LI><a href="#[1f5]">&gt;&gt;</a>&nbsp;&nbsp;&nbsp;hearbeatRequest
<LI><a href="#[1f0]">&gt;&gt;</a>&nbsp;&nbsp;&nbsp;gsensorIntervalCheck
<LI><a href="#[75]">&gt;&gt;</a>&nbsp;&nbsp;&nbsp;ADC_DelayMicroSecond
<LI><a href="#[8e]">&gt;&gt;</a>&nbsp;&nbsp;&nbsp;HAL_DMA_Init
<LI><a href="#[8d]">&gt;&gt;</a>&nbsp;&nbsp;&nbsp;HAL_DMA_DeInit
<LI><a href="#[15a]">&gt;&gt;</a>&nbsp;&nbsp;&nbsp;calculateTheGPSCornerPoint
<LI><a href="#[a6]">&gt;&gt;</a>&nbsp;&nbsp;&nbsp;HAL_InitTick
<LI><a href="#[ad]">&gt;&gt;</a>&nbsp;&nbsp;&nbsp;HAL_RCC_GetSysClockFreq
<LI><a href="#[d7]">&gt;&gt;</a>&nbsp;&nbsp;&nbsp;UART_SetConfig
<LI><a href="#[101]">&gt;&gt;</a>&nbsp;&nbsp;&nbsp;_printf_core
<LI><a href="#[44]">&gt;&gt;</a>&nbsp;&nbsp;&nbsp;__aeabi_idivmod
<LI><a href="#[4a]">&gt;&gt;</a>&nbsp;&nbsp;&nbsp;_localtime
</UL>

<P><STRONG><a name="[265]"></a>__aeabi_idiv</STRONG> (Thumb, 0 bytes, Stack size 16 bytes, idiv.o(.text), UNUSED)

<P><STRONG><a name="[44]"></a>__aeabi_idivmod</STRONG> (Thumb, 40 bytes, Stack size 16 bytes, idiv.o(.text))
<BR><BR>[Stack]<UL><LI>Max Depth = 28<LI>Call Chain = __aeabi_idivmod &rArr; __aeabi_uidivmod
</UL>
<BR>[Calls]<UL><LI><a href="#[45]">&gt;&gt;</a>&nbsp;&nbsp;&nbsp;__aeabi_uidivmod
</UL>
<BR>[Called By]<UL><LI><a href="#[15e]">&gt;&gt;</a>&nbsp;&nbsp;&nbsp;changeUTCTimeToLocalTime
<LI><a href="#[49]">&gt;&gt;</a>&nbsp;&nbsp;&nbsp;mktime
</UL>

<P><STRONG><a name="[46]"></a>__aeabi_uldivmod</STRONG> (Thumb, 96 bytes, Stack size 48 bytes, uldiv.o(.text))
<BR><BR>[Stack]<UL><LI>Max Depth = 56<LI>Call Chain = __aeabi_uldivmod &rArr; __aeabi_llsr
</UL>
<BR>[Calls]<UL><LI><a href="#[47]">&gt;&gt;</a>&nbsp;&nbsp;&nbsp;__aeabi_llsr
<LI><a href="#[48]">&gt;&gt;</a>&nbsp;&nbsp;&nbsp;__aeabi_llsl
</UL>
<BR>[Called By]<UL><LI><a href="#[d7]">&gt;&gt;</a>&nbsp;&nbsp;&nbsp;UART_SetConfig
<LI><a href="#[101]">&gt;&gt;</a>&nbsp;&nbsp;&nbsp;_printf_core
<LI><a href="#[10b]">&gt;&gt;</a>&nbsp;&nbsp;&nbsp;_fp_digits
</UL>

<P><STRONG><a name="[49]"></a>mktime</STRONG> (Thumb, 124 bytes, Stack size 16 bytes, mktime.o(.text))
<BR><BR>[Stack]<UL><LI>Max Depth = 44<LI>Call Chain = mktime &rArr; __aeabi_idivmod &rArr; __aeabi_uidivmod
</UL>
<BR>[Calls]<UL><LI><a href="#[44]">&gt;&gt;</a>&nbsp;&nbsp;&nbsp;__aeabi_idivmod
<LI><a href="#[4a]">&gt;&gt;</a>&nbsp;&nbsp;&nbsp;_localtime
</UL>
<BR>[Called By]<UL><LI><a href="#[1de]">&gt;&gt;</a>&nbsp;&nbsp;&nbsp;getCurrentDateTimeOfSec
<LI><a href="#[23c]">&gt;&gt;</a>&nbsp;&nbsp;&nbsp;parse_RMC
</UL>

<P><STRONG><a name="[7b]"></a>__aeabi_memcpy</STRONG> (Thumb, 36 bytes, Stack size 0 bytes, memcpya.o(.text))
<BR><BR>[Called By]<UL><LI><a href="#[15e]">&gt;&gt;</a>&nbsp;&nbsp;&nbsp;changeUTCTimeToLocalTime
<LI><a href="#[223]">&gt;&gt;</a>&nbsp;&nbsp;&nbsp;n58FswrParase
<LI><a href="#[3d]">&gt;&gt;</a>&nbsp;&nbsp;&nbsp;moduleResponParaser
<LI><a href="#[78]">&gt;&gt;</a>&nbsp;&nbsp;&nbsp;CreateNodeCmd
<LI><a href="#[236]">&gt;&gt;</a>&nbsp;&nbsp;&nbsp;parseGPS
<LI><a href="#[114]">&gt;&gt;</a>&nbsp;&nbsp;&nbsp;updateLocalRTCTime
<LI><a href="#[25d]">&gt;&gt;</a>&nbsp;&nbsp;&nbsp;ztvm_encrypt_undes
<LI><a href="#[258]">&gt;&gt;</a>&nbsp;&nbsp;&nbsp;ztvm_encrypt_des
</UL>

<P><STRONG><a name="[112]"></a>__aeabi_memcpy4</STRONG> (Thumb, 0 bytes, Stack size 0 bytes, memcpya.o(.text))
<BR><BR>[Called By]<UL><LI><a href="#[10f]">&gt;&gt;</a>&nbsp;&nbsp;&nbsp;addNewGPSInfo
<LI><a href="#[157]">&gt;&gt;</a>&nbsp;&nbsp;&nbsp;initLastPoint
</UL>

<P><STRONG><a name="[266]"></a>__aeabi_memcpy8</STRONG> (Thumb, 0 bytes, Stack size 0 bytes, memcpya.o(.text), UNUSED)

<P><STRONG><a name="[4c]"></a>__aeabi_memset</STRONG> (Thumb, 14 bytes, Stack size 0 bytes, memseta.o(.text))
<BR><BR>[Called By]<UL><LI><a href="#[4d]">&gt;&gt;</a>&nbsp;&nbsp;&nbsp;_memset$wrapper
<LI><a href="#[4b]">&gt;&gt;</a>&nbsp;&nbsp;&nbsp;__aeabi_memclr
</UL>

<P><STRONG><a name="[267]"></a>__aeabi_memset4</STRONG> (Thumb, 0 bytes, Stack size 0 bytes, memseta.o(.text), UNUSED)

<P><STRONG><a name="[268]"></a>__aeabi_memset8</STRONG> (Thumb, 0 bytes, Stack size 0 bytes, memseta.o(.text), UNUSED)

<P><STRONG><a name="[4b]"></a>__aeabi_memclr</STRONG> (Thumb, 4 bytes, Stack size 0 bytes, memseta.o(.text))
<BR><BR>[Calls]<UL><LI><a href="#[4c]">&gt;&gt;</a>&nbsp;&nbsp;&nbsp;__aeabi_memset
</UL>
<BR>[Called By]<UL><LI><a href="#[1e1]">&gt;&gt;</a>&nbsp;&nbsp;&nbsp;gpsClearCurrentGPSInfo
<LI><a href="#[11f]">&gt;&gt;</a>&nbsp;&nbsp;&nbsp;appBleInfoReset
<LI><a href="#[1c1]">&gt;&gt;</a>&nbsp;&nbsp;&nbsp;doSetblemacInstrucion
<LI><a href="#[1b8]">&gt;&gt;</a>&nbsp;&nbsp;&nbsp;doParamInstruction
<LI><a href="#[23f]">&gt;&gt;</a>&nbsp;&nbsp;&nbsp;parse_GSV
<LI><a href="#[24e]">&gt;&gt;</a>&nbsp;&nbsp;&nbsp;systemShutDown
<LI><a href="#[1f2]">&gt;&gt;</a>&nbsp;&nbsp;&nbsp;gsensorTapTask
</UL>

<P><STRONG><a name="[88]"></a>__aeabi_memclr4</STRONG> (Thumb, 0 bytes, Stack size 0 bytes, memseta.o(.text))
<BR><BR>[Called By]<UL><LI><a href="#[252]">&gt;&gt;</a>&nbsp;&nbsp;&nbsp;updateRTCdatetime
<LI><a href="#[206]">&gt;&gt;</a>&nbsp;&nbsp;&nbsp;modulePinConfig
<LI><a href="#[22f]">&gt;&gt;</a>&nbsp;&nbsp;&nbsp;protocolRxParase
<LI><a href="#[1e1]">&gt;&gt;</a>&nbsp;&nbsp;&nbsp;gpsClearCurrentGPSInfo
<LI><a href="#[205]">&gt;&gt;</a>&nbsp;&nbsp;&nbsp;moduleInfoInit
<LI><a href="#[1cd]">&gt;&gt;</a>&nbsp;&nbsp;&nbsp;paramSaveUPSServer
<LI><a href="#[1c0]">&gt;&gt;</a>&nbsp;&nbsp;&nbsp;paramSaveServer
<LI><a href="#[1c2]">&gt;&gt;</a>&nbsp;&nbsp;&nbsp;paramSaveBleMac
<LI><a href="#[18b]">&gt;&gt;</a>&nbsp;&nbsp;&nbsp;paramSaveApnUser
<LI><a href="#[18c]">&gt;&gt;</a>&nbsp;&nbsp;&nbsp;paramSaveApnPswd
<LI><a href="#[18d]">&gt;&gt;</a>&nbsp;&nbsp;&nbsp;paramSaveApnName
<LI><a href="#[23c]">&gt;&gt;</a>&nbsp;&nbsp;&nbsp;parse_RMC
<LI><a href="#[23f]">&gt;&gt;</a>&nbsp;&nbsp;&nbsp;parse_GSV
<LI><a href="#[236]">&gt;&gt;</a>&nbsp;&nbsp;&nbsp;parseGPS
<LI><a href="#[f7]">&gt;&gt;</a>&nbsp;&nbsp;&nbsp;SystemClock_Config
<LI><a href="#[d6]">&gt;&gt;</a>&nbsp;&nbsp;&nbsp;HAL_UART_MspInit
<LI><a href="#[9a]">&gt;&gt;</a>&nbsp;&nbsp;&nbsp;HAL_I2C_MspInit
<LI><a href="#[87]">&gt;&gt;</a>&nbsp;&nbsp;&nbsp;HAL_ADC_MspInit
<LI><a href="#[e8]">&gt;&gt;</a>&nbsp;&nbsp;&nbsp;MX_GPIO_Init
</UL>

<P><STRONG><a name="[269]"></a>__aeabi_memclr8</STRONG> (Thumb, 0 bytes, Stack size 0 bytes, memseta.o(.text), UNUSED)

<P><STRONG><a name="[4d]"></a>_memset$wrapper</STRONG> (Thumb, 18 bytes, Stack size 8 bytes, memseta.o(.text), UNUSED)
<BR><BR>[Calls]<UL><LI><a href="#[4c]">&gt;&gt;</a>&nbsp;&nbsp;&nbsp;__aeabi_memset
</UL>

<P><STRONG><a name="[12c]"></a>strstr</STRONG> (Thumb, 40 bytes, Stack size 12 bytes, strstr.o(.text))
<BR><BR>[Stack]<UL><LI>Max Depth = 12<LI>Call Chain = strstr
</UL>
<BR>[Called By]<UL><LI><a href="#[225]">&gt;&gt;</a>&nbsp;&nbsp;&nbsp;paramInit
<LI><a href="#[37]">&gt;&gt;</a>&nbsp;&nbsp;&nbsp;atCmdParaseFunction
<LI><a href="#[180]">&gt;&gt;</a>&nbsp;&nbsp;&nbsp;distinguishOK
<LI><a href="#[20b]">&gt;&gt;</a>&nbsp;&nbsp;&nbsp;n58TCPsetupparase
<LI><a href="#[20c]">&gt;&gt;</a>&nbsp;&nbsp;&nbsp;n58TCPcloseparase
<LI><a href="#[1b6]">&gt;&gt;</a>&nbsp;&nbsp;&nbsp;doPOITYPEInstruction
<LI><a href="#[12a]">&gt;&gt;</a>&nbsp;&nbsp;&nbsp;atCmdDebugParase
</UL>

<P><STRONG><a name="[11d]"></a>strncpy</STRONG> (Thumb, 26 bytes, Stack size 8 bytes, strncpy.o(.text))
<BR><BR>[Stack]<UL><LI>Max Depth = 8<LI>Call Chain = strncpy
</UL>
<BR>[Called By]<UL><LI><a href="#[37]">&gt;&gt;</a>&nbsp;&nbsp;&nbsp;atCmdParaseFunction
<LI><a href="#[22f]">&gt;&gt;</a>&nbsp;&nbsp;&nbsp;protocolRxParase
<LI><a href="#[120]">&gt;&gt;</a>&nbsp;&nbsp;&nbsp;appBlePRecv
<LI><a href="#[11a]">&gt;&gt;</a>&nbsp;&nbsp;&nbsp;appBleCRecv
<LI><a href="#[20f]">&gt;&gt;</a>&nbsp;&nbsp;&nbsp;n58WIFISCANParse
<LI><a href="#[20a]">&gt;&gt;</a>&nbsp;&nbsp;&nbsp;n58TCPRecvparase
<LI><a href="#[214]">&gt;&gt;</a>&nbsp;&nbsp;&nbsp;n58FSLISTparase
<LI><a href="#[219]">&gt;&gt;</a>&nbsp;&nbsp;&nbsp;n58CSQparase
<LI><a href="#[1cd]">&gt;&gt;</a>&nbsp;&nbsp;&nbsp;paramSaveUPSServer
<LI><a href="#[1c0]">&gt;&gt;</a>&nbsp;&nbsp;&nbsp;paramSaveServer
<LI><a href="#[1c2]">&gt;&gt;</a>&nbsp;&nbsp;&nbsp;paramSaveBleMac
<LI><a href="#[18b]">&gt;&gt;</a>&nbsp;&nbsp;&nbsp;paramSaveApnUser
<LI><a href="#[18c]">&gt;&gt;</a>&nbsp;&nbsp;&nbsp;paramSaveApnPswd
<LI><a href="#[18d]">&gt;&gt;</a>&nbsp;&nbsp;&nbsp;paramSaveApnName
</UL>

<P><STRONG><a name="[e2]"></a>strlen</STRONG> (Thumb, 14 bytes, Stack size 0 bytes, strlen.o(.text))
<BR><BR>[Called By]<UL><LI><a href="#[12b]">&gt;&gt;</a>&nbsp;&nbsp;&nbsp;paraseInstructionToItem
<LI><a href="#[130]">&gt;&gt;</a>&nbsp;&nbsp;&nbsp;my_strstr
<LI><a href="#[192]">&gt;&gt;</a>&nbsp;&nbsp;&nbsp;my_strpach
<LI><a href="#[11e]">&gt;&gt;</a>&nbsp;&nbsp;&nbsp;my_getstrindex
<LI><a href="#[cf]">&gt;&gt;</a>&nbsp;&nbsp;&nbsp;LogPrintf
<LI><a href="#[7d]">&gt;&gt;</a>&nbsp;&nbsp;&nbsp;LogMessage
<LI><a href="#[119]">&gt;&gt;</a>&nbsp;&nbsp;&nbsp;sendProtocolToServer
<LI><a href="#[f4]">&gt;&gt;</a>&nbsp;&nbsp;&nbsp;sendModuleCmd
<LI><a href="#[214]">&gt;&gt;</a>&nbsp;&nbsp;&nbsp;n58FSLISTparase
<LI><a href="#[1cd]">&gt;&gt;</a>&nbsp;&nbsp;&nbsp;paramSaveUPSServer
<LI><a href="#[1c0]">&gt;&gt;</a>&nbsp;&nbsp;&nbsp;paramSaveServer
<LI><a href="#[1c2]">&gt;&gt;</a>&nbsp;&nbsp;&nbsp;paramSaveBleMac
<LI><a href="#[18b]">&gt;&gt;</a>&nbsp;&nbsp;&nbsp;paramSaveApnUser
<LI><a href="#[18c]">&gt;&gt;</a>&nbsp;&nbsp;&nbsp;paramSaveApnPswd
<LI><a href="#[18d]">&gt;&gt;</a>&nbsp;&nbsp;&nbsp;paramSaveApnName
<LI><a href="#[1d1]">&gt;&gt;</a>&nbsp;&nbsp;&nbsp;doVersionInstruction
<LI><a href="#[1ce]">&gt;&gt;</a>&nbsp;&nbsp;&nbsp;doUTCInstruction
<LI><a href="#[1ca]">&gt;&gt;</a>&nbsp;&nbsp;&nbsp;doUPSInstruction
<LI><a href="#[1c8]">&gt;&gt;</a>&nbsp;&nbsp;&nbsp;doTurnAlgInstrucion
<LI><a href="#[1c7]">&gt;&gt;</a>&nbsp;&nbsp;&nbsp;doTTSInstruction
<LI><a href="#[1c5]">&gt;&gt;</a>&nbsp;&nbsp;&nbsp;doStatusInstruction
<LI><a href="#[1c3]">&gt;&gt;</a>&nbsp;&nbsp;&nbsp;doSmsreplyInstrucion
<LI><a href="#[1c1]">&gt;&gt;</a>&nbsp;&nbsp;&nbsp;doSetblemacInstrucion
<LI><a href="#[1bf]">&gt;&gt;</a>&nbsp;&nbsp;&nbsp;doServerInstruction
<LI><a href="#[1be]">&gt;&gt;</a>&nbsp;&nbsp;&nbsp;doSNInstruction
<LI><a href="#[1bd]">&gt;&gt;</a>&nbsp;&nbsp;&nbsp;doResetInstruction
<LI><a href="#[1ba]">&gt;&gt;</a>&nbsp;&nbsp;&nbsp;doPdopInstrucion
<LI><a href="#[1b8]">&gt;&gt;</a>&nbsp;&nbsp;&nbsp;doParamInstruction
<LI><a href="#[1b6]">&gt;&gt;</a>&nbsp;&nbsp;&nbsp;doPOITYPEInstruction
<LI><a href="#[1ab]">&gt;&gt;</a>&nbsp;&nbsp;&nbsp;doModeInstruction
<LI><a href="#[1a8]">&gt;&gt;</a>&nbsp;&nbsp;&nbsp;doLOWWInstruction
<LI><a href="#[1a6]">&gt;&gt;</a>&nbsp;&nbsp;&nbsp;doLEDInstruction
<LI><a href="#[1a4]">&gt;&gt;</a>&nbsp;&nbsp;&nbsp;doJtInstruction
<LI><a href="#[1a3]">&gt;&gt;</a>&nbsp;&nbsp;&nbsp;doJTCYCLEInstrucion
<LI><a href="#[1a0]">&gt;&gt;</a>&nbsp;&nbsp;&nbsp;doHbtInstruction
<LI><a href="#[19e]">&gt;&gt;</a>&nbsp;&nbsp;&nbsp;doFenceInstrucion
<LI><a href="#[139]">&gt;&gt;</a>&nbsp;&nbsp;&nbsp;doFactoryTestInstruction
<LI><a href="#[19c]">&gt;&gt;</a>&nbsp;&nbsp;&nbsp;doFactoryInstrucion
<LI><a href="#[199]">&gt;&gt;</a>&nbsp;&nbsp;&nbsp;doDebugInstrucion
<LI><a href="#[198]">&gt;&gt;</a>&nbsp;&nbsp;&nbsp;doCFInstruction
<LI><a href="#[196]">&gt;&gt;</a>&nbsp;&nbsp;&nbsp;doBFInstruction
<LI><a href="#[194]">&gt;&gt;</a>&nbsp;&nbsp;&nbsp;doAnswerInstrucion
<LI><a href="#[191]">&gt;&gt;</a>&nbsp;&nbsp;&nbsp;doAlarmModeInstrucion
<LI><a href="#[18a]">&gt;&gt;</a>&nbsp;&nbsp;&nbsp;doAPNInstruction
<LI><a href="#[186]">&gt;&gt;</a>&nbsp;&nbsp;&nbsp;doACCCTLGNSSInstrucion
<LI><a href="#[143]">&gt;&gt;</a>&nbsp;&nbsp;&nbsp;mycmdPatch
<LI><a href="#[12a]">&gt;&gt;</a>&nbsp;&nbsp;&nbsp;atCmdDebugParase
<LI><a href="#[240]">&gt;&gt;</a>&nbsp;&nbsp;&nbsp;showgpsinfo
<LI><a href="#[15f]">&gt;&gt;</a>&nbsp;&nbsp;&nbsp;charstrToHexValue
<LI><a href="#[170]">&gt;&gt;</a>&nbsp;&nbsp;&nbsp;createProtocolF1
<LI><a href="#[174]">&gt;&gt;</a>&nbsp;&nbsp;&nbsp;packIMEI
<LI><a href="#[1d3]">&gt;&gt;</a>&nbsp;&nbsp;&nbsp;dorequestSend123
</UL>

<P><STRONG><a name="[182]"></a>strcpy</STRONG> (Thumb, 18 bytes, Stack size 0 bytes, strcpy.o(.text))
<BR><BR>[Called By]<UL><LI><a href="#[229]">&gt;&gt;</a>&nbsp;&nbsp;&nbsp;recUpdateRestoreFileNameAndTotalSize
<LI><a href="#[1ea]">&gt;&gt;</a>&nbsp;&nbsp;&nbsp;gpsUpdateRestoreFileNameAndTotalSize
<LI><a href="#[20e]">&gt;&gt;</a>&nbsp;&nbsp;&nbsp;n58CMGRparse
<LI><a href="#[23b]">&gt;&gt;</a>&nbsp;&nbsp;&nbsp;paramSaveCodeVersion
<LI><a href="#[1b6]">&gt;&gt;</a>&nbsp;&nbsp;&nbsp;doPOITYPEInstruction
<LI><a href="#[1ab]">&gt;&gt;</a>&nbsp;&nbsp;&nbsp;doModeInstruction
<LI><a href="#[199]">&gt;&gt;</a>&nbsp;&nbsp;&nbsp;doDebugInstrucion
<LI><a href="#[198]">&gt;&gt;</a>&nbsp;&nbsp;&nbsp;doCFInstruction
<LI><a href="#[196]">&gt;&gt;</a>&nbsp;&nbsp;&nbsp;doBFInstruction
<LI><a href="#[18a]">&gt;&gt;</a>&nbsp;&nbsp;&nbsp;doAPNInstruction
<LI><a href="#[181]">&gt;&gt;</a>&nbsp;&nbsp;&nbsp;do123Instruction
</UL>

<P><STRONG><a name="[4e]"></a>strtoul</STRONG> (Thumb, 118 bytes, Stack size 40 bytes, strtoul.o(.text))
<BR><BR>[Stack]<UL><LI>Max Depth = 80<LI>Call Chain = strtoul &rArr; _strtoul
</UL>
<BR>[Calls]<UL><LI><a href="#[51]">&gt;&gt;</a>&nbsp;&nbsp;&nbsp;_strtoul
<LI><a href="#[4f]">&gt;&gt;</a>&nbsp;&nbsp;&nbsp;__aeabi_errno_addr
<LI><a href="#[50]">&gt;&gt;</a>&nbsp;&nbsp;&nbsp;__rt_ctype_table
</UL>
<BR>[Called By]<UL><LI><a href="#[211]">&gt;&gt;</a>&nbsp;&nbsp;&nbsp;n58MylacidParse
</UL>

<P><STRONG><a name="[52]"></a>atoi</STRONG> (Thumb, 26 bytes, Stack size 16 bytes, atoi.o(.text))
<BR><BR>[Stack]<UL><LI>Max Depth = 88<LI>Call Chain = atoi &rArr; strtol &rArr; _strtoul
</UL>
<BR>[Calls]<UL><LI><a href="#[53]">&gt;&gt;</a>&nbsp;&nbsp;&nbsp;strtol
<LI><a href="#[4f]">&gt;&gt;</a>&nbsp;&nbsp;&nbsp;__aeabi_errno_addr
</UL>
<BR>[Called By]<UL><LI><a href="#[120]">&gt;&gt;</a>&nbsp;&nbsp;&nbsp;appBlePRecv
<LI><a href="#[11a]">&gt;&gt;</a>&nbsp;&nbsp;&nbsp;appBleCRecv
<LI><a href="#[20a]">&gt;&gt;</a>&nbsp;&nbsp;&nbsp;n58TCPRecvparase
<LI><a href="#[223]">&gt;&gt;</a>&nbsp;&nbsp;&nbsp;n58FswrParase
<LI><a href="#[214]">&gt;&gt;</a>&nbsp;&nbsp;&nbsp;n58FSLISTparase
<LI><a href="#[219]">&gt;&gt;</a>&nbsp;&nbsp;&nbsp;n58CSQparase
<LI><a href="#[21a]">&gt;&gt;</a>&nbsp;&nbsp;&nbsp;n58CREGparase
<LI><a href="#[20d]">&gt;&gt;</a>&nbsp;&nbsp;&nbsp;n58CMTIparase
<LI><a href="#[1ce]">&gt;&gt;</a>&nbsp;&nbsp;&nbsp;doUTCInstruction
<LI><a href="#[1ca]">&gt;&gt;</a>&nbsp;&nbsp;&nbsp;doUPSInstruction
<LI><a href="#[1c8]">&gt;&gt;</a>&nbsp;&nbsp;&nbsp;doTurnAlgInstrucion
<LI><a href="#[1ba]">&gt;&gt;</a>&nbsp;&nbsp;&nbsp;doPdopInstrucion
<LI><a href="#[1b6]">&gt;&gt;</a>&nbsp;&nbsp;&nbsp;doPOITYPEInstruction
<LI><a href="#[1ab]">&gt;&gt;</a>&nbsp;&nbsp;&nbsp;doModeInstruction
<LI><a href="#[1a8]">&gt;&gt;</a>&nbsp;&nbsp;&nbsp;doLOWWInstruction
<LI><a href="#[1a6]">&gt;&gt;</a>&nbsp;&nbsp;&nbsp;doLEDInstruction
<LI><a href="#[1a4]">&gt;&gt;</a>&nbsp;&nbsp;&nbsp;doJtInstruction
<LI><a href="#[1a0]">&gt;&gt;</a>&nbsp;&nbsp;&nbsp;doHbtInstruction
<LI><a href="#[194]">&gt;&gt;</a>&nbsp;&nbsp;&nbsp;doAnswerInstrucion
<LI><a href="#[186]">&gt;&gt;</a>&nbsp;&nbsp;&nbsp;doACCCTLGNSSInstrucion
<LI><a href="#[129]">&gt;&gt;</a>&nbsp;&nbsp;&nbsp;atCmdDebugLevelParser
<LI><a href="#[23c]">&gt;&gt;</a>&nbsp;&nbsp;&nbsp;parse_RMC
<LI><a href="#[23f]">&gt;&gt;</a>&nbsp;&nbsp;&nbsp;parse_GSV
<LI><a href="#[23d]">&gt;&gt;</a>&nbsp;&nbsp;&nbsp;parse_GSA
<LI><a href="#[23e]">&gt;&gt;</a>&nbsp;&nbsp;&nbsp;parse_GGA
</UL>

<P><STRONG><a name="[54]"></a>atol</STRONG> (Thumb, 26 bytes, Stack size 16 bytes, atol.o(.text))
<BR><BR>[Stack]<UL><LI>Max Depth = 88<LI>Call Chain = atol &rArr; strtol &rArr; _strtoul
</UL>
<BR>[Calls]<UL><LI><a href="#[53]">&gt;&gt;</a>&nbsp;&nbsp;&nbsp;strtol
<LI><a href="#[4f]">&gt;&gt;</a>&nbsp;&nbsp;&nbsp;__aeabi_errno_addr
</UL>
<BR>[Called By]<UL><LI><a href="#[1c3]">&gt;&gt;</a>&nbsp;&nbsp;&nbsp;doSmsreplyInstrucion
<LI><a href="#[1bf]">&gt;&gt;</a>&nbsp;&nbsp;&nbsp;doServerInstruction
<LI><a href="#[19e]">&gt;&gt;</a>&nbsp;&nbsp;&nbsp;doFenceInstrucion
</UL>

<P><STRONG><a name="[179]"></a>__aeabi_fmul</STRONG> (Thumb, 122 bytes, Stack size 16 bytes, fmul.o(.text))
<BR><BR>[Stack]<UL><LI>Max Depth = 16<LI>Call Chain = __aeabi_fmul
</UL>
<BR>[Called By]<UL><LI><a href="#[136]">&gt;&gt;</a>&nbsp;&nbsp;&nbsp;paramSaveAdcCal
<LI><a href="#[177]">&gt;&gt;</a>&nbsp;&nbsp;&nbsp;createProtocol_13
</UL>

<P><STRONG><a name="[55]"></a>__aeabi_fdiv</STRONG> (Thumb, 124 bytes, Stack size 16 bytes, fdiv.o(.text))
<BR><BR>[Stack]<UL><LI>Max Depth = 16<LI>Call Chain = __aeabi_fdiv
</UL>
<BR>[Calls]<UL><LI><a href="#[56]">&gt;&gt;</a>&nbsp;&nbsp;&nbsp;_float_round
</UL>
<BR>[Called By]<UL><LI><a href="#[133]">&gt;&gt;</a>&nbsp;&nbsp;&nbsp;atCmdFmpcAdccalParase
<LI><a href="#[144]">&gt;&gt;</a>&nbsp;&nbsp;&nbsp;getBatVoltage
</UL>

<P><STRONG><a name="[57]"></a>__aeabi_dadd</STRONG> (Thumb, 328 bytes, Stack size 48 bytes, dadd.o(.text))
<BR><BR>[Stack]<UL><LI>Max Depth = 104<LI>Call Chain = __aeabi_dadd &rArr; _double_epilogue &rArr; __aeabi_llsr
</UL>
<BR>[Calls]<UL><LI><a href="#[58]">&gt;&gt;</a>&nbsp;&nbsp;&nbsp;__aeabi_lasr
<LI><a href="#[48]">&gt;&gt;</a>&nbsp;&nbsp;&nbsp;__aeabi_llsl
<LI><a href="#[5a]">&gt;&gt;</a>&nbsp;&nbsp;&nbsp;_double_round
<LI><a href="#[59]">&gt;&gt;</a>&nbsp;&nbsp;&nbsp;_double_epilogue
</UL>
<BR>[Called By]<UL><LI><a href="#[1fc]">&gt;&gt;</a>&nbsp;&nbsp;&nbsp;longitude_to_double
<LI><a href="#[1f7]">&gt;&gt;</a>&nbsp;&nbsp;&nbsp;latitude_to_double
<LI><a href="#[15f]">&gt;&gt;</a>&nbsp;&nbsp;&nbsp;charstrToHexValue
<LI><a href="#[5b]">&gt;&gt;</a>&nbsp;&nbsp;&nbsp;__aeabi_dsub
<LI><a href="#[249]">&gt;&gt;</a>&nbsp;&nbsp;&nbsp;voltageCheckTask
<LI><a href="#[5c]">&gt;&gt;</a>&nbsp;&nbsp;&nbsp;__aeabi_drsub
<LI><a href="#[155]">&gt;&gt;</a>&nbsp;&nbsp;&nbsp;calculateTheDistanceBetweenTwoPonits
<LI><a href="#[10b]">&gt;&gt;</a>&nbsp;&nbsp;&nbsp;_fp_digits
<LI><a href="#[160]">&gt;&gt;</a>&nbsp;&nbsp;&nbsp;pow
<LI><a href="#[124]">&gt;&gt;</a>&nbsp;&nbsp;&nbsp;asin
<LI><a href="#[108]">&gt;&gt;</a>&nbsp;&nbsp;&nbsp;__kernel_sin
<LI><a href="#[103]">&gt;&gt;</a>&nbsp;&nbsp;&nbsp;__ieee754_rem_pio2
<LI><a href="#[107]">&gt;&gt;</a>&nbsp;&nbsp;&nbsp;__kernel_poly
</UL>

<P><STRONG><a name="[5b]"></a>__aeabi_dsub</STRONG> (Thumb, 12 bytes, Stack size 8 bytes, dadd.o(.text))
<BR><BR>[Stack]<UL><LI>Max Depth = 112<LI>Call Chain = __aeabi_dsub &rArr; __aeabi_dadd &rArr; _double_epilogue &rArr; __aeabi_llsr
</UL>
<BR>[Calls]<UL><LI><a href="#[57]">&gt;&gt;</a>&nbsp;&nbsp;&nbsp;__aeabi_dadd
</UL>
<BR>[Called By]<UL><LI><a href="#[1fc]">&gt;&gt;</a>&nbsp;&nbsp;&nbsp;longitude_to_double
<LI><a href="#[1f7]">&gt;&gt;</a>&nbsp;&nbsp;&nbsp;latitude_to_double
<LI><a href="#[178]">&gt;&gt;</a>&nbsp;&nbsp;&nbsp;getBatteryLevel
<LI><a href="#[155]">&gt;&gt;</a>&nbsp;&nbsp;&nbsp;calculateTheDistanceBetweenTwoPonits
<LI><a href="#[160]">&gt;&gt;</a>&nbsp;&nbsp;&nbsp;pow
<LI><a href="#[124]">&gt;&gt;</a>&nbsp;&nbsp;&nbsp;asin
<LI><a href="#[108]">&gt;&gt;</a>&nbsp;&nbsp;&nbsp;__kernel_sin
<LI><a href="#[103]">&gt;&gt;</a>&nbsp;&nbsp;&nbsp;__ieee754_rem_pio2
<LI><a href="#[106]">&gt;&gt;</a>&nbsp;&nbsp;&nbsp;__kernel_cos
</UL>

<P><STRONG><a name="[5c]"></a>__aeabi_drsub</STRONG> (Thumb, 12 bytes, Stack size 8 bytes, dadd.o(.text))
<BR><BR>[Stack]<UL><LI>Max Depth = 112<LI>Call Chain = __aeabi_drsub &rArr; __aeabi_dadd &rArr; _double_epilogue &rArr; __aeabi_llsr
</UL>
<BR>[Calls]<UL><LI><a href="#[57]">&gt;&gt;</a>&nbsp;&nbsp;&nbsp;__aeabi_dadd
</UL>
<BR>[Called By]<UL><LI><a href="#[155]">&gt;&gt;</a>&nbsp;&nbsp;&nbsp;calculateTheDistanceBetweenTwoPonits
<LI><a href="#[160]">&gt;&gt;</a>&nbsp;&nbsp;&nbsp;pow
<LI><a href="#[124]">&gt;&gt;</a>&nbsp;&nbsp;&nbsp;asin
<LI><a href="#[108]">&gt;&gt;</a>&nbsp;&nbsp;&nbsp;__kernel_sin
<LI><a href="#[103]">&gt;&gt;</a>&nbsp;&nbsp;&nbsp;__ieee754_rem_pio2
<LI><a href="#[106]">&gt;&gt;</a>&nbsp;&nbsp;&nbsp;__kernel_cos
</UL>

<P><STRONG><a name="[5d]"></a>__aeabi_dmul</STRONG> (Thumb, 202 bytes, Stack size 72 bytes, dmul.o(.text))
<BR><BR>[Stack]<UL><LI>Max Depth = 128<LI>Call Chain = __aeabi_dmul &rArr; _double_epilogue &rArr; __aeabi_llsr
</UL>
<BR>[Calls]<UL><LI><a href="#[59]">&gt;&gt;</a>&nbsp;&nbsp;&nbsp;_double_epilogue
</UL>
<BR>[Called By]<UL><LI><a href="#[133]">&gt;&gt;</a>&nbsp;&nbsp;&nbsp;atCmdFmpcAdccalParase
<LI><a href="#[23c]">&gt;&gt;</a>&nbsp;&nbsp;&nbsp;parse_RMC
<LI><a href="#[1fc]">&gt;&gt;</a>&nbsp;&nbsp;&nbsp;longitude_to_double
<LI><a href="#[1f7]">&gt;&gt;</a>&nbsp;&nbsp;&nbsp;latitude_to_double
<LI><a href="#[15f]">&gt;&gt;</a>&nbsp;&nbsp;&nbsp;charstrToHexValue
<LI><a href="#[166]">&gt;&gt;</a>&nbsp;&nbsp;&nbsp;protocolGPSpack
<LI><a href="#[178]">&gt;&gt;</a>&nbsp;&nbsp;&nbsp;getBatteryLevel
<LI><a href="#[144]">&gt;&gt;</a>&nbsp;&nbsp;&nbsp;getBatVoltage
<LI><a href="#[155]">&gt;&gt;</a>&nbsp;&nbsp;&nbsp;calculateTheDistanceBetweenTwoPonits
<LI><a href="#[153]">&gt;&gt;</a>&nbsp;&nbsp;&nbsp;calculateDistanceOfPoint
<LI><a href="#[10b]">&gt;&gt;</a>&nbsp;&nbsp;&nbsp;_fp_digits
<LI><a href="#[160]">&gt;&gt;</a>&nbsp;&nbsp;&nbsp;pow
<LI><a href="#[124]">&gt;&gt;</a>&nbsp;&nbsp;&nbsp;asin
<LI><a href="#[6d]">&gt;&gt;</a>&nbsp;&nbsp;&nbsp;_fp_value
<LI><a href="#[108]">&gt;&gt;</a>&nbsp;&nbsp;&nbsp;__kernel_sin
<LI><a href="#[103]">&gt;&gt;</a>&nbsp;&nbsp;&nbsp;__ieee754_rem_pio2
<LI><a href="#[107]">&gt;&gt;</a>&nbsp;&nbsp;&nbsp;__kernel_poly
<LI><a href="#[106]">&gt;&gt;</a>&nbsp;&nbsp;&nbsp;__kernel_cos
</UL>

<P><STRONG><a name="[5e]"></a>__aeabi_ddiv</STRONG> (Thumb, 234 bytes, Stack size 40 bytes, ddiv.o(.text))
<BR><BR>[Stack]<UL><LI>Max Depth = 48<LI>Call Chain = __aeabi_ddiv &rArr; _double_round
</UL>
<BR>[Calls]<UL><LI><a href="#[5a]">&gt;&gt;</a>&nbsp;&nbsp;&nbsp;_double_round
</UL>
<BR>[Called By]<UL><LI><a href="#[225]">&gt;&gt;</a>&nbsp;&nbsp;&nbsp;paramInit
<LI><a href="#[237]">&gt;&gt;</a>&nbsp;&nbsp;&nbsp;paramGetAdcCal
<LI><a href="#[1ba]">&gt;&gt;</a>&nbsp;&nbsp;&nbsp;doPdopInstrucion
<LI><a href="#[1a8]">&gt;&gt;</a>&nbsp;&nbsp;&nbsp;doLOWWInstruction
<LI><a href="#[133]">&gt;&gt;</a>&nbsp;&nbsp;&nbsp;atCmdFmpcAdccalParase
<LI><a href="#[1fc]">&gt;&gt;</a>&nbsp;&nbsp;&nbsp;longitude_to_double
<LI><a href="#[1f7]">&gt;&gt;</a>&nbsp;&nbsp;&nbsp;latitude_to_double
<LI><a href="#[111]">&gt;&gt;</a>&nbsp;&nbsp;&nbsp;gpsFilter
<LI><a href="#[178]">&gt;&gt;</a>&nbsp;&nbsp;&nbsp;getBatteryLevel
<LI><a href="#[155]">&gt;&gt;</a>&nbsp;&nbsp;&nbsp;calculateTheDistanceBetweenTwoPonits
<LI><a href="#[10b]">&gt;&gt;</a>&nbsp;&nbsp;&nbsp;_fp_digits
<LI><a href="#[158]">&gt;&gt;</a>&nbsp;&nbsp;&nbsp;sin
<LI><a href="#[160]">&gt;&gt;</a>&nbsp;&nbsp;&nbsp;pow
<LI><a href="#[159]">&gt;&gt;</a>&nbsp;&nbsp;&nbsp;cos
<LI><a href="#[124]">&gt;&gt;</a>&nbsp;&nbsp;&nbsp;asin
<LI><a href="#[6d]">&gt;&gt;</a>&nbsp;&nbsp;&nbsp;_fp_value
</UL>

<P><STRONG><a name="[105]"></a>__ARM_scalbn</STRONG> (Thumb, 44 bytes, Stack size 16 bytes, dscalb.o(.text))
<BR><BR>[Stack]<UL><LI>Max Depth = 16<LI>Call Chain = __ARM_scalbn
</UL>
<BR>[Called By]<UL><LI><a href="#[155]">&gt;&gt;</a>&nbsp;&nbsp;&nbsp;calculateTheDistanceBetweenTwoPonits
<LI><a href="#[158]">&gt;&gt;</a>&nbsp;&nbsp;&nbsp;sin
<LI><a href="#[160]">&gt;&gt;</a>&nbsp;&nbsp;&nbsp;pow
<LI><a href="#[159]">&gt;&gt;</a>&nbsp;&nbsp;&nbsp;cos
<LI><a href="#[124]">&gt;&gt;</a>&nbsp;&nbsp;&nbsp;asin
<LI><a href="#[108]">&gt;&gt;</a>&nbsp;&nbsp;&nbsp;__kernel_sin
<LI><a href="#[103]">&gt;&gt;</a>&nbsp;&nbsp;&nbsp;__ieee754_rem_pio2
<LI><a href="#[10a]">&gt;&gt;</a>&nbsp;&nbsp;&nbsp;__mathlib_dbl_underflow
<LI><a href="#[106]">&gt;&gt;</a>&nbsp;&nbsp;&nbsp;__kernel_cos
</UL>

<P><STRONG><a name="[26a]"></a>scalbn</STRONG> (Thumb, 0 bytes, Stack size 16 bytes, dscalb.o(.text), UNUSED)

<P><STRONG><a name="[5f]"></a>__aeabi_ui2f</STRONG> (Thumb, 14 bytes, Stack size 8 bytes, ffltui.o(.text))
<BR><BR>[Stack]<UL><LI>Max Depth = 20<LI>Call Chain = __aeabi_ui2f &rArr; _float_epilogue
</UL>
<BR>[Calls]<UL><LI><a href="#[60]">&gt;&gt;</a>&nbsp;&nbsp;&nbsp;_float_epilogue
</UL>
<BR>[Called By]<UL><LI><a href="#[133]">&gt;&gt;</a>&nbsp;&nbsp;&nbsp;atCmdFmpcAdccalParase
<LI><a href="#[144]">&gt;&gt;</a>&nbsp;&nbsp;&nbsp;getBatVoltage
</UL>

<P><STRONG><a name="[61]"></a>__aeabi_i2d</STRONG> (Thumb, 34 bytes, Stack size 16 bytes, dflti.o(.text))
<BR><BR>[Stack]<UL><LI>Max Depth = 72<LI>Call Chain = __aeabi_i2d &rArr; _double_epilogue &rArr; __aeabi_llsr
</UL>
<BR>[Calls]<UL><LI><a href="#[59]">&gt;&gt;</a>&nbsp;&nbsp;&nbsp;_double_epilogue
</UL>
<BR>[Called By]<UL><LI><a href="#[15f]">&gt;&gt;</a>&nbsp;&nbsp;&nbsp;charstrToHexValue
<LI><a href="#[160]">&gt;&gt;</a>&nbsp;&nbsp;&nbsp;pow
<LI><a href="#[103]">&gt;&gt;</a>&nbsp;&nbsp;&nbsp;__ieee754_rem_pio2
</UL>

<P><STRONG><a name="[62]"></a>__aeabi_ui2d</STRONG> (Thumb, 24 bytes, Stack size 16 bytes, dfltui.o(.text))
<BR><BR>[Stack]<UL><LI>Max Depth = 72<LI>Call Chain = __aeabi_ui2d &rArr; _double_epilogue &rArr; __aeabi_llsr
</UL>
<BR>[Calls]<UL><LI><a href="#[59]">&gt;&gt;</a>&nbsp;&nbsp;&nbsp;_double_epilogue
</UL>
<BR>[Called By]<UL><LI><a href="#[225]">&gt;&gt;</a>&nbsp;&nbsp;&nbsp;paramInit
<LI><a href="#[237]">&gt;&gt;</a>&nbsp;&nbsp;&nbsp;paramGetAdcCal
<LI><a href="#[1ba]">&gt;&gt;</a>&nbsp;&nbsp;&nbsp;doPdopInstrucion
<LI><a href="#[1a8]">&gt;&gt;</a>&nbsp;&nbsp;&nbsp;doLOWWInstruction
<LI><a href="#[1fc]">&gt;&gt;</a>&nbsp;&nbsp;&nbsp;longitude_to_double
<LI><a href="#[1f7]">&gt;&gt;</a>&nbsp;&nbsp;&nbsp;latitude_to_double
<LI><a href="#[15f]">&gt;&gt;</a>&nbsp;&nbsp;&nbsp;charstrToHexValue
<LI><a href="#[111]">&gt;&gt;</a>&nbsp;&nbsp;&nbsp;gpsFilter
<LI><a href="#[153]">&gt;&gt;</a>&nbsp;&nbsp;&nbsp;calculateDistanceOfPoint
<LI><a href="#[103]">&gt;&gt;</a>&nbsp;&nbsp;&nbsp;__ieee754_rem_pio2
</UL>

<P><STRONG><a name="[17a]"></a>__aeabi_f2uiz</STRONG> (Thumb, 40 bytes, Stack size 0 bytes, ffixui.o(.text))
<BR><BR>[Called By]<UL><LI><a href="#[136]">&gt;&gt;</a>&nbsp;&nbsp;&nbsp;paramSaveAdcCal
<LI><a href="#[177]">&gt;&gt;</a>&nbsp;&nbsp;&nbsp;createProtocol_13
</UL>

<P><STRONG><a name="[63]"></a>__aeabi_d2uiz</STRONG> (Thumb, 50 bytes, Stack size 8 bytes, dfixui.o(.text))
<BR><BR>[Stack]<UL><LI>Max Depth = 16<LI>Call Chain = __aeabi_d2uiz &rArr; __aeabi_llsr
</UL>
<BR>[Calls]<UL><LI><a href="#[47]">&gt;&gt;</a>&nbsp;&nbsp;&nbsp;__aeabi_llsr
</UL>
<BR>[Called By]<UL><LI><a href="#[1fc]">&gt;&gt;</a>&nbsp;&nbsp;&nbsp;longitude_to_double
<LI><a href="#[1f7]">&gt;&gt;</a>&nbsp;&nbsp;&nbsp;latitude_to_double
<LI><a href="#[15f]">&gt;&gt;</a>&nbsp;&nbsp;&nbsp;charstrToHexValue
<LI><a href="#[166]">&gt;&gt;</a>&nbsp;&nbsp;&nbsp;protocolGPSpack
<LI><a href="#[178]">&gt;&gt;</a>&nbsp;&nbsp;&nbsp;getBatteryLevel
</UL>

<P><STRONG><a name="[135]"></a>__aeabi_f2d</STRONG> (Thumb, 40 bytes, Stack size 0 bytes, f2d.o(.text))
<BR><BR>[Called By]<UL><LI><a href="#[37]">&gt;&gt;</a>&nbsp;&nbsp;&nbsp;atCmdParaseFunction
<LI><a href="#[1c5]">&gt;&gt;</a>&nbsp;&nbsp;&nbsp;doStatusInstruction
<LI><a href="#[1a8]">&gt;&gt;</a>&nbsp;&nbsp;&nbsp;doLOWWInstruction
<LI><a href="#[139]">&gt;&gt;</a>&nbsp;&nbsp;&nbsp;doFactoryTestInstruction
<LI><a href="#[133]">&gt;&gt;</a>&nbsp;&nbsp;&nbsp;atCmdFmpcAdccalParase
<LI><a href="#[240]">&gt;&gt;</a>&nbsp;&nbsp;&nbsp;showgpsinfo
<LI><a href="#[111]">&gt;&gt;</a>&nbsp;&nbsp;&nbsp;gpsFilter
<LI><a href="#[178]">&gt;&gt;</a>&nbsp;&nbsp;&nbsp;getBatteryLevel
<LI><a href="#[24f]">&gt;&gt;</a>&nbsp;&nbsp;&nbsp;wdtProcess
<LI><a href="#[249]">&gt;&gt;</a>&nbsp;&nbsp;&nbsp;voltageCheckTask
<LI><a href="#[144]">&gt;&gt;</a>&nbsp;&nbsp;&nbsp;getBatVoltage
</UL>

<P><STRONG><a name="[1f8]"></a>__aeabi_cdcmpeq</STRONG> (Thumb, 0 bytes, Stack size 0 bytes, cdcmple.o(.text))
<BR><BR>[Called By]<UL><LI><a href="#[1fc]">&gt;&gt;</a>&nbsp;&nbsp;&nbsp;longitude_to_double
<LI><a href="#[1f7]">&gt;&gt;</a>&nbsp;&nbsp;&nbsp;latitude_to_double
</UL>

<P><STRONG><a name="[156]"></a>__aeabi_cdcmple</STRONG> (Thumb, 38 bytes, Stack size 0 bytes, cdcmple.o(.text))
<BR><BR>[Called By]<UL><LI><a href="#[166]">&gt;&gt;</a>&nbsp;&nbsp;&nbsp;protocolGPSpack
<LI><a href="#[15a]">&gt;&gt;</a>&nbsp;&nbsp;&nbsp;calculateTheGPSCornerPoint
<LI><a href="#[153]">&gt;&gt;</a>&nbsp;&nbsp;&nbsp;calculateDistanceOfPoint
</UL>

<P><STRONG><a name="[10c]"></a>__aeabi_cdrcmple</STRONG> (Thumb, 38 bytes, Stack size 0 bytes, cdrcmple.o(.text))
<BR><BR>[Called By]<UL><LI><a href="#[111]">&gt;&gt;</a>&nbsp;&nbsp;&nbsp;gpsFilter
<LI><a href="#[249]">&gt;&gt;</a>&nbsp;&nbsp;&nbsp;voltageCheckTask
<LI><a href="#[1f2]">&gt;&gt;</a>&nbsp;&nbsp;&nbsp;gsensorTapTask
<LI><a href="#[10b]">&gt;&gt;</a>&nbsp;&nbsp;&nbsp;_fp_digits
<LI><a href="#[160]">&gt;&gt;</a>&nbsp;&nbsp;&nbsp;pow
</UL>

<P><STRONG><a name="[64]"></a>__aeabi_d2f</STRONG> (Thumb, 56 bytes, Stack size 8 bytes, d2f.o(.text))
<BR><BR>[Stack]<UL><LI>Max Depth = 8<LI>Call Chain = __aeabi_d2f
</UL>
<BR>[Calls]<UL><LI><a href="#[56]">&gt;&gt;</a>&nbsp;&nbsp;&nbsp;_float_round
</UL>
<BR>[Called By]<UL><LI><a href="#[225]">&gt;&gt;</a>&nbsp;&nbsp;&nbsp;paramInit
<LI><a href="#[237]">&gt;&gt;</a>&nbsp;&nbsp;&nbsp;paramGetAdcCal
<LI><a href="#[1a8]">&gt;&gt;</a>&nbsp;&nbsp;&nbsp;doLOWWInstruction
<LI><a href="#[133]">&gt;&gt;</a>&nbsp;&nbsp;&nbsp;atCmdFmpcAdccalParase
<LI><a href="#[23d]">&gt;&gt;</a>&nbsp;&nbsp;&nbsp;parse_GSA
<LI><a href="#[144]">&gt;&gt;</a>&nbsp;&nbsp;&nbsp;getBatVoltage
<LI><a href="#[70]">&gt;&gt;</a>&nbsp;&nbsp;&nbsp;_scanf_really_real
</UL>

<P><STRONG><a name="[26b]"></a>__aeabi_cfcmpeq</STRONG> (Thumb, 0 bytes, Stack size 0 bytes, cfcmple.o(.text), UNUSED)

<P><STRONG><a name="[257]"></a>__aeabi_cfcmple</STRONG> (Thumb, 20 bytes, Stack size 0 bytes, cfcmple.o(.text))
<BR><BR>[Called By]<UL><LI><a href="#[249]">&gt;&gt;</a>&nbsp;&nbsp;&nbsp;voltageCheckTask
</UL>

<P><STRONG><a name="[48]"></a>__aeabi_llsl</STRONG> (Thumb, 32 bytes, Stack size 8 bytes, llshl.o(.text))
<BR><BR>[Stack]<UL><LI>Max Depth = 8<LI>Call Chain = __aeabi_llsl
</UL>
<BR>[Called By]<UL><LI><a href="#[57]">&gt;&gt;</a>&nbsp;&nbsp;&nbsp;__aeabi_dadd
<LI><a href="#[6b]">&gt;&gt;</a>&nbsp;&nbsp;&nbsp;__aeabi_d2ulz
<LI><a href="#[46]">&gt;&gt;</a>&nbsp;&nbsp;&nbsp;__aeabi_uldivmod
<LI><a href="#[6e]">&gt;&gt;</a>&nbsp;&nbsp;&nbsp;__aeabi_lmul
<LI><a href="#[59]">&gt;&gt;</a>&nbsp;&nbsp;&nbsp;_double_epilogue
</UL>

<P><STRONG><a name="[26c]"></a>_ll_shift_l</STRONG> (Thumb, 0 bytes, Stack size 8 bytes, llshl.o(.text), UNUSED)

<P><STRONG><a name="[47]"></a>__aeabi_llsr</STRONG> (Thumb, 34 bytes, Stack size 8 bytes, llushr.o(.text))
<BR><BR>[Stack]<UL><LI>Max Depth = 8<LI>Call Chain = __aeabi_llsr
</UL>
<BR>[Called By]<UL><LI><a href="#[63]">&gt;&gt;</a>&nbsp;&nbsp;&nbsp;__aeabi_d2uiz
<LI><a href="#[6b]">&gt;&gt;</a>&nbsp;&nbsp;&nbsp;__aeabi_d2ulz
<LI><a href="#[46]">&gt;&gt;</a>&nbsp;&nbsp;&nbsp;__aeabi_uldivmod
<LI><a href="#[6a]">&gt;&gt;</a>&nbsp;&nbsp;&nbsp;_dsqrt
<LI><a href="#[72]">&gt;&gt;</a>&nbsp;&nbsp;&nbsp;__aeabi_d2iz
<LI><a href="#[59]">&gt;&gt;</a>&nbsp;&nbsp;&nbsp;_double_epilogue
</UL>

<P><STRONG><a name="[26d]"></a>_ll_ushift_r</STRONG> (Thumb, 0 bytes, Stack size 8 bytes, llushr.o(.text), UNUSED)

<P><STRONG><a name="[58]"></a>__aeabi_lasr</STRONG> (Thumb, 38 bytes, Stack size 8 bytes, llsshr.o(.text))
<BR><BR>[Stack]<UL><LI>Max Depth = 8<LI>Call Chain = __aeabi_lasr
</UL>
<BR>[Called By]<UL><LI><a href="#[57]">&gt;&gt;</a>&nbsp;&nbsp;&nbsp;__aeabi_dadd
</UL>

<P><STRONG><a name="[26e]"></a>_ll_sshift_r</STRONG> (Thumb, 0 bytes, Stack size 8 bytes, llsshr.o(.text), UNUSED)

<P><STRONG><a name="[50]"></a>__rt_ctype_table</STRONG> (Thumb, 4 bytes, Stack size 0 bytes, ctype_o.o(.text))
<BR><BR>[Called By]<UL><LI><a href="#[4e]">&gt;&gt;</a>&nbsp;&nbsp;&nbsp;strtoul
<LI><a href="#[53]">&gt;&gt;</a>&nbsp;&nbsp;&nbsp;strtol
<LI><a href="#[27]">&gt;&gt;</a>&nbsp;&nbsp;&nbsp;isspace
</UL>

<P><STRONG><a name="[27]"></a>isspace</STRONG> (Thumb, 18 bytes, Stack size 8 bytes, isspace_o.o(.text))
<BR><BR>[Stack]<UL><LI>Max Depth = 8<LI>Call Chain = isspace
</UL>
<BR>[Calls]<UL><LI><a href="#[50]">&gt;&gt;</a>&nbsp;&nbsp;&nbsp;__rt_ctype_table
</UL>
<BR>[Address Reference Count : 1]<UL><LI> strtod.o(.text)
</UL>
<P><STRONG><a name="[4a]"></a>_localtime</STRONG> (Thumb, 104 bytes, Stack size 16 bytes, localtime_i.o(.text))
<BR><BR>[Stack]<UL><LI>Max Depth = 28<LI>Call Chain = _localtime &rArr; __aeabi_uidivmod
</UL>
<BR>[Calls]<UL><LI><a href="#[45]">&gt;&gt;</a>&nbsp;&nbsp;&nbsp;__aeabi_uidivmod
</UL>
<BR>[Called By]<UL><LI><a href="#[49]">&gt;&gt;</a>&nbsp;&nbsp;&nbsp;mktime
</UL>

<P><STRONG><a name="[51]"></a>_strtoul</STRONG> (Thumb, 166 bytes, Stack size 40 bytes, _strtoul.o(.text))
<BR><BR>[Stack]<UL><LI>Max Depth = 40<LI>Call Chain = _strtoul
</UL>
<BR>[Calls]<UL><LI><a href="#[65]">&gt;&gt;</a>&nbsp;&nbsp;&nbsp;_chval
<LI><a href="#[4f]">&gt;&gt;</a>&nbsp;&nbsp;&nbsp;__aeabi_errno_addr
</UL>
<BR>[Called By]<UL><LI><a href="#[4e]">&gt;&gt;</a>&nbsp;&nbsp;&nbsp;strtoul
<LI><a href="#[53]">&gt;&gt;</a>&nbsp;&nbsp;&nbsp;strtol
</UL>

<P><STRONG><a name="[68]"></a>__strtod_int</STRONG> (Thumb, 92 bytes, Stack size 40 bytes, strtod.o(.text))
<BR><BR>[Stack]<UL><LI>Max Depth = 200<LI>Call Chain = __strtod_int &rArr; _local_sscanf &rArr; _scanf_real
</UL>
<BR>[Calls]<UL><LI><a href="#[66]">&gt;&gt;</a>&nbsp;&nbsp;&nbsp;_local_sscanf
</UL>
<BR>[Called By]<UL><LI><a href="#[14e]">&gt;&gt;</a>&nbsp;&nbsp;&nbsp;atof
</UL>

<P><STRONG><a name="[53]"></a>strtol</STRONG> (Thumb, 108 bytes, Stack size 32 bytes, strtol.o(.text))
<BR><BR>[Stack]<UL><LI>Max Depth = 72<LI>Call Chain = strtol &rArr; _strtoul
</UL>
<BR>[Calls]<UL><LI><a href="#[51]">&gt;&gt;</a>&nbsp;&nbsp;&nbsp;_strtoul
<LI><a href="#[4f]">&gt;&gt;</a>&nbsp;&nbsp;&nbsp;__aeabi_errno_addr
<LI><a href="#[50]">&gt;&gt;</a>&nbsp;&nbsp;&nbsp;__rt_ctype_table
</UL>
<BR>[Called By]<UL><LI><a href="#[54]">&gt;&gt;</a>&nbsp;&nbsp;&nbsp;atol
<LI><a href="#[52]">&gt;&gt;</a>&nbsp;&nbsp;&nbsp;atoi
</UL>

<P><STRONG><a name="[26f]"></a>__I$use$fp</STRONG> (Thumb, 0 bytes, Stack size 0 bytes, iusefp.o(.text), UNUSED)

<P><STRONG><a name="[56]"></a>_float_round</STRONG> (Thumb, 16 bytes, Stack size 0 bytes, fepilogue.o(.text))
<BR><BR>[Called By]<UL><LI><a href="#[64]">&gt;&gt;</a>&nbsp;&nbsp;&nbsp;__aeabi_d2f
<LI><a href="#[55]">&gt;&gt;</a>&nbsp;&nbsp;&nbsp;__aeabi_fdiv
</UL>

<P><STRONG><a name="[60]"></a>_float_epilogue</STRONG> (Thumb, 114 bytes, Stack size 12 bytes, fepilogue.o(.text))
<BR><BR>[Stack]<UL><LI>Max Depth = 12<LI>Call Chain = _float_epilogue
</UL>
<BR>[Called By]<UL><LI><a href="#[5f]">&gt;&gt;</a>&nbsp;&nbsp;&nbsp;__aeabi_ui2f
</UL>

<P><STRONG><a name="[5a]"></a>_double_round</STRONG> (Thumb, 26 bytes, Stack size 8 bytes, depilogue.o(.text))
<BR><BR>[Stack]<UL><LI>Max Depth = 8<LI>Call Chain = _double_round
</UL>
<BR>[Called By]<UL><LI><a href="#[5e]">&gt;&gt;</a>&nbsp;&nbsp;&nbsp;__aeabi_ddiv
<LI><a href="#[57]">&gt;&gt;</a>&nbsp;&nbsp;&nbsp;__aeabi_dadd
<LI><a href="#[6a]">&gt;&gt;</a>&nbsp;&nbsp;&nbsp;_dsqrt
<LI><a href="#[59]">&gt;&gt;</a>&nbsp;&nbsp;&nbsp;_double_epilogue
</UL>

<P><STRONG><a name="[59]"></a>_double_epilogue</STRONG> (Thumb, 164 bytes, Stack size 48 bytes, depilogue.o(.text))
<BR><BR>[Stack]<UL><LI>Max Depth = 56<LI>Call Chain = _double_epilogue &rArr; __aeabi_llsr
</UL>
<BR>[Calls]<UL><LI><a href="#[69]">&gt;&gt;</a>&nbsp;&nbsp;&nbsp;__ARM_clz
<LI><a href="#[47]">&gt;&gt;</a>&nbsp;&nbsp;&nbsp;__aeabi_llsr
<LI><a href="#[48]">&gt;&gt;</a>&nbsp;&nbsp;&nbsp;__aeabi_llsl
<LI><a href="#[5a]">&gt;&gt;</a>&nbsp;&nbsp;&nbsp;_double_round
</UL>
<BR>[Called By]<UL><LI><a href="#[62]">&gt;&gt;</a>&nbsp;&nbsp;&nbsp;__aeabi_ui2d
<LI><a href="#[61]">&gt;&gt;</a>&nbsp;&nbsp;&nbsp;__aeabi_i2d
<LI><a href="#[5d]">&gt;&gt;</a>&nbsp;&nbsp;&nbsp;__aeabi_dmul
<LI><a href="#[57]">&gt;&gt;</a>&nbsp;&nbsp;&nbsp;__aeabi_dadd
<LI><a href="#[6f]">&gt;&gt;</a>&nbsp;&nbsp;&nbsp;__aeabi_ul2d
</UL>

<P><STRONG><a name="[6a]"></a>_dsqrt</STRONG> (Thumb, 162 bytes, Stack size 32 bytes, dsqrt.o(.text))
<BR><BR>[Stack]<UL><LI>Max Depth = 40<LI>Call Chain = _dsqrt &rArr; __aeabi_llsr
</UL>
<BR>[Calls]<UL><LI><a href="#[47]">&gt;&gt;</a>&nbsp;&nbsp;&nbsp;__aeabi_llsr
<LI><a href="#[5a]">&gt;&gt;</a>&nbsp;&nbsp;&nbsp;_double_round
</UL>
<BR>[Called By]<UL><LI><a href="#[126]">&gt;&gt;</a>&nbsp;&nbsp;&nbsp;sqrt
</UL>

<P><STRONG><a name="[6b]"></a>__aeabi_d2ulz</STRONG> (Thumb, 54 bytes, Stack size 8 bytes, dfixul.o(.text), UNUSED)
<BR><BR>[Calls]<UL><LI><a href="#[47]">&gt;&gt;</a>&nbsp;&nbsp;&nbsp;__aeabi_llsr
<LI><a href="#[48]">&gt;&gt;</a>&nbsp;&nbsp;&nbsp;__aeabi_llsl
</UL>
<BR>[Called By]<UL><LI><a href="#[10b]">&gt;&gt;</a>&nbsp;&nbsp;&nbsp;_fp_digits
</UL>

<P><STRONG><a name="[43]"></a>__scatterload</STRONG> (Thumb, 28 bytes, Stack size 0 bytes, init.o(.text))
<BR><BR>[Calls]<UL><LI><a href="#[6c]">&gt;&gt;</a>&nbsp;&nbsp;&nbsp;__main_after_scatterload
</UL>
<BR>[Called By]<UL><LI><a href="#[42]">&gt;&gt;</a>&nbsp;&nbsp;&nbsp;_main_scatterload
</UL>

<P><STRONG><a name="[270]"></a>__scatterload_rt2</STRONG> (Thumb, 0 bytes, Stack size 0 bytes, init.o(.text), UNUSED)

<P><STRONG><a name="[65]"></a>_chval</STRONG> (Thumb, 30 bytes, Stack size 0 bytes, _chval.o(.text))
<BR><BR>[Called By]<UL><LI><a href="#[51]">&gt;&gt;</a>&nbsp;&nbsp;&nbsp;_strtoul
</UL>

<P><STRONG><a name="[67]"></a>_scanf_real</STRONG> (Thumb, 0 bytes, Stack size 104 bytes, scanf_fp.o(.text))
<BR><BR>[Stack]<UL><LI>Max Depth = 104<LI>Call Chain = _scanf_real
</UL>
<BR>[Called By]<UL><LI><a href="#[66]">&gt;&gt;</a>&nbsp;&nbsp;&nbsp;_local_sscanf
</UL>

<P><STRONG><a name="[70]"></a>_scanf_really_real</STRONG> (Thumb, 586 bytes, Stack size 104 bytes, scanf_fp.o(.text), UNUSED)
<BR><BR>[Calls]<UL><LI><a href="#[64]">&gt;&gt;</a>&nbsp;&nbsp;&nbsp;__aeabi_d2f
<LI><a href="#[71]">&gt;&gt;</a>&nbsp;&nbsp;&nbsp;_is_digit
<LI><a href="#[6d]">&gt;&gt;</a>&nbsp;&nbsp;&nbsp;_fp_value
</UL>

<P><STRONG><a name="[25]"></a>_sgetc</STRONG> (Thumb, 32 bytes, Stack size 0 bytes, _sgetc.o(.text))
<BR>[Address Reference Count : 1]<UL><LI> strtod.o(.text)
</UL>
<P><STRONG><a name="[26]"></a>_sbackspace</STRONG> (Thumb, 36 bytes, Stack size 0 bytes, _sgetc.o(.text))
<BR>[Address Reference Count : 1]<UL><LI> strtod.o(.text)
</UL>
<P><STRONG><a name="[72]"></a>__aeabi_d2iz</STRONG> (Thumb, 62 bytes, Stack size 16 bytes, dfixi.o(.text))
<BR><BR>[Stack]<UL><LI>Max Depth = 24<LI>Call Chain = __aeabi_d2iz &rArr; __aeabi_llsr
</UL>
<BR>[Calls]<UL><LI><a href="#[47]">&gt;&gt;</a>&nbsp;&nbsp;&nbsp;__aeabi_llsr
</UL>
<BR>[Called By]<UL><LI><a href="#[103]">&gt;&gt;</a>&nbsp;&nbsp;&nbsp;__ieee754_rem_pio2
<LI><a href="#[106]">&gt;&gt;</a>&nbsp;&nbsp;&nbsp;__kernel_cos
</UL>

<P><STRONG><a name="[6e]"></a>__aeabi_lmul</STRONG> (Thumb, 122 bytes, Stack size 64 bytes, llmul.o(.text), UNUSED)
<BR><BR>[Calls]<UL><LI><a href="#[48]">&gt;&gt;</a>&nbsp;&nbsp;&nbsp;__aeabi_llsl
</UL>
<BR>[Called By]<UL><LI><a href="#[6d]">&gt;&gt;</a>&nbsp;&nbsp;&nbsp;_fp_value
</UL>

<P><STRONG><a name="[271]"></a>_ll_mul</STRONG> (Thumb, 0 bytes, Stack size 64 bytes, llmul.o(.text), UNUSED)

<P><STRONG><a name="[6f]"></a>__aeabi_ul2d</STRONG> (Thumb, 22 bytes, Stack size 16 bytes, dfltul.o(.text), UNUSED)
<BR><BR>[Calls]<UL><LI><a href="#[59]">&gt;&gt;</a>&nbsp;&nbsp;&nbsp;_double_epilogue
</UL>
<BR>[Called By]<UL><LI><a href="#[6d]">&gt;&gt;</a>&nbsp;&nbsp;&nbsp;_fp_value
</UL>

<P><STRONG><a name="[78]"></a>CreateNodeCmd</STRONG> (Thumb, 162 bytes, Stack size 32 bytes, app_net.o(i.CreateNodeCmd))
<BR><BR>[Stack]<UL><LI>Max Depth = 136<LI>Call Chain = CreateNodeCmd &rArr; LogMessage &rArr; appUartSend &rArr; HAL_UART_Transmit &rArr; UART_WaitOnFlagUntilTimeout
</UL>
<BR>[Calls]<UL><LI><a href="#[79]">&gt;&gt;</a>&nbsp;&nbsp;&nbsp;HAL_GPIO_WritePin
<LI><a href="#[7d]">&gt;&gt;</a>&nbsp;&nbsp;&nbsp;LogMessage
<LI><a href="#[31]">&gt;&gt;</a>&nbsp;&nbsp;&nbsp;HAL_NVIC_SystemReset
<LI><a href="#[7a]">&gt;&gt;</a>&nbsp;&nbsp;&nbsp;malloc
<LI><a href="#[7c]">&gt;&gt;</a>&nbsp;&nbsp;&nbsp;free
<LI><a href="#[7b]">&gt;&gt;</a>&nbsp;&nbsp;&nbsp;__aeabi_memcpy
</UL>
<BR>[Called By]<UL><LI><a href="#[f4]">&gt;&gt;</a>&nbsp;&nbsp;&nbsp;sendModuleCmd
<LI><a href="#[246]">&gt;&gt;</a>&nbsp;&nbsp;&nbsp;sendMessage
<LI><a href="#[16d]">&gt;&gt;</a>&nbsp;&nbsp;&nbsp;sendDataToServer
<LI><a href="#[122]">&gt;&gt;</a>&nbsp;&nbsp;&nbsp;appBleSendData
<LI><a href="#[1c7]">&gt;&gt;</a>&nbsp;&nbsp;&nbsp;doTTSInstruction
<LI><a href="#[1e9]">&gt;&gt;</a>&nbsp;&nbsp;&nbsp;gpsRestoreWriteData
</UL>

<P><STRONG><a name="[f]"></a>DMA1_Channel2_3_IRQHandler</STRONG> (Thumb, 10 bytes, Stack size 8 bytes, stm32l0xx_it.o(i.DMA1_Channel2_3_IRQHandler))
<BR><BR>[Stack]<UL><LI>Max Depth = 24<LI>Call Chain = DMA1_Channel2_3_IRQHandler &rArr; HAL_DMA_IRQHandler
</UL>
<BR>[Calls]<UL><LI><a href="#[80]">&gt;&gt;</a>&nbsp;&nbsp;&nbsp;HAL_DMA_IRQHandler
</UL>
<BR>[Address Reference Count : 1]<UL><LI> startup_stm32l071xx.o(RESET)
</UL>
<P><STRONG><a name="[10]"></a>DMA1_Channel4_5_6_7_IRQHandler</STRONG> (Thumb, 16 bytes, Stack size 8 bytes, stm32l0xx_it.o(i.DMA1_Channel4_5_6_7_IRQHandler))
<BR><BR>[Stack]<UL><LI>Max Depth = 24<LI>Call Chain = DMA1_Channel4_5_6_7_IRQHandler &rArr; HAL_DMA_IRQHandler
</UL>
<BR>[Calls]<UL><LI><a href="#[80]">&gt;&gt;</a>&nbsp;&nbsp;&nbsp;HAL_DMA_IRQHandler
</UL>
<BR>[Address Reference Count : 1]<UL><LI> startup_stm32l071xx.o(RESET)
</UL>
<P><STRONG><a name="[d]"></a>EXTI4_15_IRQHandler</STRONG> (Thumb, 24 bytes, Stack size 8 bytes, stm32l0xx_it.o(i.EXTI4_15_IRQHandler))
<BR><BR>[Stack]<UL><LI>Max Depth = 180<LI>Call Chain = EXTI4_15_IRQHandler &rArr; HAL_GPIO_EXTI_IRQHandler &rArr; HAL_GPIO_EXTI_Callback &rArr; ldrInterrupt &rArr; getCurrentDateTimeOfSec &rArr; getRtcDateTime &rArr; HAL_RTC_GetTime
</UL>
<BR>[Calls]<UL><LI><a href="#[81]">&gt;&gt;</a>&nbsp;&nbsp;&nbsp;HAL_GPIO_EXTI_IRQHandler
</UL>
<BR>[Address Reference Count : 1]<UL><LI> startup_stm32l071xx.o(RESET)
</UL>
<P><STRONG><a name="[db]"></a>Error_Handler</STRONG> (Thumb, 2 bytes, Stack size 0 bytes, main.o(i.Error_Handler))
<BR><BR>[Called By]<UL><LI><a href="#[f0]">&gt;&gt;</a>&nbsp;&nbsp;&nbsp;MX_USART2_UART_Init
<LI><a href="#[ef]">&gt;&gt;</a>&nbsp;&nbsp;&nbsp;MX_USART1_UART_Init
<LI><a href="#[ed]">&gt;&gt;</a>&nbsp;&nbsp;&nbsp;MX_LPUART1_UART_Init
<LI><a href="#[e9]">&gt;&gt;</a>&nbsp;&nbsp;&nbsp;MX_I2C1_Init
<LI><a href="#[252]">&gt;&gt;</a>&nbsp;&nbsp;&nbsp;updateRTCdatetime
<LI><a href="#[134]">&gt;&gt;</a>&nbsp;&nbsp;&nbsp;getVoltageAdcValue
<LI><a href="#[247]">&gt;&gt;</a>&nbsp;&nbsp;&nbsp;updateAlarmA
<LI><a href="#[d6]">&gt;&gt;</a>&nbsp;&nbsp;&nbsp;HAL_UART_MspInit
<LI><a href="#[ee]">&gt;&gt;</a>&nbsp;&nbsp;&nbsp;MX_RTC_Init
<LI><a href="#[ec]">&gt;&gt;</a>&nbsp;&nbsp;&nbsp;MX_IWDG_Init
<LI><a href="#[e6]">&gt;&gt;</a>&nbsp;&nbsp;&nbsp;MX_ADC_Init
</UL>

<P><STRONG><a name="[82]"></a>FLASH_WaitForLastOperation</STRONG> (Thumb, 106 bytes, Stack size 16 bytes, stm32l0xx_hal_flash.o(i.FLASH_WaitForLastOperation))
<BR><BR>[Stack]<UL><LI>Max Depth = 24<LI>Call Chain = FLASH_WaitForLastOperation &rArr; FLASH_SetErrorCode
</UL>
<BR>[Calls]<UL><LI><a href="#[74]">&gt;&gt;</a>&nbsp;&nbsp;&nbsp;HAL_GetTick
<LI><a href="#[83]">&gt;&gt;</a>&nbsp;&nbsp;&nbsp;FLASH_SetErrorCode
</UL>
<BR>[Called By]<UL><LI><a href="#[92]">&gt;&gt;</a>&nbsp;&nbsp;&nbsp;HAL_FLASHEx_DATAEEPROM_Program
</UL>

<P><STRONG><a name="[172]"></a>GetCrc16</STRONG> (Thumb, 36 bytes, Stack size 12 bytes, app_sys.o(i.GetCrc16))
<BR><BR>[Stack]<UL><LI>Max Depth = 12<LI>Call Chain = GetCrc16
</UL>
<BR>[Called By]<UL><LI><a href="#[14b]">&gt;&gt;</a>&nbsp;&nbsp;&nbsp;decryptSN
<LI><a href="#[16f]">&gt;&gt;</a>&nbsp;&nbsp;&nbsp;createProtocolTail_7979
<LI><a href="#[167]">&gt;&gt;</a>&nbsp;&nbsp;&nbsp;createProtocolTail
</UL>

<P><STRONG><a name="[84]"></a>HAL_ADCEx_Calibration_Start</STRONG> (Thumb, 170 bytes, Stack size 24 bytes, stm32l0xx_hal_adc_ex.o(i.HAL_ADCEx_Calibration_Start))
<BR><BR>[Stack]<UL><LI>Max Depth = 24<LI>Call Chain = HAL_ADCEx_Calibration_Start
</UL>
<BR>[Calls]<UL><LI><a href="#[74]">&gt;&gt;</a>&nbsp;&nbsp;&nbsp;HAL_GetTick
</UL>
<BR>[Called By]<UL><LI><a href="#[200]">&gt;&gt;</a>&nbsp;&nbsp;&nbsp;myAppConfig
</UL>

<P><STRONG><a name="[85]"></a>HAL_ADC_ConfigChannel</STRONG> (Thumb, 140 bytes, Stack size 24 bytes, stm32l0xx_hal_adc.o(i.HAL_ADC_ConfigChannel))
<BR><BR>[Stack]<UL><LI>Max Depth = 52<LI>Call Chain = HAL_ADC_ConfigChannel &rArr; ADC_DelayMicroSecond &rArr; __aeabi_uidivmod
</UL>
<BR>[Calls]<UL><LI><a href="#[75]">&gt;&gt;</a>&nbsp;&nbsp;&nbsp;ADC_DelayMicroSecond
</UL>
<BR>[Called By]<UL><LI><a href="#[e6]">&gt;&gt;</a>&nbsp;&nbsp;&nbsp;MX_ADC_Init
</UL>

<P><STRONG><a name="[1df]"></a>HAL_ADC_GetState</STRONG> (Thumb, 4 bytes, Stack size 0 bytes, stm32l0xx_hal_adc.o(i.HAL_ADC_GetState))
<BR><BR>[Called By]<UL><LI><a href="#[134]">&gt;&gt;</a>&nbsp;&nbsp;&nbsp;getVoltageAdcValue
</UL>

<P><STRONG><a name="[1e0]"></a>HAL_ADC_GetValue</STRONG> (Thumb, 6 bytes, Stack size 0 bytes, stm32l0xx_hal_adc.o(i.HAL_ADC_GetValue))
<BR><BR>[Called By]<UL><LI><a href="#[134]">&gt;&gt;</a>&nbsp;&nbsp;&nbsp;getVoltageAdcValue
</UL>

<P><STRONG><a name="[86]"></a>HAL_ADC_Init</STRONG> (Thumb, 446 bytes, Stack size 16 bytes, stm32l0xx_hal_adc.o(i.HAL_ADC_Init))
<BR><BR>[Stack]<UL><LI>Max Depth = 76<LI>Call Chain = HAL_ADC_Init &rArr; HAL_ADC_MspInit &rArr; HAL_GPIO_Init
</UL>
<BR>[Calls]<UL><LI><a href="#[87]">&gt;&gt;</a>&nbsp;&nbsp;&nbsp;HAL_ADC_MspInit
</UL>
<BR>[Called By]<UL><LI><a href="#[e6]">&gt;&gt;</a>&nbsp;&nbsp;&nbsp;MX_ADC_Init
</UL>

<P><STRONG><a name="[87]"></a>HAL_ADC_MspInit</STRONG> (Thumb, 72 bytes, Stack size 32 bytes, adc.o(i.HAL_ADC_MspInit))
<BR><BR>[Stack]<UL><LI>Max Depth = 60<LI>Call Chain = HAL_ADC_MspInit &rArr; HAL_GPIO_Init
</UL>
<BR>[Calls]<UL><LI><a href="#[89]">&gt;&gt;</a>&nbsp;&nbsp;&nbsp;HAL_GPIO_Init
<LI><a href="#[88]">&gt;&gt;</a>&nbsp;&nbsp;&nbsp;__aeabi_memclr4
</UL>
<BR>[Called By]<UL><LI><a href="#[86]">&gt;&gt;</a>&nbsp;&nbsp;&nbsp;HAL_ADC_Init
</UL>

<P><STRONG><a name="[8a]"></a>HAL_ADC_PollForConversion</STRONG> (Thumb, 192 bytes, Stack size 24 bytes, stm32l0xx_hal_adc.o(i.HAL_ADC_PollForConversion))
<BR><BR>[Stack]<UL><LI>Max Depth = 24<LI>Call Chain = HAL_ADC_PollForConversion
</UL>
<BR>[Calls]<UL><LI><a href="#[74]">&gt;&gt;</a>&nbsp;&nbsp;&nbsp;HAL_GetTick
</UL>
<BR>[Called By]<UL><LI><a href="#[134]">&gt;&gt;</a>&nbsp;&nbsp;&nbsp;getVoltageAdcValue
</UL>

<P><STRONG><a name="[8b]"></a>HAL_ADC_Start</STRONG> (Thumb, 86 bytes, Stack size 16 bytes, stm32l0xx_hal_adc.o(i.HAL_ADC_Start))
<BR><BR>[Stack]<UL><LI>Max Depth = 68<LI>Call Chain = HAL_ADC_Start &rArr; ADC_Enable &rArr; ADC_DelayMicroSecond &rArr; __aeabi_uidivmod
</UL>
<BR>[Calls]<UL><LI><a href="#[77]">&gt;&gt;</a>&nbsp;&nbsp;&nbsp;ADC_Enable
</UL>
<BR>[Called By]<UL><LI><a href="#[134]">&gt;&gt;</a>&nbsp;&nbsp;&nbsp;getVoltageAdcValue
</UL>

<P><STRONG><a name="[8c]"></a>HAL_ADC_Stop</STRONG> (Thumb, 62 bytes, Stack size 16 bytes, stm32l0xx_hal_adc.o(i.HAL_ADC_Stop))
<BR><BR>[Stack]<UL><LI>Max Depth = 40<LI>Call Chain = HAL_ADC_Stop &rArr; ADC_Disable
</UL>
<BR>[Calls]<UL><LI><a href="#[76]">&gt;&gt;</a>&nbsp;&nbsp;&nbsp;ADC_Disable
<LI><a href="#[73]">&gt;&gt;</a>&nbsp;&nbsp;&nbsp;ADC_ConversionStop
</UL>
<BR>[Called By]<UL><LI><a href="#[134]">&gt;&gt;</a>&nbsp;&nbsp;&nbsp;getVoltageAdcValue
</UL>

<P><STRONG><a name="[c8]"></a>HAL_DMA_Abort</STRONG> (Thumb, 68 bytes, Stack size 12 bytes, stm32l0xx_hal_dma.o(i.HAL_DMA_Abort))
<BR><BR>[Stack]<UL><LI>Max Depth = 12<LI>Call Chain = HAL_DMA_Abort
</UL>
<BR>[Called By]<UL><LI><a href="#[c7]">&gt;&gt;</a>&nbsp;&nbsp;&nbsp;HAL_UART_DMAStop
</UL>

<P><STRONG><a name="[d2]"></a>HAL_DMA_Abort_IT</STRONG> (Thumb, 76 bytes, Stack size 16 bytes, stm32l0xx_hal_dma.o(i.HAL_DMA_Abort_IT))
<BR><BR>[Stack]<UL><LI>Max Depth = 16<LI>Call Chain = HAL_DMA_Abort_IT
</UL>
<BR>[Called By]<UL><LI><a href="#[d1]">&gt;&gt;</a>&nbsp;&nbsp;&nbsp;HAL_UART_IRQHandler
</UL>

<P><STRONG><a name="[8d]"></a>HAL_DMA_DeInit</STRONG> (Thumb, 94 bytes, Stack size 16 bytes, stm32l0xx_hal_dma.o(i.HAL_DMA_DeInit))
<BR><BR>[Stack]<UL><LI>Max Depth = 28<LI>Call Chain = HAL_DMA_DeInit &rArr; __aeabi_uidivmod
</UL>
<BR>[Calls]<UL><LI><a href="#[45]">&gt;&gt;</a>&nbsp;&nbsp;&nbsp;__aeabi_uidivmod
</UL>
<BR>[Called By]<UL><LI><a href="#[cd]">&gt;&gt;</a>&nbsp;&nbsp;&nbsp;HAL_UART_MspDeInit
</UL>

<P><STRONG><a name="[c9]"></a>HAL_DMA_GetError</STRONG> (Thumb, 4 bytes, Stack size 0 bytes, stm32l0xx_hal_dma.o(i.HAL_DMA_GetError))
<BR><BR>[Called By]<UL><LI><a href="#[c7]">&gt;&gt;</a>&nbsp;&nbsp;&nbsp;HAL_UART_DMAStop
</UL>

<P><STRONG><a name="[80]"></a>HAL_DMA_IRQHandler</STRONG> (Thumb, 168 bytes, Stack size 16 bytes, stm32l0xx_hal_dma.o(i.HAL_DMA_IRQHandler))
<BR><BR>[Stack]<UL><LI>Max Depth = 16<LI>Call Chain = HAL_DMA_IRQHandler
</UL>
<BR>[Called By]<UL><LI><a href="#[10]">&gt;&gt;</a>&nbsp;&nbsp;&nbsp;DMA1_Channel4_5_6_7_IRQHandler
<LI><a href="#[f]">&gt;&gt;</a>&nbsp;&nbsp;&nbsp;DMA1_Channel2_3_IRQHandler
</UL>

<P><STRONG><a name="[8e]"></a>HAL_DMA_Init</STRONG> (Thumb, 132 bytes, Stack size 16 bytes, stm32l0xx_hal_dma.o(i.HAL_DMA_Init))
<BR><BR>[Stack]<UL><LI>Max Depth = 28<LI>Call Chain = HAL_DMA_Init &rArr; __aeabi_uidivmod
</UL>
<BR>[Calls]<UL><LI><a href="#[45]">&gt;&gt;</a>&nbsp;&nbsp;&nbsp;__aeabi_uidivmod
</UL>
<BR>[Called By]<UL><LI><a href="#[d6]">&gt;&gt;</a>&nbsp;&nbsp;&nbsp;HAL_UART_MspInit
</UL>

<P><STRONG><a name="[8f]"></a>HAL_DMA_Start_IT</STRONG> (Thumb, 104 bytes, Stack size 24 bytes, stm32l0xx_hal_dma.o(i.HAL_DMA_Start_IT))
<BR><BR>[Stack]<UL><LI>Max Depth = 36<LI>Call Chain = HAL_DMA_Start_IT &rArr; DMA_SetConfig
</UL>
<BR>[Calls]<UL><LI><a href="#[90]">&gt;&gt;</a>&nbsp;&nbsp;&nbsp;DMA_SetConfig
</UL>
<BR>[Called By]<UL><LI><a href="#[d0]">&gt;&gt;</a>&nbsp;&nbsp;&nbsp;HAL_UART_Receive_DMA
</UL>

<P><STRONG><a name="[91]"></a>HAL_Delay</STRONG> (Thumb, 32 bytes, Stack size 16 bytes, stm32l0xx_hal.o(i.HAL_Delay))
<BR><BR>[Stack]<UL><LI>Max Depth = 16<LI>Call Chain = HAL_Delay
</UL>
<BR>[Calls]<UL><LI><a href="#[74]">&gt;&gt;</a>&nbsp;&nbsp;&nbsp;HAL_GetTick
</UL>
<BR>[Called By]<UL><LI><a href="#[1ed]">&gt;&gt;</a>&nbsp;&nbsp;&nbsp;mir3da_init
</UL>

<P><STRONG><a name="[1d7]"></a>HAL_FLASHEx_DATAEEPROM_Lock</STRONG> (Thumb, 14 bytes, Stack size 0 bytes, stm32l0xx_hal_flash_ex.o(i.HAL_FLASHEx_DATAEEPROM_Lock))
<BR><BR>[Called By]<UL><LI><a href="#[1d9]">&gt;&gt;</a>&nbsp;&nbsp;&nbsp;eepromWriteWord
<LI><a href="#[1d8]">&gt;&gt;</a>&nbsp;&nbsp;&nbsp;eepromWriteTwoBytes
<LI><a href="#[1d5]">&gt;&gt;</a>&nbsp;&nbsp;&nbsp;eepromWriteByte
</UL>

<P><STRONG><a name="[92]"></a>HAL_FLASHEx_DATAEEPROM_Program</STRONG> (Thumb, 76 bytes, Stack size 24 bytes, stm32l0xx_hal_flash_ex.o(i.HAL_FLASHEx_DATAEEPROM_Program))
<BR><BR>[Stack]<UL><LI>Max Depth = 48<LI>Call Chain = HAL_FLASHEx_DATAEEPROM_Program &rArr; FLASH_WaitForLastOperation &rArr; FLASH_SetErrorCode
</UL>
<BR>[Calls]<UL><LI><a href="#[82]">&gt;&gt;</a>&nbsp;&nbsp;&nbsp;FLASH_WaitForLastOperation
</UL>
<BR>[Called By]<UL><LI><a href="#[1d9]">&gt;&gt;</a>&nbsp;&nbsp;&nbsp;eepromWriteWord
<LI><a href="#[1d8]">&gt;&gt;</a>&nbsp;&nbsp;&nbsp;eepromWriteTwoBytes
<LI><a href="#[1d5]">&gt;&gt;</a>&nbsp;&nbsp;&nbsp;eepromWriteByte
</UL>

<P><STRONG><a name="[1d6]"></a>HAL_FLASHEx_DATAEEPROM_Unlock</STRONG> (Thumb, 40 bytes, Stack size 0 bytes, stm32l0xx_hal_flash_ex.o(i.HAL_FLASHEx_DATAEEPROM_Unlock))
<BR><BR>[Called By]<UL><LI><a href="#[1d9]">&gt;&gt;</a>&nbsp;&nbsp;&nbsp;eepromWriteWord
<LI><a href="#[1d8]">&gt;&gt;</a>&nbsp;&nbsp;&nbsp;eepromWriteTwoBytes
<LI><a href="#[1d5]">&gt;&gt;</a>&nbsp;&nbsp;&nbsp;eepromWriteByte
</UL>

<P><STRONG><a name="[a3]"></a>HAL_GPIO_DeInit</STRONG> (Thumb, 212 bytes, Stack size 20 bytes, stm32l0xx_hal_gpio.o(i.HAL_GPIO_DeInit))
<BR><BR>[Stack]<UL><LI>Max Depth = 20<LI>Call Chain = HAL_GPIO_DeInit
</UL>
<BR>[Called By]<UL><LI><a href="#[cd]">&gt;&gt;</a>&nbsp;&nbsp;&nbsp;HAL_UART_MspDeInit
<LI><a href="#[98]">&gt;&gt;</a>&nbsp;&nbsp;&nbsp;HAL_I2C_MspDeInit
</UL>

<P><STRONG><a name="[93]"></a>HAL_GPIO_EXTI_Callback</STRONG> (Thumb, 34 bytes, Stack size 8 bytes, app_user.o(i.HAL_GPIO_EXTI_Callback))
<BR><BR>[Stack]<UL><LI>Max Depth = 164<LI>Call Chain = HAL_GPIO_EXTI_Callback &rArr; ldrInterrupt &rArr; getCurrentDateTimeOfSec &rArr; getRtcDateTime &rArr; HAL_RTC_GetTime
</UL>
<BR>[Calls]<UL><LI><a href="#[94]">&gt;&gt;</a>&nbsp;&nbsp;&nbsp;moduleRiSignal
<LI><a href="#[95]">&gt;&gt;</a>&nbsp;&nbsp;&nbsp;ldrInterrupt
<LI><a href="#[96]">&gt;&gt;</a>&nbsp;&nbsp;&nbsp;gsensorInterrupt
</UL>
<BR>[Called By]<UL><LI><a href="#[81]">&gt;&gt;</a>&nbsp;&nbsp;&nbsp;HAL_GPIO_EXTI_IRQHandler
</UL>

<P><STRONG><a name="[81]"></a>HAL_GPIO_EXTI_IRQHandler</STRONG> (Thumb, 18 bytes, Stack size 8 bytes, stm32l0xx_hal_gpio.o(i.HAL_GPIO_EXTI_IRQHandler))
<BR><BR>[Stack]<UL><LI>Max Depth = 172<LI>Call Chain = HAL_GPIO_EXTI_IRQHandler &rArr; HAL_GPIO_EXTI_Callback &rArr; ldrInterrupt &rArr; getCurrentDateTimeOfSec &rArr; getRtcDateTime &rArr; HAL_RTC_GetTime
</UL>
<BR>[Calls]<UL><LI><a href="#[93]">&gt;&gt;</a>&nbsp;&nbsp;&nbsp;HAL_GPIO_EXTI_Callback
</UL>
<BR>[Called By]<UL><LI><a href="#[d]">&gt;&gt;</a>&nbsp;&nbsp;&nbsp;EXTI4_15_IRQHandler
</UL>

<P><STRONG><a name="[89]"></a>HAL_GPIO_Init</STRONG> (Thumb, 356 bytes, Stack size 28 bytes, stm32l0xx_hal_gpio.o(i.HAL_GPIO_Init))
<BR><BR>[Stack]<UL><LI>Max Depth = 28<LI>Call Chain = HAL_GPIO_Init
</UL>
<BR>[Called By]<UL><LI><a href="#[206]">&gt;&gt;</a>&nbsp;&nbsp;&nbsp;modulePinConfig
<LI><a href="#[d6]">&gt;&gt;</a>&nbsp;&nbsp;&nbsp;HAL_UART_MspInit
<LI><a href="#[9a]">&gt;&gt;</a>&nbsp;&nbsp;&nbsp;HAL_I2C_MspInit
<LI><a href="#[87]">&gt;&gt;</a>&nbsp;&nbsp;&nbsp;HAL_ADC_MspInit
<LI><a href="#[e8]">&gt;&gt;</a>&nbsp;&nbsp;&nbsp;MX_GPIO_Init
</UL>

<P><STRONG><a name="[148]"></a>HAL_GPIO_ReadPin</STRONG> (Thumb, 10 bytes, Stack size 0 bytes, stm32l0xx_hal_gpio.o(i.HAL_GPIO_ReadPin))
<BR><BR>[Called By]<UL><LI><a href="#[37]">&gt;&gt;</a>&nbsp;&nbsp;&nbsp;atCmdParaseFunction
<LI><a href="#[95]">&gt;&gt;</a>&nbsp;&nbsp;&nbsp;ldrInterrupt
<LI><a href="#[139]">&gt;&gt;</a>&nbsp;&nbsp;&nbsp;doFactoryTestInstruction
<LI><a href="#[249]">&gt;&gt;</a>&nbsp;&nbsp;&nbsp;voltageCheckTask
</UL>

<P><STRONG><a name="[79]"></a>HAL_GPIO_WritePin</STRONG> (Thumb, 12 bytes, Stack size 0 bytes, stm32l0xx_hal_gpio.o(i.HAL_GPIO_WritePin))
<BR><BR>[Called By]<UL><LI><a href="#[39]">&gt;&gt;</a>&nbsp;&nbsp;&nbsp;outPutNodeCmd
<LI><a href="#[1b2]">&gt;&gt;</a>&nbsp;&nbsp;&nbsp;gsensorConfig
<LI><a href="#[1fb]">&gt;&gt;</a>&nbsp;&nbsp;&nbsp;signalLedTask
<LI><a href="#[1e5]">&gt;&gt;</a>&nbsp;&nbsp;&nbsp;gpsRequestOpen
<LI><a href="#[1e4]">&gt;&gt;</a>&nbsp;&nbsp;&nbsp;gpsRequestClose
<LI><a href="#[f2]">&gt;&gt;</a>&nbsp;&nbsp;&nbsp;updateSystemLedStatus
<LI><a href="#[2f]">&gt;&gt;</a>&nbsp;&nbsp;&nbsp;moduleReset
<LI><a href="#[208]">&gt;&gt;</a>&nbsp;&nbsp;&nbsp;modulePowerOn
<LI><a href="#[207]">&gt;&gt;</a>&nbsp;&nbsp;&nbsp;modulePowerOff
<LI><a href="#[78]">&gt;&gt;</a>&nbsp;&nbsp;&nbsp;CreateNodeCmd
<LI><a href="#[36]">&gt;&gt;</a>&nbsp;&nbsp;&nbsp;moduleResetProcessA
<LI><a href="#[12f]">&gt;&gt;</a>&nbsp;&nbsp;&nbsp;atCmdFMPCnmeaParase
<LI><a href="#[12a]">&gt;&gt;</a>&nbsp;&nbsp;&nbsp;atCmdDebugParase
<LI><a href="#[1e2]">&gt;&gt;</a>&nbsp;&nbsp;&nbsp;gpsOutputCheckTask
<LI><a href="#[150]">&gt;&gt;</a>&nbsp;&nbsp;&nbsp;autoSleepTask
<LI><a href="#[e8]">&gt;&gt;</a>&nbsp;&nbsp;&nbsp;MX_GPIO_Init
</UL>

<P><STRONG><a name="[74]"></a>HAL_GetTick</STRONG> (Thumb, 6 bytes, Stack size 0 bytes, stm32l0xx_hal.o(i.HAL_GetTick))
<BR><BR>[Called By]<UL><LI><a href="#[84]">&gt;&gt;</a>&nbsp;&nbsp;&nbsp;HAL_ADCEx_Calibration_Start
<LI><a href="#[dd]">&gt;&gt;</a>&nbsp;&nbsp;&nbsp;HAL_UART_Transmit
<LI><a href="#[c3]">&gt;&gt;</a>&nbsp;&nbsp;&nbsp;HAL_RTC_SetAlarm_IT
<LI><a href="#[b9]">&gt;&gt;</a>&nbsp;&nbsp;&nbsp;HAL_RTC_DeactivateAlarm
<LI><a href="#[8a]">&gt;&gt;</a>&nbsp;&nbsp;&nbsp;HAL_ADC_PollForConversion
<LI><a href="#[1f6]">&gt;&gt;</a>&nbsp;&nbsp;&nbsp;kernalRun
<LI><a href="#[7e]">&gt;&gt;</a>&nbsp;&nbsp;&nbsp;Create_Timer
<LI><a href="#[77]">&gt;&gt;</a>&nbsp;&nbsp;&nbsp;ADC_Enable
<LI><a href="#[76]">&gt;&gt;</a>&nbsp;&nbsp;&nbsp;ADC_Disable
<LI><a href="#[73]">&gt;&gt;</a>&nbsp;&nbsp;&nbsp;ADC_ConversionStop
<LI><a href="#[af]">&gt;&gt;</a>&nbsp;&nbsp;&nbsp;HAL_RTCEx_SetWakeUpTimer_IT
<LI><a href="#[a4]">&gt;&gt;</a>&nbsp;&nbsp;&nbsp;HAL_IWDG_Init
<LI><a href="#[ae]">&gt;&gt;</a>&nbsp;&nbsp;&nbsp;HAL_RCC_OscConfig
<LI><a href="#[ac]">&gt;&gt;</a>&nbsp;&nbsp;&nbsp;HAL_RCC_ClockConfig
<LI><a href="#[ab]">&gt;&gt;</a>&nbsp;&nbsp;&nbsp;HAL_RCCEx_PeriphCLKConfig
<LI><a href="#[a0]">&gt;&gt;</a>&nbsp;&nbsp;&nbsp;HAL_I2C_Mem_Write
<LI><a href="#[9b]">&gt;&gt;</a>&nbsp;&nbsp;&nbsp;HAL_I2C_Mem_Read
<LI><a href="#[91]">&gt;&gt;</a>&nbsp;&nbsp;&nbsp;HAL_Delay
<LI><a href="#[a2]">&gt;&gt;</a>&nbsp;&nbsp;&nbsp;I2C_WaitOnTXISFlagUntilTimeout
<LI><a href="#[9f]">&gt;&gt;</a>&nbsp;&nbsp;&nbsp;I2C_WaitOnSTOPFlagUntilTimeout
<LI><a href="#[9c]">&gt;&gt;</a>&nbsp;&nbsp;&nbsp;I2C_WaitOnFlagUntilTimeout
<LI><a href="#[df]">&gt;&gt;</a>&nbsp;&nbsp;&nbsp;I2C_IsAcknowledgeFailed
<LI><a href="#[82]">&gt;&gt;</a>&nbsp;&nbsp;&nbsp;FLASH_WaitForLastOperation
<LI><a href="#[c0]">&gt;&gt;</a>&nbsp;&nbsp;&nbsp;RTC_EnterInitMode
<LI><a href="#[c1]">&gt;&gt;</a>&nbsp;&nbsp;&nbsp;HAL_RTC_WaitForSynchro
<LI><a href="#[de]">&gt;&gt;</a>&nbsp;&nbsp;&nbsp;UART_WaitOnFlagUntilTimeout
<LI><a href="#[d9]">&gt;&gt;</a>&nbsp;&nbsp;&nbsp;UART_CheckIdleState
</UL>

<P><STRONG><a name="[ea]"></a>HAL_I2CEx_ConfigAnalogFilter</STRONG> (Thumb, 74 bytes, Stack size 16 bytes, stm32l0xx_hal_i2c_ex.o(i.HAL_I2CEx_ConfigAnalogFilter))
<BR><BR>[Stack]<UL><LI>Max Depth = 16<LI>Call Chain = HAL_I2CEx_ConfigAnalogFilter
</UL>
<BR>[Called By]<UL><LI><a href="#[e9]">&gt;&gt;</a>&nbsp;&nbsp;&nbsp;MX_I2C1_Init
</UL>

<P><STRONG><a name="[eb]"></a>HAL_I2CEx_ConfigDigitalFilter</STRONG> (Thumb, 72 bytes, Stack size 16 bytes, stm32l0xx_hal_i2c_ex.o(i.HAL_I2CEx_ConfigDigitalFilter))
<BR><BR>[Stack]<UL><LI>Max Depth = 16<LI>Call Chain = HAL_I2CEx_ConfigDigitalFilter
</UL>
<BR>[Called By]<UL><LI><a href="#[e9]">&gt;&gt;</a>&nbsp;&nbsp;&nbsp;MX_I2C1_Init
</UL>

<P><STRONG><a name="[97]"></a>HAL_I2C_DeInit</STRONG> (Thumb, 52 bytes, Stack size 16 bytes, stm32l0xx_hal_i2c.o(i.HAL_I2C_DeInit))
<BR><BR>[Stack]<UL><LI>Max Depth = 44<LI>Call Chain = HAL_I2C_DeInit &rArr; HAL_I2C_MspDeInit &rArr; HAL_GPIO_DeInit
</UL>
<BR>[Calls]<UL><LI><a href="#[98]">&gt;&gt;</a>&nbsp;&nbsp;&nbsp;HAL_I2C_MspDeInit
</UL>
<BR>[Called By]<UL><LI><a href="#[1b2]">&gt;&gt;</a>&nbsp;&nbsp;&nbsp;gsensorConfig
</UL>

<P><STRONG><a name="[99]"></a>HAL_I2C_Init</STRONG> (Thumb, 176 bytes, Stack size 16 bytes, stm32l0xx_hal_i2c.o(i.HAL_I2C_Init))
<BR><BR>[Stack]<UL><LI>Max Depth = 76<LI>Call Chain = HAL_I2C_Init &rArr; HAL_I2C_MspInit &rArr; HAL_GPIO_Init
</UL>
<BR>[Calls]<UL><LI><a href="#[9a]">&gt;&gt;</a>&nbsp;&nbsp;&nbsp;HAL_I2C_MspInit
</UL>
<BR>[Called By]<UL><LI><a href="#[e9]">&gt;&gt;</a>&nbsp;&nbsp;&nbsp;MX_I2C1_Init
</UL>

<P><STRONG><a name="[9b]"></a>HAL_I2C_Mem_Read</STRONG> (Thumb, 332 bytes, Stack size 48 bytes, stm32l0xx_hal_i2c.o(i.HAL_I2C_Mem_Read))
<BR><BR>[Stack]<UL><LI>Max Depth = 120<LI>Call Chain = HAL_I2C_Mem_Read &rArr; I2C_RequestMemoryRead &rArr; I2C_WaitOnTXISFlagUntilTimeout &rArr; I2C_IsAcknowledgeFailed
</UL>
<BR>[Calls]<UL><LI><a href="#[74]">&gt;&gt;</a>&nbsp;&nbsp;&nbsp;HAL_GetTick
<LI><a href="#[9f]">&gt;&gt;</a>&nbsp;&nbsp;&nbsp;I2C_WaitOnSTOPFlagUntilTimeout
<LI><a href="#[9c]">&gt;&gt;</a>&nbsp;&nbsp;&nbsp;I2C_WaitOnFlagUntilTimeout
<LI><a href="#[9e]">&gt;&gt;</a>&nbsp;&nbsp;&nbsp;I2C_TransferConfig
<LI><a href="#[9d]">&gt;&gt;</a>&nbsp;&nbsp;&nbsp;I2C_RequestMemoryRead
</UL>
<BR>[Called By]<UL><LI><a href="#[202]">&gt;&gt;</a>&nbsp;&nbsp;&nbsp;mir3da_register_read
</UL>

<P><STRONG><a name="[a0]"></a>HAL_I2C_Mem_Write</STRONG> (Thumb, 326 bytes, Stack size 48 bytes, stm32l0xx_hal_i2c.o(i.HAL_I2C_Mem_Write))
<BR><BR>[Stack]<UL><LI>Max Depth = 120<LI>Call Chain = HAL_I2C_Mem_Write &rArr; I2C_RequestMemoryWrite &rArr; I2C_WaitOnTXISFlagUntilTimeout &rArr; I2C_IsAcknowledgeFailed
</UL>
<BR>[Calls]<UL><LI><a href="#[74]">&gt;&gt;</a>&nbsp;&nbsp;&nbsp;HAL_GetTick
<LI><a href="#[a2]">&gt;&gt;</a>&nbsp;&nbsp;&nbsp;I2C_WaitOnTXISFlagUntilTimeout
<LI><a href="#[9f]">&gt;&gt;</a>&nbsp;&nbsp;&nbsp;I2C_WaitOnSTOPFlagUntilTimeout
<LI><a href="#[9c]">&gt;&gt;</a>&nbsp;&nbsp;&nbsp;I2C_WaitOnFlagUntilTimeout
<LI><a href="#[9e]">&gt;&gt;</a>&nbsp;&nbsp;&nbsp;I2C_TransferConfig
<LI><a href="#[a1]">&gt;&gt;</a>&nbsp;&nbsp;&nbsp;I2C_RequestMemoryWrite
</UL>
<BR>[Called By]<UL><LI><a href="#[203]">&gt;&gt;</a>&nbsp;&nbsp;&nbsp;mir3da_register_write
</UL>

<P><STRONG><a name="[98]"></a>HAL_I2C_MspDeInit</STRONG> (Thumb, 32 bytes, Stack size 8 bytes, i2c.o(i.HAL_I2C_MspDeInit))
<BR><BR>[Stack]<UL><LI>Max Depth = 28<LI>Call Chain = HAL_I2C_MspDeInit &rArr; HAL_GPIO_DeInit
</UL>
<BR>[Calls]<UL><LI><a href="#[a3]">&gt;&gt;</a>&nbsp;&nbsp;&nbsp;HAL_GPIO_DeInit
</UL>
<BR>[Called By]<UL><LI><a href="#[97]">&gt;&gt;</a>&nbsp;&nbsp;&nbsp;HAL_I2C_DeInit
</UL>

<P><STRONG><a name="[9a]"></a>HAL_I2C_MspInit</STRONG> (Thumb, 78 bytes, Stack size 32 bytes, i2c.o(i.HAL_I2C_MspInit))
<BR><BR>[Stack]<UL><LI>Max Depth = 60<LI>Call Chain = HAL_I2C_MspInit &rArr; HAL_GPIO_Init
</UL>
<BR>[Calls]<UL><LI><a href="#[89]">&gt;&gt;</a>&nbsp;&nbsp;&nbsp;HAL_GPIO_Init
<LI><a href="#[88]">&gt;&gt;</a>&nbsp;&nbsp;&nbsp;__aeabi_memclr4
</UL>
<BR>[Called By]<UL><LI><a href="#[99]">&gt;&gt;</a>&nbsp;&nbsp;&nbsp;HAL_I2C_Init
</UL>

<P><STRONG><a name="[a4]"></a>HAL_IWDG_Init</STRONG> (Thumb, 86 bytes, Stack size 16 bytes, stm32l0xx_hal_iwdg.o(i.HAL_IWDG_Init))
<BR><BR>[Stack]<UL><LI>Max Depth = 16<LI>Call Chain = HAL_IWDG_Init
</UL>
<BR>[Calls]<UL><LI><a href="#[74]">&gt;&gt;</a>&nbsp;&nbsp;&nbsp;HAL_GetTick
</UL>
<BR>[Called By]<UL><LI><a href="#[ec]">&gt;&gt;</a>&nbsp;&nbsp;&nbsp;MX_IWDG_Init
</UL>

<P><STRONG><a name="[1db]"></a>HAL_IWDG_Refresh</STRONG> (Thumb, 10 bytes, Stack size 0 bytes, stm32l0xx_hal_iwdg.o(i.HAL_IWDG_Refresh))
<BR><BR>[Called By]<UL><LI><a href="#[1da]">&gt;&gt;</a>&nbsp;&nbsp;&nbsp;feedWdt
</UL>

<P><STRONG><a name="[f6]"></a>HAL_IncTick</STRONG> (Thumb, 12 bytes, Stack size 0 bytes, stm32l0xx_hal.o(i.HAL_IncTick))
<BR><BR>[Called By]<UL><LI><a href="#[5]">&gt;&gt;</a>&nbsp;&nbsp;&nbsp;SysTick_Handler
</UL>

<P><STRONG><a name="[a5]"></a>HAL_Init</STRONG> (Thumb, 36 bytes, Stack size 8 bytes, stm32l0xx_hal.o(i.HAL_Init))
<BR><BR>[Stack]<UL><LI>Max Depth = 36<LI>Call Chain = HAL_Init &rArr; HAL_InitTick &rArr; __aeabi_uidivmod
</UL>
[...]
<BR><BR>[Stack]<UL><LI>Max Depth = 136<LI>Call Chain = atCmdFmpcAdccalParase &rArr; LogPrintf &rArr; LogMessageWL &rArr; appUartSend &rArr; HAL_UART_Transmit &rArr; UART_WaitOnFlagUntilTimeout
</UL>
<BR>[Calls]<UL><LI><a href="#[134]">&gt;&gt;</a>&nbsp;&nbsp;&nbsp;getVoltageAdcValue
<LI><a href="#[cf]">&gt;&gt;</a>&nbsp;&nbsp;&nbsp;LogPrintf
<LI><a href="#[5e]">&gt;&gt;</a>&nbsp;&nbsp;&nbsp;__aeabi_ddiv
<LI><a href="#[64]">&gt;&gt;</a>&nbsp;&nbsp;&nbsp;__aeabi_d2f
<LI><a href="#[136]">&gt;&gt;</a>&nbsp;&nbsp;&nbsp;paramSaveAdcCal
<LI><a href="#[5f]">&gt;&gt;</a>&nbsp;&nbsp;&nbsp;__aeabi_ui2f
<LI><a href="#[55]">&gt;&gt;</a>&nbsp;&nbsp;&nbsp;__aeabi_fdiv
<LI><a href="#[135]">&gt;&gt;</a>&nbsp;&nbsp;&nbsp;__aeabi_f2d
<LI><a href="#[5d]">&gt;&gt;</a>&nbsp;&nbsp;&nbsp;__aeabi_dmul
</UL>
<BR>[Called By]<UL><LI><a href="#[37]">&gt;&gt;</a>&nbsp;&nbsp;&nbsp;atCmdParaseFunction
</UL>

<P><STRONG><a name="[2d]"></a>atCmdFmpcIMSIParseRespon</STRONG> (Thumb, 28 bytes, Stack size 16 bytes, app_atcmd.o(i.atCmdFmpcIMSIParseRespon))
<BR><BR>[Stack]<UL><LI>Max Depth = 144<LI>Call Chain = atCmdFmpcIMSIParseRespon &rArr; LogPrintf &rArr; LogMessageWL &rArr; appUartSend &rArr; HAL_UART_Transmit &rArr; UART_WaitOnFlagUntilTimeout
</UL>
<BR>[Calls]<UL><LI><a href="#[cf]">&gt;&gt;</a>&nbsp;&nbsp;&nbsp;LogPrintf
<LI><a href="#[140]">&gt;&gt;</a>&nbsp;&nbsp;&nbsp;getModuleIMSI
<LI><a href="#[13f]">&gt;&gt;</a>&nbsp;&nbsp;&nbsp;getModuleICCID
</UL>
<BR>[Address Reference Count : 1]<UL><LI> app_atcmd.o(i.atCmdFmpcIMSIParse)
</UL>
<P><STRONG><a name="[2e]"></a>atCmdIMEIParseRespon</STRONG> (Thumb, 24 bytes, Stack size 8 bytes, app_atcmd.o(i.atCmdIMEIParseRespon))
<BR><BR>[Stack]<UL><LI>Max Depth = 136<LI>Call Chain = atCmdIMEIParseRespon &rArr; LogPrintf &rArr; LogMessageWL &rArr; appUartSend &rArr; HAL_UART_Transmit &rArr; UART_WaitOnFlagUntilTimeout
</UL>
<BR>[Calls]<UL><LI><a href="#[cf]">&gt;&gt;</a>&nbsp;&nbsp;&nbsp;LogPrintf
<LI><a href="#[142]">&gt;&gt;</a>&nbsp;&nbsp;&nbsp;getModuleIMEI
</UL>
<BR>[Address Reference Count : 1]<UL><LI> app_atcmd.o(i.atCmdIMEIParse)
</UL>
<P><STRONG><a name="[1d2]"></a>doinstruction</STRONG> (Thumb, 468 bytes, Stack size 72 bytes, app_atcmd.o(i.doinstruction))
<BR><BR>[Stack]<UL><LI>Max Depth = 2184<LI>Call Chain = doinstruction &rArr; doFactoryTestInstruction &rArr; sendMessageWithDifMode &rArr; sendProtocolToServer &rArr; gpsRestoreWriteData &rArr; sendModuleCmd &rArr; CreateNodeCmd &rArr; LogMessage &rArr; appUartSend &rArr; HAL_UART_Transmit &rArr; UART_WaitOnFlagUntilTimeout
</UL>
<BR>[Calls]<UL><LI><a href="#[7d]">&gt;&gt;</a>&nbsp;&nbsp;&nbsp;LogMessage
<LI><a href="#[13e]">&gt;&gt;</a>&nbsp;&nbsp;&nbsp;startTimer
<LI><a href="#[fb]">&gt;&gt;</a>&nbsp;&nbsp;&nbsp;__ARM_common_switch8
<LI><a href="#[1d1]">&gt;&gt;</a>&nbsp;&nbsp;&nbsp;doVersionInstruction
<LI><a href="#[1ce]">&gt;&gt;</a>&nbsp;&nbsp;&nbsp;doUTCInstruction
<LI><a href="#[1ca]">&gt;&gt;</a>&nbsp;&nbsp;&nbsp;doUPSInstruction
<LI><a href="#[1c8]">&gt;&gt;</a>&nbsp;&nbsp;&nbsp;doTurnAlgInstrucion
<LI><a href="#[1c7]">&gt;&gt;</a>&nbsp;&nbsp;&nbsp;doTTSInstruction
<LI><a href="#[1c5]">&gt;&gt;</a>&nbsp;&nbsp;&nbsp;doStatusInstruction
<LI><a href="#[1c3]">&gt;&gt;</a>&nbsp;&nbsp;&nbsp;doSmsreplyInstrucion
<LI><a href="#[1c1]">&gt;&gt;</a>&nbsp;&nbsp;&nbsp;doSetblemacInstrucion
<LI><a href="#[1bf]">&gt;&gt;</a>&nbsp;&nbsp;&nbsp;doServerInstruction
<LI><a href="#[1be]">&gt;&gt;</a>&nbsp;&nbsp;&nbsp;doSNInstruction
<LI><a href="#[1bd]">&gt;&gt;</a>&nbsp;&nbsp;&nbsp;doResetInstruction
<LI><a href="#[1ba]">&gt;&gt;</a>&nbsp;&nbsp;&nbsp;doPdopInstrucion
<LI><a href="#[1b8]">&gt;&gt;</a>&nbsp;&nbsp;&nbsp;doParamInstruction
<LI><a href="#[1b6]">&gt;&gt;</a>&nbsp;&nbsp;&nbsp;doPOITYPEInstruction
<LI><a href="#[1ab]">&gt;&gt;</a>&nbsp;&nbsp;&nbsp;doModeInstruction
<LI><a href="#[1a8]">&gt;&gt;</a>&nbsp;&nbsp;&nbsp;doLOWWInstruction
<LI><a href="#[1a6]">&gt;&gt;</a>&nbsp;&nbsp;&nbsp;doLEDInstruction
<LI><a href="#[1a4]">&gt;&gt;</a>&nbsp;&nbsp;&nbsp;doJtInstruction
<LI><a href="#[1a3]">&gt;&gt;</a>&nbsp;&nbsp;&nbsp;doJTCYCLEInstrucion
<LI><a href="#[1a0]">&gt;&gt;</a>&nbsp;&nbsp;&nbsp;doHbtInstruction
<LI><a href="#[19e]">&gt;&gt;</a>&nbsp;&nbsp;&nbsp;doFenceInstrucion
<LI><a href="#[139]">&gt;&gt;</a>&nbsp;&nbsp;&nbsp;doFactoryTestInstruction
<LI><a href="#[19c]">&gt;&gt;</a>&nbsp;&nbsp;&nbsp;doFactoryInstrucion
<LI><a href="#[199]">&gt;&gt;</a>&nbsp;&nbsp;&nbsp;doDebugInstrucion
<LI><a href="#[198]">&gt;&gt;</a>&nbsp;&nbsp;&nbsp;doCFInstruction
<LI><a href="#[196]">&gt;&gt;</a>&nbsp;&nbsp;&nbsp;doBFInstruction
<LI><a href="#[194]">&gt;&gt;</a>&nbsp;&nbsp;&nbsp;doAnswerInstrucion
<LI><a href="#[191]">&gt;&gt;</a>&nbsp;&nbsp;&nbsp;doAlarmModeInstrucion
<LI><a href="#[18a]">&gt;&gt;</a>&nbsp;&nbsp;&nbsp;doAPNInstruction
<LI><a href="#[186]">&gt;&gt;</a>&nbsp;&nbsp;&nbsp;doACCCTLGNSSInstrucion
<LI><a href="#[181]">&gt;&gt;</a>&nbsp;&nbsp;&nbsp;do123Instruction
<LI><a href="#[7f]">&gt;&gt;</a>&nbsp;&nbsp;&nbsp;__2sprintf
</UL>
<BR>[Called By]<UL><LI><a href="#[121]">&gt;&gt;</a>&nbsp;&nbsp;&nbsp;instructionParase
</UL>

<P><STRONG><a name="[143]"></a>mycmdPatch</STRONG> (Thumb, 58 bytes, Stack size 16 bytes, app_atcmd.o(i.mycmdPatch))
<BR><BR>[Stack]<UL><LI>Max Depth = 16<LI>Call Chain = mycmdPatch
</UL>
<BR>[Calls]<UL><LI><a href="#[e2]">&gt;&gt;</a>&nbsp;&nbsp;&nbsp;strlen
</UL>
<BR>[Called By]<UL><LI><a href="#[37]">&gt;&gt;</a>&nbsp;&nbsp;&nbsp;atCmdParaseFunction
<LI><a href="#[121]">&gt;&gt;</a>&nbsp;&nbsp;&nbsp;instructionParase
</UL>

<P><STRONG><a name="[25c]"></a>compress</STRONG> (Thumb, 42 bytes, Stack size 20 bytes, app_sn.o(i.compress))
<BR><BR>[Stack]<UL><LI>Max Depth = 20<LI>Call Chain = compress
</UL>
<BR>[Called By]<UL><LI><a href="#[25d]">&gt;&gt;</a>&nbsp;&nbsp;&nbsp;ztvm_encrypt_undes
<LI><a href="#[258]">&gt;&gt;</a>&nbsp;&nbsp;&nbsp;ztvm_encrypt_des
</UL>

<P><STRONG><a name="[25b]"></a>encrypt</STRONG> (Thumb, 304 bytes, Stack size 356 bytes, app_sn.o(i.encrypt))
<BR><BR>[Stack]<UL><LI>Max Depth = 356<LI>Call Chain = encrypt
</UL>
<BR>[Called By]<UL><LI><a href="#[25d]">&gt;&gt;</a>&nbsp;&nbsp;&nbsp;ztvm_encrypt_undes
<LI><a href="#[258]">&gt;&gt;</a>&nbsp;&nbsp;&nbsp;ztvm_encrypt_des
</UL>

<P><STRONG><a name="[259]"></a>expand</STRONG> (Thumb, 42 bytes, Stack size 16 bytes, app_sn.o(i.expand))
<BR><BR>[Stack]<UL><LI>Max Depth = 16<LI>Call Chain = expand
</UL>
<BR>[Called By]<UL><LI><a href="#[25d]">&gt;&gt;</a>&nbsp;&nbsp;&nbsp;ztvm_encrypt_undes
<LI><a href="#[258]">&gt;&gt;</a>&nbsp;&nbsp;&nbsp;ztvm_encrypt_des
</UL>

<P><STRONG><a name="[25a]"></a>setkey</STRONG> (Thumb, 170 bytes, Stack size 20 bytes, app_sn.o(i.setkey))
<BR><BR>[Stack]<UL><LI>Max Depth = 20<LI>Call Chain = setkey
</UL>
<BR>[Called By]<UL><LI><a href="#[25d]">&gt;&gt;</a>&nbsp;&nbsp;&nbsp;ztvm_encrypt_undes
<LI><a href="#[258]">&gt;&gt;</a>&nbsp;&nbsp;&nbsp;ztvm_encrypt_des
</UL>

<P><STRONG><a name="[73]"></a>ADC_ConversionStop</STRONG> (Thumb, 82 bytes, Stack size 16 bytes, stm32l0xx_hal_adc.o(i.ADC_ConversionStop))
<BR><BR>[Stack]<UL><LI>Max Depth = 16<LI>Call Chain = ADC_ConversionStop
</UL>
<BR>[Calls]<UL><LI><a href="#[74]">&gt;&gt;</a>&nbsp;&nbsp;&nbsp;HAL_GetTick
</UL>
<BR>[Called By]<UL><LI><a href="#[8c]">&gt;&gt;</a>&nbsp;&nbsp;&nbsp;HAL_ADC_Stop
</UL>

<P><STRONG><a name="[75]"></a>ADC_DelayMicroSecond</STRONG> (Thumb, 28 bytes, Stack size 16 bytes, stm32l0xx_hal_adc.o(i.ADC_DelayMicroSecond))
<BR><BR>[Stack]<UL><LI>Max Depth = 28<LI>Call Chain = ADC_DelayMicroSecond &rArr; __aeabi_uidivmod
</UL>
<BR>[Calls]<UL><LI><a href="#[45]">&gt;&gt;</a>&nbsp;&nbsp;&nbsp;__aeabi_uidivmod
</UL>
<BR>[Called By]<UL><LI><a href="#[77]">&gt;&gt;</a>&nbsp;&nbsp;&nbsp;ADC_Enable
<LI><a href="#[85]">&gt;&gt;</a>&nbsp;&nbsp;&nbsp;HAL_ADC_ConfigChannel
</UL>

<P><STRONG><a name="[76]"></a>ADC_Disable</STRONG> (Thumb, 96 bytes, Stack size 24 bytes, stm32l0xx_hal_adc.o(i.ADC_Disable))
<BR><BR>[Stack]<UL><LI>Max Depth = 24<LI>Call Chain = ADC_Disable
</UL>
<BR>[Calls]<UL><LI><a href="#[74]">&gt;&gt;</a>&nbsp;&nbsp;&nbsp;HAL_GetTick
</UL>
<BR>[Called By]<UL><LI><a href="#[8c]">&gt;&gt;</a>&nbsp;&nbsp;&nbsp;HAL_ADC_Stop
</UL>

<P><STRONG><a name="[77]"></a>ADC_Enable</STRONG> (Thumb, 96 bytes, Stack size 24 bytes, stm32l0xx_hal_adc.o(i.ADC_Enable))
<BR><BR>[Stack]<UL><LI>Max Depth = 52<LI>Call Chain = ADC_Enable &rArr; ADC_DelayMicroSecond &rArr; __aeabi_uidivmod
</UL>
<BR>[Calls]<UL><LI><a href="#[74]">&gt;&gt;</a>&nbsp;&nbsp;&nbsp;HAL_GetTick
<LI><a href="#[75]">&gt;&gt;</a>&nbsp;&nbsp;&nbsp;ADC_DelayMicroSecond
</UL>
<BR>[Called By]<UL><LI><a href="#[8b]">&gt;&gt;</a>&nbsp;&nbsp;&nbsp;HAL_ADC_Start
</UL>

<P><STRONG><a name="[e0]"></a>I2C_Flush_TXDR</STRONG> (Thumb, 34 bytes, Stack size 0 bytes, stm32l0xx_hal_i2c.o(i.I2C_Flush_TXDR))
<BR><BR>[Called By]<UL><LI><a href="#[df]">&gt;&gt;</a>&nbsp;&nbsp;&nbsp;I2C_IsAcknowledgeFailed
</UL>

<P><STRONG><a name="[df]"></a>I2C_IsAcknowledgeFailed</STRONG> (Thumb, 108 bytes, Stack size 32 bytes, stm32l0xx_hal_i2c.o(i.I2C_IsAcknowledgeFailed))
<BR><BR>[Stack]<UL><LI>Max Depth = 32<LI>Call Chain = I2C_IsAcknowledgeFailed
</UL>
<BR>[Calls]<UL><LI><a href="#[74]">&gt;&gt;</a>&nbsp;&nbsp;&nbsp;HAL_GetTick
<LI><a href="#[e0]">&gt;&gt;</a>&nbsp;&nbsp;&nbsp;I2C_Flush_TXDR
</UL>
<BR>[Called By]<UL><LI><a href="#[a2]">&gt;&gt;</a>&nbsp;&nbsp;&nbsp;I2C_WaitOnTXISFlagUntilTimeout
<LI><a href="#[9f]">&gt;&gt;</a>&nbsp;&nbsp;&nbsp;I2C_WaitOnSTOPFlagUntilTimeout
</UL>

<P><STRONG><a name="[9d]"></a>I2C_RequestMemoryRead</STRONG> (Thumb, 92 bytes, Stack size 24 bytes, stm32l0xx_hal_i2c.o(i.I2C_RequestMemoryRead))
<BR><BR>[Stack]<UL><LI>Max Depth = 72<LI>Call Chain = I2C_RequestMemoryRead &rArr; I2C_WaitOnTXISFlagUntilTimeout &rArr; I2C_IsAcknowledgeFailed
</UL>
<BR>[Calls]<UL><LI><a href="#[a2]">&gt;&gt;</a>&nbsp;&nbsp;&nbsp;I2C_WaitOnTXISFlagUntilTimeout
<LI><a href="#[9c]">&gt;&gt;</a>&nbsp;&nbsp;&nbsp;I2C_WaitOnFlagUntilTimeout
<LI><a href="#[9e]">&gt;&gt;</a>&nbsp;&nbsp;&nbsp;I2C_TransferConfig
</UL>
<BR>[Called By]<UL><LI><a href="#[9b]">&gt;&gt;</a>&nbsp;&nbsp;&nbsp;HAL_I2C_Mem_Read
</UL>

<P><STRONG><a name="[a1]"></a>I2C_RequestMemoryWrite</STRONG> (Thumb, 92 bytes, Stack size 24 bytes, stm32l0xx_hal_i2c.o(i.I2C_RequestMemoryWrite))
<BR><BR>[Stack]<UL><LI>Max Depth = 72<LI>Call Chain = I2C_RequestMemoryWrite &rArr; I2C_WaitOnTXISFlagUntilTimeout &rArr; I2C_IsAcknowledgeFailed
</UL>
<BR>[Calls]<UL><LI><a href="#[a2]">&gt;&gt;</a>&nbsp;&nbsp;&nbsp;I2C_WaitOnTXISFlagUntilTimeout
<LI><a href="#[9c]">&gt;&gt;</a>&nbsp;&nbsp;&nbsp;I2C_WaitOnFlagUntilTimeout
<LI><a href="#[9e]">&gt;&gt;</a>&nbsp;&nbsp;&nbsp;I2C_TransferConfig
</UL>
<BR>[Called By]<UL><LI><a href="#[a0]">&gt;&gt;</a>&nbsp;&nbsp;&nbsp;HAL_I2C_Mem_Write
</UL>

<P><STRONG><a name="[9e]"></a>I2C_TransferConfig</STRONG> (Thumb, 34 bytes, Stack size 20 bytes, stm32l0xx_hal_i2c.o(i.I2C_TransferConfig))
<BR><BR>[Stack]<UL><LI>Max Depth = 20<LI>Call Chain = I2C_TransferConfig
</UL>
<BR>[Called By]<UL><LI><a href="#[a0]">&gt;&gt;</a>&nbsp;&nbsp;&nbsp;HAL_I2C_Mem_Write
<LI><a href="#[9b]">&gt;&gt;</a>&nbsp;&nbsp;&nbsp;HAL_I2C_Mem_Read
<LI><a href="#[a1]">&gt;&gt;</a>&nbsp;&nbsp;&nbsp;I2C_RequestMemoryWrite
<LI><a href="#[9d]">&gt;&gt;</a>&nbsp;&nbsp;&nbsp;I2C_RequestMemoryRead
</UL>

<P><STRONG><a name="[9c]"></a>I2C_WaitOnFlagUntilTimeout</STRONG> (Thumb, 78 bytes, Stack size 24 bytes, stm32l0xx_hal_i2c.o(i.I2C_WaitOnFlagUntilTimeout))
<BR><BR>[Stack]<UL><LI>Max Depth = 24<LI>Call Chain = I2C_WaitOnFlagUntilTimeout
</UL>
<BR>[Calls]<UL><LI><a href="#[74]">&gt;&gt;</a>&nbsp;&nbsp;&nbsp;HAL_GetTick
</UL>
<BR>[Called By]<UL><LI><a href="#[a0]">&gt;&gt;</a>&nbsp;&nbsp;&nbsp;HAL_I2C_Mem_Write
<LI><a href="#[9b]">&gt;&gt;</a>&nbsp;&nbsp;&nbsp;HAL_I2C_Mem_Read
<LI><a href="#[a1]">&gt;&gt;</a>&nbsp;&nbsp;&nbsp;I2C_RequestMemoryWrite
<LI><a href="#[9d]">&gt;&gt;</a>&nbsp;&nbsp;&nbsp;I2C_RequestMemoryRead
</UL>

<P><STRONG><a name="[9f]"></a>I2C_WaitOnSTOPFlagUntilTimeout</STRONG> (Thumb, 76 bytes, Stack size 16 bytes, stm32l0xx_hal_i2c.o(i.I2C_WaitOnSTOPFlagUntilTimeout))
<BR><BR>[Stack]<UL><LI>Max Depth = 48<LI>Call Chain = I2C_WaitOnSTOPFlagUntilTimeout &rArr; I2C_IsAcknowledgeFailed
</UL>
<BR>[Calls]<UL><LI><a href="#[74]">&gt;&gt;</a>&nbsp;&nbsp;&nbsp;HAL_GetTick
<LI><a href="#[df]">&gt;&gt;</a>&nbsp;&nbsp;&nbsp;I2C_IsAcknowledgeFailed
</UL>
<BR>[Called By]<UL><LI><a href="#[a0]">&gt;&gt;</a>&nbsp;&nbsp;&nbsp;HAL_I2C_Mem_Write
<LI><a href="#[9b]">&gt;&gt;</a>&nbsp;&nbsp;&nbsp;HAL_I2C_Mem_Read
</UL>

<P><STRONG><a name="[a2]"></a>I2C_WaitOnTXISFlagUntilTimeout</STRONG> (Thumb, 80 bytes, Stack size 16 bytes, stm32l0xx_hal_i2c.o(i.I2C_WaitOnTXISFlagUntilTimeout))
<BR><BR>[Stack]<UL><LI>Max Depth = 48<LI>Call Chain = I2C_WaitOnTXISFlagUntilTimeout &rArr; I2C_IsAcknowledgeFailed
</UL>
<BR>[Calls]<UL><LI><a href="#[74]">&gt;&gt;</a>&nbsp;&nbsp;&nbsp;HAL_GetTick
<LI><a href="#[df]">&gt;&gt;</a>&nbsp;&nbsp;&nbsp;I2C_IsAcknowledgeFailed
</UL>
<BR>[Called By]<UL><LI><a href="#[a0]">&gt;&gt;</a>&nbsp;&nbsp;&nbsp;HAL_I2C_Mem_Write
<LI><a href="#[a1]">&gt;&gt;</a>&nbsp;&nbsp;&nbsp;I2C_RequestMemoryWrite
<LI><a href="#[9d]">&gt;&gt;</a>&nbsp;&nbsp;&nbsp;I2C_RequestMemoryRead
</UL>

<P><STRONG><a name="[83]"></a>FLASH_SetErrorCode</STRONG> (Thumb, 134 bytes, Stack size 8 bytes, stm32l0xx_hal_flash.o(i.FLASH_SetErrorCode))
<BR><BR>[Stack]<UL><LI>Max Depth = 8<LI>Call Chain = FLASH_SetErrorCode
</UL>
<BR>[Called By]<UL><LI><a href="#[82]">&gt;&gt;</a>&nbsp;&nbsp;&nbsp;FLASH_WaitForLastOperation
</UL>

<P><STRONG><a name="[90]"></a>DMA_SetConfig</STRONG> (Thumb, 44 bytes, Stack size 12 bytes, stm32l0xx_hal_dma.o(i.DMA_SetConfig))
<BR><BR>[Stack]<UL><LI>Max Depth = 12<LI>Call Chain = DMA_SetConfig
</UL>
<BR>[Called By]<UL><LI><a href="#[8f]">&gt;&gt;</a>&nbsp;&nbsp;&nbsp;HAL_DMA_Start_IT
</UL>

<P><STRONG><a name="[aa]"></a>NVIC_SetPriority</STRONG> (Thumb, 60 bytes, Stack size 0 bytes, stm32l0xx_hal_cortex.o(i.NVIC_SetPriority))
<BR><BR>[Called By]<UL><LI><a href="#[a9]">&gt;&gt;</a>&nbsp;&nbsp;&nbsp;HAL_NVIC_SetPriority
<LI><a href="#[a8]">&gt;&gt;</a>&nbsp;&nbsp;&nbsp;HAL_SYSTICK_Config
</UL>

<P><STRONG><a name="[28]"></a>UART_DMAAbortOnError</STRONG> (Thumb, 20 bytes, Stack size 8 bytes, stm32l0xx_hal_uart.o(i.UART_DMAAbortOnError))
<BR><BR>[Stack]<UL><LI>Max Depth = 144<LI>Call Chain = UART_DMAAbortOnError &rArr; HAL_UART_ErrorCallback &rArr; LogPrintf &rArr; LogMessageWL &rArr; appUartSend &rArr; HAL_UART_Transmit &rArr; UART_WaitOnFlagUntilTimeout
</UL>
<BR>[Calls]<UL><LI><a href="#[ce]">&gt;&gt;</a>&nbsp;&nbsp;&nbsp;HAL_UART_ErrorCallback
</UL>
<BR>[Address Reference Count : 1]<UL><LI> stm32l0xx_hal_uart.o(i.HAL_UART_IRQHandler)
</UL>
<P><STRONG><a name="[2b]"></a>UART_DMAError</STRONG> (Thumb, 72 bytes, Stack size 16 bytes, stm32l0xx_hal_uart.o(i.UART_DMAError))
<BR><BR>[Stack]<UL><LI>Max Depth = 152<LI>Call Chain = UART_DMAError &rArr; HAL_UART_ErrorCallback &rArr; LogPrintf &rArr; LogMessageWL &rArr; appUartSend &rArr; HAL_UART_Transmit &rArr; UART_WaitOnFlagUntilTimeout
</UL>
<BR>[Calls]<UL><LI><a href="#[ce]">&gt;&gt;</a>&nbsp;&nbsp;&nbsp;HAL_UART_ErrorCallback
<LI><a href="#[ca]">&gt;&gt;</a>&nbsp;&nbsp;&nbsp;UART_EndTxTransfer
<LI><a href="#[cb]">&gt;&gt;</a>&nbsp;&nbsp;&nbsp;UART_EndRxTransfer
</UL>
<BR>[Address Reference Count : 1]<UL><LI> stm32l0xx_hal_uart.o(i.HAL_UART_Receive_DMA)
</UL>
<P><STRONG><a name="[29]"></a>UART_DMAReceiveCplt</STRONG> (Thumb, 62 bytes, Stack size 8 bytes, stm32l0xx_hal_uart.o(i.UART_DMAReceiveCplt))
<BR><BR>[Stack]<UL><LI>Max Depth = 120<LI>Call Chain = UART_DMAReceiveCplt &rArr; HAL_UART_RxCpltCallback &rArr; LogMessage &rArr; appUartSend &rArr; HAL_UART_Transmit &rArr; UART_WaitOnFlagUntilTimeout
</UL>
<BR>[Calls]<UL><LI><a href="#[dc]">&gt;&gt;</a>&nbsp;&nbsp;&nbsp;HAL_UART_RxCpltCallback
</UL>
<BR>[Address Reference Count : 1]<UL><LI> stm32l0xx_hal_uart.o(i.HAL_UART_Receive_DMA)
</UL>
<P><STRONG><a name="[2a]"></a>UART_DMARxHalfCplt</STRONG> (Thumb, 10 bytes, Stack size 8 bytes, stm32l0xx_hal_uart.o(i.UART_DMARxHalfCplt))
<BR><BR>[Stack]<UL><LI>Max Depth = 8<LI>Call Chain = UART_DMARxHalfCplt
</UL>
<BR>[Calls]<UL><LI><a href="#[f9]">&gt;&gt;</a>&nbsp;&nbsp;&nbsp;HAL_UART_RxHalfCpltCallback
</UL>
<BR>[Address Reference Count : 1]<UL><LI> stm32l0xx_hal_uart.o(i.HAL_UART_Receive_DMA)
</UL>
<P><STRONG><a name="[cb]"></a>UART_EndRxTransfer</STRONG> (Thumb, 32 bytes, Stack size 0 bytes, stm32l0xx_hal_uart.o(i.UART_EndRxTransfer))
<BR><BR>[Called By]<UL><LI><a href="#[c7]">&gt;&gt;</a>&nbsp;&nbsp;&nbsp;HAL_UART_DMAStop
<LI><a href="#[d1]">&gt;&gt;</a>&nbsp;&nbsp;&nbsp;HAL_UART_IRQHandler
<LI><a href="#[2b]">&gt;&gt;</a>&nbsp;&nbsp;&nbsp;UART_DMAError
</UL>

<P><STRONG><a name="[ca]"></a>UART_EndTxTransfer</STRONG> (Thumb, 16 bytes, Stack size 0 bytes, stm32l0xx_hal_uart.o(i.UART_EndTxTransfer))
<BR><BR>[Called By]<UL><LI><a href="#[c7]">&gt;&gt;</a>&nbsp;&nbsp;&nbsp;HAL_UART_DMAStop
<LI><a href="#[2b]">&gt;&gt;</a>&nbsp;&nbsp;&nbsp;UART_DMAError
</UL>

<P><STRONG><a name="[10b]"></a>_fp_digits</STRONG> (Thumb, 316 bytes, Stack size 56 bytes, printfa.o(i._fp_digits), UNUSED)
<BR><BR>[Calls]<UL><LI><a href="#[5e]">&gt;&gt;</a>&nbsp;&nbsp;&nbsp;__aeabi_ddiv
<LI><a href="#[5d]">&gt;&gt;</a>&nbsp;&nbsp;&nbsp;__aeabi_dmul
<LI><a href="#[57]">&gt;&gt;</a>&nbsp;&nbsp;&nbsp;__aeabi_dadd
<LI><a href="#[10c]">&gt;&gt;</a>&nbsp;&nbsp;&nbsp;__aeabi_cdrcmple
<LI><a href="#[6b]">&gt;&gt;</a>&nbsp;&nbsp;&nbsp;__aeabi_d2ulz
<LI><a href="#[46]">&gt;&gt;</a>&nbsp;&nbsp;&nbsp;__aeabi_uldivmod
</UL>
<BR>[Called By]<UL><LI><a href="#[101]">&gt;&gt;</a>&nbsp;&nbsp;&nbsp;_printf_core
</UL>

<P><STRONG><a name="[101]"></a>_printf_core</STRONG> (Thumb, 1754 bytes, Stack size 128 bytes, printfa.o(i._printf_core), UNUSED)
<BR><BR>[Calls]<UL><LI><a href="#[10d]">&gt;&gt;</a>&nbsp;&nbsp;&nbsp;_printf_pre_padding
<LI><a href="#[10e]">&gt;&gt;</a>&nbsp;&nbsp;&nbsp;_printf_post_padding
<LI><a href="#[10b]">&gt;&gt;</a>&nbsp;&nbsp;&nbsp;_fp_digits
<LI><a href="#[46]">&gt;&gt;</a>&nbsp;&nbsp;&nbsp;__aeabi_uldivmod
<LI><a href="#[45]">&gt;&gt;</a>&nbsp;&nbsp;&nbsp;__aeabi_uidivmod
</UL>
<BR>[Called By]<UL><LI><a href="#[102]">&gt;&gt;</a>&nbsp;&nbsp;&nbsp;__0vsprintf
<LI><a href="#[100]">&gt;&gt;</a>&nbsp;&nbsp;&nbsp;__0sprintf
</UL>

<P><STRONG><a name="[10e]"></a>_printf_post_padding</STRONG> (Thumb, 32 bytes, Stack size 24 bytes, printfa.o(i._printf_post_padding), UNUSED)
<BR><BR>[Called By]<UL><LI><a href="#[101]">&gt;&gt;</a>&nbsp;&nbsp;&nbsp;_printf_core
</UL>

<P><STRONG><a name="[10d]"></a>_printf_pre_padding</STRONG> (Thumb, 44 bytes, Stack size 40 bytes, printfa.o(i._printf_pre_padding), UNUSED)
<BR><BR>[Called By]<UL><LI><a href="#[101]">&gt;&gt;</a>&nbsp;&nbsp;&nbsp;_printf_core
</UL>

<P><STRONG><a name="[2c]"></a>_sputc</STRONG> (Thumb, 10 bytes, Stack size 0 bytes, printfa.o(i._sputc))
<BR><BR>[Called By]<UL><LI><a href="#[102]">&gt;&gt;</a>&nbsp;&nbsp;&nbsp;__0vsprintf
<LI><a href="#[100]">&gt;&gt;</a>&nbsp;&nbsp;&nbsp;__0sprintf
</UL>
<BR>[Address Reference Count : 2]<UL><LI> printfa.o(i.__0sprintf)
<LI> printfa.o(i.__0vsprintf)
</UL>
<P><STRONG><a name="[66]"></a>_local_sscanf</STRONG> (Thumb, 54 bytes, Stack size 56 bytes, strtod.o(.text))
<BR><BR>[Stack]<UL><LI>Max Depth = 160<LI>Call Chain = _local_sscanf &rArr; _scanf_real
</UL>
<BR>[Calls]<UL><LI><a href="#[67]">&gt;&gt;</a>&nbsp;&nbsp;&nbsp;_scanf_real
</UL>
<BR>[Called By]<UL><LI><a href="#[68]">&gt;&gt;</a>&nbsp;&nbsp;&nbsp;__strtod_int
</UL>

<P><STRONG><a name="[6d]"></a>_fp_value</STRONG> (Thumb, 246 bytes, Stack size 56 bytes, scanf_fp.o(.text), UNUSED)
<BR><BR>[Calls]<UL><LI><a href="#[5e]">&gt;&gt;</a>&nbsp;&nbsp;&nbsp;__aeabi_ddiv
<LI><a href="#[5d]">&gt;&gt;</a>&nbsp;&nbsp;&nbsp;__aeabi_dmul
<LI><a href="#[6e]">&gt;&gt;</a>&nbsp;&nbsp;&nbsp;__aeabi_lmul
<LI><a href="#[6f]">&gt;&gt;</a>&nbsp;&nbsp;&nbsp;__aeabi_ul2d
</UL>
<BR>[Called By]<UL><LI><a href="#[70]">&gt;&gt;</a>&nbsp;&nbsp;&nbsp;_scanf_really_real
</UL>
<P>
<H3>
Undefined Global Symbols
</H3><HR></body></html>
