Component: ARM Compiler 5.06 update 7 (build 960) Tool: armlink [4d3601]

==============================================================================

Image Symbol Table

    Local Symbols

    Symbol Name                              Value     Ov Type        Size  Object(Section)

    ../Drivers/STM32L0xx_HAL_Driver/Src/stm32l0xx_hal.c 0x00000000   Number         0  stm32l0xx_hal.o ABSOLUTE
    ../Drivers/STM32L0xx_HAL_Driver/Src/stm32l0xx_hal_adc.c 0x00000000   Number         0  stm32l0xx_hal_adc.o ABSOLUTE
    ../Drivers/STM32L0xx_HAL_Driver/Src/stm32l0xx_hal_adc_ex.c 0x00000000   Number         0  stm32l0xx_hal_adc_ex.o ABSOLUTE
    ../Drivers/STM32L0xx_HAL_Driver/Src/stm32l0xx_hal_cortex.c 0x00000000   Number         0  stm32l0xx_hal_cortex.o ABSOLUTE
    ../Drivers/STM32L0xx_HAL_Driver/Src/stm32l0xx_hal_dma.c 0x00000000   Number         0  stm32l0xx_hal_dma.o ABSOLUTE
    ../Drivers/STM32L0xx_HAL_Driver/Src/stm32l0xx_hal_exti.c 0x00000000   Number         0  stm32l0xx_hal_exti.o ABSOLUTE
    ../Drivers/STM32L0xx_HAL_Driver/Src/stm32l0xx_hal_flash.c 0x00000000   Number         0  stm32l0xx_hal_flash.o ABSOLUTE
    ../Drivers/STM32L0xx_HAL_Driver/Src/stm32l0xx_hal_flash_ex.c 0x00000000   Number         0  stm32l0xx_hal_flash_ex.o ABSOLUTE
    ../Drivers/STM32L0xx_HAL_Driver/Src/stm32l0xx_hal_flash_ramfunc.c 0x00000000   Number         0  stm32l0xx_hal_flash_ramfunc.o ABSOLUTE
    ../Drivers/STM32L0xx_HAL_Driver/Src/stm32l0xx_hal_gpio.c 0x00000000   Number         0  stm32l0xx_hal_gpio.o ABSOLUTE
    ../Drivers/STM32L0xx_HAL_Driver/Src/stm32l0xx_hal_i2c.c 0x00000000   Number         0  stm32l0xx_hal_i2c.o ABSOLUTE
    ../Drivers/STM32L0xx_HAL_Driver/Src/stm32l0xx_hal_i2c_ex.c 0x00000000   Number         0  stm32l0xx_hal_i2c_ex.o ABSOLUTE
    ../Drivers/STM32L0xx_HAL_Driver/Src/stm32l0xx_hal_iwdg.c 0x00000000   Number         0  stm32l0xx_hal_iwdg.o ABSOLUTE
    ../Drivers/STM32L0xx_HAL_Driver/Src/stm32l0xx_hal_pwr.c 0x00000000   Number         0  stm32l0xx_hal_pwr.o ABSOLUTE
    ../Drivers/STM32L0xx_HAL_Driver/Src/stm32l0xx_hal_pwr_ex.c 0x00000000   Number         0  stm32l0xx_hal_pwr_ex.o ABSOLUTE
    ../Drivers/STM32L0xx_HAL_Driver/Src/stm32l0xx_hal_rcc.c 0x00000000   Number         0  stm32l0xx_hal_rcc.o ABSOLUTE
    ../Drivers/STM32L0xx_HAL_Driver/Src/stm32l0xx_hal_rcc_ex.c 0x00000000   Number         0  stm32l0xx_hal_rcc_ex.o ABSOLUTE
    ../Drivers/STM32L0xx_HAL_Driver/Src/stm32l0xx_hal_rtc.c 0x00000000   Number         0  stm32l0xx_hal_rtc.o ABSOLUTE
    ../Drivers/STM32L0xx_HAL_Driver/Src/stm32l0xx_hal_rtc_ex.c 0x00000000   Number         0  stm32l0xx_hal_rtc_ex.o ABSOLUTE
    ../Drivers/STM32L0xx_HAL_Driver/Src/stm32l0xx_hal_tim.c 0x00000000   Number         0  stm32l0xx_hal_tim.o ABSOLUTE
    ../Drivers/STM32L0xx_HAL_Driver/Src/stm32l0xx_hal_tim_ex.c 0x00000000   Number         0  stm32l0xx_hal_tim_ex.o ABSOLUTE
    ../Drivers/STM32L0xx_HAL_Driver/Src/stm32l0xx_hal_uart.c 0x00000000   Number         0  stm32l0xx_hal_uart.o ABSOLUTE
    ../Drivers/STM32L0xx_HAL_Driver/Src/stm32l0xx_hal_uart_ex.c 0x00000000   Number         0  stm32l0xx_hal_uart_ex.o ABSOLUTE
    ../Src/adc.c                             0x00000000   Number         0  adc.o ABSOLUTE
    ../Src/dma.c                             0x00000000   Number         0  dma.o ABSOLUTE
    ../Src/gpio.c                            0x00000000   Number         0  gpio.o ABSOLUTE
    ../Src/i2c.c                             0x00000000   Number         0  i2c.o ABSOLUTE
    ../Src/iwdg.c                            0x00000000   Number         0  iwdg.o ABSOLUTE
    ../Src/main.c                            0x00000000   Number         0  main.o ABSOLUTE
    ../Src/rtc.c                             0x00000000   Number         0  rtc.o ABSOLUTE
    ../Src/stm32l0xx_hal_msp.c               0x00000000   Number         0  stm32l0xx_hal_msp.o ABSOLUTE
    ../Src/stm32l0xx_it.c                    0x00000000   Number         0  stm32l0xx_it.o ABSOLUTE
    ../Src/system_stm32l0xx.c                0x00000000   Number         0  system_stm32l0xx.o ABSOLUTE
    ../Src/usart.c                           0x00000000   Number         0  usart.o ABSOLUTE
    ../clib/microlib/ctype/ctype.c           0x00000000   Number         0  isblank_o.o ABSOLUTE
    ../clib/microlib/ctype/ctype.c           0x00000000   Number         0  isalpha_o.o ABSOLUTE
    ../clib/microlib/ctype/ctype.c           0x00000000   Number         0  ctype_o.o ABSOLUTE
    ../clib/microlib/ctype/ctype.c           0x00000000   Number         0  isupper_o.o ABSOLUTE
    ../clib/microlib/ctype/ctype.c           0x00000000   Number         0  isspace_o.o ABSOLUTE
    ../clib/microlib/ctype/ctype.c           0x00000000   Number         0  isalnum_o.o ABSOLUTE
    ../clib/microlib/ctype/ctype.c           0x00000000   Number         0  isspace_c.o ABSOLUTE
    ../clib/microlib/ctype/ctype.c           0x00000000   Number         0  isxdigit_o.o ABSOLUTE
[...]
    systemTaskSuspend                        0x08019139   Thumb Code    50  app_kernal.o(i.systemTaskSuspend)
    taskRunInOneSecond                       0x08019189   Thumb Code    68  app_task.o(i.taskRunInOneSecond)
    terminalAccoff                           0x080191d1   Thumb Code    12  app_sys.o(i.terminalAccoff)
    terminalAccon                            0x080191e1   Thumb Code    12  app_sys.o(i.terminalAccon)
    terminalAlarmSet                         0x080191f1   Thumb Code    16  app_sys.o(i.terminalAlarmSet)
    terminalCharge                           0x08019205   Thumb Code    12  app_sys.o(i.terminalCharge)
    terminalGPSFixed                         0x08019215   Thumb Code    12  app_sys.o(i.terminalGPSFixed)
    terminalGPSUnFixed                       0x08019225   Thumb Code    12  app_sys.o(i.terminalGPSUnFixed)
    terminalunCharge                         0x08019235   Thumb Code    12  app_sys.o(i.terminalunCharge)
    updateLocalRTCTime                       0x080192d1   Thumb Code    98  app_gps.o(i.updateLocalRTCTime)
    updateRTCtimeRequest                     0x0801933d   Thumb Code    12  app_sys.o(i.updateRTCtimeRequest)
    updateSystemLedStatus                    0x0801934d   Thumb Code   108  app_task.o(i.updateSystemLedStatus)
    updateSystemStartTime                    0x080193bd   Thumb Code     8  app_sys.o(i.updateSystemStartTime)
    uploadGpsRestoreData                     0x080193c9   Thumb Code    44  app_serverprotocol.o(i.uploadGpsRestoreData)
    uploadRequestInMode4                     0x080193fd   Thumb Code   138  app_task.o(i.uploadRequestInMode4)
    voltageCheckTask                         0x080194b5   Thumb Code   542  app_task.o(i.voltageCheckTask)
    wdtProcess                               0x08019811   Thumb Code   178  app_task.o(i.wdtProcess)
    wifiUploadRequestTask                    0x08019949   Thumb Code    38  app_task.o(i.wifiUploadRequestTask)
    ztvm_encrypt_des                         0x0801997d   Thumb Code    86  app_sn.o(i.ztvm_encrypt_des)
    ztvm_encrypt_undes                       0x080199d3   Thumb Code    88  app_sn.o(i.ztvm_encrypt_undes)
    ztvm_encrypt_untrides                    0x08019a2b   Thumb Code    40  app_sn.o(i.ztvm_encrypt_untrides)
    n58_cmd_table                            0x08019c6a   Data        1197  app_net.o(.constdata)
    atcmdtable                               0x0801a117   Data         323  app_atcmd.o(.constdata)
    instructiontable                         0x0801a25a   Data         578  app_atcmd.o(.constdata)
    AHBPrescTable                            0x0801a806   Data          16  system_stm32l0xx.o(.constdata)
    PLLMulTable                              0x0801a816   Data           9  system_stm32l0xx.o(.constdata)
    APBPrescTable                            0x0801a81f   Data           8  system_stm32l0xx.o(.constdata)
    __mathlib_zero                           0x0801a940   Data           8  qnan.o(.constdata)
    __ctype_table                            0x0801aa38   Data         129  ctype_o.o(.constdata)
    Region$$Table$$Base                      0x0801acdc   Number         0  anon$$obj.o(Region$$Table)
    Region$$Table$$Limit                     0x0801acfc   Number         0  anon$$obj.o(Region$$Table)
    ringTimerId                              0x20000004   Data           1  app_port.o(.data)
    i2c_addr                                 0x20000068   Data           1  app_mir3da.o(.data)
    uwTickFreq                               0x2000006c   Data           1  stm32l0xx_hal.o(.data)
    uwTickPrio                               0x20000070   Data           4  stm32l0xx_hal.o(.data)
    uwTick                                   0x20000074   Data           4  stm32l0xx_hal.o(.data)
    SystemCoreClock                          0x20000078   Data           4  system_stm32l0xx.o(.data)
    __microlib_freelist                      0x2000007c   Data           4  mvars.o(.data)
    __microlib_freelist_initialised          0x20000080   Data           4  mvars.o(.data)
    usart1_ctl                               0x20000098   Data          20  app_port.o(.bss)
    usart2_ctl                               0x200000ac   Data          20  app_port.o(.bss)
    usart3_ctl                               0x200000c0   Data          20  app_port.o(.bss)
    usart1rxbuf                              0x200000d4   Data         256  app_port.o(.bss)
    usart2rxbuf                              0x200001d4   Data        2048  app_port.o(.bss)
    usart3rxbuf                              0x200009d4   Data         128  app_port.o(.bss)
    sysinfo                                  0x20000a54   Data         124  app_sys.o(.bss)
    sysparam                                 0x20000bd0   Data         448  app_param.o(.bss)
    CODEVERSION                              0x20000d90   Data          30  app_param.o(.bss)
    n58_invoke_status                        0x20000db0   Data          12  app_net.o(.bss)
    n58_lte_status                           0x20000dbc   Data         149  app_net.o(.bss)
    netconnect                               0x20001674   Data          16  app_serverprotocol.o(.bss)
    rf                                       0x20001bc8   Data          68  app_rec.o(.bss)
    lastuploadgpsinfo                        0x20001fd0   Data          32  app_gpsarithmetic.o(.bss)
    ble_info                                 0x20001ff0   Data          23  app_ble.o(.bss)
    hadc                                     0x20002008   Data          92  adc.o(.bss)
    hi2c1                                    0x20002064   Data          76  i2c.o(.bss)
    hiwdg                                    0x200020b0   Data          16  iwdg.o(.bss)
    hlpuart1                                 0x200020c0   Data         132  usart.o(.bss)
    huart1                                   0x20002144   Data         132  usart.o(.bss)
    huart2                                   0x200021c8   Data         132  usart.o(.bss)
    hdma_lpuart1_rx                          0x2000224c   Data          72  usart.o(.bss)
    hdma_usart1_rx                           0x20002294   Data          72  usart.o(.bss)
    hdma_usart2_rx                           0x200022dc   Data          72  usart.o(.bss)
    hrtc                                     0x20002324   Data          36  rtc.o(.bss)
    pFlash                                   0x20002348   Data          24  stm32l0xx_hal_flash.o(.bss)
    __heap_base                              0x20002360   Data           0  startup_stm32l071xx.o(HEAP)
    __heap_limit                             0x20003360   Data           0  startup_stm32l071xx.o(HEAP)
    __initial_sp                             0x20004360   Data           0  startup_stm32l071xx.o(STACK)



==============================================================================

Memory Map of the image

  Image Entry point : 0x080078c1

  Load Region LR_IROM1 (Base: 0x08007800, Size: 0x00013584, Max: 0x00020000, ABSOLUTE)

    Execution Region ER_IROM1 (Exec base: 0x08007800, Load base: 0x08007800, Size: 0x000134fc, Max: 0x00020000, ABSOLUTE)

    Exec Addr    Load Addr    Size         Type   Attr      Idx    E Section Name        Object

    0x08007800   0x08007800   0x000000c0   Data   RO         6086    RESET               startup_stm32l071xx.o
    0x080078c0   0x080078c0   0x00000000   Code   RO         6139  * .ARM.Collect$$$$00000000  mc_p.l(entry.o)
    0x080078c0   0x080078c0   0x00000004   Code   RO         6527    .ARM.Collect$$$$00000001  mc_p.l(entry2.o)
    0x080078c4   0x080078c4   0x00000004   Code   RO         6530    .ARM.Collect$$$$00000004  mc_p.l(entry5.o)
    0x080078c8   0x080078c8   0x00000000   Code   RO         6532    .ARM.Collect$$$$00000008  mc_p.l(entry7b.o)
    0x080078c8   0x080078c8   0x00000000   Code   RO         6534    .ARM.Collect$$$$0000000A  mc_p.l(entry8b.o)
    0x080078c8   0x080078c8   0x00000008   Code   RO         6535    .ARM.Collect$$$$0000000B  mc_p.l(entry9a.o)
    0x080078d0   0x080078d0   0x00000004   Code   RO         6542    .ARM.Collect$$$$0000000E  mc_p.l(entry12b.o)
    0x080078d4   0x080078d4   0x00000000   Code   RO         6537    .ARM.Collect$$$$0000000F  mc_p.l(entry10a.o)
    0x080078d4   0x080078d4   0x00000000   Code   RO         6539    .ARM.Collect$$$$00000011  mc_p.l(entry11a.o)
    0x080078d4   0x080078d4   0x00000004   Code   RO         6528    .ARM.Collect$$$$00002712  mc_p.l(entry2.o)
    0x080078d8   0x080078d8   0x0000001c   Code   RO         6087    .text               startup_stm32l071xx.o
    0x080078f4   0x080078f4   0x0000002c   Code   RO         6142    .text               mc_p.l(uidiv.o)
    0x08007920   0x08007920   0x00000028   Code   RO         6144    .text               mc_p.l(idiv.o)
    0x08007948   0x08007948   0x00000060   Code   RO         6146    .text               mc_p.l(uldiv.o)
    0x080079a8   0x080079a8   0x0000008c   Code   RO         6148    .text               mc_p.l(mktime.o)
    0x08007a34   0x08007a34   0x00000024   Code   RO         6151    .text               mc_p.l(memcpya.o)
    0x08007a58   0x08007a58   0x00000024   Code   RO         6153    .text               mc_p.l(memseta.o)
    0x08007a7c   0x08007a7c   0x00000028   Code   RO         6155    .text               mc_p.l(strstr.o)
    0x08007aa4   0x08007aa4   0x0000001a   Code   RO         6157    .text               mc_p.l(strncpy.o)
    0x08007abe   0x08007abe   0x0000000e   Code   RO         6159    .text               mc_p.l(strlen.o)
    0x08007acc   0x08007acc   0x00000012   Code   RO         6161    .text               mc_p.l(strcpy.o)
    0x08007ade   0x08007ade   0x00000076   Code   RO         6454    .text               mc_p.l(strtoul.o)
    0x08007b54   0x08007b54   0x0000001a   Code   RO         6456    .text               mc_p.l(atoi.o)
    0x08007b6e   0x08007b6e   0x0000001a   Code   RO         6458    .text               mc_p.l(atol.o)
    0x08007b88   0x08007b88   0x000000b2   Code   RO         6460    .text               mf_p.l(fadd.o)
    0x08007c3a   0x08007c3a   0x0000007a   Code   RO         6462    .text               mf_p.l(fmul.o)
    0x08007cb4   0x08007cb4   0x0000007c   Code   RO         6464    .text               mf_p.l(fdiv.o)
    0x08007d30   0x08007d30   0x00000168   Code   RO         6466    .text               mf_p.l(dadd.o)
    0x08007e98   0x08007e98   0x000000d0   Code   RO         6468    .text               mf_p.l(dmul.o)
    0x08007f68   0x08007f68   0x000000f0   Code   RO         6470    .text               mf_p.l(ddiv.o)
    0x08008058   0x08008058   0x0000002c   Code   RO         6472    .text               mf_p.l(dscalb.o)
    0x08008084   0x08008084   0x0000000e   Code   RO         6474    .text               mf_p.l(ffltui.o)
    0x08008092   0x08008092   0x00000002   PAD
    0x08008094   0x08008094   0x00000028   Code   RO         6476    .text               mf_p.l(dflti.o)
    0x080080bc   0x080080bc   0x0000001c   Code   RO         6478    .text               mf_p.l(dfltui.o)
    0x080080d8   0x080080d8   0x00000028   Code   RO         6480    .text               mf_p.l(ffixui.o)
    0x08008100   0x08008100   0x0000003c   Code   RO         6482    .text               mf_p.l(dfixui.o)
    0x0800813c   0x0800813c   0x00000028   Code   RO         6484    .text               mf_p.l(f2d.o)
    0x08008164   0x08008164   0x00000028   Code   RO         6486    .text               mf_p.l(cdcmple.o)
    0x0800818c   0x0800818c   0x00000028   Code   RO         6488    .text               mf_p.l(cdrcmple.o)
    0x080081b4   0x080081b4   0x00000038   Code   RO         6490    .text               mf_p.l(d2f.o)
    0x080081ec   0x080081ec   0x00000014   Code   RO         6492    .text               mf_p.l(cfcmple.o)
    0x08008200   0x08008200   0x00000020   Code   RO         6546    .text               mc_p.l(llshl.o)
    0x08008220   0x08008220   0x00000022   Code   RO         6548    .text               mc_p.l(llushr.o)
    0x08008242   0x08008242   0x00000026   Code   RO         6550    .text               mc_p.l(llsshr.o)
    0x08008268   0x08008268   0x00000008   Code   RO         6552    .text               mc_p.l(ctype_o.o)
    0x08008270   0x08008270   0x00000012   Code   RO         6574    .text               mc_p.l(isspace_o.o)
    0x08008282   0x08008282   0x00000002   PAD
    0x08008284   0x08008284   0x00000074   Code   RO         6583    .text               mc_p.l(localtime_i.o)
    0x080082f8   0x080082f8   0x000000a6   Code   RO         6595    .text               mc_p.l(_strtoul.o)
    0x0800839e   0x0800839e   0x00000002   PAD
    0x080083a0   0x080083a0   0x000000a4   Code   RO         6597    .text               mc_p.l(strtod.o)
    0x08008444   0x08008444   0x00000070   Code   RO         6599    .text               mc_p.l(strtol.o)
    0x080084b4   0x080084b4   0x00000000   Code   RO         6601    .text               mc_p.l(iusefp.o)
    0x080084b4   0x080084b4   0x00000082   Code   RO         6602    .text               mf_p.l(fepilogue.o)
    0x08008536   0x08008536   0x000000be   Code   RO         6604    .text               mf_p.l(depilogue.o)
    0x080085f4   0x080085f4   0x000000a2   Code   RO         6608    .text               mf_p.l(dsqrt.o)
    0x08008696   0x08008696   0x00000002   PAD
    0x08008698   0x08008698   0x00000040   Code   RO         6610    .text               mf_p.l(dfixul.o)
    0x080086d8   0x080086d8   0x00000024   Code   RO         6612    .text               mc_p.l(init.o)
    0x080086fc   0x080086fc   0x0000001e   Code   RO         6617    .text               mc_p.l(_chval.o)
    0x0800871a   0x0800871a   0x00000002   PAD
    0x0800871c   0x0800871c   0x00000374   Code   RO         6619    .text               mc_p.l(scanf_fp.o)
    0x08008a90   0x08008a90   0x00000044   Code   RO         6623    .text               mc_p.l(_sgetc.o)
    0x08008ad4   0x08008ad4   0x00000048   Code   RO         6626    .text               mf_p.l(dfixi.o)
    0x08008b1c   0x08008b1c   0x0000007a   Code   RO         6628    .text               mc_p.l(llmul.o)
    0x08008b96   0x08008b96   0x00000002   PAD
    0x08008b98   0x08008b98   0x0000001c   Code   RO         6633    .text               mf_p.l(dfltul.o)
    0x08008bb4   0x08008bb4   0x00000052   Code   RO         3294    i.ADC_ConversionStop  stm32l0xx_hal_adc.o
    0x08008c06   0x08008c06   0x00000002   PAD
    0x08008c08   0x08008c08   0x00000024   Code   RO         3298    i.ADC_DelayMicroSecond  stm32l0xx_hal_adc.o
    0x08008c2c   0x08008c2c   0x00000060   Code   RO         3299    i.ADC_Disable       stm32l0xx_hal_adc.o
    0x08008c8c   0x08008c8c   0x00000064   Code   RO         3300    i.ADC_Enable        stm32l0xx_hal_adc.o
    0x08008cf0   0x08008cf0   0x000000e4   Code   RO         1088    i.CreateNodeCmd     app_net.o
    0x08008dd4   0x08008dd4   0x000000fc   Code   RO            3    i.Create_Timer      app_kernal.o
    0x08008ed0   0x08008ed0   0x00000010   Code   RO         3184    i.DMA1_Channel2_3_IRQHandler  stm32l0xx_it.o
    0x08008ee0   0x08008ee0   0x00000018   Code   RO         3185    i.DMA1_Channel4_5_6_7_IRQHandler  stm32l0xx_it.o
    0x08008ef8   0x08008ef8   0x0000002c   Code   RO         4730    i.DMA_SetConfig     stm32l0xx_hal_dma.o
    0x08008f24   0x08008f24   0x00000018   Code   RO         3186    i.EXTI4_15_IRQHandler  stm32l0xx_it.o
    0x08008f3c   0x08008f3c   0x00000002   Code   RO         2916    i.Error_Handler     main.o
    0x08008f3e   0x08008f3e   0x00000002   PAD
    0x08008f40   0x08008f40   0x00000090   Code   RO         4462    i.FLASH_SetErrorCode  stm32l0xx_hal_flash.o
    0x08008fd0   0x08008fd0   0x00000070   Code   RO         4463    i.FLASH_WaitForLastOperation  stm32l0xx_hal_flash.o
    0x08009040   0x08009040   0x0000002c   Code   RO          462    i.GetCrc16          app_sys.o
    0x0800906c   0x0800906c   0x000000aa   Code   RO         3477    i.HAL_ADCEx_Calibration_Start  stm32l0xx_hal_adc_ex.o
    0x08009116   0x08009116   0x00000002   PAD
    0x08009118   0x08009118   0x00000094   Code   RO         3302    i.HAL_ADC_ConfigChannel  stm32l0xx_hal_adc.o
    0x080091ac   0x080091ac   0x00000004   Code   RO         3308    i.HAL_ADC_GetState  stm32l0xx_hal_adc.o
    0x080091b0   0x080091b0   0x00000006   Code   RO         3309    i.HAL_ADC_GetValue  stm32l0xx_hal_adc.o
    0x080091b6   0x080091b6   0x00000002   PAD
    0x080091b8   0x080091b8   0x000001c8   Code   RO         3311    i.HAL_ADC_Init      stm32l0xx_hal_adc.o
    0x08009380   0x08009380   0x00000050   Code   RO         2975    i.HAL_ADC_MspInit   adc.o
    0x080093d0   0x080093d0   0x000000c0   Code   RO         3315    i.HAL_ADC_PollForConversion  stm32l0xx_hal_adc.o
    0x08009490   0x08009490   0x0000005c   Code   RO         3317    i.HAL_ADC_Start     stm32l0xx_hal_adc.o
    0x080094ec   0x080094ec   0x0000003e   Code   RO         3320    i.HAL_ADC_Stop      stm32l0xx_hal_adc.o
    0x0800952a   0x0800952a   0x00000044   Code   RO         4731    i.HAL_DMA_Abort     stm32l0xx_hal_dma.o
    0x0800956e   0x0800956e   0x0000004c   Code   RO         4732    i.HAL_DMA_Abort_IT  stm32l0xx_hal_dma.o
    0x080095ba   0x080095ba   0x00000002   PAD
    0x080095bc   0x080095bc   0x00000068   Code   RO         4733    i.HAL_DMA_DeInit    stm32l0xx_hal_dma.o
    0x08009624   0x08009624   0x00000004   Code   RO         4734    i.HAL_DMA_GetError  stm32l0xx_hal_dma.o
    0x08009628   0x08009628   0x000000a8   Code   RO         4736    i.HAL_DMA_IRQHandler  stm32l0xx_hal_dma.o
    0x080096d0   0x080096d0   0x00000090   Code   RO         4737    i.HAL_DMA_Init      stm32l0xx_hal_dma.o
    0x08009760   0x08009760   0x00000068   Code   RO         4741    i.HAL_DMA_Start_IT  stm32l0xx_hal_dma.o
    0x080097c8   0x080097c8   0x00000024   Code   RO         3540    i.HAL_Delay         stm32l0xx_hal.o
    0x080097ec   0x080097ec   0x00000014   Code   RO         4566    i.HAL_FLASHEx_DATAEEPROM_Lock  stm32l0xx_hal_flash_ex.o
    0x08009800   0x08009800   0x00000054   Code   RO         4567    i.HAL_FLASHEx_DATAEEPROM_Program  stm32l0xx_hal_flash_ex.o
    0x08009854   0x08009854   0x00000034   Code   RO         4568    i.HAL_FLASHEx_DATAEEPROM_Unlock  stm32l0xx_hal_flash_ex.o
    0x08009888   0x08009888   0x000000f0   Code   RO         4668    i.HAL_GPIO_DeInit   stm32l0xx_hal_gpio.o
    0x08009978   0x08009978   0x00000022   Code   RO          666    i.HAL_GPIO_EXTI_Callback  app_user.o
    0x0800999a   0x0800999a   0x00000002   PAD
    0x0800999c   0x0800999c   0x00000018   Code   RO         4670    i.HAL_GPIO_EXTI_IRQHandler  stm32l0xx_hal_gpio.o
    0x080099b4   0x080099b4   0x00000184   Code   RO         4671    i.HAL_GPIO_Init     stm32l0xx_hal_gpio.o
    0x08009b38   0x08009b38   0x0000000a   Code   RO         4673    i.HAL_GPIO_ReadPin  stm32l0xx_hal_gpio.o
    0x08009b42   0x08009b42   0x0000000c   Code   RO         4675    i.HAL_GPIO_WritePin  stm32l0xx_hal_gpio.o
    0x08009b4e   0x08009b4e   0x00000002   PAD
    0x08009b50   0x08009b50   0x0000000c   Code   RO         3544    i.HAL_GetTick       stm32l0xx_hal.o
    0x08009b5c   0x08009b5c   0x0000004a   Code   RO         4195    i.HAL_I2CEx_ConfigAnalogFilter  stm32l0xx_hal_i2c_ex.o
    0x08009ba6   0x08009ba6   0x00000048   Code   RO         4196    i.HAL_I2CEx_ConfigDigitalFilter  stm32l0xx_hal_i2c_ex.o
    0x08009bee   0x08009bee   0x00000034   Code   RO         3739    i.HAL_I2C_DeInit    stm32l0xx_hal_i2c.o
    0x08009c22   0x08009c22   0x00000002   PAD
    0x08009c24   0x08009c24   0x000000b4   Code   RO         3748    i.HAL_I2C_Init      stm32l0xx_hal_i2c.o
    0x08009cd8   0x08009cd8   0x00000154   Code   RO         3766    i.HAL_I2C_Mem_Read  stm32l0xx_hal_i2c.o
    0x08009e2c   0x08009e2c   0x0000014c   Code   RO         3769    i.HAL_I2C_Mem_Write  stm32l0xx_hal_i2c.o
    0x08009f78   0x08009f78   0x00000038   Code   RO         3032    i.HAL_I2C_MspDeInit  i2c.o
    0x08009fb0   0x08009fb0   0x0000005c   Code   RO         3033    i.HAL_I2C_MspInit   i2c.o
    0x0800a00c   0x0800a00c   0x00000064   Code   RO         5173    i.HAL_IWDG_Init     stm32l0xx_hal_iwdg.o
    0x0800a070   0x0800a070   0x00000010   Code   RO         5174    i.HAL_IWDG_Refresh  stm32l0xx_hal_iwdg.o
    0x0800a080   0x0800a080   0x00000010   Code   RO         3550    i.HAL_IncTick       stm32l0xx_hal.o
    0x0800a090   0x0800a090   0x00000028   Code   RO         3551    i.HAL_Init          stm32l0xx_hal.o
    0x0800a0b8   0x0800a0b8   0x00000044   Code   RO         3552    i.HAL_InitTick      stm32l0xx_hal.o
    0x0800a0fc   0x0800a0fc   0x00000018   Code   RO         3274    i.HAL_MspInit       stm32l0xx_hal_msp.o
    0x0800a114   0x0800a114   0x00000020   Code   RO         4997    i.HAL_NVIC_DisableIRQ  stm32l0xx_hal_cortex.o
    0x0800a134   0x0800a134   0x00000018   Code   RO         4998    i.HAL_NVIC_EnableIRQ  stm32l0xx_hal_cortex.o
    0x0800a14c   0x0800a14c   0x00000008   Code   RO         5002    i.HAL_NVIC_SetPriority  stm32l0xx_hal_cortex.o
    0x0800a154   0x0800a154   0x0000001c   Code   RO         5003    i.HAL_NVIC_SystemReset  stm32l0xx_hal_cortex.o
    0x0800a170   0x0800a170   0x00000010   Code   RO         4940    i.HAL_PWREx_EnableFastWakeUp  stm32l0xx_hal_pwr_ex.o
    0x0800a180   0x0800a180   0x00000010   Code   RO         4942    i.HAL_PWREx_EnableUltraLowPower  stm32l0xx_hal_pwr_ex.o
    0x0800a190   0x0800a190   0x00000010   Code   RO         4828    i.HAL_PWR_EnableBkUpAccess  stm32l0xx_hal_pwr.o
    0x0800a1a0   0x0800a1a0   0x00000064   Code   RO         4835    i.HAL_PWR_EnterSTOPMode  stm32l0xx_hal_pwr.o
    0x0800a204   0x0800a204   0x00000178   Code   RO         4346    i.HAL_RCCEx_PeriphCLKConfig  stm32l0xx_hal_rcc_ex.o
    0x0800a37c   0x0800a37c   0x0000019c   Code   RO         4246    i.HAL_RCC_ClockConfig  stm32l0xx_hal_rcc.o
    0x0800a518   0x0800a518   0x00000020   Code   RO         4252    i.HAL_RCC_GetPCLK1Freq  stm32l0xx_hal_rcc.o
    0x0800a538   0x0800a538   0x00000020   Code   RO         4253    i.HAL_RCC_GetPCLK2Freq  stm32l0xx_hal_rcc.o
    0x0800a558   0x0800a558   0x00000078   Code   RO         4254    i.HAL_RCC_GetSysClockFreq  stm32l0xx_hal_rcc.o
    0x0800a5d0   0x0800a5d0   0x00000432   Code   RO         4257    i.HAL_RCC_OscConfig  stm32l0xx_hal_rcc.o
    0x0800aa02   0x0800aa02   0x00000002   Code   RO         5800    i.HAL_RTCEx_AlarmBEventCallback  stm32l0xx_hal_rtc_ex.o
    0x0800aa04   0x0800aa04   0x000000f8   Code   RO         5827    i.HAL_RTCEx_SetWakeUpTimer_IT  stm32l0xx_hal_rtc_ex.o
    0x0800aafc   0x0800aafc   0x0000000a   Code   RO          227    i.HAL_RTCEx_WakeUpTimerEventCallback  app_port.o
    0x0800ab06   0x0800ab06   0x00000002   PAD
    0x0800ab08   0x0800ab08   0x00000038   Code   RO         5834    i.HAL_RTCEx_WakeUpTimerIRQHandler  stm32l0xx_hal_rtc_ex.o
    0x0800ab40   0x0800ab40   0x00000054   Code   RO          228    i.HAL_RTC_AlarmAEventCallback  app_port.o
    0x0800ab94   0x0800ab94   0x00000060   Code   RO         5668    i.HAL_RTC_AlarmIRQHandler  stm32l0xx_hal_rtc.o
    0x0800abf4   0x0800abf4   0x000000b8   Code   RO         5670    i.HAL_RTC_DeactivateAlarm  stm32l0xx_hal_rtc.o
    0x0800acac   0x0800acac   0x0000008c   Code   RO         5671    i.HAL_RTC_GetAlarm  stm32l0xx_hal_rtc.o
    0x0800ad38   0x0800ad38   0x00000044   Code   RO         5672    i.HAL_RTC_GetDate   stm32l0xx_hal_rtc.o
    0x0800ad7c   0x0800ad7c   0x0000005c   Code   RO         5674    i.HAL_RTC_GetTime   stm32l0xx_hal_rtc.o
    0x0800add8   0x0800add8   0x000000bc   Code   RO         5675    i.HAL_RTC_Init      stm32l0xx_hal_rtc.o
    0x0800ae94   0x0800ae94   0x00000030   Code   RO         3147    i.HAL_RTC_MspInit   rtc.o
    0x0800aec4   0x0800aec4   0x00000190   Code   RO         5680    i.HAL_RTC_SetAlarm_IT  stm32l0xx_hal_rtc.o
    0x0800b054   0x0800b054   0x000000c4   Code   RO         5681    i.HAL_RTC_SetDate   stm32l0xx_hal_rtc.o
    0x0800b118   0x0800b118   0x000000e8   Code   RO         5682    i.HAL_RTC_SetTime   stm32l0xx_hal_rtc.o
    0x0800b200   0x0800b200   0x00000034   Code   RO         5683    i.HAL_RTC_WaitForSynchro  stm32l0xx_hal_rtc.o
    0x0800b234   0x0800b234   0x00000010   Code   RO         3555    i.HAL_ResumeTick    stm32l0xx_hal.o
    0x0800b244   0x0800b244   0x00000030   Code   RO         5006    i.HAL_SYSTICK_Config  stm32l0xx_hal_cortex.o
    0x0800b274   0x0800b274   0x00000010   Code   RO         3561    i.HAL_SuspendTick   stm32l0xx_hal.o
    0x0800b284   0x0800b284   0x00000002   Code   RO         5208    i.HAL_UARTEx_RxEventCallback  stm32l0xx_hal_uart.o
    0x0800b286   0x0800b286   0x00000002   Code   RO         5597    i.HAL_UARTEx_WakeupCallback  stm32l0xx_hal_uart_ex.o
    0x0800b288   0x0800b288   0x0000007e   Code   RO         5220    i.HAL_UART_DMAStop  stm32l0xx_hal_uart.o
    0x0800b306   0x0800b306   0x0000003e   Code   RO         5221    i.HAL_UART_DeInit   stm32l0xx_hal_uart.o
    0x0800b344   0x0800b344   0x000000c8   Code   RO          229    i.HAL_UART_ErrorCallback  app_port.o
    0x0800b40c   0x0800b40c   0x00000220   Code   RO         5227    i.HAL_UART_IRQHandler  stm32l0xx_hal_uart.o
    0x0800b62c   0x0800b62c   0x0000006a   Code   RO         5228    i.HAL_UART_Init     stm32l0xx_hal_uart.o
    0x0800b696   0x0800b696   0x00000002   PAD
    0x0800b698   0x0800b698   0x00000090   Code   RO         3096    i.HAL_UART_MspDeInit  usart.o
    0x0800b728   0x0800b728   0x00000180   Code   RO         3097    i.HAL_UART_MspInit  usart.o
    0x0800b8a8   0x0800b8a8   0x00000060   Code   RO         5232    i.HAL_UART_Receive_DMA  stm32l0xx_hal_uart.o
    0x0800b908   0x0800b908   0x00000090   Code   RO          230    i.HAL_UART_RxCpltCallback  app_port.o
    0x0800b998   0x0800b998   0x00000002   Code   RO         5236    i.HAL_UART_RxHalfCpltCallback  stm32l0xx_hal_uart.o
    0x0800b99a   0x0800b99a   0x000000d2   Code   RO         5237    i.HAL_UART_Transmit  stm32l0xx_hal_uart.o
    0x0800ba6c   0x0800ba6c   0x00000002   Code   RO         5240    i.HAL_UART_TxCpltCallback  stm32l0xx_hal_uart.o
    0x0800ba6e   0x0800ba6e   0x00000002   PAD
    0x0800ba70   0x0800ba70   0x00000018   Code   RO         3187    i.HardFault_Handler  stm32l0xx_it.o
    0x0800ba88   0x0800ba88   0x00000022   Code   RO         3795    i.I2C_Flush_TXDR    stm32l0xx_hal_i2c.o
    0x0800baaa   0x0800baaa   0x00000002   PAD
    0x0800baac   0x0800baac   0x00000070   Code   RO         3803    i.I2C_IsAcknowledgeFailed  stm32l0xx_hal_i2c.o
    0x0800bb1c   0x0800bb1c   0x00000060   Code   RO         3806    i.I2C_RequestMemoryRead  stm32l0xx_hal_i2c.o
    0x0800bb7c   0x0800bb7c   0x00000060   Code   RO         3807    i.I2C_RequestMemoryWrite  stm32l0xx_hal_i2c.o
    0x0800bbdc   0x0800bbdc   0x00000028   Code   RO         3810    i.I2C_TransferConfig  stm32l0xx_hal_i2c.o
    0x0800bc04   0x0800bc04   0x0000004e   Code   RO         3812    i.I2C_WaitOnFlagUntilTimeout  stm32l0xx_hal_i2c.o
    0x0800bc52   0x0800bc52   0x0000004c   Code   RO         3814    i.I2C_WaitOnSTOPFlagUntilTimeout  stm32l0xx_hal_i2c.o
    0x0800bc9e   0x0800bc9e   0x00000050   Code   RO         3815    i.I2C_WaitOnTXISFlagUntilTimeout  stm32l0xx_hal_i2c.o
    0x0800bcee   0x0800bcee   0x00000002   PAD
    0x0800bcf0   0x0800bcf0   0x00000014   Code   RO         3188    i.LPUART1_IRQHandler  stm32l0xx_it.o
    0x0800bd04   0x0800bd04   0x00000028   Code   RO          463    i.LogMessage        app_sys.o
    0x0800bd2c   0x0800bd2c   0x0000001c   Code   RO          464    i.LogMessageWL      app_sys.o
    0x0800bd48   0x0800bd48   0x00000070   Code   RO          465    i.LogPrintf         app_sys.o
    0x0800bdb8   0x0800bdb8   0x00000070   Code   RO         2976    i.MX_ADC_Init       adc.o
    0x0800be28   0x0800be28   0x00000038   Code   RO         3012    i.MX_DMA_Init       dma.o
    0x0800be60   0x0800be60   0x0000010c   Code   RO         2954    i.MX_GPIO_Init      gpio.o
    0x0800bf6c   0x0800bf6c   0x00000058   Code   RO         3034    i.MX_I2C1_Init      i2c.o
    0x0800bfc4   0x0800bfc4   0x0000002c   Code   RO         3070    i.MX_IWDG_Init      iwdg.o
    0x0800bff0   0x0800bff0   0x00000038   Code   RO         3098    i.MX_LPUART1_UART_Init  usart.o
    0x0800c028   0x0800c028   0x00000044   Code   RO         3148    i.MX_RTC_Init       rtc.o
    0x0800c06c   0x0800c06c   0x00000038   Code   RO         3099    i.MX_USART1_UART_Init  usart.o
    0x0800c0a4   0x0800c0a4   0x00000038   Code   RO         3100    i.MX_USART2_UART_Init  usart.o
    0x0800c0dc   0x0800c0dc   0x0000001c   Code   RO         1089    i.N58_ChangeInvokeStatus  app_net.o
    0x0800c0f8   0x0800c0f8   0x0000002c   Code   RO         1091    i.N58_CreateSocket  app_net.o
    0x0800c124   0x0800c124   0x00000044   Code   RO         1092    i.N58enterFlightMode  app_net.o
    0x0800c168   0x0800c168   0x00000044   Code   RO         1093    i.N58enterNormalMode  app_net.o
    0x0800c1ac   0x0800c1ac   0x00000002   Code   RO         3189    i.NMI_Handler       stm32l0xx_it.o
    0x0800c1ae   0x0800c1ae   0x00000002   Code   RO         3190    i.PendSV_Handler    stm32l0xx_it.o
    0x0800c1b0   0x0800c1b0   0x00000010   Code   RO         5684    i.RTC_Bcd2ToByte    stm32l0xx_hal_rtc.o
    0x0800c1c0   0x0800c1c0   0x00000018   Code   RO         5685    i.RTC_ByteToBcd2    stm32l0xx_hal_rtc.o
    0x0800c1d8   0x0800c1d8   0x00000038   Code   RO         5686    i.RTC_EnterInitMode  stm32l0xx_hal_rtc.o
    0x0800c210   0x0800c210   0x00000014   Code   RO         3191    i.RTC_IRQHandler    stm32l0xx_it.o
    0x0800c224   0x0800c224   0x00000002   Code   RO         3192    i.SVC_Handler       stm32l0xx_it.o
    0x0800c226   0x0800c226   0x00000008   Code   RO         3193    i.SysTick_Handler   stm32l0xx_it.o
    0x0800c22e   0x0800c22e   0x00000002   PAD
    0x0800c230   0x0800c230   0x00000090   Code   RO         2917    i.SystemClock_Config  main.o
    0x0800c2c0   0x0800c2c0   0x00000058   Code   RO         6053    i.SystemInit        system_stm32l0xx.o
    0x0800c318   0x0800c318   0x000000ca   Code   RO         5242    i.UART_AdvFeatureConfig  stm32l0xx_hal_uart.o
    0x0800c3e2   0x0800c3e2   0x00000002   PAD
    0x0800c3e4   0x0800c3e4   0x00000064   Code   RO         5243    i.UART_CheckIdleState  stm32l0xx_hal_uart.o
    0x0800c448   0x0800c448   0x00000014   Code   RO         5244    i.UART_DMAAbortOnError  stm32l0xx_hal_uart.o
    0x0800c45c   0x0800c45c   0x0000004c   Code   RO         5245    i.UART_DMAError     stm32l0xx_hal_uart.o
    0x0800c4a8   0x0800c4a8   0x0000005e   Code   RO         5246    i.UART_DMAReceiveCplt  stm32l0xx_hal_uart.o
    0x0800c506   0x0800c506   0x0000001c   Code   RO         5248    i.UART_DMARxHalfCplt  stm32l0xx_hal_uart.o
    0x0800c522   0x0800c522   0x00000032   Code   RO         5254    i.UART_EndRxTransfer  stm32l0xx_hal_uart.o
    0x0800c554   0x0800c554   0x00000010   Code   RO         5255    i.UART_EndTxTransfer  stm32l0xx_hal_uart.o
    0x0800c564   0x0800c564   0x00000214   Code   RO         5258    i.UART_SetConfig    stm32l0xx_hal_uart.o
    0x0800c778   0x0800c778   0x0000008c   Code   RO         5259    i.UART_Start_Receive_DMA  stm32l0xx_hal_uart.o
    0x0800c804   0x0800c804   0x0000009e   Code   RO         5263    i.UART_WaitOnFlagUntilTimeout  stm32l0xx_hal_uart.o
    0x0800c8a2   0x0800c8a2   0x00000002   PAD
    0x0800c8a4   0x0800c8a4   0x00000014   Code   RO         3194    i.USART1_IRQHandler  stm32l0xx_it.o
    0x0800c8b8   0x0800c8b8   0x00000014   Code   RO         3195    i.USART2_IRQHandler  stm32l0xx_it.o
    0x0800c8cc   0x0800c8cc   0x00000026   Code   RO         2639    i.XINGSHENG_ID_ASCII_Decoding  app_sn.o
    0x0800c8f2   0x0800c8f2   0x00000084   Code   RO         2640    i.XINGSHENG_ID_Decoder  app_sn.o
    0x0800c976   0x0800c976   0x00000002   PAD
    0x0800c978   0x0800c978   0x00000028   Code   RO         6400    i.__0sprintf        mc_p.l(printfa.o)
    0x0800c9a0   0x0800c9a0   0x00000024   Code   RO         6404    i.__0vsprintf       mc_p.l(printfa.o)
    0x0800c9c4   0x0800c9c4   0x0000002e   Code   RO         6606    i.__ARM_clz         mf_p.l(depilogue.o)
    0x0800c9f2   0x0800c9f2   0x00000030   Code   RO         4331    i.__ARM_common_ll_muluu  stm32l0xx_hal_rcc.o
    0x0800ca22   0x0800ca22   0x0000001a   Code   RO         1465    i.__ARM_common_switch8  app_net.o
    0x0800ca3c   0x0800ca3c   0x0000002c   Code   RO         6511    i.__ARM_fpclassify  m_ps.l(fpclassify.o)
    0x0800ca68   0x0800ca68   0x00000044   Code   RO         5008    i.__NVIC_SetPriority  stm32l0xx_hal_cortex.o
    0x0800caac   0x0800caac   0x00000008   Code   RO         6588    i.__aeabi_errno_addr  mc_p.l(errno.o)
    0x0800cab4   0x0800cab4   0x0000039c   Code   RO         6516    i.__ieee754_rem_pio2  m_ps.l(rred.o)
    0x0800ce50   0x0800ce50   0x000000f4   Code   RO         6494    i.__kernel_cos      m_ps.l(cos_i.o)
    0x0800cf44   0x0800cf44   0x000000ac   Code   RO         6513    i.__kernel_poly     m_ps.l(poly.o)
    0x0800cff0   0x0800cff0   0x000000ec   Code   RO         6521    i.__kernel_sin      m_ps.l(sin_i.o)
    0x0800d0dc   0x0800d0dc   0x00000014   Code   RO         6497    i.__mathlib_dbl_divzero  m_ps.l(dunder.o)
    0x0800d0f0   0x0800d0f0   0x0000000a   Code   RO         6498    i.__mathlib_dbl_infnan  m_ps.l(dunder.o)
    0x0800d0fa   0x0800d0fa   0x00000008   Code   RO         6499    i.__mathlib_dbl_infnan2  m_ps.l(dunder.o)
    0x0800d102   0x0800d102   0x00000010   Code   RO         6500    i.__mathlib_dbl_invalid  m_ps.l(dunder.o)
    0x0800d112   0x0800d112   0x00000002   PAD
    0x0800d114   0x0800d114   0x00000014   Code   RO         6501    i.__mathlib_dbl_overflow  m_ps.l(dunder.o)
    0x0800d128   0x0800d128   0x00000014   Code   RO         6503    i.__mathlib_dbl_underflow  m_ps.l(dunder.o)
    0x0800d13c   0x0800d13c   0x0000000c   Code   RO         6589    i.__read_errno      mc_p.l(errno.o)
    0x0800d148   0x0800d148   0x0000000e   Code   RO         6637    i.__scatterload_copy  mc_p.l(handlers.o)
    0x0800d156   0x0800d156   0x00000002   Code   RO         6638    i.__scatterload_null  mc_p.l(handlers.o)
    0x0800d158   0x0800d158   0x0000000e   Code   RO         6639    i.__scatterload_zeroinit  mc_p.l(handlers.o)
    0x0800d166   0x0800d166   0x00000002   PAD
    0x0800d168   0x0800d168   0x0000000c   Code   RO         6590    i.__set_errno       mc_p.l(errno.o)
    0x0800d174   0x0800d174   0x00000174   Code   RO         6405    i._fp_digits        mc_p.l(printfa.o)
    0x0800d2e8   0x0800d2e8   0x0000000e   Code   RO         6621    i._is_digit         mc_p.l(scanf_fp.o)
    0x0800d2f6   0x0800d2f6   0x00000002   PAD
    0x0800d2f8   0x0800d2f8   0x000006f0   Code   RO         6406    i._printf_core      mc_p.l(printfa.o)
    0x0800d9e8   0x0800d9e8   0x00000020   Code   RO         6407    i._printf_post_padding  mc_p.l(printfa.o)
    0x0800da08   0x0800da08   0x0000002c   Code   RO         6408    i._printf_pre_padding  mc_p.l(printfa.o)
    0x0800da34   0x0800da34   0x0000000a   Code   RO         6410    i._sputc            mc_p.l(printfa.o)
    0x0800da3e   0x0800da3e   0x00000002   PAD
    0x0800da40   0x0800da40   0x000000a0   Code   RO         1975    i.addNewGPSInfo     app_gps.o
    0x0800dae0   0x0800dae0   0x00000010   Code   RO         1485    i.alarmRequestClear  app_task.o
    0x0800daf0   0x0800daf0   0x00000010   Code   RO         1486    i.alarmRequestSet   app_task.o
    0x0800db00   0x0800db00   0x00000244   Code   RO         1487    i.alarmUploadRequest  app_task.o
    0x0800dd44   0x0800dd44   0x000000ac   Code   RO         2854    i.appBleCRecvParser  app_ble.o
    0x0800ddf0   0x0800ddf0   0x00000010   Code   RO         2856    i.appBleInfoReset   app_ble.o
    0x0800de00   0x0800de00   0x000000a0   Code   RO         2858    i.appBlePRecvParser  app_ble.o
    0x0800dea0   0x0800dea0   0x00000040   Code   RO         2859    i.appBleSendData    app_ble.o
    0x0800dee0   0x0800dee0   0x0000002a   Code   RO          466    i.asciiToHex        app_sys.o
    0x0800df0a   0x0800df0a   0x00000002   PAD
    0x0800df0c   0x0800df0c   0x00000274   Code   RO         6092    i.asin              m_ps.l(asin.o)
    0x0800e180   0x0800e180   0x0000002c   Code   RO         2187    i.atCmdCmGetParser  app_atcmd.o
    0x0800e1ac   0x0800e1ac   0x0000003c   Code   RO         2188    i.atCmdDebugLevelParser  app_atcmd.o
    0x0800e1e8   0x0800e1e8   0x00000288   Code   RO         2189    i.atCmdDebugParase  app_atcmd.o
    0x0800e470   0x0800e470   0x0000008c   Code   RO         2191    i.atCmdFMPCnmeaParase  app_atcmd.o
    0x0800e4fc   0x0800e4fc   0x000000b8   Code   RO         2192    i.atCmdFmpcAdccalParase  app_atcmd.o
    0x0800e5b4   0x0800e5b4   0x00000020   Code   RO         2193    i.atCmdFmpcAllParse  app_atcmd.o
    0x0800e5d4   0x0800e5d4   0x00000034   Code   RO         2194    i.atCmdFmpcCMParse  app_atcmd.o
    0x0800e608   0x0800e608   0x00000038   Code   RO         2195    i.atCmdFmpcChkpParse  app_atcmd.o
    0x0800e640   0x0800e640   0x00000034   Code   RO         2196    i.atCmdFmpcIMSIParse  app_atcmd.o
    0x0800e674   0x0800e674   0x00000044   Code   RO         2197    i.atCmdFmpcIMSIParseRespon  app_atcmd.o
    0x0800e6b8   0x0800e6b8   0x00000034   Code   RO         2198    i.atCmdIMEIParse    app_atcmd.o
    0x0800e6ec   0x0800e6ec   0x00000034   Code   RO         2199    i.atCmdIMEIParseRespon  app_atcmd.o
    0x0800e720   0x0800e720   0x00000308   Code   RO         2200    i.atCmdParserFunction  app_atcmd.o
    0x0800ea28   0x0800ea28   0x0000005c   Code   RO         2201    i.atCmdZTSNParse    app_atcmd.o
    0x0800ea84   0x0800ea84   0x0000002a   Code   RO         6102    i.atof              m_ps.l(atof.o)
    0x0800eaae   0x0800eaae   0x00000002   PAD
    0x0800eab0   0x0800eab0   0x00000108   Code   RO         1488    i.autoSleepTask     app_task.o
    0x0800ebb8   0x0800ebb8   0x000000a8   Code   RO         2712    i.calculateDistanceOfPoint  app_gpsarithmetic.o
    0x0800ec60   0x0800ec60   0x0000010c   Code   RO         2713    i.calculateTheDistanceBetweenTwoPonits  app_gpsarithmetic.o
    0x0800ed6c   0x0800ed6c   0x00000130   Code   RO         2714    i.calculateTheGPSCornerPoint  app_gpsarithmetic.o
    0x0800ee9c   0x0800ee9c   0x0000003c   Code   RO          467    i.changeByteArrayToHexString  app_sys.o
    0x0800eed8   0x0800eed8   0x00000048   Code   RO          468    i.changeHexStringToByteArray  app_sys.o
    0x0800ef20   0x0800ef20   0x0000004c   Code   RO          469    i.changeHexStringToByteArray_10in  app_sys.o
    0x0800ef6c   0x0800ef6c   0x00000150   Code   RO          470    i.changeUTCTimeToLocalTime  app_sys.o
    0x0800f0bc   0x0800f0bc   0x00000094   Code   RO         2106    i.charstrToHexValue  app_nmea.o
    0x0800f150   0x0800f150   0x00000020   Code   RO         1763    i.clearHbtTimer     app_serverprotocol.o
    0x0800f170   0x0800f170   0x0000001c   Code   RO          231    i.clearRingWakeUp   app_port.o
    0x0800f18c   0x0800f18c   0x00000024   Code   RO         2760    i.clearStep         app_mir3da.o
    0x0800f1b0   0x0800f1b0   0x00000010   Code   RO         1094    i.closeModuleGPS    app_net.o
    0x0800f1c0   0x0800f1c0   0x0000002a   Code   RO         2641    i.compress          app_sn.o
    0x0800f1ea   0x0800f1ea   0x00000002   PAD
    0x0800f1ec   0x0800f1ec   0x00000098   Code   RO         6106    i.cos               m_ps.l(cos.o)
    0x0800f284   0x0800f284   0x000000b4   Code   RO         1764    i.createProtocol16  app_serverprotocol.o
    0x0800f338   0x0800f338   0x000000bc   Code   RO         1765    i.createProtocol19  app_serverprotocol.o
    0x0800f3f4   0x0800f3f4   0x00000068   Code   RO         1766    i.createProtocol53  app_serverprotocol.o
    0x0800f45c   0x0800f45c   0x00000094   Code   RO         1768    i.createProtocol62  app_serverprotocol.o
    0x0800f4f0   0x0800f4f0   0x00000050   Code   RO         1769    i.createProtocolF1  app_serverprotocol.o
    0x0800f540   0x0800f540   0x000000f8   Code   RO         1770    i.createProtocolF3  app_serverprotocol.o
    0x0800f638   0x0800f638   0x00000014   Code   RO         1771    i.createProtocolHead  app_serverprotocol.o
    0x0800f64c   0x0800f64c   0x00000010   Code   RO         1772    i.createProtocolSerial  app_serverprotocol.o
    0x0800f65c   0x0800f65c   0x00000036   Code   RO         1773    i.createProtocolTail  app_serverprotocol.o
    0x0800f692   0x0800f692   0x00000040   Code   RO         1774    i.createProtocolTail_7979  app_serverprotocol.o
    0x0800f6d2   0x0800f6d2   0x00000038   Code   RO         1775    i.createProtocol_01  app_serverprotocol.o
    0x0800f70a   0x0800f70a   0x00000002   PAD
    0x0800f70c   0x0800f70c   0x0000008c   Code   RO         1776    i.createProtocol_12  app_serverprotocol.o
    0x0800f798   0x0800f798   0x000000c4   Code   RO         1777    i.createProtocol_13  app_serverprotocol.o
    0x0800f85c   0x0800f85c   0x0000004c   Code   RO         1778    i.createProtocol_21  app_serverprotocol.o
    0x0800f8a8   0x0800f8a8   0x00000022   Code   RO         1779    i.createProtocol_8A  app_serverprotocol.o
    0x0800f8ca   0x0800f8ca   0x00000010   Code   RO            4    i.createSystemTask  app_kernal.o
    0x0800f8da   0x0800f8da   0x0000000c   Code   RO         1095    i.csqRequest        app_net.o
    0x0800f8e6   0x0800f8e6   0x00000002   PAD
    0x0800f8e8   0x0800f8e8   0x000000a4   Code   RO         2642    i.decryptSN         app_sn.o
    0x0800f98c   0x0800f98c   0x00000024   Code   RO         1489    i.delSmsOndDay      app_task.o
    0x0800f9b0   0x0800f9b0   0x00000010   Code   RO         1096    i.deleteMessage     app_net.o
    0x0800f9c0   0x0800f9c0   0x00000090   Code   RO          232    i.disPlaySystemTime  app_port.o
    0x0800fa50   0x0800fa50   0x00000014   Code   RO          471    i.distinguishOK     app_sys.o
    0x0800fa64   0x0800fa64   0x000000c0   Code   RO         2305    i.do123Instruction  app_instructioncmd.o
    0x0800fb24   0x0800fb24   0x00000120   Code   RO         2306    i.doACCCTLGNSSInstrucion  app_instructioncmd.o
    0x0800fc44   0x0800fc44   0x00000138   Code   RO         2307    i.doAPNInstruction  app_instructioncmd.o
    0x0800fd7c   0x0800fd7c   0x00000110   Code   RO         2308    i.doAdccalInstrucion  app_instructioncmd.o
    0x0800fe8c   0x0800fe8c   0x00000170   Code   RO         2309    i.doAlarmModeInstrucion  app_instructioncmd.o
    0x0800fffc   0x0800fffc   0x000000c8   Code   RO         2310    i.doAnswerInstrucion  app_instructioncmd.o
    0x080100c4   0x080100c4   0x00000098   Code   RO         2311    i.doAudioInstrucion  app_instructioncmd.o
    0x0801015c   0x0801015c   0x00000034   Code   RO         2312    i.doBFInstruction   app_instructioncmd.o
    0x08010190   0x08010190   0x00000034   Code   RO         2313    i.doCFInstruction   app_instructioncmd.o
    0x080101c4   0x080101c4   0x0000036c   Code   RO         2314    i.doDebugInstrucion  app_instructioncmd.o
    0x08010530   0x08010530   0x00000094   Code   RO         2315    i.doFactoryInstrucion  app_instructioncmd.o
    0x080105c4   0x080105c4   0x000001d8   Code   RO         2316    i.doFactoryTestInstruction  app_instructioncmd.o
    0x0801079c   0x0801079c   0x0000009c   Code   RO         2317    i.doFenceInstrucion  app_instructioncmd.o
    0x08010838   0x08010838   0x000000c8   Code   RO         2318    i.doHbtInstruction  app_instructioncmd.o
    0x08010900   0x08010900   0x00000118   Code   RO         2319    i.doJTCYCLEInstrucion  app_instructioncmd.o
    0x08010a18   0x08010a18   0x00000124   Code   RO         2320    i.doJtInstruction   app_instructioncmd.o
    0x08010b3c   0x08010b3c   0x00000090   Code   RO         2321    i.doLEDInstruction  app_instructioncmd.o
    0x08010bcc   0x08010bcc   0x000000c8   Code   RO         2322    i.doLOWWInstruction  app_instructioncmd.o
    0x08010c94   0x08010c94   0x00000440   Code   RO         2323    i.doModeInstruction  app_instructioncmd.o
    0x080110d4   0x080110d4   0x00000130   Code   RO         2324    i.doPOITYPEInstruction  app_instructioncmd.o
    0x08011204   0x08011204   0x0000027c   Code   RO         2325    i.doParamInstruction  app_instructioncmd.o
    0x08011480   0x08011480   0x000000ac   Code   RO         2326    i.doPdopInstrucion  app_instructioncmd.o
    0x0801152c   0x0801152c   0x00000070   Code   RO         1490    i.doPoitypeRequest  app_task.o
    0x0801159c   0x0801159c   0x00000068   Code   RO         2327    i.doResetInstruction  app_instructioncmd.o
    0x08011604   0x08011604   0x000000b0   Code   RO         2328    i.doSNInstruction   app_instructioncmd.o
    0x080116b4   0x080116b4   0x0000007c   Code   RO         2329    i.doServerInstruction  app_instructioncmd.o
    0x08011730   0x08011730   0x000000e0   Code   RO         2330    i.doSetAgpsInstruction  app_instructioncmd.o
    0x08011810   0x08011810   0x00000174   Code   RO         2331    i.doSetblemacInstrucion  app_instructioncmd.o
    0x08011984   0x08011984   0x000000a8   Code   RO         2332    i.doSmsreplyInstrucion  app_instructioncmd.o
    0x08011a2c   0x08011a2c   0x00000184   Code   RO         2333    i.doStatusInstruction  app_instructioncmd.o
    0x08011bb0   0x08011bb0   0x000000e4   Code   RO         2334    i.doTTSInstruction  app_instructioncmd.o
    0x08011c94   0x08011c94   0x000000c4   Code   RO         2335    i.doTurnAlgInstrucion  app_instructioncmd.o
    0x08011d58   0x08011d58   0x000000b4   Code   RO         2336    i.doUPSInstruction  app_instructioncmd.o
    0x08011e0c   0x08011e0c   0x000000e4   Code   RO         2337    i.doUTCInstruction  app_instructioncmd.o
    0x08011ef0   0x08011ef0   0x00000068   Code   RO         2338    i.doVersionInstruction  app_instructioncmd.o
    0x08011f58   0x08011f58   0x00000200   Code   RO         2202    i.doinstruction     app_atcmd.o
    0x08012158   0x08012158   0x000000b4   Code   RO         2339    i.dorequestSend123  app_instructioncmd.o
    0x0801220c   0x0801220c   0x00000034   Code   RO          710    i.eepromWriteByte   app_param.o
    0x08012240   0x08012240   0x00000034   Code   RO          711    i.eepromWriteTwoBytes  app_param.o
    0x08012274   0x08012274   0x00000034   Code   RO          712    i.eepromWriteWord   app_param.o
    0x080122a8   0x080122a8   0x00000140   Code   RO         2643    i.encrypt           app_sn.o
    0x080123e8   0x080123e8   0x00000050   Code   RO         1491    i.exitNetCtl        app_task.o
    0x08012438   0x08012438   0x0000002a   Code   RO         2644    i.expand            app_sn.o
    0x08012462   0x08012462   0x00000002   PAD
    0x08012464   0x08012464   0x00000054   Code   RO         6426    i.free              mc_p.l(malloc.o)
    0x080124b8   0x080124b8   0x00000050   Code   RO         1492    i.getBatVoltage     app_task.o
    0x08012508   0x08012508   0x0000005c   Code   RO         1780    i.getBatteryLevel   app_serverprotocol.o
    0x08012564   0x08012564   0x0000001a   Code   RO          472    i.getCharIndex      app_sys.o
    0x0801257e   0x0801257e   0x00000028   Code   RO          473    i.getCharIndexWithNum  app_sys.o
    0x080125a6   0x080125a6   0x00000002   PAD
    0x080125a8   0x080125a8   0x00000008   Code   RO         1978    i.getCurrentGPSInfo  app_gps.o
    0x080125b0   0x080125b0   0x00000008   Code   RO         1979    i.getGSPfifo        app_gps.o
    0x080125b8   0x080125b8   0x00000008   Code   RO         1980    i.getLastFixedGPSInfo  app_gps.o
    0x080125c0   0x080125c0   0x00000008   Code   RO         1097    i.getModuleICCID    app_net.o
    0x080125c8   0x080125c8   0x00000008   Code   RO         1098    i.getModuleIMEI     app_net.o
    0x080125d0   0x080125d0   0x00000008   Code   RO         1099    i.getModuleIMSI     app_net.o
    0x080125d8   0x080125d8   0x0000000c   Code   RO         1100    i.getModuleRssi     app_net.o
    0x080125e4   0x080125e4   0x0000001a   Code   RO         2761    i.getStep           app_mir3da.o
    0x080125fe   0x080125fe   0x00000002   PAD
    0x08012600   0x08012600   0x00000010   Code   RO          474    i.getTerminalAccState  app_sys.o
    0x08012610   0x08012610   0x00000010   Code   RO          475    i.getTerminalChargeState  app_sys.o
    0x08012620   0x08012620   0x0000000c   Code   RO         1493    i.gpsChangeFsmState  app_task.o
    0x0801262c   0x0801262c   0x00000028   Code   RO         1981    i.gpsClearCurrentGPSInfo  app_gps.o
    0x08012654   0x08012654   0x00000048   Code   RO         1982    i.gpsFilter         app_gps.o
    0x0801269c   0x0801269c   0x00000014   Code   RO         2054    i.gpsIsRun          app_gpsrestore.o
    0x080126b0   0x080126b0   0x0000005c   Code   RO         1494    i.gpsLedTask        app_task.o
    0x0801270c   0x0801270c   0x0000000c   Code   RO         2055    i.gpsNoRestoreFileToRead  app_gpsrestore.o
    0x08012718   0x08012718   0x0000005c   Code   RO         1495    i.gpsOutputCheckTask  app_task.o
    0x08012774   0x08012774   0x000000f0   Code   RO         2056    i.gpsReadFromModuleAndSendtoServe  app_gpsrestore.o
    0x08012864   0x08012864   0x00000010   Code   RO         2057    i.gpsReadRestoreReset  app_gpsrestore.o
    0x08012874   0x08012874   0x00000044   Code   RO         1496    i.gpsRequestClear   app_task.o
    0x080128b8   0x080128b8   0x00000054   Code   RO         1497    i.gpsRequestClose   app_task.o
    0x0801290c   0x0801290c   0x00000010   Code   RO         1498    i.gpsRequestGet     app_task.o
    0x0801291c   0x0801291c   0x00000074   Code   RO         1499    i.gpsRequestOpen    app_task.o
    0x08012990   0x08012990   0x00000040   Code   RO         1500    i.gpsRequestSet     app_task.o
    0x080129d0   0x080129d0   0x000000a4   Code   RO         1501    i.gpsRequestTask    app_task.o
    0x08012a74   0x08012a74   0x000000f8   Code   RO         1781    i.gpsRestoreDataSend  app_serverprotocol.o
    0x08012b6c   0x08012b6c   0x0000006c   Code   RO         2058    i.gpsRestoreWriteData  app_gpsrestore.o
    0x08012bd8   0x08012bd8   0x00000010   Code   RO         1502    i.gpsStartBD        app_task.o
    0x08012be8   0x08012be8   0x00000028   Code   RO         2059    i.gpsUpdateRestoreFileNameAndTotalSize  app_gpsrestore.o
    0x08012c10   0x08012c10   0x00000090   Code   RO         2715    i.gpsUploadPointToServer  app_gpsarithmetic.o
    0x08012ca0   0x08012ca0   0x00000078   Code   RO         1503    i.gpsUplodOnePointTask  app_task.o
    0x08012d18   0x08012d18   0x000000b4   Code   RO         1504    i.gsensorIntervalCheck  app_task.o
    0x08012dcc   0x08012dcc   0x00000184   Code   RO         1505    i.gsensorTapTask    app_task.o
    0x08012f50   0x08012f50   0x00000094   Code   RO          233    i.halGetInDma       app_port.o
    0x08012fe4   0x08012fe4   0x00000014   Code   RO          234    i.halRecvInIdle     app_port.o
    0x08012ff8   0x08012ff8   0x00000018   Code   RO          235    i.halUartRecvPushOut  app_port.o
    0x08013010   0x08013010   0x00000084   Code   RO         1506    i.hearbeatRequest   app_task.o
    0x08013094   0x08013094   0x00000050   Code   RO         2716    i.initLastPoint     app_gpsarithmetic.o
    0x080130e4   0x080130e4   0x00000050   Code   RO         2203    i.instructionParase  app_atcmd.o
    0x08013134   0x08013134   0x0000000c   Code   RO         1101    i.isModulePowerOn   app_net.o
    0x08013140   0x08013140   0x00000014   Code   RO         1102    i.isModuleRunNormal  app_net.o
    0x08013154   0x08013154   0x00000020   Code   RO         1782    i.isProtocolReday   app_serverprotocol.o
    0x08013174   0x08013174   0x000000b0   Code   RO            6    i.kernalRun         app_kernal.o
    0x08013224   0x08013224   0x000000a8   Code   RO         2107    i.latitude_to_double  app_nmea.o
    0x080132cc   0x080132cc   0x00000058   Code   RO         1507    i.lbsUploadRequestTask  app_task.o
    0x08013324   0x08013324   0x0000000c   Code   RO         1508    i.ledRunTask        app_task.o
    0x08013330   0x08013330   0x00000018   Code   RO         1509    i.ledSetPeriod      app_task.o
    0x08013348   0x08013348   0x000000a8   Code   RO         2108    i.longitude_to_double  app_nmea.o
    0x080133f0   0x080133f0   0x0000002a   Code   RO         2918    i.main              main.o
    0x0801341a   0x0801341a   0x00000002   PAD
    0x0801341c   0x0801341c   0x0000006c   Code   RO         6427    i.malloc            mc_p.l(malloc.o)
    0x08013488   0x08013488   0x00000114   Code   RO         2763    i.mir3da_init       app_mir3da.o
    0x0801359c   0x0801359c   0x00000026   Code   RO         2764    i.mir3da_open_interrupt  app_mir3da.o
    0x080135c2   0x080135c2   0x00000002   PAD
    0x080135c4   0x080135c4   0x00000028   Code   RO         2766    i.mir3da_register_read  app_mir3da.o
    0x080135ec   0x080135ec   0x00000030   Code   RO         2767    i.mir3da_register_write  app_mir3da.o
    0x0801361c   0x0801361c   0x00000014   Code   RO         2768    i.mir3da_set_enable  app_mir3da.o
    0x08013630   0x08013630   0x00000094   Code   RO         1510    i.modeRun           app_task.o
    0x080136c4   0x080136c4   0x00000094   Code   RO         1511    i.modeShutDownQuickly  app_task.o
    0x08013758   0x08013758   0x0000007c   Code   RO         1512    i.modeStart         app_task.o
    0x080137d4   0x080137d4   0x0000001c   Code   RO         1103    i.moduleInfoInit    app_net.o
    0x080137f0   0x080137f0   0x00000054   Code   RO         1104    i.modulePowerOff    app_net.o
    0x08013844   0x08013844   0x00000060   Code   RO         1105    i.modulePowerOn     app_net.o
    0x080138a4   0x080138a4   0x00000064   Code   RO         1106    i.moduleReset       app_net.o
    0x08013908   0x08013908   0x00000014   Code   RO         1783    i.moduleResetProcess  app_serverprotocol.o
    0x0801391c   0x0801391c   0x00000040   Code   RO         1107    i.moduleResetProcessA  app_net.o
    0x0801395c   0x0801395c   0x00000238   Code   RO         1108    i.moduleResponParaser  app_net.o
    0x08013b94   0x08013b94   0x00000054   Code   RO          667    i.myAppConfig       app_user.o
    0x08013be8   0x08013be8   0x00000014   Code   RO          668    i.myAppRun          app_user.o
    0x08013bfc   0x08013bfc   0x00000058   Code   RO          476    i.my_getstrindex    app_sys.o
    0x08013c54   0x08013c54   0x0000002e   Code   RO          477    i.my_strpach        app_sys.o
    0x08013c82   0x08013c82   0x00000036   Code   RO          478    i.my_strstr         app_sys.o
    0x08013cb8   0x08013cb8   0x0000003a   Code   RO         2204    i.mycmdPatch        app_atcmd.o
    0x08013cf2   0x08013cf2   0x00000002   PAD
    0x08013cf4   0x08013cf4   0x00000018   Code   RO         1109    i.n58ATA            app_net.o
    0x08013d0c   0x08013d0c   0x00000048   Code   RO         1110    i.n58AtaParser      app_net.o
    0x08013d54   0x08013d54   0x00000088   Code   RO         1111    i.n58CCIDParser     app_net.o
    0x08013ddc   0x08013ddc   0x0000005c   Code   RO         1112    i.n58CGSNParser     app_net.o
    0x08013e38   0x08013e38   0x000000e4   Code   RO         1113    i.n58CIMIParser     app_net.o
    0x08013f1c   0x08013f1c   0x000000e0   Code   RO         1114    i.n58CMGRParser     app_net.o
    0x08013ffc   0x08013ffc   0x00000088   Code   RO         1115    i.n58CMTIParser     app_net.o
    0x08014084   0x08014084   0x000000a4   Code   RO         1116    i.n58CREGParser     app_net.o
    0x08014128   0x08014128   0x00000090   Code   RO         1117    i.n58CSQParser      app_net.o
    0x080141b8   0x080141b8   0x00000198   Code   RO         1118    i.n58FSLISTParser   app_net.o
    0x08014350   0x08014350   0x0000014c   Code   RO         1119    i.n58FswrParser     app_net.o
    0x0801449c   0x0801449c   0x00000064   Code   RO         1120    i.n58GmrParser      app_net.o
    0x08014500   0x08014500   0x0000002c   Code   RO         1121    i.n58MygpsposParser  app_net.o
    0x0801452c   0x0801452c   0x00000080   Code   RO         1122    i.n58MygpsstateParser  app_net.o
    0x080145ac   0x080145ac   0x000000e8   Code   RO         1123    i.n58MylacidParser  app_net.o
    0x08014694   0x08014694   0x00000060   Code   RO         1124    i.n58NwblecconParser  app_net.o
    0x080146f4   0x080146f4   0x00000080   Code   RO         1125    i.n58NwbleroleParser  app_net.o
    0x08014774   0x08014774   0x0000007c   Code   RO         1126    i.n58NwbtblepwrParser  app_net.o
    0x080147f0   0x080147f0   0x0000007c   Code   RO         1127    i.n58NwurcblestatParser  app_net.o
    0x0801486c   0x0801486c   0x000000e0   Code   RO         1128    i.n58TCPRecvParser  app_net.o
    0x0801494c   0x0801494c   0x00000090   Code   RO         1129    i.n58TCPcloseParser  app_net.o
    0x080149dc   0x080149dc   0x00000178   Code   RO         1130    i.n58TCPsetupParser  app_net.o
    0x08014b54   0x08014b54   0x00000088   Code   RO         1131    i.n58TcpsendParase  app_net.o
    0x08014bdc   0x08014bdc   0x000000d0   Code   RO         1132    i.n58WIFISCANParser  app_net.o
    0x08014cac   0x08014cac   0x0000004c   Code   RO         1133    i.n58cgattParser    app_net.o
    0x08014cf8   0x08014cf8   0x0000001c   Code   RO         1134    i.n58cgdcontParser  app_net.o
    0x08014d14   0x08014d14   0x0000003c   Code   RO         1135    i.n58mysysteminfoParser  app_net.o
    0x08014d50   0x08014d50   0x0000002c   Code   RO         1136    i.n58setAPN         app_net.o
    0x08014d7c   0x08014d7c   0x00000034   Code   RO         1137    i.n58setXGAUTH      app_net.o
    0x08014db0   0x08014db0   0x0000001c   Code   RO         1138    i.n58xgauthParser   app_net.o
    0x08014dcc   0x08014dcc   0x0000001c   Code   RO         1139    i.n58xiicParser     app_net.o
    0x08014de8   0x08014de8   0x000000a4   Code   RO         1140    i.n58xiicqueryParser  app_net.o
    0x08014e8c   0x08014e8c   0x00000010   Code   RO         1784    i.netConnectReset   app_serverprotocol.o
    0x08014e9c   0x08014e9c   0x00000054   Code   RO         1141    i.netEnterStopMode  app_net.o
    0x08014ef0   0x08014ef0   0x0000003c   Code   RO         1142    i.netExitStopMode   app_net.o
    0x08014f2c   0x08014f2c   0x0000004c   Code   RO         1513    i.netModuleShutdown  app_task.o
    0x08014f78   0x08014f78   0x0000008c   Code   RO         1514    i.netModuleStartup  app_task.o
    0x08015004   0x08015004   0x00000014   Code   RO         1143    i.netWorkModuleRunOk  app_net.o
    0x08015018   0x08015018   0x000004bc   Code   RO         1144    i.networkConnectProcess  app_net.o
    0x080154d4   0x080154d4   0x00000050   Code   RO         2109    i.nmeaParse         app_nmea.o
    0x08015524   0x08015524   0x0000001c   Code   RO         1145    i.openModuleGPS     app_net.o
    0x08015540   0x08015540   0x0000005c   Code   RO         1146    i.outPutNodeCmd     app_net.o
    0x0801559c   0x0801559c   0x00000084   Code   RO         1785    i.packIMEI          app_serverprotocol.o
    0x08015620   0x08015620   0x000001f4   Code   RO          713    i.paramDefaultInit  app_param.o
    0x08015814   0x08015814   0x00000020   Code   RO          714    i.paramGetAdcCal    app_param.o
    0x08015834   0x08015834   0x00000014   Code   RO          715    i.paramGetAgpsPort  app_param.o
    0x08015848   0x08015848   0x0000002c   Code   RO          716    i.paramGetAgpsPswd  app_param.o
    0x08015874   0x08015874   0x0000002c   Code   RO          717    i.paramGetAgpsServer  app_param.o
    0x080158a0   0x080158a0   0x0000002c   Code   RO          718    i.paramGetAgpsUser  app_param.o
    0x080158cc   0x080158cc   0x0000001c   Code   RO          719    i.paramGetApnName   app_param.o
    0x080158e8   0x080158e8   0x0000001c   Code   RO          720    i.paramGetApnPswd   app_param.o
    0x08015904   0x08015904   0x0000001c   Code   RO          721    i.paramGetApnUser   app_param.o
    0x08015920   0x08015920   0x00000014   Code   RO          722    i.paramGetAutoParam  app_param.o
    0x08015934   0x08015934   0x00000020   Code   RO          723    i.paramGetBleMac    app_param.o
    0x08015954   0x08015954   0x0000000c   Code   RO          724    i.paramGetCM        app_param.o
    0x08015960   0x08015960   0x0000001c   Code   RO          725    i.paramGetCodeVersion  app_param.o
    0x0801597c   0x0801597c   0x0000000c   Code   RO          726    i.paramGetGPSUploadInterval  app_param.o
    0x08015988   0x08015988   0x0000000c   Code   RO          727    i.paramGetHeartbeatInterval  app_param.o
    0x08015994   0x08015994   0x0000000c   Code   RO          728    i.paramGetLoww      app_param.o
    0x080159a0   0x080159a0   0x00000014   Code   RO          729    i.paramGetMode2cnt  app_param.o
    0x080159b4   0x080159b4   0x0000002c   Code   RO          730    i.paramGetServer    app_param.o
    0x080159e0   0x080159e0   0x00000020   Code   RO          731    i.paramGetSnNumber  app_param.o
    0x08015a00   0x08015a00   0x00000014   Code   RO          732    i.paramGetStep      app_param.o
    0x08015a14   0x08015a14   0x00000028   Code   RO          733    i.paramGetUPSServer  app_param.o
    0x08015a3c   0x08015a3c   0x00000230   Code   RO          735    i.paramInit         app_param.o
    0x08015c6c   0x08015c6c   0x00000018   Code   RO          736    i.paramSaveACCCTLGNSS  app_param.o
    0x08015c84   0x08015c84   0x00000020   Code   RO          737    i.paramSaveAdcCal   app_param.o
    0x08015ca4   0x08015ca4   0x00000018   Code   RO          738    i.paramSaveAgpsPort  app_param.o
    0x08015cbc   0x08015cbc   0x00000028   Code   RO          739    i.paramSaveAgpsPswd  app_param.o
    0x08015ce4   0x08015ce4   0x00000028   Code   RO          740    i.paramSaveAgpsServer  app_param.o
    0x08015d0c   0x08015d0c   0x00000028   Code   RO          741    i.paramSaveAgpsUser  app_param.o
    0x08015d34   0x08015d34   0x00000028   Code   RO          742    i.paramSaveAlarmTime  app_param.o
    0x08015d5c   0x08015d5c   0x0000003c   Code   RO          743    i.paramSaveApnName  app_param.o
    0x08015d98   0x08015d98   0x0000003c   Code   RO          744    i.paramSaveApnPswd  app_param.o
    0x08015dd4   0x08015dd4   0x0000003c   Code   RO          745    i.paramSaveApnUser  app_param.o
    0x08015e10   0x08015e10   0x00000018   Code   RO          746    i.paramSaveAutoAnswer  app_param.o
    0x08015e28   0x08015e28   0x0000000e   Code   RO          747    i.paramSaveAutoParam  app_param.o
    0x08015e36   0x08015e36   0x00000002   PAD
    0x08015e38   0x08015e38   0x00000018   Code   RO          748    i.paramSaveBF       app_param.o
    0x08015e50   0x08015e50   0x0000003e   Code   RO          749    i.paramSaveBleMac   app_param.o
    0x08015e8e   0x08015e8e   0x0000000e   Code   RO          750    i.paramSaveCM       app_param.o
    0x08015e9c   0x08015e9c   0x00000026   Code   RO          751    i.paramSaveCodeVersion  app_param.o
    0x08015ec2   0x08015ec2   0x00000002   PAD
    0x08015ec4   0x08015ec4   0x00000018   Code   RO          752    i.paramSaveFence    app_param.o
    0x08015edc   0x08015edc   0x00000010   Code   RO          753    i.paramSaveGPSUploadInterval  app_param.o
    0x08015eec   0x08015eec   0x00000014   Code   RO          754    i.paramSaveHardFault  app_param.o
    0x08015f00   0x08015f00   0x00000010   Code   RO          755    i.paramSaveHeartbeatInterval  app_param.o
    0x08015f10   0x08015f10   0x00000018   Code   RO          756    i.paramSaveInterval  app_param.o
    0x08015f28   0x08015f28   0x00000018   Code   RO          757    i.paramSaveLedCtl   app_param.o
    0x08015f40   0x08015f40   0x00000018   Code   RO          758    i.paramSaveLightAlarmMode  app_param.o
    0x08015f58   0x08015f58   0x0000000e   Code   RO          759    i.paramSaveLoww     app_param.o
    0x08015f66   0x08015f66   0x00000002   PAD
    0x08015f68   0x08015f68   0x00000014   Code   RO          760    i.paramSaveMallocFault  app_param.o
    0x08015f7c   0x08015f7c   0x00000018   Code   RO          761    i.paramSaveMode     app_param.o
    0x08015f94   0x08015f94   0x00000018   Code   RO          762    i.paramSaveMode1GapDay  app_param.o
    0x08015fac   0x08015fac   0x00000018   Code   RO          763    i.paramSaveMode1Timer  app_param.o
    0x08015fc4   0x08015fc4   0x00000018   Code   RO          764    i.paramSaveMode2cnt  app_param.o
    0x08015fdc   0x08015fdc   0x00000018   Code   RO          765    i.paramSaveNoNetWakeUpMinutes  app_param.o
    0x08015ff4   0x08015ff4   0x00000018   Code   RO          766    i.paramSavePdop     app_param.o
    0x0801600c   0x0801600c   0x00000018   Code   RO          767    i.paramSavePoitype  app_param.o
    0x08016024   0x08016024   0x0000004a   Code   RO          768    i.paramSaveServer   app_param.o
    0x0801606e   0x0801606e   0x0000000e   Code   RO          770    i.paramSaveSmsreply  app_param.o
    0x0801607c   0x0801607c   0x0000001e   Code   RO          771    i.paramSaveSnNumber  app_param.o
    0x0801609a   0x0801609a   0x00000002   PAD
    0x0801609c   0x0801609c   0x00000014   Code   RO          772    i.paramSaveStep     app_param.o
    0x080160b0   0x080160b0   0x00000018   Code   RO          773    i.paramSaveTurnalg  app_param.o
    0x080160c8   0x080160c8   0x00000046   Code   RO          774    i.paramSaveUPSServer  app_param.o
    0x0801610e   0x0801610e   0x00000002   PAD
    0x08016110   0x08016110   0x00000018   Code   RO          775    i.paramSaveUTC      app_param.o
    0x08016128   0x08016128   0x00000014   Code   RO          776    i.paramSaveUpdateStatus  app_param.o
    0x0801613c   0x0801613c   0x0000012c   Code   RO          479    i.paraseInstructionToItem  app_sys.o
    0x08016268   0x08016268   0x00000138   Code   RO         2110    i.parseGPS          app_nmea.o
    0x080163a0   0x080163a0   0x0000001c   Code   RO         2111    i.parse_GGA         app_nmea.o
    0x080163bc   0x080163bc   0x0000003c   Code   RO         2112    i.parse_GSA         app_nmea.o
    0x080163f8   0x080163f8   0x000001c4   Code   RO         2113    i.parse_GSV         app_nmea.o
    0x080165bc   0x080165bc   0x00000158   Code   RO         2114    i.parse_RMC         app_nmea.o
    0x08016714   0x08016714   0x00000034   Code   RO          236    i.portClearStep     app_port.o
    0x08016748   0x08016748   0x00000038   Code   RO          237    i.portGetAdc        app_port.o
    0x08016780   0x08016780   0x00000036   Code   RO          238    i.portGetDateTimeOfSeconds  app_port.o
    0x080167b6   0x080167b6   0x00000002   PAD
    0x080167b8   0x080167b8   0x00000058   Code   RO          239    i.portGetSystemDateTime  app_port.o
    0x08016810   0x08016810   0x00000094   Code   RO          240    i.portGsensorCfg    app_port.o
    0x080168a4   0x080168a4   0x00000010   Code   RO          241    i.portGsensorInt    app_port.o
    0x080168b4   0x080168b4   0x00000088   Code   RO          242    i.portLdrInt        app_port.o
    0x0801693c   0x0801693c   0x0000001c   Code   RO          243    i.portLowPowerCfg   app_port.o
    0x08016958   0x08016958   0x000000c0   Code   RO          244    i.portModuleCfg     app_port.o
    0x08016a18   0x08016a18   0x00000020   Code   RO          245    i.portPollUart      app_port.o
    0x08016a38   0x08016a38   0x00000054   Code   RO          246    i.portRingSignal    app_port.o
    0x08016a8c   0x08016a8c   0x0000003c   Code   RO          247    i.portSaveStep      app_port.o
    0x08016ac8   0x08016ac8   0x00000140   Code   RO          248    i.portSetNextAlarmTime  app_port.o
    0x08016c08   0x08016c08   0x000000d8   Code   RO          249    i.portSetNextWakeUpTime  app_port.o
    0x08016ce0   0x08016ce0   0x000000bc   Code   RO          250    i.portSetSystemDateTime  app_port.o
    0x08016d9c   0x08016d9c   0x00000028   Code   RO          251    i.portSystemReset   app_port.o
    0x08016dc4   0x08016dc4   0x00000140   Code   RO          252    i.portUartCfg       app_port.o
    0x08016f04   0x08016f04   0x00000014   Code   RO          253    i.portUartSend      app_port.o
    0x08016f18   0x08016f18   0x0000001c   Code   RO          254    i.portUpdateStep    app_port.o
    0x08016f34   0x08016f34   0x00000010   Code   RO          255    i.portWdtFeed       app_port.o
    0x08016f44   0x08016f44   0x000009fc   Code   RO         6114    i.pow               m_ps.l(pow.o)
    0x08017940   0x08017940   0x000000bc   Code   RO         1786    i.protoclparser51   app_serverprotocol.o
    0x080179fc   0x080179fc   0x000000c8   Code   RO         1787    i.protoclparser52   app_serverprotocol.o
    0x08017ac4   0x08017ac4   0x000001d0   Code   RO         1789    i.protocolGPSpack   app_serverprotocol.o
    0x08017c94   0x08017c94   0x0000010c   Code   RO         1790    i.protocolReceivePush  app_serverprotocol.o
    0x08017da0   0x08017da0   0x00000128   Code   RO         1791    i.protocolRunFsm    app_serverprotocol.o
    0x08017ec8   0x08017ec8   0x00000134   Code   RO         1792    i.protocolRxParser  app_serverprotocol.o
    0x08017ffc   0x08017ffc   0x0000000a   Code   RO         1147    i.reConnectServer   app_net.o
    0x08018006   0x08018006   0x00000002   PAD
    0x08018008   0x08018008   0x0000001c   Code   RO         1793    i.reCover123InstructionId  app_serverprotocol.o
    0x08018024   0x08018024   0x00000048   Code   RO         2769    i.readInterruptConfig  app_mir3da.o
    0x0801806c   0x0801806c   0x000000b0   Code   RO         2770    i.read_gsensor_id   app_mir3da.o
    0x0801811c   0x0801811c   0x0000000c   Code   RO         2539    i.recCycleStart     app_rec.o
    0x08018128   0x08018128   0x00000018   Code   RO         2540    i.recCycleStop      app_rec.o
    0x08018140   0x08018140   0x00000074   Code   RO         2541    i.recCycleTask      app_rec.o
    0x080181b4   0x080181b4   0x00000008   Code   RO         2542    i.recGetRecStruct   app_rec.o
    0x080181bc   0x080181bc   0x00000014   Code   RO         2543    i.recIsRun          app_rec.o
    0x080181d0   0x080181d0   0x00000028   Code   RO         2544    i.recNoFileToread   app_rec.o
    0x080181f8   0x080181f8   0x0000000c   Code   RO         2545    i.recReadFileOk     app_rec.o
    0x08018204   0x08018204   0x000000bc   Code   RO         2546    i.recRecordUploadTask  app_rec.o
    0x080182c0   0x080182c0   0x000000a4   Code   RO         2547    i.recStart          app_rec.o
    0x08018364   0x08018364   0x00000038   Code   RO         2548    i.recStop           app_rec.o
    0x0801839c   0x0801839c   0x00000014   Code   RO         2549    i.recStopAndUpload  app_rec.o
    0x080183b0   0x080183b0   0x00000014   Code   RO         2550    i.recUpdateFileName  app_rec.o
    0x080183c4   0x080183c4   0x0000004c   Code   RO         2551    i.recUpdateFileSize  app_rec.o
    0x08018410   0x08018410   0x0000000a   Code   RO         1515    i.repairGsensor     app_task.o
    0x0801841a   0x0801841a   0x00000002   PAD
    0x0801841c   0x0801841c   0x0000000c   Code   RO         2552    i.resIsCycleRuning  app_rec.o
    0x08018428   0x08018428   0x00000048   Code   RO         1516    i.runTimeCount      app_task.o
    0x08018470   0x08018470   0x0000001c   Code   RO         1794    i.save123InstructionId  app_serverprotocol.o
    0x0801848c   0x0801848c   0x0000002c   Code   RO         1148    i.sendDataToServer  app_net.o
    0x080184b8   0x080184b8   0x0000004c   Code   RO         1149    i.sendMessage       app_net.o
    0x08018504   0x08018504   0x000000f8   Code   RO         2340    i.sendMessageWithDifMode  app_instructioncmd.o
    0x080185fc   0x080185fc   0x000000d0   Code   RO         1150    i.sendModuleCmd     app_net.o
    0x080186cc   0x080186cc   0x00000188   Code   RO         1795    i.sendProtocolToServer  app_serverprotocol.o
    0x08018854   0x08018854   0x00000074   Code   RO         1517    i.setAgps           app_task.o
    0x080188c8   0x080188c8   0x000000b8   Code   RO         2645    i.setkey            app_sn.o
    0x08018980   0x08018980   0x000001ec   Code   RO         2115    i.showgpsinfo       app_nmea.o
    0x08018b6c   0x08018b6c   0x00000084   Code   RO         1518    i.signalLedTask     app_task.o
    0x08018bf0   0x08018bf0   0x0000009c   Code   RO         6124    i.sin               m_ps.l(sin.o)
    0x08018c8c   0x08018c8c   0x00000048   Code   RO         6132    i.sqrt              m_ps.l(sqrt.o)
    0x08018cd4   0x08018cd4   0x00000054   Code   RO         2771    i.startStep         app_mir3da.o
    0x08018d28   0x08018d28   0x00000070   Code   RO            7    i.startTimer        app_kernal.o
    0x08018d98   0x08018d98   0x00000068   Code   RO            8    i.stopTimer         app_kernal.o
    0x08018e00   0x08018e00   0x00000050   Code   RO         1519    i.systemModeRunStart  app_task.o
    0x08018e50   0x08018e50   0x0000007c   Code   RO         1520    i.systemModeTask    app_task.o
    0x08018ecc   0x08018ecc   0x00000010   Code   RO         1521    i.systemRequestClear  app_task.o
    0x08018edc   0x08018edc   0x00000010   Code   RO         1522    i.systemRequestSet  app_task.o
    0x08018eec   0x08018eec   0x0000016c   Code   RO         1523    i.systemRequestTask  app_task.o
    0x08019058   0x08019058   0x00000090   Code   RO         1524    i.systemShutDown    app_task.o
    0x080190e8   0x080190e8   0x00000050   Code   RO           10    i.systemTaskResume  app_kernal.o
    0x08019138   0x08019138   0x00000050   Code   RO           11    i.systemTaskSuspend  app_kernal.o
    0x08019188   0x08019188   0x00000048   Code   RO         1525    i.taskRunInOneSecond  app_task.o
    0x080191d0   0x080191d0   0x00000010   Code   RO          480    i.terminalAccoff    app_sys.o
    0x080191e0   0x080191e0   0x00000010   Code   RO          481    i.terminalAccon     app_sys.o
    0x080191f0   0x080191f0   0x00000014   Code   RO          482    i.terminalAlarmSet  app_sys.o
    0x08019204   0x08019204   0x00000010   Code   RO          483    i.terminalCharge    app_sys.o
    0x08019214   0x08019214   0x00000010   Code   RO          486    i.terminalGPSFixed  app_sys.o
    0x08019224   0x08019224   0x00000010   Code   RO          487    i.terminalGPSUnFixed  app_sys.o
    0x08019234   0x08019234   0x00000010   Code   RO          488    i.terminalunCharge  app_sys.o
    0x08019244   0x08019244   0x0000008c   Code   RO          256    i.updateAlarmA      app_port.o
    0x080192d0   0x080192d0   0x0000006c   Code   RO         1983    i.updateLocalRTCTime  app_gps.o
    0x0801933c   0x0801933c   0x00000010   Code   RO          489    i.updateRTCtimeRequest  app_sys.o
    0x0801934c   0x0801934c   0x00000070   Code   RO         1526    i.updateSystemLedStatus  app_task.o
    0x080193bc   0x080193bc   0x0000000c   Code   RO          490    i.updateSystemStartTime  app_sys.o
    0x080193c8   0x080193c8   0x00000034   Code   RO         1796    i.uploadGpsRestoreData  app_serverprotocol.o
    0x080193fc   0x080193fc   0x000000b8   Code   RO         1527    i.uploadRequestInMode4  app_task.o
    0x080194b4   0x080194b4   0x0000035c   Code   RO         1528    i.voltageCheckTask  app_task.o
    0x08019810   0x08019810   0x00000120   Code   RO         1529    i.wdtProcess        app_task.o
    0x08019930   0x08019930   0x00000016   Code   RO         1530    i.wifiScanStart     app_task.o
    0x08019946   0x08019946   0x00000002   PAD
    0x08019948   0x08019948   0x00000034   Code   RO         1531    i.wifiUploadRequestTask  app_task.o
    0x0801997c   0x0801997c   0x00000056   Code   RO         2646    i.ztvm_encrypt_des  app_sn.o
    0x080199d2   0x080199d2   0x00000058   Code   RO         2647    i.ztvm_encrypt_undes  app_sn.o
    0x08019a2a   0x08019a2a   0x00000028   Code   RO         2648    i.ztvm_encrypt_untrides  app_sn.o
    0x08019a52   0x08019a52   0x00000218   Data   RO          492    .constdata          app_sys.o
    0x08019c6a   0x08019c6a   0x000004ad   Data   RO         1152    .constdata          app_net.o
    0x0801a117   0x0801a117   0x000003a7   Data   RO         2205    .constdata          app_atcmd.o
    0x0801a4be   0x0801a4be   0x00000348   Data   RO         2650    .constdata          app_sn.o
    0x0801a806   0x0801a806   0x00000019   Data   RO         6054    .constdata          system_stm32l0xx.o
    0x0801a81f   0x0801a81f   0x00000008   Data   RO         6055    .constdata          system_stm32l0xx.o
    0x0801a827   0x0801a827   0x00000001   PAD
    0x0801a828   0x0801a828   0x00000050   Data   RO         6093    .constdata          m_ps.l(asin.o)
    0x0801a878   0x0801a878   0x00000088   Data   RO         6115    .constdata          m_ps.l(pow.o)
    0x0801a900   0x0801a900   0x0000000c   Data   RO         6149    .constdata          mc_p.l(mktime.o)
    0x0801a90c   0x0801a90c   0x00000004   PAD
    0x0801a910   0x0801a910   0x00000030   Data   RO         6495    .constdata          m_ps.l(cos_i.o)
    0x0801a940   0x0801a940   0x00000008   Data   RO         6515    .constdata          m_ps.l(qnan.o)
    0x0801a948   0x0801a948   0x000000c8   Data   RO         6518    .constdata          m_ps.l(rred.o)
    0x0801aa10   0x0801aa10   0x00000028   Data   RO         6522    .constdata          m_ps.l(sin_i.o)
    0x0801aa38   0x0801aa38   0x00000081   Data   RO         6553    .constdata          mc_p.l(ctype_o.o)
    0x0801aab9   0x0801aab9   0x00000003   PAD
    0x0801aabc   0x0801aabc   0x00000004   Data   RO         6554    .constdata          mc_p.l(ctype_o.o)
    0x0801aac0   0x0801aac0   0x0000000c   Data   RO         6584    .constdata          mc_p.l(localtime_i.o)
    0x0801aacc   0x0801aacc   0x0000020d   Data   RO         2342    .conststring        app_instructioncmd.o
    0x0801acd9   0x0801acd9   0x00000003   PAD
    0x0801acdc   0x0801acdc   0x00000020   Data   RO         6635    Region$$Table       anon$$obj.o


    Execution Region RW_IRAM1 (Exec base: 0x20000000, Load base: 0x0801acfc, Size: 0x00004360, Max: 0x00005000, ABSOLUTE)

    Exec Addr    Load Addr    Size         Type   Attr      Idx    E Section Name        Object

    0x20000000   0x0801acfc   0x00000004   Data   RW           14    .data               app_kernal.o
    0x20000004   0x0801ad00   0x00000008   Data   RW          258    .data               app_port.o
    0x2000000c   0x0801ad08   0x00000008   Data   RW         1153    .data               app_net.o
    0x20000014   0x0801ad10   0x00000028   Data   RW         1533    .data               app_task.o
    0x2000003c   0x0801ad38   0x0000000e   Data   RW         1798    .data               app_serverprotocol.o
    0x2000004a   0x0801ad46   0x00000001   Data   RW         2117    .data               app_nmea.o
    0x2000004b   0x0801ad47   0x00000001   Data   RW         2343    .data               app_instructioncmd.o
    0x2000004c   0x0801ad48   0x00000012   Data   RW         2651    .data               app_sn.o
    0x2000005e   0x0801ad5a   0x00000002   PAD
    0x20000060   0x0801ad5c   0x00000008   Data   RW         2718    .data               app_gpsarithmetic.o
    0x20000068   0x0801ad64   0x00000001   Data   RW         2773    .data               app_mir3da.o
    0x20000069   0x0801ad65   0x00000003   PAD
    0x2000006c   0x0801ad68   0x0000000c   Data   RW         3562    .data               stm32l0xx_hal.o
    0x20000078   0x0801ad74   0x00000004   Data   RW         6056    .data               system_stm32l0xx.o
    0x2000007c   0x0801ad78   0x00000004   Data   RW         6586    .data               mc_p.l(mvars.o)
    0x20000080   0x0801ad7c   0x00000004   Data   RW         6587    .data               mc_p.l(mvars.o)
    0x20000084   0x0801ad80   0x00000004   Data   RW         6591    .data               mc_p.l(errno.o)
    0x20000088        -       0x00000010   Zero   RW           13    .bss                app_kernal.o
    0x20000098        -       0x000009bc   Zero   RW          257    .bss                app_port.o
    0x20000a54        -       0x0000017c   Zero   RW          491    .bss                app_sys.o
    0x20000bd0        -       0x000001de   Zero   RW          777    .bss                app_param.o
    0x20000dae   0x0801ad84   0x00000002   PAD
    0x20000db0        -       0x000000a1   Zero   RW         1151    .bss                app_net.o
    0x20000e51   0x0801ad84   0x00000003   PAD
    0x20000e54        -       0x00000020   Zero   RW         1532    .bss                app_task.o
    0x20000e74        -       0x00000848   Zero   RW         1797    .bss                app_serverprotocol.o
    0x200016bc   0x0801ad84   0x00000004   PAD
    0x200016c0        -       0x00000438   Zero   RW         1984    .bss                app_gps.o
    0x20001af8        -       0x0000003c   Zero   RW         2060    .bss                app_gpsrestore.o
    0x20001b34   0x0801ad84   0x00000004   PAD
    0x20001b38        -       0x00000070   Zero   RW         2116    .bss                app_nmea.o
    0x20001ba8        -       0x0000001e   Zero   RW         2341    .bss                app_instructioncmd.o
    0x20001bc6   0x0801ad84   0x00000002   PAD
    0x20001bc8        -       0x00000044   Zero   RW         2553    .bss                app_rec.o
    0x20001c0c        -       0x000003c0   Zero   RW         2649    .bss                app_sn.o
    0x20001fcc   0x0801ad84   0x00000004   PAD
    0x20001fd0        -       0x00000020   Zero   RW         2717    .bss                app_gpsarithmetic.o
    0x20001ff0        -       0x00000017   Zero   RW         2861    .bss                app_ble.o
    0x20002007   0x0801ad84   0x00000001   PAD
    0x20002008        -       0x0000005c   Zero   RW         2977    .bss                adc.o
    0x20002064        -       0x0000004c   Zero   RW         3035    .bss                i2c.o
    0x200020b0        -       0x00000010   Zero   RW         3071    .bss                iwdg.o
    0x200020c0        -       0x00000264   Zero   RW         3101    .bss                usart.o
    0x20002324        -       0x00000024   Zero   RW         3149    .bss                rtc.o
    0x20002348        -       0x00000018   Zero   RW         4475    .bss                stm32l0xx_hal_flash.o
    0x20002360        -       0x00001000   Zero   RW         6085    HEAP                startup_stm32l071xx.o
    0x20003360        -       0x00001000   Zero   RW         6084    STACK               startup_stm32l071xx.o


==============================================================================

Image component sizes


      Code (inc. data)   RO Data    RW Data    ZI Data      Debug   Object Name

       192         20          0          0         92       1499   adc.o
      2958        950        935          0          0      12292   app_atcmd.o
       412         66          0          0         23       3836   app_ble.o
       404         52          0          0       1080       3936   app_gps.o
       964        176          0          8         32       4184   app_gpsarithmetic.o
       436        154          0          0         60       3665   app_gpsrestore.o
      9776       3856        525          1         30      29054   app_instructioncmd.o
       820        256          0          4         16     365605   app_kernal.o
       816        234          0          1          0       5832   app_mir3da.o
      7852       1806       1197          8        161      42163   app_net.o
      2252        308          0          1        112       9136   app_nmea.o
      2990        520          0          0        478      36608   app_param.o
      3036        846          0          8       2492      23814   app_port.o
       768        232          0          0         68       7001   app_rec.o
      4400        520          0         14       2120      24378   app_serverprotocol.o
      1136         36        840         18        960       8303   app_sn.o
      1560        182        536          0        380      18849   app_sys.o
      6152       1858          0         40         32      25759   app_task.o
       138         24          0          0          0       6430   app_user.o
        56          4          0          0          0        674   dma.o
       268         30          0          0          0        899   gpio.o
       236         40          0          0         76       1933   i2c.o
        44         12          0          0         16        603   iwdg.o
       188         10          0          0          0       1780   main.o
       116         16          0          0         36       1315   rtc.o
        28          8        192          0       8192        576   startup_stm32l071xx.o
       204         36          0         12          0       9872   stm32l0xx_hal.o
      1274         36          0          0          0       8328   stm32l0xx_hal_adc.o
       170          0          0          0          0       1366   stm32l0xx_hal_adc_ex.o
       208         40          0          0          0      13182   stm32l0xx_hal_cortex.o
       712         22          0          0          0       5958   stm32l0xx_hal_dma.o
       256         16          0          0         24       4086   stm32l0xx_hal_flash.o
       156         26          0          0          0       2199   stm32l0xx_hal_flash_ex.o
       674         66          0          0          0       4212   stm32l0xx_hal_gpio.o
      1516         36          0          0          0      11703   stm32l0xx_hal_i2c.o
       146          0          0          0          0       1827   stm32l0xx_hal_i2c_ex.o
       116         20          0          0          0       1675   stm32l0xx_hal_iwdg.o
        24          4          0          0          0        406   stm32l0xx_hal_msp.o
       116         16          0          0          0       1211   stm32l0xx_hal_pwr.o
        32          8          0          0          0        989   stm32l0xx_hal_pwr_ex.o
      1718         90          0          0          0       5556   stm32l0xx_hal_rcc.o
       376         14          0          0          0       1392   stm32l0xx_hal_rcc_ex.o
      1744         42          0          0          0      10545   stm32l0xx_hal_rtc.o
       306         18          0          0          0       3100   stm32l0xx_hal_rtc_ex.o
      2566        100          0          0          0      15697   stm32l0xx_hal_uart.o
         2          0          0          0          0        948   stm32l0xx_hal_uart_ex.o
       182         36          0          0          0       5049   stm32l0xx_it.o
        88         22         33          4          0       1139   system_stm32l0xx.o
       696         78          0          0        612       3466   usart.o

    ----------------------------------------------------------------------
     61352      12942       4294        124      17112     754030   Object Totals
         0          0         32          0          0          0   (incl. Generated)
        72          0          4          5         20          0   (incl. Padding)

    ----------------------------------------------------------------------

      Code (inc. data)   RO Data    RW Data    ZI Data      Debug   Library Member Name

       628         54         80          0          0        104   asin.o
        42          0          0          0          0         76   atof.o
       152         10          0          0          0        104   cos.o
       244         20         48          0          0         92   cos_i.o
        94         14          0          0          0        408   dunder.o
        44          4          0          0          0         60   fpclassify.o
       172          0          0          0          0         76   poly.o
      2556        196        136          0          0        240   pow.o
         0          0          8          0          0          0   qnan.o
       924         86        200          0          0        120   rred.o
       156         10          0          0          0        104   sin.o
       236         14         40          0          0        100   sin_i.o
        72          6          0          0          0         76   sqrt.o
        30          0          0          0          0         60   _chval.o
        68          0          0          0          0         76   _sgetc.o
       166          0          0          0          0         84   _strtoul.o
        26          0          0          0          0         72   atoi.o
        26          0          0          0          0         72   atol.o
         8          4        133          0          0         60   ctype_o.o
         0          0          0          0          0          0   entry.o
         0          0          0          0          0          0   entry10a.o
         0          0          0          0          0          0   entry11a.o
         4          0          0          0          0          0   entry12b.o
         8          4          0          0          0          0   entry2.o
         4          0          0          0          0          0   entry5.o
         0          0          0          0          0          0   entry7b.o
         0          0          0          0          0          0   entry8b.o
         8          4          0          0          0          0   entry9a.o
        32         16          0          4          0        180   errno.o
        30          0          0          0          0          0   handlers.o
        40          0          0          0          0         72   idiv.o
        36          8          0          0          0         68   init.o
        18          0          0          0          0         68   isspace_o.o
         0          0          0          0          0          0   iusefp.o
       122          0          0          0          0         84   llmul.o
        32          0          0          0          0         68   llshl.o
        38          0          0          0          0         68   llsshr.o
        34          0          0          0          0         68   llushr.o
       116         12         12          0          0         72   localtime_i.o
       192         20          0          0          0        144   malloc.o
        36          0          0          0          0         60   memcpya.o
        36          0          0          0          0        100   memseta.o
       140         16         12          0          0         72   mktime.o
         0          0          0          8          0          0   mvars.o
      2310        100          0          0          0        544   printfa.o
       898         12          0          0          0        184   scanf_fp.o
        18          0          0          0          0         60   strcpy.o
        14          0          0          0          0         60   strlen.o
        26          0          0          0          0         68   strncpy.o
        40          0          0          0          0         72   strstr.o
       164         16          0          0          0        120   strtod.o
       112          4          0          0          0         76   strtol.o
       118          0          0          0          0         84   strtoul.o
        44          0          0          0          0         72   uidiv.o
        96          0          0          0          0         84   uldiv.o
        40          2          0          0          0         68   cdcmple.o
        40          2          0          0          0         68   cdrcmple.o
        20          0          0          0          0         68   cfcmple.o
        56          0          0          0          0         68   d2f.o
       360          6          0          0          0        140   dadd.o
       240          6          0          0          0         84   ddiv.o
       236          0          0          0          0        216   depilogue.o
        72         10          0          0          0         72   dfixi.o
        60         10          0          0          0         68   dfixui.o
        64         10          0          0          0         68   dfixul.o
        40          6          0          0          0         68   dflti.o
        28          4          0          0          0         68   dfltui.o
        28          6          0          0          0         68   dfltul.o
       208          6          0          0          0         88   dmul.o
        44          0          0          0          0         72   dscalb.o
       162          0          0          0          0         80   dsqrt.o
        40          0          0          0          0         60   f2d.o
       178          0          0          0          0        108   fadd.o
       124          0          0          0          0         72   fdiv.o
       130          0          0          0          0        144   fepilogue.o
        40          0          0          0          0         60   ffixui.o
        14          0          0          0          0         68   ffltui.o
       122          0          0          0          0         72   fmul.o

    ----------------------------------------------------------------------
     12778        698        676         12          0       6480   Library Totals
        22          0          7          0          0          0   (incl. Padding)

    ----------------------------------------------------------------------

      Code (inc. data)   RO Data    RW Data    ZI Data      Debug   Library Name

      5320        414        512          0          0       1560   m_ps.l
      5090        216        157         12          0       2972   mc_p.l
      2346         68          0          0          0       1948   mf_p.l

    ----------------------------------------------------------------------
     12778        698        676         12          0       6480   Library Totals

    ----------------------------------------------------------------------

==============================================================================


      Code (inc. data)   RO Data    RW Data    ZI Data      Debug   

     74130      13640       4970        136      17112     733886   Grand Totals
     74130      13640       4970        136      17112     733886   ELF Image Totals
     74130      13640       4970        136          0          0   ROM Totals

==============================================================================

    Total RO  Size (Code + RO Data)                79100 (  77.25kB)
    Total RW  Size (RW Data + ZI Data)             17248 (  16.84kB)
    Total ROM Size (Code + RO Data + RW Data)      79236 (  77.38kB)

==============================================================================

