<!doctype html public "-//w3c//dtd html 4.0 transitional//en">
<html><head>
<title>Static Call Graph - [STM32L\STM32L.axf]</title></head>
<body><HR>
<H1>Static Call Graph for image STM32L\STM32L.axf</H1><HR>
<BR><P>#&#060CALLGRAPH&#062# ARM Linker, 5060750: Last Updated: Tue May 21 18:15:25 2024
<BR><P>
<H3>Maximum Stack Usage =       2852 bytes + Unknown(Cycles, Untraceable Function Pointers)</H3><H3>
Call chain for Maximum Stack Depth:</H3>
moduleResponParaser &rArr; n58TCPRecvParser &rArr; protocolReceivePush &rArr; protocolRxParser &rArr; instructionParser &rArr; doinstruction &rArr; doDebugInstrucion &rArr; sendMessageWithDifMode &rArr; sendProtocolToServer &rArr; gpsRestoreWriteData &rArr; sendModuleCmd &rArr; CreateNodeCmd &rArr; portSystemReset &rArr; portSaveStep &rArr; portUpdateStep &rArr; getStep &rArr; mir3da_register_read &rArr; iicReadData &rArr; Soft_IIC_Write_Byte &rArr; Soft_IIC_Wait_ACK &rArr; Soft_IIC_Stop &rArr; Soft_IIC_Output &rArr; HAL_GPIO_Init
<P>
<H3>
Mutually Recursive functions
</H3> <LI><a href="#[11]">ADC1_COMP_IRQHandler</a>&nbsp;&nbsp;&nbsp;&rArr;&nbsp;&nbsp;&nbsp;<a href="#[11]">ADC1_COMP_IRQHandler</a><BR>
</UL>
<P>
<H3>
Function Pointers
</H3><UL>
 <LI><a href="#[11]">ADC1_COMP_IRQHandler</a> from startup_stm32l071xx.o(.text) referenced from startup_stm32l071xx.o(RESET)
 <LI><a href="#[e]">DMA1_Channel1_IRQHandler</a> from startup_stm32l071xx.o(.text) referenced from startup_stm32l071xx.o(RESET)
 <LI><a href="#[f]">DMA1_Channel2_3_IRQHandler</a> from stm32l0xx_it.o(i.DMA1_Channel2_3_IRQHandler) referenced from startup_stm32l071xx.o(RESET)
 <LI><a href="#[10]">DMA1_Channel4_5_6_7_IRQHandler</a> from stm32l0xx_it.o(i.DMA1_Channel4_5_6_7_IRQHandler) referenced from startup_stm32l071xx.o(RESET)
 <LI><a href="#[b]">EXTI0_1_IRQHandler</a> from startup_stm32l071xx.o(.text) referenced from startup_stm32l071xx.o(RESET)
 <LI><a href="#[c]">EXTI2_3_IRQHandler</a> from startup_stm32l071xx.o(.text) referenced from startup_stm32l071xx.o(RESET)
 <LI><a href="#[d]">EXTI4_15_IRQHandler</a> from stm32l0xx_it.o(i.EXTI4_15_IRQHandler) referenced from startup_stm32l071xx.o(RESET)
 <LI><a href="#[9]">FLASH_IRQHandler</a> from startup_stm32l071xx.o(.text) referenced from startup_stm32l071xx.o(RESET)
 <LI><a href="#[2]">HardFault_Handler</a> from stm32l0xx_it.o(i.HardFault_Handler) referenced from startup_stm32l071xx.o(RESET)
 <LI><a href="#[1b]">I2C1_IRQHandler</a> from startup_stm32l071xx.o(.text) referenced from startup_stm32l071xx.o(RESET)
 <LI><a href="#[1c]">I2C2_IRQHandler</a> from startup_stm32l071xx.o(.text) referenced from startup_stm32l071xx.o(RESET)
 <LI><a href="#[19]">I2C3_IRQHandler</a> from startup_stm32l071xx.o(.text) referenced from startup_stm32l071xx.o(RESET)
 <LI><a href="#[12]">LPTIM1_IRQHandler</a> from startup_stm32l071xx.o(.text) referenced from startup_stm32l071xx.o(RESET)
 <LI><a href="#[21]">LPUART1_IRQHandler</a> from stm32l0xx_it.o(i.LPUART1_IRQHandler) referenced from startup_stm32l071xx.o(RESET)
 <LI><a href="#[3e]">N58enterNormalMode</a> from app_net.o(i.N58enterNormalMode) referenced from app_net.o(i.networkConnectProcess)
 <LI><a href="#[1]">NMI_Handler</a> from stm32l0xx_it.o(i.NMI_Handler) referenced from startup_stm32l071xx.o(RESET)
 <LI><a href="#[7]">PVD_IRQHandler</a> from startup_stm32l071xx.o(.text) referenced from startup_stm32l071xx.o(RESET)
 <LI><a href="#[4]">PendSV_Handler</a> from stm32l0xx_it.o(i.PendSV_Handler) referenced from startup_stm32l071xx.o(RESET)
 <LI><a href="#[a]">RCC_IRQHandler</a> from startup_stm32l071xx.o(.text) referenced from startup_stm32l071xx.o(RESET)
 <LI><a href="#[8]">RTC_IRQHandler</a> from stm32l0xx_it.o(i.RTC_IRQHandler) referenced from startup_stm32l071xx.o(RESET)
 <LI><a href="#[0]">Reset_Handler</a> from startup_stm32l071xx.o(.text) referenced from startup_stm32l071xx.o(RESET)
 <LI><a href="#[1d]">SPI1_IRQHandler</a> from startup_stm32l071xx.o(.text) referenced from startup_stm32l071xx.o(RESET)
 <LI><a href="#[1e]">SPI2_IRQHandler</a> from startup_stm32l071xx.o(.text) referenced from startup_stm32l071xx.o(RESET)
 <LI><a href="#[3]">SVC_Handler</a> from stm32l0xx_it.o(i.SVC_Handler) referenced from startup_stm32l071xx.o(RESET)
 <LI><a href="#[5]">SysTick_Handler</a> from stm32l0xx_it.o(i.SysTick_Handler) referenced from startup_stm32l071xx.o(RESET)
 <LI><a href="#[23]">SystemInit</a> from system_stm32l0xx.o(i.SystemInit) referenced from startup_stm32l071xx.o(.text)
 <LI><a href="#[18]">TIM21_IRQHandler</a> from startup_stm32l071xx.o(.text) referenced from startup_stm32l071xx.o(RESET)
 <LI><a href="#[1a]">TIM22_IRQHandler</a> from startup_stm32l071xx.o(.text) referenced from startup_stm32l071xx.o(RESET)
 <LI><a href="#[14]">TIM2_IRQHandler</a> from startup_stm32l071xx.o(.text) referenced from startup_stm32l071xx.o(RESET)
 <LI><a href="#[15]">TIM3_IRQHandler</a> from startup_stm32l071xx.o(.text) referenced from startup_stm32l071xx.o(RESET)
 <LI><a href="#[16]">TIM6_IRQHandler</a> from startup_stm32l071xx.o(.text) referenced from startup_stm32l071xx.o(RESET)
 <LI><a href="#[17]">TIM7_IRQHandler</a> from startup_stm32l071xx.o(.text) referenced from startup_stm32l071xx.o(RESET)
 <LI><a href="#[28]">UART_DMAAbortOnError</a> from stm32l0xx_hal_uart.o(i.UART_DMAAbortOnError) referenced from stm32l0xx_hal_uart.o(i.HAL_UART_IRQHandler)
 <LI><a href="#[2b]">UART_DMAError</a> from stm32l0xx_hal_uart.o(i.UART_DMAError) referenced from stm32l0xx_hal_uart.o(i.UART_Start_Receive_DMA)
 <LI><a href="#[29]">UART_DMAReceiveCplt</a> from stm32l0xx_hal_uart.o(i.UART_DMAReceiveCplt) referenced from stm32l0xx_hal_uart.o(i.UART_Start_Receive_DMA)
 <LI><a href="#[2a]">UART_DMARxHalfCplt</a> from stm32l0xx_hal_uart.o(i.UART_DMARxHalfCplt) referenced from stm32l0xx_hal_uart.o(i.UART_Start_Receive_DMA)
 <LI><a href="#[1f]">USART1_IRQHandler</a> from stm32l0xx_it.o(i.USART1_IRQHandler) referenced from startup_stm32l071xx.o(RESET)
 <LI><a href="#[20]">USART2_IRQHandler</a> from stm32l0xx_it.o(i.USART2_IRQHandler) referenced from startup_stm32l071xx.o(RESET)
 <LI><a href="#[13]">USART4_5_IRQHandler</a> from startup_stm32l071xx.o(.text) referenced from startup_stm32l071xx.o(RESET)
 <LI><a href="#[6]">WWDG_IRQHandler</a> from startup_stm32l071xx.o(.text) referenced from startup_stm32l071xx.o(RESET)
 <LI><a href="#[24]">__main</a> from entry.o(.ARM.Collect$$$$00000000) referenced from startup_stm32l071xx.o(.text)
 <LI><a href="#[26]">_sbackspace</a> from _sgetc.o(.text) referenced from strtod.o(.text)
 <LI><a href="#[25]">_sgetc</a> from _sgetc.o(.text) referenced from strtod.o(.text)
 <LI><a href="#[2c]">_sputc</a> from printfa.o(i._sputc) referenced from printfa.o(i.__0sprintf)
 <LI><a href="#[2c]">_sputc</a> from printfa.o(i._sputc) referenced from printfa.o(i.__0vsprintf)
 <LI><a href="#[2d]">atCmdFmpcIMSIParseRespon</a> from app_atcmd.o(i.atCmdFmpcIMSIParseRespon) referenced from app_atcmd.o(i.atCmdFmpcIMSIParse)
 <LI><a href="#[2e]">atCmdIMEIParseRespon</a> from app_atcmd.o(i.atCmdIMEIParseRespon) referenced from app_atcmd.o(i.atCmdIMEIParse)
 <LI><a href="#[38]">atCmdParserFunction</a> from app_atcmd.o(i.atCmdParserFunction) referenced from app_user.o(i.myAppConfig)
 <LI><a href="#[38]">atCmdParserFunction</a> from app_atcmd.o(i.atCmdParserFunction) referenced from app_task.o(i.systemRequestTask)
 <LI><a href="#[3f]">clearRingWakeUp</a> from app_port.o(i.clearRingWakeUp) referenced from app_port.o(i.portRingSignal)
 <LI><a href="#[41]">deleteMessage</a> from app_net.o(i.deleteMessage) referenced from app_instructioncmd.o(i.sendMessageWithDifMode)
 <LI><a href="#[35]">gpsStartBD</a> from app_task.o(i.gpsStartBD) referenced from app_task.o(i.gpsRequestOpen)
 <LI><a href="#[27]">isspace</a> from isspace_o.o(.text) referenced from strtod.o(.text)
 <LI><a href="#[39]">ledRunTask</a> from app_task.o(i.ledRunTask) referenced from app_user.o(i.myAppConfig)
 <LI><a href="#[22]">main</a> from main.o(i.main) referenced from entry9a.o(.ARM.Collect$$$$0000000B)
 <LI><a href="#[32]">mode4Callback</a> from app_net.o(i.mode4Callback) referenced from app_instructioncmd.o(i.doModeInstruction)
 <LI><a href="#[2f]">moduleReset</a> from app_net.o(i.moduleReset) referenced from app_instructioncmd.o(i.doAPNInstruction)
 <LI><a href="#[40]">moduleResetProcess</a> from app_serverprotocol.o(i.moduleResetProcess) referenced from app_serverprotocol.o(i.protocolRunFsm)
 <LI><a href="#[37]">moduleResetProcessA</a> from app_net.o(i.moduleResetProcessA) referenced from app_net.o(i.moduleReset)
 <LI><a href="#[3d]">moduleResponParaser</a> from app_net.o(i.moduleResponParaser) referenced from app_task.o(i.netModuleStartup)
 <LI><a href="#[3c]">n58ATA</a> from app_net.o(i.n58ATA) referenced from app_net.o(i.n58AtaParser)
 <LI><a href="#[3a]">outPutNodeCmd</a> from app_net.o(i.outPutNodeCmd) referenced from app_user.o(i.myAppConfig)
 <LI><a href="#[30]">playAudio</a> from app_net.o(i.playAudio) referenced from app_instructioncmd.o(i.doAudioInstrucion)
 <LI><a href="#[30]">playAudio</a> from app_net.o(i.playAudio) referenced from app_net.o(i.n58AudplayParser)
 <LI><a href="#[33]">portSystemReset</a> from app_port.o(i.portSystemReset) referenced from app_instructioncmd.o(i.doResetInstruction)
 <LI><a href="#[33]">portSystemReset</a> from app_port.o(i.portSystemReset) referenced from app_instructioncmd.o(i.doUPSInstruction)
 <LI><a href="#[34]">reConnectServer</a> from app_net.o(i.reConnectServer) referenced from app_instructioncmd.o(i.doServerInstruction)
 <LI><a href="#[31]">recStopAndUpload</a> from app_rec.o(i.recStopAndUpload) referenced from app_instructioncmd.o(i.doJtInstruction)
 <LI><a href="#[36]">repairGsensor</a> from app_task.o(i.repairGsensor) referenced from app_task.o(i.gsensorIntervalCheck)
 <LI><a href="#[3b]">taskRunInOneSecond</a> from app_task.o(i.taskRunInOneSecond) referenced from app_user.o(i.myAppConfig)
</UL>
<P>
<H3>
Global Symbols
</H3>
<P><STRONG><a name="[24]"></a>__main</STRONG> (Thumb, 0 bytes, Stack size unknown bytes, entry.o(.ARM.Collect$$$$00000000))
<BR>[Address Reference Count : 1]<UL><LI> startup_stm32l071xx.o(.text)
</UL>
<P><STRONG><a name="[296]"></a>_main_stk</STRONG> (Thumb, 0 bytes, Stack size unknown bytes, entry2.o(.ARM.Collect$$$$00000001))

<P><STRONG><a name="[42]"></a>_main_scatterload</STRONG> (Thumb, 0 bytes, Stack size unknown bytes, entry5.o(.ARM.Collect$$$$00000004))
<BR><BR>[Calls]<UL><LI><a href="#[43]">&gt;&gt;</a>&nbsp;&nbsp;&nbsp;__scatterload
</UL>

<P><STRONG><a name="[6f]"></a>__main_after_scatterload</STRONG> (Thumb, 0 bytes, Stack size unknown bytes, entry5.o(.ARM.Collect$$$$00000004))
<BR><BR>[Called By]<UL><LI><a href="#[43]">&gt;&gt;</a>&nbsp;&nbsp;&nbsp;__scatterload
</UL>

<P><STRONG><a name="[297]"></a>_main_clock</STRONG> (Thumb, 0 bytes, Stack size unknown bytes, entry7b.o(.ARM.Collect$$$$00000008))

<P><STRONG><a name="[298]"></a>_main_cpp_init</STRONG> (Thumb, 0 bytes, Stack size unknown bytes, entry8b.o(.ARM.Collect$$$$0000000A))

<P><STRONG><a name="[299]"></a>_main_init</STRONG> (Thumb, 0 bytes, Stack size unknown bytes, entry9a.o(.ARM.Collect$$$$0000000B))

<P><STRONG><a name="[29a]"></a>__rt_final_cpp</STRONG> (Thumb, 0 bytes, Stack size unknown bytes, entry10a.o(.ARM.Collect$$$$0000000D))

<P><STRONG><a name="[29b]"></a>__rt_final_exit</STRONG> (Thumb, 0 bytes, Stack size unknown bytes, entry11a.o(.ARM.Collect$$$$0000000F))

<P><STRONG><a name="[0]"></a>Reset_Handler</STRONG> (Thumb, 8 bytes, Stack size 0 bytes, startup_stm32l071xx.o(.text))
<BR>[Address Reference Count : 1]<UL><LI> startup_stm32l071xx.o(RESET)
</UL>
<P><STRONG><a name="[11]"></a>ADC1_COMP_IRQHandler</STRONG> (Thumb, 0 bytes, Stack size 0 bytes, startup_stm32l071xx.o(.text))
<BR><BR>[Calls]<UL><LI><a href="#[11]">&gt;&gt;</a>&nbsp;&nbsp;&nbsp;ADC1_COMP_IRQHandler
</UL>
<BR>[Called By]<UL><LI><a href="#[11]">&gt;&gt;</a>&nbsp;&nbsp;&nbsp;ADC1_COMP_IRQHandler
</UL>
<BR>[Address Reference Count : 1]<UL><LI> startup_stm32l071xx.o(RESET)
</UL>
<P><STRONG><a name="[e]"></a>DMA1_Channel1_IRQHandler</STRONG> (Thumb, 0 bytes, Stack size 0 bytes, startup_stm32l071xx.o(.text))
<BR>[Address Reference Count : 1]<UL><LI> startup_stm32l071xx.o(RESET)
</UL>
<P><STRONG><a name="[b]"></a>EXTI0_1_IRQHandler</STRONG> (Thumb, 0 bytes, Stack size 0 bytes, startup_stm32l071xx.o(.text))
<BR>[Address Reference Count : 1]<UL><LI> startup_stm32l071xx.o(RESET)
</UL>
<P><STRONG><a name="[c]"></a>EXTI2_3_IRQHandler</STRONG> (Thumb, 0 bytes, Stack size 0 bytes, startup_stm32l071xx.o(.text))
<BR>[Address Reference Count : 1]<UL><LI> startup_stm32l071xx.o(RESET)
</UL>
<P><STRONG><a name="[9]"></a>FLASH_IRQHandler</STRONG> (Thumb, 0 bytes, Stack size 0 bytes, startup_stm32l071xx.o(.text))
<BR>[Address Reference Count : 1]<UL><LI> startup_stm32l071xx.o(RESET)
</UL>
<P><STRONG><a name="[1b]"></a>I2C1_IRQHandler</STRONG> (Thumb, 0 bytes, Stack size 0 bytes, startup_stm32l071xx.o(.text))
<BR>[Address Reference Count : 1]<UL><LI> startup_stm32l071xx.o(RESET)
</UL>
<P><STRONG><a name="[1c]"></a>I2C2_IRQHandler</STRONG> (Thumb, 0 bytes, Stack size 0 bytes, startup_stm32l071xx.o(.text))
<BR>[Address Reference Count : 1]<UL><LI> startup_stm32l071xx.o(RESET)
</UL>
<P><STRONG><a name="[19]"></a>I2C3_IRQHandler</STRONG> (Thumb, 0 bytes, Stack size 0 bytes, startup_stm32l071xx.o(.text))
<BR>[Address Reference Count : 1]<UL><LI> startup_stm32l071xx.o(RESET)
</UL>
<P><STRONG><a name="[12]"></a>LPTIM1_IRQHandler</STRONG> (Thumb, 0 bytes, Stack size 0 bytes, startup_stm32l071xx.o(.text))
<BR>[Address Reference Count : 1]<UL><LI> startup_stm32l071xx.o(RESET)
</UL>
<P><STRONG><a name="[7]"></a>PVD_IRQHandler</STRONG> (Thumb, 0 bytes, Stack size 0 bytes, startup_stm32l071xx.o(.text))
<BR>[Address Reference Count : 1]<UL><LI> startup_stm32l071xx.o(RESET)
</UL>
<P><STRONG><a name="[a]"></a>RCC_IRQHandler</STRONG> (Thumb, 0 bytes, Stack size 0 bytes, startup_stm32l071xx.o(.text))
<BR>[Address Reference Count : 1]<UL><LI> startup_stm32l071xx.o(RESET)
</UL>
<P><STRONG><a name="[1d]"></a>SPI1_IRQHandler</STRONG> (Thumb, 0 bytes, Stack size 0 bytes, startup_stm32l071xx.o(.text))
<BR>[Address Reference Count : 1]<UL><LI> startup_stm32l071xx.o(RESET)
</UL>
<P><STRONG><a name="[1e]"></a>SPI2_IRQHandler</STRONG> (Thumb, 0 bytes, Stack size 0 bytes, startup_stm32l071xx.o(.text))
<BR>[Address Reference Count : 1]<UL><LI> startup_stm32l071xx.o(RESET)
</UL>
<P><STRONG><a name="[18]"></a>TIM21_IRQHandler</STRONG> (Thumb, 0 bytes, Stack size 0 bytes, startup_stm32l071xx.o(.text))
<BR>[Address Reference Count : 1]<UL><LI> startup_stm32l071xx.o(RESET)
</UL>
<P><STRONG><a name="[1a]"></a>TIM22_IRQHandler</STRONG> (Thumb, 0 bytes, Stack size 0 bytes, startup_stm32l071xx.o(.text))
<BR>[Address Reference Count : 1]<UL><LI> startup_stm32l071xx.o(RESET)
</UL>
<P><STRONG><a name="[14]"></a>TIM2_IRQHandler</STRONG> (Thumb, 0 bytes, Stack size 0 bytes, startup_stm32l071xx.o(.text))
<BR>[Address Reference Count : 1]<UL><LI> startup_stm32l071xx.o(RESET)
</UL>
<P><STRONG><a name="[15]"></a>TIM3_IRQHandler</STRONG> (Thumb, 0 bytes, Stack size 0 bytes, startup_stm32l071xx.o(.text))
<BR>[Address Reference Count : 1]<UL><LI> startup_stm32l071xx.o(RESET)
</UL>
<P><STRONG><a name="[16]"></a>TIM6_IRQHandler</STRONG> (Thumb, 0 bytes, Stack size 0 bytes, startup_stm32l071xx.o(.text))
<BR>[Address Reference Count : 1]<UL><LI> startup_stm32l071xx.o(RESET)
</UL>
<P><STRONG><a name="[17]"></a>TIM7_IRQHandler</STRONG> (Thumb, 0 bytes, Stack size 0 bytes, startup_stm32l071xx.o(.text))
<BR>[Address Reference Count : 1]<UL><LI> startup_stm32l071xx.o(RESET)
</UL>
<P><STRONG><a name="[13]"></a>USART4_5_IRQHandler</STRONG> (Thumb, 0 bytes, Stack size 0 bytes, startup_stm32l071xx.o(.text))
<BR>[Address Reference Count : 1]<UL><LI> startup_stm32l071xx.o(RESET)
</UL>
<P><STRONG><a name="[6]"></a>WWDG_IRQHandler</STRONG> (Thumb, 0 bytes, Stack size 0 bytes, startup_stm32l071xx.o(.text))
<BR>[Address Reference Count : 1]<UL><LI> startup_stm32l071xx.o(RESET)
</UL>
<P><STRONG><a name="[29c]"></a>__aeabi_uidiv</STRONG> (Thumb, 0 bytes, Stack size 12 bytes, uidiv.o(.text), UNUSED)

<P><STRONG><a name="[45]"></a>__aeabi_uidivmod</STRONG> (Thumb, 44 bytes, Stack size 12 bytes, uidiv.o(.text))
<BR><BR>[Stack]<UL><LI>Max Depth = 12<LI>Call Chain = __aeabi_uidivmod
</UL>
<BR>[Called By]<UL><LI><a href="#[168]">&gt;&gt;</a>&nbsp;&nbsp;&nbsp;changeUTCTimeToLocalTime
<LI><a href="#[276]">&gt;&gt;</a>&nbsp;&nbsp;&nbsp;portSetSystemDateTime
<LI><a href="#[af]">&gt;&gt;</a>&nbsp;&nbsp;&nbsp;portSetNextWakeUpTime
<LI><a href="#[ad]">&gt;&gt;</a>&nbsp;&nbsp;&nbsp;portSetNextAlarmTime
<LI><a href="#[214]">&gt;&gt;</a>&nbsp;&nbsp;&nbsp;longitude_to_double
<LI><a href="#[20f]">&gt;&gt;</a>&nbsp;&nbsp;&nbsp;latitude_to_double
<LI><a href="#[117]">&gt;&gt;</a>&nbsp;&nbsp;&nbsp;addNewGPSInfo
<LI><a href="#[174]">&gt;&gt;</a>&nbsp;&nbsp;&nbsp;createProtocol19
<LI><a href="#[172]">&gt;&gt;</a>&nbsp;&nbsp;&nbsp;protocolGPSpack
<LI><a href="#[27f]">&gt;&gt;</a>&nbsp;&nbsp;&nbsp;recRecordUploadTask
<LI><a href="#[21b]">&gt;&gt;</a>&nbsp;&nbsp;&nbsp;voltageCheckTask
<LI><a href="#[289]">&gt;&gt;</a>&nbsp;&nbsp;&nbsp;uploadRequestInMode4
<LI><a href="#[20b]">&gt;&gt;</a>&nbsp;&nbsp;&nbsp;hearbeatRequest
<LI><a href="#[205]">&gt;&gt;</a>&nbsp;&nbsp;&nbsp;gsensorIntervalCheck
<LI><a href="#[21d]">&gt;&gt;</a>&nbsp;&nbsp;&nbsp;runTimeCount
<LI><a href="#[256]">&gt;&gt;</a>&nbsp;&nbsp;&nbsp;protocolRunFsm
<LI><a href="#[17d]">&gt;&gt;</a>&nbsp;&nbsp;&nbsp;createProtocolF3
<LI><a href="#[255]">&gt;&gt;</a>&nbsp;&nbsp;&nbsp;networkConnectProcess
<LI><a href="#[23d]">&gt;&gt;</a>&nbsp;&nbsp;&nbsp;n58FswrParser
<LI><a href="#[164]">&gt;&gt;</a>&nbsp;&nbsp;&nbsp;calculateTheGPSCornerPoint
<LI><a href="#[1b5]">&gt;&gt;</a>&nbsp;&nbsp;&nbsp;recStart
<LI><a href="#[1c7]">&gt;&gt;</a>&nbsp;&nbsp;&nbsp;doParamInstruction
<LI><a href="#[1bb]">&gt;&gt;</a>&nbsp;&nbsp;&nbsp;doModeInstruction
<LI><a href="#[1aa]">&gt;&gt;</a>&nbsp;&nbsp;&nbsp;doDebugInstrucion
<LI><a href="#[9e]">&gt;&gt;</a>&nbsp;&nbsp;&nbsp;HAL_InitTick
<LI><a href="#[78]">&gt;&gt;</a>&nbsp;&nbsp;&nbsp;ADC_DelayMicroSecond
<LI><a href="#[92]">&gt;&gt;</a>&nbsp;&nbsp;&nbsp;HAL_DMA_Init
<LI><a href="#[91]">&gt;&gt;</a>&nbsp;&nbsp;&nbsp;HAL_DMA_DeInit
<LI><a href="#[44]">&gt;&gt;</a>&nbsp;&nbsp;&nbsp;__aeabi_idivmod
<LI><a href="#[d1]">&gt;&gt;</a>&nbsp;&nbsp;&nbsp;UART_SetConfig
<LI><a href="#[4a]">&gt;&gt;</a>&nbsp;&nbsp;&nbsp;_localtime
<LI><a href="#[105]">&gt;&gt;</a>&nbsp;&nbsp;&nbsp;_printf_core
</UL>

<P><STRONG><a name="[29d]"></a>__aeabi_idiv</STRONG> (Thumb, 0 bytes, Stack size 16 bytes, idiv.o(.text), UNUSED)

<P><STRONG><a name="[44]"></a>__aeabi_idivmod</STRONG> (Thumb, 40 bytes, Stack size 16 bytes, idiv.o(.text))
<BR><BR>[Stack]<UL><LI>Max Depth = 28<LI>Call Chain = __aeabi_idivmod &rArr; __aeabi_uidivmod
</UL>
<BR>[Calls]<UL><LI><a href="#[45]">&gt;&gt;</a>&nbsp;&nbsp;&nbsp;__aeabi_uidivmod
</UL>
<BR>[Called By]<UL><LI><a href="#[168]">&gt;&gt;</a>&nbsp;&nbsp;&nbsp;changeUTCTimeToLocalTime
<LI><a href="#[49]">&gt;&gt;</a>&nbsp;&nbsp;&nbsp;mktime
</UL>

<P><STRONG><a name="[46]"></a>__aeabi_uldivmod</STRONG> (Thumb, 96 bytes, Stack size 48 bytes, uldiv.o(.text))
<BR><BR>[Stack]<UL><LI>Max Depth = 56<LI>Call Chain = __aeabi_uldivmod &rArr; __aeabi_llsr
</UL>
<BR>[Calls]<UL><LI><a href="#[47]">&gt;&gt;</a>&nbsp;&nbsp;&nbsp;__aeabi_llsr
<LI><a href="#[48]">&gt;&gt;</a>&nbsp;&nbsp;&nbsp;__aeabi_llsl
</UL>
<BR>[Called By]<UL><LI><a href="#[a5]">&gt;&gt;</a>&nbsp;&nbsp;&nbsp;HAL_RCC_GetSysClockFreq
<LI><a href="#[d1]">&gt;&gt;</a>&nbsp;&nbsp;&nbsp;UART_SetConfig
<LI><a href="#[105]">&gt;&gt;</a>&nbsp;&nbsp;&nbsp;_printf_core
<LI><a href="#[113]">&gt;&gt;</a>&nbsp;&nbsp;&nbsp;_fp_digits
</UL>

<P><STRONG><a name="[49]"></a>mktime</STRONG> (Thumb, 124 bytes, Stack size 16 bytes, mktime.o(.text))
<BR><BR>[Stack]<UL><LI>Max Depth = 44<LI>Call Chain = mktime &rArr; __aeabi_idivmod &rArr; __aeabi_uidivmod
</UL>
<BR>[Calls]<UL><LI><a href="#[44]">&gt;&gt;</a>&nbsp;&nbsp;&nbsp;__aeabi_idivmod
<LI><a href="#[4a]">&gt;&gt;</a>&nbsp;&nbsp;&nbsp;_localtime
</UL>
<BR>[Called By]<UL><LI><a href="#[276]">&gt;&gt;</a>&nbsp;&nbsp;&nbsp;portSetSystemDateTime
<LI><a href="#[267]">&gt;&gt;</a>&nbsp;&nbsp;&nbsp;parse_RMC
</UL>

<P><STRONG><a name="[7e]"></a>__aeabi_memcpy</STRONG> (Thumb, 36 bytes, Stack size 0 bytes, memcpya.o(.text))
<BR><BR>[Called By]<UL><LI><a href="#[168]">&gt;&gt;</a>&nbsp;&nbsp;&nbsp;changeUTCTimeToLocalTime
<LI><a href="#[7b]">&gt;&gt;</a>&nbsp;&nbsp;&nbsp;CreateNodeCmd
<LI><a href="#[257]">&gt;&gt;</a>&nbsp;&nbsp;&nbsp;parseGPS
<LI><a href="#[11c]">&gt;&gt;</a>&nbsp;&nbsp;&nbsp;updateLocalRTCTime
<LI><a href="#[24e]">&gt;&gt;</a>&nbsp;&nbsp;&nbsp;protocolReceivePush
<LI><a href="#[23d]">&gt;&gt;</a>&nbsp;&nbsp;&nbsp;n58FswrParser
<LI><a href="#[3d]">&gt;&gt;</a>&nbsp;&nbsp;&nbsp;moduleResponParaser
<LI><a href="#[295]">&gt;&gt;</a>&nbsp;&nbsp;&nbsp;ztvm_encrypt_undes
<LI><a href="#[290]">&gt;&gt;</a>&nbsp;&nbsp;&nbsp;ztvm_encrypt_des
</UL>

<P><STRONG><a name="[11a]"></a>__aeabi_memcpy4</STRONG> (Thumb, 0 bytes, Stack size 0 bytes, memcpya.o(.text))
<BR><BR>[Called By]<UL><LI><a href="#[117]">&gt;&gt;</a>&nbsp;&nbsp;&nbsp;addNewGPSInfo
<LI><a href="#[161]">&gt;&gt;</a>&nbsp;&nbsp;&nbsp;initLastPoint
</UL>

<P><STRONG><a name="[29e]"></a>__aeabi_memcpy8</STRONG> (Thumb, 0 bytes, Stack size 0 bytes, memcpya.o(.text), UNUSED)

<P><STRONG><a name="[4c]"></a>__aeabi_memset</STRONG> (Thumb, 14 bytes, Stack size 0 bytes, memseta.o(.text))
<BR><BR>[Called By]<UL><LI><a href="#[4d]">&gt;&gt;</a>&nbsp;&nbsp;&nbsp;_memset$wrapper
<LI><a href="#[4b]">&gt;&gt;</a>&nbsp;&nbsp;&nbsp;__aeabi_memclr
</UL>

<P><STRONG><a name="[29f]"></a>__aeabi_memset4</STRONG> (Thumb, 0 bytes, Stack size 0 bytes, memseta.o(.text), UNUSED)

<P><STRONG><a name="[2a0]"></a>__aeabi_memset8</STRONG> (Thumb, 0 bytes, Stack size 0 bytes, memseta.o(.text), UNUSED)

<P><STRONG><a name="[4b]"></a>__aeabi_memclr</STRONG> (Thumb, 4 bytes, Stack size 0 bytes, memseta.o(.text))
<BR><BR>[Calls]<UL><LI><a href="#[4c]">&gt;&gt;</a>&nbsp;&nbsp;&nbsp;__aeabi_memset
</UL>
<BR>[Called By]<UL><LI><a href="#[26a]">&gt;&gt;</a>&nbsp;&nbsp;&nbsp;parse_GSV
<LI><a href="#[287]">&gt;&gt;</a>&nbsp;&nbsp;&nbsp;systemShutDown
<LI><a href="#[207]">&gt;&gt;</a>&nbsp;&nbsp;&nbsp;gsensorTapTask
<LI><a href="#[1f8]">&gt;&gt;</a>&nbsp;&nbsp;&nbsp;gpsClearCurrentGPSInfo
<LI><a href="#[127]">&gt;&gt;</a>&nbsp;&nbsp;&nbsp;appBleInfoReset
<LI><a href="#[1d5]">&gt;&gt;</a>&nbsp;&nbsp;&nbsp;doSetblemacInstrucion
<LI><a href="#[1c7]">&gt;&gt;</a>&nbsp;&nbsp;&nbsp;doParamInstruction
</UL>

<P><STRONG><a name="[8c]"></a>__aeabi_memclr4</STRONG> (Thumb, 0 bytes, Stack size 0 bytes, memseta.o(.text))
<BR><BR>[Called By]<UL><LI><a href="#[276]">&gt;&gt;</a>&nbsp;&nbsp;&nbsp;portSetSystemDateTime
<LI><a href="#[253]">&gt;&gt;</a>&nbsp;&nbsp;&nbsp;portModuleCfg
<LI><a href="#[26f]">&gt;&gt;</a>&nbsp;&nbsp;&nbsp;portGsensorSdaSclCtl
<LI><a href="#[220]">&gt;&gt;</a>&nbsp;&nbsp;&nbsp;moduleInfoInit
<LI><a href="#[1e3]">&gt;&gt;</a>&nbsp;&nbsp;&nbsp;paramSaveUPSServer
<LI><a href="#[1cf]">&gt;&gt;</a>&nbsp;&nbsp;&nbsp;paramSaveServer
<LI><a href="#[1d6]">&gt;&gt;</a>&nbsp;&nbsp;&nbsp;paramSaveBleMac
<LI><a href="#[19a]">&gt;&gt;</a>&nbsp;&nbsp;&nbsp;paramSaveApnUser
<LI><a href="#[19b]">&gt;&gt;</a>&nbsp;&nbsp;&nbsp;paramSaveApnPswd
<LI><a href="#[19c]">&gt;&gt;</a>&nbsp;&nbsp;&nbsp;paramSaveApnName
<LI><a href="#[215]">&gt;&gt;</a>&nbsp;&nbsp;&nbsp;myAppConfig
<LI><a href="#[267]">&gt;&gt;</a>&nbsp;&nbsp;&nbsp;parse_RMC
<LI><a href="#[26a]">&gt;&gt;</a>&nbsp;&nbsp;&nbsp;parse_GSV
<LI><a href="#[257]">&gt;&gt;</a>&nbsp;&nbsp;&nbsp;parseGPS
<LI><a href="#[27c]">&gt;&gt;</a>&nbsp;&nbsp;&nbsp;protocolRxParser
<LI><a href="#[fc]">&gt;&gt;</a>&nbsp;&nbsp;&nbsp;SystemClock_Config
<LI><a href="#[1f8]">&gt;&gt;</a>&nbsp;&nbsp;&nbsp;gpsClearCurrentGPSInfo
<LI><a href="#[e3]">&gt;&gt;</a>&nbsp;&nbsp;&nbsp;MX_GPIO_Init
<LI><a href="#[1cd]">&gt;&gt;</a>&nbsp;&nbsp;&nbsp;doSNInstruction
<LI><a href="#[d0]">&gt;&gt;</a>&nbsp;&nbsp;&nbsp;HAL_UART_MspInit
<LI><a href="#[8b]">&gt;&gt;</a>&nbsp;&nbsp;&nbsp;HAL_ADC_MspInit
</UL>

<P><STRONG><a name="[2a1]"></a>__aeabi_memclr8</STRONG> (Thumb, 0 bytes, Stack size 0 bytes, memseta.o(.text), UNUSED)

<P><STRONG><a name="[4d]"></a>_memset$wrapper</STRONG> (Thumb, 18 bytes, Stack size 8 bytes, memseta.o(.text), UNUSED)
<BR><BR>[Calls]<UL><LI><a href="#[4c]">&gt;&gt;</a>&nbsp;&nbsp;&nbsp;__aeabi_memset
</UL>

<P><STRONG><a name="[133]"></a>strstr</STRONG> (Thumb, 40 bytes, Stack size 12 bytes, strstr.o(.text))
<BR><BR>[Stack]<UL><LI>Max Depth = 12<LI>Call Chain = strstr
</UL>
<BR>[Called By]<UL><LI><a href="#[18f]">&gt;&gt;</a>&nbsp;&nbsp;&nbsp;distinguishOK
<LI><a href="#[242]">&gt;&gt;</a>&nbsp;&nbsp;&nbsp;paramInit
<LI><a href="#[38]">&gt;&gt;</a>&nbsp;&nbsp;&nbsp;atCmdParserFunction
<LI><a href="#[131]">&gt;&gt;</a>&nbsp;&nbsp;&nbsp;atCmdDebugParase
<LI><a href="#[225]">&gt;&gt;</a>&nbsp;&nbsp;&nbsp;n58TCPsetupParser
<LI><a href="#[226]">&gt;&gt;</a>&nbsp;&nbsp;&nbsp;n58TCPcloseParser
<LI><a href="#[1c5]">&gt;&gt;</a>&nbsp;&nbsp;&nbsp;doPOITYPEInstruction
</UL>

<P><STRONG><a name="[126]"></a>strncpy</STRONG> (Thumb, 26 bytes, Stack size 8 bytes, strncpy.o(.text))
<BR><BR>[Stack]<UL><LI>Max Depth = 8<LI>Call Chain = strncpy
</UL>
<BR>[Called By]<UL><LI><a href="#[1e3]">&gt;&gt;</a>&nbsp;&nbsp;&nbsp;paramSaveUPSServer
<LI><a href="#[1cf]">&gt;&gt;</a>&nbsp;&nbsp;&nbsp;paramSaveServer
<LI><a href="#[1d6]">&gt;&gt;</a>&nbsp;&nbsp;&nbsp;paramSaveBleMac
<LI><a href="#[19a]">&gt;&gt;</a>&nbsp;&nbsp;&nbsp;paramSaveApnUser
<LI><a href="#[19b]">&gt;&gt;</a>&nbsp;&nbsp;&nbsp;paramSaveApnPswd
<LI><a href="#[19c]">&gt;&gt;</a>&nbsp;&nbsp;&nbsp;paramSaveApnName
<LI><a href="#[38]">&gt;&gt;</a>&nbsp;&nbsp;&nbsp;atCmdParserFunction
<LI><a href="#[27c]">&gt;&gt;</a>&nbsp;&nbsp;&nbsp;protocolRxParser
<LI><a href="#[128]">&gt;&gt;</a>&nbsp;&nbsp;&nbsp;appBlePRecvParser
<LI><a href="#[122]">&gt;&gt;</a>&nbsp;&nbsp;&nbsp;appBleCRecvParser
<LI><a href="#[229]">&gt;&gt;</a>&nbsp;&nbsp;&nbsp;n58WIFISCANParser
<LI><a href="#[224]">&gt;&gt;</a>&nbsp;&nbsp;&nbsp;n58TCPRecvParser
<LI><a href="#[240]">&gt;&gt;</a>&nbsp;&nbsp;&nbsp;n58GmrParser
<LI><a href="#[23c]">&gt;&gt;</a>&nbsp;&nbsp;&nbsp;n58FSLISTParser
<LI><a href="#[232]">&gt;&gt;</a>&nbsp;&nbsp;&nbsp;n58CSQParser
</UL>

<P><STRONG><a name="[dd]"></a>strlen</STRONG> (Thumb, 14 bytes, Stack size 0 bytes, strlen.o(.text))
<BR><BR>[Called By]<UL><LI><a href="#[132]">&gt;&gt;</a>&nbsp;&nbsp;&nbsp;stringToItem
<LI><a href="#[139]">&gt;&gt;</a>&nbsp;&nbsp;&nbsp;my_strstr
<LI><a href="#[1a2]">&gt;&gt;</a>&nbsp;&nbsp;&nbsp;my_strpach
<LI><a href="#[123]">&gt;&gt;</a>&nbsp;&nbsp;&nbsp;my_getstrindex
<LI><a href="#[c8]">&gt;&gt;</a>&nbsp;&nbsp;&nbsp;LogPrintf
<LI><a href="#[80]">&gt;&gt;</a>&nbsp;&nbsp;&nbsp;LogMessage
<LI><a href="#[1e3]">&gt;&gt;</a>&nbsp;&nbsp;&nbsp;paramSaveUPSServer
<LI><a href="#[1cf]">&gt;&gt;</a>&nbsp;&nbsp;&nbsp;paramSaveServer
<LI><a href="#[1d6]">&gt;&gt;</a>&nbsp;&nbsp;&nbsp;paramSaveBleMac
<LI><a href="#[19a]">&gt;&gt;</a>&nbsp;&nbsp;&nbsp;paramSaveApnUser
<LI><a href="#[19b]">&gt;&gt;</a>&nbsp;&nbsp;&nbsp;paramSaveApnPswd
<LI><a href="#[19c]">&gt;&gt;</a>&nbsp;&nbsp;&nbsp;paramSaveApnName
<LI><a href="#[131]">&gt;&gt;</a>&nbsp;&nbsp;&nbsp;atCmdDebugParase
<LI><a href="#[26b]">&gt;&gt;</a>&nbsp;&nbsp;&nbsp;showgpsinfo
<LI><a href="#[169]">&gt;&gt;</a>&nbsp;&nbsp;&nbsp;charstrToHexValue
<LI><a href="#[17c]">&gt;&gt;</a>&nbsp;&nbsp;&nbsp;createProtocolF1
<LI><a href="#[180]">&gt;&gt;</a>&nbsp;&nbsp;&nbsp;packIMEI
<LI><a href="#[1ed]">&gt;&gt;</a>&nbsp;&nbsp;&nbsp;dorequestSend123
<LI><a href="#[121]">&gt;&gt;</a>&nbsp;&nbsp;&nbsp;sendProtocolToServer
<LI><a href="#[ec]">&gt;&gt;</a>&nbsp;&nbsp;&nbsp;sendModuleCmd
<LI><a href="#[23c]">&gt;&gt;</a>&nbsp;&nbsp;&nbsp;n58FSLISTParser
<LI><a href="#[1ea]">&gt;&gt;</a>&nbsp;&nbsp;&nbsp;doVolInstrucion
<LI><a href="#[1e8]">&gt;&gt;</a>&nbsp;&nbsp;&nbsp;doVibrangeInstrucion
<LI><a href="#[1e7]">&gt;&gt;</a>&nbsp;&nbsp;&nbsp;doVersionInstruction
<LI><a href="#[1e4]">&gt;&gt;</a>&nbsp;&nbsp;&nbsp;doUTCInstruction
<LI><a href="#[1e0]">&gt;&gt;</a>&nbsp;&nbsp;&nbsp;doUPSInstruction
<LI><a href="#[1de]">&gt;&gt;</a>&nbsp;&nbsp;&nbsp;doTurnAlgInstrucion
<LI><a href="#[1dd]">&gt;&gt;</a>&nbsp;&nbsp;&nbsp;doTTSInstruction
<LI><a href="#[1db]">&gt;&gt;</a>&nbsp;&nbsp;&nbsp;doStatusInstruction
<LI><a href="#[1d9]">&gt;&gt;</a>&nbsp;&nbsp;&nbsp;doStaticTimeInstrucion
<LI><a href="#[1d7]">&gt;&gt;</a>&nbsp;&nbsp;&nbsp;doSmsreplyInstrucion
<LI><a href="#[1d5]">&gt;&gt;</a>&nbsp;&nbsp;&nbsp;doSetblemacInstrucion
<LI><a href="#[1d0]">&gt;&gt;</a>&nbsp;&nbsp;&nbsp;doSetAgpsInstruction
<LI><a href="#[1ce]">&gt;&gt;</a>&nbsp;&nbsp;&nbsp;doServerInstruction
<LI><a href="#[1cd]">&gt;&gt;</a>&nbsp;&nbsp;&nbsp;doSNInstruction
<LI><a href="#[1cc]">&gt;&gt;</a>&nbsp;&nbsp;&nbsp;doResetInstruction
<LI><a href="#[1c9]">&gt;&gt;</a>&nbsp;&nbsp;&nbsp;doPdopInstrucion
<LI><a href="#[1c7]">&gt;&gt;</a>&nbsp;&nbsp;&nbsp;doParamInstruction
<LI><a href="#[1c5]">&gt;&gt;</a>&nbsp;&nbsp;&nbsp;doPOITYPEInstruction
<LI><a href="#[1bb]">&gt;&gt;</a>&nbsp;&nbsp;&nbsp;doModeInstruction
<LI><a href="#[1b8]">&gt;&gt;</a>&nbsp;&nbsp;&nbsp;doLOWWInstruction
<LI><a href="#[1b6]">&gt;&gt;</a>&nbsp;&nbsp;&nbsp;doLEDInstruction
<LI><a href="#[1b4]">&gt;&gt;</a>&nbsp;&nbsp;&nbsp;doJtInstruction
<LI><a href="#[1b1]">&gt;&gt;</a>&nbsp;&nbsp;&nbsp;doHbtInstruction
<LI><a href="#[1af]">&gt;&gt;</a>&nbsp;&nbsp;&nbsp;doFenceInstrucion
<LI><a href="#[142]">&gt;&gt;</a>&nbsp;&nbsp;&nbsp;doFactoryTestInstruction
<LI><a href="#[1ad]">&gt;&gt;</a>&nbsp;&nbsp;&nbsp;doFactoryInstrucion
<LI><a href="#[1aa]">&gt;&gt;</a>&nbsp;&nbsp;&nbsp;doDebugInstrucion
<LI><a href="#[1a9]">&gt;&gt;</a>&nbsp;&nbsp;&nbsp;doCFInstruction
<LI><a href="#[1a7]">&gt;&gt;</a>&nbsp;&nbsp;&nbsp;doBFInstruction
<LI><a href="#[1a6]">&gt;&gt;</a>&nbsp;&nbsp;&nbsp;doAudioInstrucion
<LI><a href="#[1a4]">&gt;&gt;</a>&nbsp;&nbsp;&nbsp;doAnswerInstrucion
<LI><a href="#[1a1]">&gt;&gt;</a>&nbsp;&nbsp;&nbsp;doAlarmModeInstrucion
<LI><a href="#[1a0]">&gt;&gt;</a>&nbsp;&nbsp;&nbsp;doAdccalInstrucion
<LI><a href="#[199]">&gt;&gt;</a>&nbsp;&nbsp;&nbsp;doAPNInstruction
<LI><a href="#[195]">&gt;&gt;</a>&nbsp;&nbsp;&nbsp;doACCCTLGNSSInstrucion
<LI><a href="#[14c]">&gt;&gt;</a>&nbsp;&nbsp;&nbsp;mycmdPatch
</UL>

<P><STRONG><a name="[191]"></a>strcpy</STRONG> (Thumb, 18 bytes, Stack size 0 bytes, strcpy.o(.text))
<BR><BR>[Called By]<UL><LI><a href="#[25e]">&gt;&gt;</a>&nbsp;&nbsp;&nbsp;paramSaveCodeVersion
<LI><a href="#[1ae]">&gt;&gt;</a>&nbsp;&nbsp;&nbsp;paramDefaultInit
<LI><a href="#[242]">&gt;&gt;</a>&nbsp;&nbsp;&nbsp;paramInit
<LI><a href="#[247]">&gt;&gt;</a>&nbsp;&nbsp;&nbsp;recUpdateFileName
<LI><a href="#[202]">&gt;&gt;</a>&nbsp;&nbsp;&nbsp;gpsUpdateRestoreFileNameAndTotalSize
<LI><a href="#[228]">&gt;&gt;</a>&nbsp;&nbsp;&nbsp;n58CMGRParser
<LI><a href="#[1d0]">&gt;&gt;</a>&nbsp;&nbsp;&nbsp;doSetAgpsInstruction
<LI><a href="#[1c5]">&gt;&gt;</a>&nbsp;&nbsp;&nbsp;doPOITYPEInstruction
<LI><a href="#[1bb]">&gt;&gt;</a>&nbsp;&nbsp;&nbsp;doModeInstruction
<LI><a href="#[1aa]">&gt;&gt;</a>&nbsp;&nbsp;&nbsp;doDebugInstrucion
<LI><a href="#[1a9]">&gt;&gt;</a>&nbsp;&nbsp;&nbsp;doCFInstruction
<LI><a href="#[1a7]">&gt;&gt;</a>&nbsp;&nbsp;&nbsp;doBFInstruction
<LI><a href="#[1a6]">&gt;&gt;</a>&nbsp;&nbsp;&nbsp;doAudioInstrucion
<LI><a href="#[199]">&gt;&gt;</a>&nbsp;&nbsp;&nbsp;doAPNInstruction
<LI><a href="#[190]">&gt;&gt;</a>&nbsp;&nbsp;&nbsp;do123Instruction
</UL>

<P><STRONG><a name="[4e]"></a>strtoul</STRONG> (Thumb, 118 bytes, Stack size 40 bytes, strtoul.o(.text))
<BR><BR>[Stack]<UL><LI>Max Depth = 80<LI>Call Chain = strtoul &rArr; _strtoul
</UL>
<BR>[Calls]<UL><LI><a href="#[51]">&gt;&gt;</a>&nbsp;&nbsp;&nbsp;_strtoul
<LI><a href="#[4f]">&gt;&gt;</a>&nbsp;&nbsp;&nbsp;__aeabi_errno_addr
<LI><a href="#[50]">&gt;&gt;</a>&nbsp;&nbsp;&nbsp;__rt_ctype_table
</UL>
<BR>[Called By]<UL><LI><a href="#[22b]">&gt;&gt;</a>&nbsp;&nbsp;&nbsp;n58MylacidParser
</UL>

<P><STRONG><a name="[52]"></a>atoi</STRONG> (Thumb, 26 bytes, Stack size 16 bytes, atoi.o(.text))
<BR><BR>[Stack]<UL><LI>Max Depth = 88<LI>Call Chain = atoi &rArr; strtol &rArr; _strtoul
</UL>
<BR>[Calls]<UL><LI><a href="#[53]">&gt;&gt;</a>&nbsp;&nbsp;&nbsp;strtol
<LI><a href="#[4f]">&gt;&gt;</a>&nbsp;&nbsp;&nbsp;__aeabi_errno_addr
</UL>
<BR>[Called By]<UL><LI><a href="#[131]">&gt;&gt;</a>&nbsp;&nbsp;&nbsp;atCmdDebugParase
<LI><a href="#[267]">&gt;&gt;</a>&nbsp;&nbsp;&nbsp;parse_RMC
<LI><a href="#[26a]">&gt;&gt;</a>&nbsp;&nbsp;&nbsp;parse_GSV
<LI><a href="#[268]">&gt;&gt;</a>&nbsp;&nbsp;&nbsp;parse_GSA
<LI><a href="#[269]">&gt;&gt;</a>&nbsp;&nbsp;&nbsp;parse_GGA
<LI><a href="#[128]">&gt;&gt;</a>&nbsp;&nbsp;&nbsp;appBlePRecvParser
<LI><a href="#[122]">&gt;&gt;</a>&nbsp;&nbsp;&nbsp;appBleCRecvParser
<LI><a href="#[224]">&gt;&gt;</a>&nbsp;&nbsp;&nbsp;n58TCPRecvParser
<LI><a href="#[23d]">&gt;&gt;</a>&nbsp;&nbsp;&nbsp;n58FswrParser
<LI><a href="#[23c]">&gt;&gt;</a>&nbsp;&nbsp;&nbsp;n58FSLISTParser
<LI><a href="#[232]">&gt;&gt;</a>&nbsp;&nbsp;&nbsp;n58CSQParser
<LI><a href="#[233]">&gt;&gt;</a>&nbsp;&nbsp;&nbsp;n58CREGParser
<LI><a href="#[227]">&gt;&gt;</a>&nbsp;&nbsp;&nbsp;n58CMTIParser
<LI><a href="#[1ea]">&gt;&gt;</a>&nbsp;&nbsp;&nbsp;doVolInstrucion
<LI><a href="#[1e8]">&gt;&gt;</a>&nbsp;&nbsp;&nbsp;doVibrangeInstrucion
<LI><a href="#[1e4]">&gt;&gt;</a>&nbsp;&nbsp;&nbsp;doUTCInstruction
<LI><a href="#[1e0]">&gt;&gt;</a>&nbsp;&nbsp;&nbsp;doUPSInstruction
<LI><a href="#[1de]">&gt;&gt;</a>&nbsp;&nbsp;&nbsp;doTurnAlgInstrucion
<LI><a href="#[1d9]">&gt;&gt;</a>&nbsp;&nbsp;&nbsp;doStaticTimeInstrucion
<LI><a href="#[1d0]">&gt;&gt;</a>&nbsp;&nbsp;&nbsp;doSetAgpsInstruction
<LI><a href="#[1c9]">&gt;&gt;</a>&nbsp;&nbsp;&nbsp;doPdopInstrucion
<LI><a href="#[1c5]">&gt;&gt;</a>&nbsp;&nbsp;&nbsp;doPOITYPEInstruction
<LI><a href="#[1bb]">&gt;&gt;</a>&nbsp;&nbsp;&nbsp;doModeInstruction
<LI><a href="#[1b8]">&gt;&gt;</a>&nbsp;&nbsp;&nbsp;doLOWWInstruction
<LI><a href="#[1b6]">&gt;&gt;</a>&nbsp;&nbsp;&nbsp;doLEDInstruction
<LI><a href="#[1b4]">&gt;&gt;</a>&nbsp;&nbsp;&nbsp;doJtInstruction
<LI><a href="#[1b1]">&gt;&gt;</a>&nbsp;&nbsp;&nbsp;doHbtInstruction
<LI><a href="#[1a6]">&gt;&gt;</a>&nbsp;&nbsp;&nbsp;doAudioInstrucion
<LI><a href="#[1a4]">&gt;&gt;</a>&nbsp;&nbsp;&nbsp;doAnswerInstrucion
<LI><a href="#[1a0]">&gt;&gt;</a>&nbsp;&nbsp;&nbsp;doAdccalInstrucion
<LI><a href="#[195]">&gt;&gt;</a>&nbsp;&nbsp;&nbsp;doACCCTLGNSSInstrucion
<LI><a href="#[130]">&gt;&gt;</a>&nbsp;&nbsp;&nbsp;atCmdDebugLevelParser
</UL>

<P><STRONG><a name="[54]"></a>atol</STRONG> (Thumb, 26 bytes, Stack size 16 bytes, atol.o(.text))
<BR><BR>[Stack]<UL><LI>Max Depth = 88<LI>Call Chain = atol &rArr; strtol &rArr; _strtoul
</UL>
<BR>[Calls]<UL><LI><a href="#[53]">&gt;&gt;</a>&nbsp;&nbsp;&nbsp;strtol
<LI><a href="#[4f]">&gt;&gt;</a>&nbsp;&nbsp;&nbsp;__aeabi_errno_addr
</UL>
<BR>[Called By]<UL><LI><a href="#[1d7]">&gt;&gt;</a>&nbsp;&nbsp;&nbsp;doSmsreplyInstrucion
<LI><a href="#[1ce]">&gt;&gt;</a>&nbsp;&nbsp;&nbsp;doServerInstruction
<LI><a href="#[1af]">&gt;&gt;</a>&nbsp;&nbsp;&nbsp;doFenceInstrucion
</UL>

<P><STRONG><a name="[55]"></a>__aeabi_fadd</STRONG> (Thumb, 162 bytes, Stack size 24 bytes, fadd.o(.text))
<BR><BR>[Stack]<UL><LI>Max Depth = 36<LI>Call Chain = __aeabi_fadd &rArr; _float_epilogue
</UL>
<BR>[Calls]<UL><LI><a href="#[57]">&gt;&gt;</a>&nbsp;&nbsp;&nbsp;_float_round
<LI><a href="#[56]">&gt;&gt;</a>&nbsp;&nbsp;&nbsp;_float_epilogue
</UL>
<BR>[Called By]<UL><LI><a href="#[58]">&gt;&gt;</a>&nbsp;&nbsp;&nbsp;__aeabi_fsub
<LI><a href="#[21b]">&gt;&gt;</a>&nbsp;&nbsp;&nbsp;voltageCheckTask
<LI><a href="#[59]">&gt;&gt;</a>&nbsp;&nbsp;&nbsp;__aeabi_frsub
</UL>

<P><STRONG><a name="[58]"></a>__aeabi_fsub</STRONG> (Thumb, 8 bytes, Stack size 0 bytes, fadd.o(.text), UNUSED)
<BR><BR>[Calls]<UL><LI><a href="#[55]">&gt;&gt;</a>&nbsp;&nbsp;&nbsp;__aeabi_fadd
</UL>

<P><STRONG><a name="[59]"></a>__aeabi_frsub</STRONG> (Thumb, 8 bytes, Stack size 0 bytes, fadd.o(.text), UNUSED)
<BR><BR>[Calls]<UL><LI><a href="#[55]">&gt;&gt;</a>&nbsp;&nbsp;&nbsp;__aeabi_fadd
</UL>

<P><STRONG><a name="[186]"></a>__aeabi_fmul</STRONG> (Thumb, 122 bytes, Stack size 16 bytes, fmul.o(.text))
<BR><BR>[Stack]<UL><LI>Max Depth = 16<LI>Call Chain = __aeabi_fmul
</UL>
<BR>[Called By]<UL><LI><a href="#[13f]">&gt;&gt;</a>&nbsp;&nbsp;&nbsp;paramSaveAdcCal
<LI><a href="#[184]">&gt;&gt;</a>&nbsp;&nbsp;&nbsp;createProtocol_13
</UL>

<P><STRONG><a name="[5a]"></a>__aeabi_fdiv</STRONG> (Thumb, 124 bytes, Stack size 16 bytes, fdiv.o(.text))
<BR><BR>[Stack]<UL><LI>Max Depth = 16<LI>Call Chain = __aeabi_fdiv
</UL>
<BR>[Calls]<UL><LI><a href="#[57]">&gt;&gt;</a>&nbsp;&nbsp;&nbsp;_float_round
</UL>
<BR>[Called By]<UL><LI><a href="#[13c]">&gt;&gt;</a>&nbsp;&nbsp;&nbsp;atCmdFmpcAdccalParase
<LI><a href="#[21b]">&gt;&gt;</a>&nbsp;&nbsp;&nbsp;voltageCheckTask
<LI><a href="#[14d]">&gt;&gt;</a>&nbsp;&nbsp;&nbsp;getBatVoltage
<LI><a href="#[1a0]">&gt;&gt;</a>&nbsp;&nbsp;&nbsp;doAdccalInstrucion
</UL>

<P><STRONG><a name="[5b]"></a>__aeabi_dadd</STRONG> (Thumb, 328 bytes, Stack size 48 bytes, dadd.o(.text))
<BR><BR>[Stack]<UL><LI>Max Depth = 104<LI>Call Chain = __aeabi_dadd &rArr; _double_epilogue &rArr; __aeabi_llsr
</UL>
<BR>[Calls]<UL><LI><a href="#[5c]">&gt;&gt;</a>&nbsp;&nbsp;&nbsp;__aeabi_lasr
<LI><a href="#[48]">&gt;&gt;</a>&nbsp;&nbsp;&nbsp;__aeabi_llsl
<LI><a href="#[5e]">&gt;&gt;</a>&nbsp;&nbsp;&nbsp;_double_round
<LI><a href="#[5d]">&gt;&gt;</a>&nbsp;&nbsp;&nbsp;_double_epilogue
</UL>
<BR>[Called By]<UL><LI><a href="#[13c]">&gt;&gt;</a>&nbsp;&nbsp;&nbsp;atCmdFmpcAdccalParase
<LI><a href="#[214]">&gt;&gt;</a>&nbsp;&nbsp;&nbsp;longitude_to_double
<LI><a href="#[20f]">&gt;&gt;</a>&nbsp;&nbsp;&nbsp;latitude_to_double
<LI><a href="#[169]">&gt;&gt;</a>&nbsp;&nbsp;&nbsp;charstrToHexValue
<LI><a href="#[5f]">&gt;&gt;</a>&nbsp;&nbsp;&nbsp;__aeabi_dsub
<LI><a href="#[21b]">&gt;&gt;</a>&nbsp;&nbsp;&nbsp;voltageCheckTask
<LI><a href="#[60]">&gt;&gt;</a>&nbsp;&nbsp;&nbsp;__aeabi_drsub
<LI><a href="#[15f]">&gt;&gt;</a>&nbsp;&nbsp;&nbsp;calculateTheDistanceBetweenTwoPonits
<LI><a href="#[1a0]">&gt;&gt;</a>&nbsp;&nbsp;&nbsp;doAdccalInstrucion
<LI><a href="#[16a]">&gt;&gt;</a>&nbsp;&nbsp;&nbsp;pow
<LI><a href="#[12b]">&gt;&gt;</a>&nbsp;&nbsp;&nbsp;asin
<LI><a href="#[10b]">&gt;&gt;</a>&nbsp;&nbsp;&nbsp;__kernel_sin
<LI><a href="#[107]">&gt;&gt;</a>&nbsp;&nbsp;&nbsp;__ieee754_rem_pio2
<LI><a href="#[10a]">&gt;&gt;</a>&nbsp;&nbsp;&nbsp;__kernel_poly
<LI><a href="#[110]">&gt;&gt;</a>&nbsp;&nbsp;&nbsp;__mathlib_dbl_infnan2
<LI><a href="#[113]">&gt;&gt;</a>&nbsp;&nbsp;&nbsp;_fp_digits
</UL>

<P><STRONG><a name="[5f]"></a>__aeabi_dsub</STRONG> (Thumb, 12 bytes, Stack size 8 bytes, dadd.o(.text))
<BR><BR>[Stack]<UL><LI>Max Depth = 112<LI>Call Chain = __aeabi_dsub &rArr; __aeabi_dadd &rArr; _double_epilogue &rArr; __aeabi_llsr
</UL>
<BR>[Calls]<UL><LI><a href="#[5b]">&gt;&gt;</a>&nbsp;&nbsp;&nbsp;__aeabi_dadd
</UL>
<BR>[Called By]<UL><LI><a href="#[214]">&gt;&gt;</a>&nbsp;&nbsp;&nbsp;longitude_to_double
<LI><a href="#[20f]">&gt;&gt;</a>&nbsp;&nbsp;&nbsp;latitude_to_double
<LI><a href="#[185]">&gt;&gt;</a>&nbsp;&nbsp;&nbsp;getBatteryLevel
<LI><a href="#[15f]">&gt;&gt;</a>&nbsp;&nbsp;&nbsp;calculateTheDistanceBetweenTwoPonits
<LI><a href="#[16a]">&gt;&gt;</a>&nbsp;&nbsp;&nbsp;pow
<LI><a href="#[12b]">&gt;&gt;</a>&nbsp;&nbsp;&nbsp;asin
<LI><a href="#[10b]">&gt;&gt;</a>&nbsp;&nbsp;&nbsp;__kernel_sin
<LI><a href="#[107]">&gt;&gt;</a>&nbsp;&nbsp;&nbsp;__ieee754_rem_pio2
<LI><a href="#[109]">&gt;&gt;</a>&nbsp;&nbsp;&nbsp;__kernel_cos
</UL>

<P><STRONG><a name="[60]"></a>__aeabi_drsub</STRONG> (Thumb, 12 bytes, Stack size 8 bytes, dadd.o(.text))
<BR><BR>[Stack]<UL><LI>Max Depth = 112<LI>Call Chain = __aeabi_drsub &rArr; __aeabi_dadd &rArr; _double_epilogue &rArr; __aeabi_llsr
</UL>
<BR>[Calls]<UL><LI><a href="#[5b]">&gt;&gt;</a>&nbsp;&nbsp;&nbsp;__aeabi_dadd
</UL>
<BR>[Called By]<UL><LI><a href="#[15f]">&gt;&gt;</a>&nbsp;&nbsp;&nbsp;calculateTheDistanceBetweenTwoPonits
<LI><a href="#[16a]">&gt;&gt;</a>&nbsp;&nbsp;&nbsp;pow
<LI><a href="#[12b]">&gt;&gt;</a>&nbsp;&nbsp;&nbsp;asin
<LI><a href="#[10b]">&gt;&gt;</a>&nbsp;&nbsp;&nbsp;__kernel_sin
<LI><a href="#[107]">&gt;&gt;</a>&nbsp;&nbsp;&nbsp;__ieee754_rem_pio2
<LI><a href="#[109]">&gt;&gt;</a>&nbsp;&nbsp;&nbsp;__kernel_cos
</UL>

<P><STRONG><a name="[61]"></a>__aeabi_dmul</STRONG> (Thumb, 202 bytes, Stack size 72 bytes, dmul.o(.text))
<BR><BR>[Stack]<UL><LI>Max Depth = 128<LI>Call Chain = __aeabi_dmul &rArr; _double_epilogue &rArr; __aeabi_llsr
</UL>
<BR>[Calls]<UL><LI><a href="#[5d]">&gt;&gt;</a>&nbsp;&nbsp;&nbsp;_double_epilogue
</UL>
<BR>[Called By]<UL><LI><a href="#[13c]">&gt;&gt;</a>&nbsp;&nbsp;&nbsp;atCmdFmpcAdccalParase
<LI><a href="#[267]">&gt;&gt;</a>&nbsp;&nbsp;&nbsp;parse_RMC
<LI><a href="#[214]">&gt;&gt;</a>&nbsp;&nbsp;&nbsp;longitude_to_double
<LI><a href="#[20f]">&gt;&gt;</a>&nbsp;&nbsp;&nbsp;latitude_to_double
<LI><a href="#[169]">&gt;&gt;</a>&nbsp;&nbsp;&nbsp;charstrToHexValue
<LI><a href="#[172]">&gt;&gt;</a>&nbsp;&nbsp;&nbsp;protocolGPSpack
<LI><a href="#[185]">&gt;&gt;</a>&nbsp;&nbsp;&nbsp;getBatteryLevel
<LI><a href="#[14d]">&gt;&gt;</a>&nbsp;&nbsp;&nbsp;getBatVoltage
<LI><a href="#[15f]">&gt;&gt;</a>&nbsp;&nbsp;&nbsp;calculateTheDistanceBetweenTwoPonits
<LI><a href="#[15d]">&gt;&gt;</a>&nbsp;&nbsp;&nbsp;calculateDistanceOfPoint
<LI><a href="#[1a0]">&gt;&gt;</a>&nbsp;&nbsp;&nbsp;doAdccalInstrucion
<LI><a href="#[16a]">&gt;&gt;</a>&nbsp;&nbsp;&nbsp;pow
<LI><a href="#[12b]">&gt;&gt;</a>&nbsp;&nbsp;&nbsp;asin
<LI><a href="#[70]">&gt;&gt;</a>&nbsp;&nbsp;&nbsp;_fp_value
<LI><a href="#[10b]">&gt;&gt;</a>&nbsp;&nbsp;&nbsp;__kernel_sin
<LI><a href="#[107]">&gt;&gt;</a>&nbsp;&nbsp;&nbsp;__ieee754_rem_pio2
<LI><a href="#[10a]">&gt;&gt;</a>&nbsp;&nbsp;&nbsp;__kernel_poly
<LI><a href="#[109]">&gt;&gt;</a>&nbsp;&nbsp;&nbsp;__kernel_cos
<LI><a href="#[113]">&gt;&gt;</a>&nbsp;&nbsp;&nbsp;_fp_digits
</UL>

<P><STRONG><a name="[62]"></a>__aeabi_ddiv</STRONG> (Thumb, 234 bytes, Stack size 40 bytes, ddiv.o(.text))
<BR><BR>[Stack]<UL><LI>Max Depth = 48<LI>Call Chain = __aeabi_ddiv &rArr; _double_round
</UL>
<BR>[Calls]<UL><LI><a href="#[5e]">&gt;&gt;</a>&nbsp;&nbsp;&nbsp;_double_round
</UL>
<BR>[Called By]<UL><LI><a href="#[25a]">&gt;&gt;</a>&nbsp;&nbsp;&nbsp;paramGetAdcCal
<LI><a href="#[242]">&gt;&gt;</a>&nbsp;&nbsp;&nbsp;paramInit
<LI><a href="#[214]">&gt;&gt;</a>&nbsp;&nbsp;&nbsp;longitude_to_double
<LI><a href="#[20f]">&gt;&gt;</a>&nbsp;&nbsp;&nbsp;latitude_to_double
<LI><a href="#[185]">&gt;&gt;</a>&nbsp;&nbsp;&nbsp;getBatteryLevel
<LI><a href="#[15f]">&gt;&gt;</a>&nbsp;&nbsp;&nbsp;calculateTheDistanceBetweenTwoPonits
<LI><a href="#[1c9]">&gt;&gt;</a>&nbsp;&nbsp;&nbsp;doPdopInstrucion
<LI><a href="#[1b8]">&gt;&gt;</a>&nbsp;&nbsp;&nbsp;doLOWWInstruction
<LI><a href="#[1a0]">&gt;&gt;</a>&nbsp;&nbsp;&nbsp;doAdccalInstrucion
<LI><a href="#[16a]">&gt;&gt;</a>&nbsp;&nbsp;&nbsp;pow
<LI><a href="#[12b]">&gt;&gt;</a>&nbsp;&nbsp;&nbsp;asin
<LI><a href="#[70]">&gt;&gt;</a>&nbsp;&nbsp;&nbsp;_fp_value
<LI><a href="#[111]">&gt;&gt;</a>&nbsp;&nbsp;&nbsp;__mathlib_dbl_invalid
<LI><a href="#[10e]">&gt;&gt;</a>&nbsp;&nbsp;&nbsp;__mathlib_dbl_divzero
<LI><a href="#[113]">&gt;&gt;</a>&nbsp;&nbsp;&nbsp;_fp_digits
</UL>

<P><STRONG><a name="[108]"></a>__ARM_scalbn</STRONG> (Thumb, 44 bytes, Stack size 16 bytes, dscalb.o(.text))
<BR><BR>[Stack]<UL><LI>Max Depth = 16<LI>Call Chain = __ARM_scalbn
</UL>
<BR>[Called By]<UL><LI><a href="#[15f]">&gt;&gt;</a>&nbsp;&nbsp;&nbsp;calculateTheDistanceBetweenTwoPonits
<LI><a href="#[16a]">&gt;&gt;</a>&nbsp;&nbsp;&nbsp;pow
<LI><a href="#[12b]">&gt;&gt;</a>&nbsp;&nbsp;&nbsp;asin
<LI><a href="#[10b]">&gt;&gt;</a>&nbsp;&nbsp;&nbsp;__kernel_sin
<LI><a href="#[107]">&gt;&gt;</a>&nbsp;&nbsp;&nbsp;__ieee754_rem_pio2
<LI><a href="#[10d]">&gt;&gt;</a>&nbsp;&nbsp;&nbsp;__mathlib_dbl_underflow
<LI><a href="#[112]">&gt;&gt;</a>&nbsp;&nbsp;&nbsp;__mathlib_dbl_overflow
<LI><a href="#[10f]">&gt;&gt;</a>&nbsp;&nbsp;&nbsp;__mathlib_dbl_infnan
<LI><a href="#[109]">&gt;&gt;</a>&nbsp;&nbsp;&nbsp;__kernel_cos
</UL>

<P><STRONG><a name="[2a2]"></a>scalbn</STRONG> (Thumb, 0 bytes, Stack size 16 bytes, dscalb.o(.text), UNUSED)

<P><STRONG><a name="[63]"></a>__aeabi_ui2f</STRONG> (Thumb, 14 bytes, Stack size 8 bytes, ffltui.o(.text))
<BR><BR>[Stack]<UL><LI>Max Depth = 20<LI>Call Chain = __aeabi_ui2f &rArr; _float_epilogue
</UL>
<BR>[Calls]<UL><LI><a href="#[56]">&gt;&gt;</a>&nbsp;&nbsp;&nbsp;_float_epilogue
</UL>
<BR>[Called By]<UL><LI><a href="#[13c]">&gt;&gt;</a>&nbsp;&nbsp;&nbsp;atCmdFmpcAdccalParase
<LI><a href="#[21b]">&gt;&gt;</a>&nbsp;&nbsp;&nbsp;voltageCheckTask
<LI><a href="#[14d]">&gt;&gt;</a>&nbsp;&nbsp;&nbsp;getBatVoltage
<LI><a href="#[1a0]">&gt;&gt;</a>&nbsp;&nbsp;&nbsp;doAdccalInstrucion
</UL>

<P><STRONG><a name="[64]"></a>__aeabi_i2d</STRONG> (Thumb, 34 bytes, Stack size 16 bytes, dflti.o(.text))
<BR><BR>[Stack]<UL><LI>Max Depth = 72<LI>Call Chain = __aeabi_i2d &rArr; _double_epilogue &rArr; __aeabi_llsr
</UL>
<BR>[Calls]<UL><LI><a href="#[5d]">&gt;&gt;</a>&nbsp;&nbsp;&nbsp;_double_epilogue
</UL>
<BR>[Called By]<UL><LI><a href="#[169]">&gt;&gt;</a>&nbsp;&nbsp;&nbsp;charstrToHexValue
<LI><a href="#[1a0]">&gt;&gt;</a>&nbsp;&nbsp;&nbsp;doAdccalInstrucion
<LI><a href="#[16a]">&gt;&gt;</a>&nbsp;&nbsp;&nbsp;pow
<LI><a href="#[107]">&gt;&gt;</a>&nbsp;&nbsp;&nbsp;__ieee754_rem_pio2
</UL>

<P><STRONG><a name="[65]"></a>__aeabi_ui2d</STRONG> (Thumb, 24 bytes, Stack size 16 bytes, dfltui.o(.text))
<BR><BR>[Stack]<UL><LI>Max Depth = 72<LI>Call Chain = __aeabi_ui2d &rArr; _double_epilogue &rArr; __aeabi_llsr
</UL>
<BR>[Calls]<UL><LI><a href="#[5d]">&gt;&gt;</a>&nbsp;&nbsp;&nbsp;_double_epilogue
</UL>
<BR>[Called By]<UL><LI><a href="#[25a]">&gt;&gt;</a>&nbsp;&nbsp;&nbsp;paramGetAdcCal
<LI><a href="#[242]">&gt;&gt;</a>&nbsp;&nbsp;&nbsp;paramInit
<LI><a href="#[214]">&gt;&gt;</a>&nbsp;&nbsp;&nbsp;longitude_to_double
<LI><a href="#[20f]">&gt;&gt;</a>&nbsp;&nbsp;&nbsp;latitude_to_double
<LI><a href="#[169]">&gt;&gt;</a>&nbsp;&nbsp;&nbsp;charstrToHexValue
<LI><a href="#[15d]">&gt;&gt;</a>&nbsp;&nbsp;&nbsp;calculateDistanceOfPoint
<LI><a href="#[1c9]">&gt;&gt;</a>&nbsp;&nbsp;&nbsp;doPdopInstrucion
<LI><a href="#[1b8]">&gt;&gt;</a>&nbsp;&nbsp;&nbsp;doLOWWInstruction
<LI><a href="#[107]">&gt;&gt;</a>&nbsp;&nbsp;&nbsp;__ieee754_rem_pio2
</UL>

<P><STRONG><a name="[187]"></a>__aeabi_f2uiz</STRONG> (Thumb, 40 bytes, Stack size 0 bytes, ffixui.o(.text))
<BR><BR>[Called By]<UL><LI><a href="#[13f]">&gt;&gt;</a>&nbsp;&nbsp;&nbsp;paramSaveAdcCal
<LI><a href="#[184]">&gt;&gt;</a>&nbsp;&nbsp;&nbsp;createProtocol_13
</UL>

<P><STRONG><a name="[66]"></a>__aeabi_d2uiz</STRONG> (Thumb, 50 bytes, Stack size 8 bytes, dfixui.o(.text))
<BR><BR>[Stack]<UL><LI>Max Depth = 16<LI>Call Chain = __aeabi_d2uiz &rArr; __aeabi_llsr
</UL>
<BR>[Calls]<UL><LI><a href="#[47]">&gt;&gt;</a>&nbsp;&nbsp;&nbsp;__aeabi_llsr
</UL>
<BR>[Called By]<UL><LI><a href="#[214]">&gt;&gt;</a>&nbsp;&nbsp;&nbsp;longitude_to_double
<LI><a href="#[20f]">&gt;&gt;</a>&nbsp;&nbsp;&nbsp;latitude_to_double
<LI><a href="#[169]">&gt;&gt;</a>&nbsp;&nbsp;&nbsp;charstrToHexValue
<LI><a href="#[172]">&gt;&gt;</a>&nbsp;&nbsp;&nbsp;protocolGPSpack
<LI><a href="#[185]">&gt;&gt;</a>&nbsp;&nbsp;&nbsp;getBatteryLevel
</UL>

<P><STRONG><a name="[13e]"></a>__aeabi_f2d</STRONG> (Thumb, 40 bytes, Stack size 0 bytes, f2d.o(.text))
<BR><BR>[Called By]<UL><LI><a href="#[38]">&gt;&gt;</a>&nbsp;&nbsp;&nbsp;atCmdParserFunction
<LI><a href="#[13c]">&gt;&gt;</a>&nbsp;&nbsp;&nbsp;atCmdFmpcAdccalParase
<LI><a href="#[26b]">&gt;&gt;</a>&nbsp;&nbsp;&nbsp;showgpsinfo
<LI><a href="#[185]">&gt;&gt;</a>&nbsp;&nbsp;&nbsp;getBatteryLevel
<LI><a href="#[288]">&gt;&gt;</a>&nbsp;&nbsp;&nbsp;wdtProcess
<LI><a href="#[21b]">&gt;&gt;</a>&nbsp;&nbsp;&nbsp;voltageCheckTask
<LI><a href="#[14d]">&gt;&gt;</a>&nbsp;&nbsp;&nbsp;getBatVoltage
<LI><a href="#[1db]">&gt;&gt;</a>&nbsp;&nbsp;&nbsp;doStatusInstruction
<LI><a href="#[1b8]">&gt;&gt;</a>&nbsp;&nbsp;&nbsp;doLOWWInstruction
<LI><a href="#[142]">&gt;&gt;</a>&nbsp;&nbsp;&nbsp;doFactoryTestInstruction
<LI><a href="#[1a0]">&gt;&gt;</a>&nbsp;&nbsp;&nbsp;doAdccalInstrucion
</UL>

<P><STRONG><a name="[210]"></a>__aeabi_cdcmpeq</STRONG> (Thumb, 0 bytes, Stack size 0 bytes, cdcmple.o(.text))
<BR><BR>[Called By]<UL><LI><a href="#[214]">&gt;&gt;</a>&nbsp;&nbsp;&nbsp;longitude_to_double
<LI><a href="#[20f]">&gt;&gt;</a>&nbsp;&nbsp;&nbsp;latitude_to_double
</UL>

<P><STRONG><a name="[160]"></a>__aeabi_cdcmple</STRONG> (Thumb, 38 bytes, Stack size 0 bytes, cdcmple.o(.text))
<BR><BR>[Called By]<UL><LI><a href="#[172]">&gt;&gt;</a>&nbsp;&nbsp;&nbsp;protocolGPSpack
<LI><a href="#[164]">&gt;&gt;</a>&nbsp;&nbsp;&nbsp;calculateTheGPSCornerPoint
<LI><a href="#[15d]">&gt;&gt;</a>&nbsp;&nbsp;&nbsp;calculateDistanceOfPoint
</UL>

<P><STRONG><a name="[114]"></a>__aeabi_cdrcmple</STRONG> (Thumb, 38 bytes, Stack size 0 bytes, cdrcmple.o(.text))
<BR><BR>[Called By]<UL><LI><a href="#[21b]">&gt;&gt;</a>&nbsp;&nbsp;&nbsp;voltageCheckTask
<LI><a href="#[207]">&gt;&gt;</a>&nbsp;&nbsp;&nbsp;gsensorTapTask
<LI><a href="#[16a]">&gt;&gt;</a>&nbsp;&nbsp;&nbsp;pow
<LI><a href="#[113]">&gt;&gt;</a>&nbsp;&nbsp;&nbsp;_fp_digits
</UL>

<P><STRONG><a name="[67]"></a>__aeabi_d2f</STRONG> (Thumb, 56 bytes, Stack size 8 bytes, d2f.o(.text))
<BR><BR>[Stack]<UL><LI>Max Depth = 8<LI>Call Chain = __aeabi_d2f
</UL>
<BR>[Calls]<UL><LI><a href="#[57]">&gt;&gt;</a>&nbsp;&nbsp;&nbsp;_float_round
</UL>
<BR>[Called By]<UL><LI><a href="#[25a]">&gt;&gt;</a>&nbsp;&nbsp;&nbsp;paramGetAdcCal
<LI><a href="#[242]">&gt;&gt;</a>&nbsp;&nbsp;&nbsp;paramInit
<LI><a href="#[13c]">&gt;&gt;</a>&nbsp;&nbsp;&nbsp;atCmdFmpcAdccalParase
<LI><a href="#[268]">&gt;&gt;</a>&nbsp;&nbsp;&nbsp;parse_GSA
<LI><a href="#[14d]">&gt;&gt;</a>&nbsp;&nbsp;&nbsp;getBatVoltage
<LI><a href="#[1b8]">&gt;&gt;</a>&nbsp;&nbsp;&nbsp;doLOWWInstruction
<LI><a href="#[1a0]">&gt;&gt;</a>&nbsp;&nbsp;&nbsp;doAdccalInstrucion
<LI><a href="#[73]">&gt;&gt;</a>&nbsp;&nbsp;&nbsp;_scanf_really_real
</UL>

<P><STRONG><a name="[2a3]"></a>__aeabi_cfcmpeq</STRONG> (Thumb, 0 bytes, Stack size 0 bytes, cfcmple.o(.text), UNUSED)

<P><STRONG><a name="[28f]"></a>__aeabi_cfcmple</STRONG> (Thumb, 20 bytes, Stack size 0 bytes, cfcmple.o(.text))
<BR><BR>[Called By]<UL><LI><a href="#[21b]">&gt;&gt;</a>&nbsp;&nbsp;&nbsp;voltageCheckTask
</UL>

<P><STRONG><a name="[48]"></a>__aeabi_llsl</STRONG> (Thumb, 32 bytes, Stack size 8 bytes, llshl.o(.text))
<BR><BR>[Stack]<UL><LI>Max Depth = 8<LI>Call Chain = __aeabi_llsl
</UL>
<BR>[Called By]<UL><LI><a href="#[5b]">&gt;&gt;</a>&nbsp;&nbsp;&nbsp;__aeabi_dadd
<LI><a href="#[46]">&gt;&gt;</a>&nbsp;&nbsp;&nbsp;__aeabi_uldivmod
<LI><a href="#[71]">&gt;&gt;</a>&nbsp;&nbsp;&nbsp;__aeabi_lmul
<LI><a href="#[5d]">&gt;&gt;</a>&nbsp;&nbsp;&nbsp;_double_epilogue
<LI><a href="#[6e]">&gt;&gt;</a>&nbsp;&nbsp;&nbsp;__aeabi_d2ulz
</UL>

<P><STRONG><a name="[2a4]"></a>_ll_shift_l</STRONG> (Thumb, 0 bytes, Stack size 8 bytes, llshl.o(.text), UNUSED)

<P><STRONG><a name="[47]"></a>__aeabi_llsr</STRONG> (Thumb, 34 bytes, Stack size 8 bytes, llushr.o(.text))
<BR><BR>[Stack]<UL><LI>Max Depth = 8<LI>Call Chain = __aeabi_llsr
</UL>
<BR>[Called By]<UL><LI><a href="#[66]">&gt;&gt;</a>&nbsp;&nbsp;&nbsp;__aeabi_d2uiz
<LI><a href="#[46]">&gt;&gt;</a>&nbsp;&nbsp;&nbsp;__aeabi_uldivmod
<LI><a href="#[6d]">&gt;&gt;</a>&nbsp;&nbsp;&nbsp;_dsqrt
<LI><a href="#[75]">&gt;&gt;</a>&nbsp;&nbsp;&nbsp;__aeabi_d2iz
<LI><a href="#[5d]">&gt;&gt;</a>&nbsp;&nbsp;&nbsp;_double_epilogue
<LI><a href="#[6e]">&gt;&gt;</a>&nbsp;&nbsp;&nbsp;__aeabi_d2ulz
</UL>

<P><STRONG><a name="[2a5]"></a>_ll_ushift_r</STRONG> (Thumb, 0 bytes, Stack size 8 bytes, llushr.o(.text), UNUSED)

<P><STRONG><a name="[5c]"></a>__aeabi_lasr</STRONG> (Thumb, 38 bytes, Stack size 8 bytes, llsshr.o(.text))
<BR><BR>[Stack]<UL><LI>Max Depth = 8<LI>Call Chain = __aeabi_lasr
</UL>
<BR>[Called By]<UL><LI><a href="#[5b]">&gt;&gt;</a>&nbsp;&nbsp;&nbsp;__aeabi_dadd
</UL>

<P><STRONG><a name="[2a6]"></a>_ll_sshift_r</STRONG> (Thumb, 0 bytes, Stack size 8 bytes, llsshr.o(.text), UNUSED)

<P><STRONG><a name="[50]"></a>__rt_ctype_table</STRONG> (Thumb, 4 bytes, Stack size 0 bytes, ctype_o.o(.text))
<BR><BR>[Called By]<UL><LI><a href="#[53]">&gt;&gt;</a>&nbsp;&nbsp;&nbsp;strtol
<LI><a href="#[27]">&gt;&gt;</a>&nbsp;&nbsp;&nbsp;isspace
<LI><a href="#[4e]">&gt;&gt;</a>&nbsp;&nbsp;&nbsp;strtoul
</UL>

<P><STRONG><a name="[27]"></a>isspace</STRONG> (Thumb, 18 bytes, Stack size 8 bytes, isspace_o.o(.text))
<BR><BR>[Stack]<UL><LI>Max Depth = 8<LI>Call Chain = isspace
</UL>
<BR>[Calls]<UL><LI><a href="#[50]">&gt;&gt;</a>&nbsp;&nbsp;&nbsp;__rt_ctype_table
</UL>
<BR>[Address Reference Count : 1]<UL><LI> strtod.o(.text)
</UL>
<P><STRONG><a name="[4a]"></a>_localtime</STRONG> (Thumb, 104 bytes, Stack size 16 bytes, localtime_i.o(.text))
<BR><BR>[Stack]<UL><LI>Max Depth = 28<LI>Call Chain = _localtime &rArr; __aeabi_uidivmod
</UL>
<BR>[Calls]<UL><LI><a href="#[45]">&gt;&gt;</a>&nbsp;&nbsp;&nbsp;__aeabi_uidivmod
</UL>
<BR>[Called By]<UL><LI><a href="#[49]">&gt;&gt;</a>&nbsp;&nbsp;&nbsp;mktime
</UL>

<P><STRONG><a name="[51]"></a>_strtoul</STRONG> (Thumb, 166 bytes, Stack size 40 bytes, _strtoul.o(.text))
<BR><BR>[Stack]<UL><LI>Max Depth = 40<LI>Call Chain = _strtoul
</UL>
<BR>[Calls]<UL><LI><a href="#[68]">&gt;&gt;</a>&nbsp;&nbsp;&nbsp;_chval
<LI><a href="#[4f]">&gt;&gt;</a>&nbsp;&nbsp;&nbsp;__aeabi_errno_addr
</UL>
<BR>[Called By]<UL><LI><a href="#[53]">&gt;&gt;</a>&nbsp;&nbsp;&nbsp;strtol
<LI><a href="#[4e]">&gt;&gt;</a>&nbsp;&nbsp;&nbsp;strtoul
</UL>

<P><STRONG><a name="[6b]"></a>__strtod_int</STRONG> (Thumb, 94 bytes, Stack size 40 bytes, strtod.o(.text))
<BR><BR>[Stack]<UL><LI>Max Depth = 200<LI>Call Chain = __strtod_int &rArr; _local_sscanf &rArr; _scanf_real
</UL>
<BR>[Calls]<UL><LI><a href="#[69]">&gt;&gt;</a>&nbsp;&nbsp;&nbsp;_local_sscanf
</UL>
<BR>[Called By]<UL><LI><a href="#[156]">&gt;&gt;</a>&nbsp;&nbsp;&nbsp;atof
</UL>

<P><STRONG><a name="[53]"></a>strtol</STRONG> (Thumb, 108 bytes, Stack size 32 bytes, strtol.o(.text))
<BR><BR>[Stack]<UL><LI>Max Depth = 72<LI>Call Chain = strtol &rArr; _strtoul
</UL>
<BR>[Calls]<UL><LI><a href="#[51]">&gt;&gt;</a>&nbsp;&nbsp;&nbsp;_strtoul
<LI><a href="#[4f]">&gt;&gt;</a>&nbsp;&nbsp;&nbsp;__aeabi_errno_addr
<LI><a href="#[50]">&gt;&gt;</a>&nbsp;&nbsp;&nbsp;__rt_ctype_table
</UL>
<BR>[Called By]<UL><LI><a href="#[54]">&gt;&gt;</a>&nbsp;&nbsp;&nbsp;atol
<LI><a href="#[52]">&gt;&gt;</a>&nbsp;&nbsp;&nbsp;atoi
</UL>

<P><STRONG><a name="[2a7]"></a>__I$use$fp</STRONG> (Thumb, 0 bytes, Stack size 0 bytes, iusefp.o(.text), UNUSED)

<P><STRONG><a name="[57]"></a>_float_round</STRONG> (Thumb, 16 bytes, Stack size 0 bytes, fepilogue.o(.text))
<BR><BR>[Called By]<UL><LI><a href="#[67]">&gt;&gt;</a>&nbsp;&nbsp;&nbsp;__aeabi_d2f
<LI><a href="#[5a]">&gt;&gt;</a>&nbsp;&nbsp;&nbsp;__aeabi_fdiv
<LI><a href="#[55]">&gt;&gt;</a>&nbsp;&nbsp;&nbsp;__aeabi_fadd
</UL>

<P><STRONG><a name="[56]"></a>_float_epilogue</STRONG> (Thumb, 114 bytes, Stack size 12 bytes, fepilogue.o(.text))
<BR><BR>[Stack]<UL><LI>Max Depth = 12<LI>Call Chain = _float_epilogue
</UL>
<BR>[Called By]<UL><LI><a href="#[63]">&gt;&gt;</a>&nbsp;&nbsp;&nbsp;__aeabi_ui2f
<LI><a href="#[55]">&gt;&gt;</a>&nbsp;&nbsp;&nbsp;__aeabi_fadd
</UL>

<P><STRONG><a name="[5e]"></a>_double_round</STRONG> (Thumb, 26 bytes, Stack size 8 bytes, depilogue.o(.text))
<BR><BR>[Stack]<UL><LI>Max Depth = 8<LI>Call Chain = _double_round
</UL>
<BR>[Called By]<UL><LI><a href="#[62]">&gt;&gt;</a>&nbsp;&nbsp;&nbsp;__aeabi_ddiv
<LI><a href="#[5b]">&gt;&gt;</a>&nbsp;&nbsp;&nbsp;__aeabi_dadd
<LI><a href="#[6d]">&gt;&gt;</a>&nbsp;&nbsp;&nbsp;_dsqrt
<LI><a href="#[5d]">&gt;&gt;</a>&nbsp;&nbsp;&nbsp;_double_epilogue
</UL>

<P><STRONG><a name="[5d]"></a>_double_epilogue</STRONG> (Thumb, 164 bytes, Stack size 48 bytes, depilogue.o(.text))
<BR><BR>[Stack]<UL><LI>Max Depth = 56<LI>Call Chain = _double_epilogue &rArr; __aeabi_llsr
</UL>
<BR>[Calls]<UL><LI><a href="#[6c]">&gt;&gt;</a>&nbsp;&nbsp;&nbsp;__ARM_clz
<LI><a href="#[47]">&gt;&gt;</a>&nbsp;&nbsp;&nbsp;__aeabi_llsr
<LI><a href="#[48]">&gt;&gt;</a>&nbsp;&nbsp;&nbsp;__aeabi_llsl
<LI><a href="#[5e]">&gt;&gt;</a>&nbsp;&nbsp;&nbsp;_double_round
</UL>
<BR>[Called By]<UL><LI><a href="#[65]">&gt;&gt;</a>&nbsp;&nbsp;&nbsp;__aeabi_ui2d
<LI><a href="#[64]">&gt;&gt;</a>&nbsp;&nbsp;&nbsp;__aeabi_i2d
<LI><a href="#[61]">&gt;&gt;</a>&nbsp;&nbsp;&nbsp;__aeabi_dmul
<LI><a href="#[5b]">&gt;&gt;</a>&nbsp;&nbsp;&nbsp;__aeabi_dadd
<LI><a href="#[72]">&gt;&gt;</a>&nbsp;&nbsp;&nbsp;__aeabi_ul2d
</UL>

<P><STRONG><a name="[6d]"></a>_dsqrt</STRONG> (Thumb, 162 bytes, Stack size 32 bytes, dsqrt.o(.text))
<BR><BR>[Stack]<UL><LI>Max Depth = 40<LI>Call Chain = _dsqrt &rArr; __aeabi_llsr
</UL>
<BR>[Calls]<UL><LI><a href="#[47]">&gt;&gt;</a>&nbsp;&nbsp;&nbsp;__aeabi_llsr
<LI><a href="#[5e]">&gt;&gt;</a>&nbsp;&nbsp;&nbsp;_double_round
</UL>
<BR>[Called By]<UL><LI><a href="#[12d]">&gt;&gt;</a>&nbsp;&nbsp;&nbsp;sqrt
</UL>

<P><STRONG><a name="[6e]"></a>__aeabi_d2ulz</STRONG> (Thumb, 54 bytes, Stack size 8 bytes, dfixul.o(.text), UNUSED)
<BR><BR>[Calls]<UL><LI><a href="#[47]">&gt;&gt;</a>&nbsp;&nbsp;&nbsp;__aeabi_llsr
<LI><a href="#[48]">&gt;&gt;</a>&nbsp;&nbsp;&nbsp;__aeabi_llsl
</UL>
<BR>[Called By]<UL><LI><a href="#[113]">&gt;&gt;</a>&nbsp;&nbsp;&nbsp;_fp_digits
</UL>

<P><STRONG><a name="[43]"></a>__scatterload</STRONG> (Thumb, 28 bytes, Stack size 0 bytes, init.o(.text))
<BR><BR>[Calls]<UL><LI><a href="#[6f]">&gt;&gt;</a>&nbsp;&nbsp;&nbsp;__main_after_scatterload
</UL>
<BR>[Called By]<UL><LI><a href="#[42]">&gt;&gt;</a>&nbsp;&nbsp;&nbsp;_main_scatterload
</UL>

<P><STRONG><a name="[2a8]"></a>__scatterload_rt2</STRONG> (Thumb, 0 bytes, Stack size 0 bytes, init.o(.text), UNUSED)

<P><STRONG><a name="[68]"></a>_chval</STRONG> (Thumb, 30 bytes, Stack size 0 bytes, _chval.o(.text))
<BR><BR>[Called By]<UL><LI><a href="#[51]">&gt;&gt;</a>&nbsp;&nbsp;&nbsp;_strtoul
</UL>

<P><STRONG><a name="[6a]"></a>_scanf_real</STRONG> (Thumb, 0 bytes, Stack size 104 bytes, scanf_fp.o(.text))
<BR><BR>[Stack]<UL><LI>Max Depth = 104<LI>Call Chain = _scanf_real
</UL>
<BR>[Called By]<UL><LI><a href="#[69]">&gt;&gt;</a>&nbsp;&nbsp;&nbsp;_local_sscanf
</UL>

<P><STRONG><a name="[73]"></a>_scanf_really_real</STRONG> (Thumb, 586 bytes, Stack size 104 bytes, scanf_fp.o(.text), UNUSED)
<BR><BR>[Calls]<UL><LI><a href="#[67]">&gt;&gt;</a>&nbsp;&nbsp;&nbsp;__aeabi_d2f
<LI><a href="#[74]">&gt;&gt;</a>&nbsp;&nbsp;&nbsp;_is_digit
<LI><a href="#[70]">&gt;&gt;</a>&nbsp;&nbsp;&nbsp;_fp_value
</UL>

<P><STRONG><a name="[25]"></a>_sgetc</STRONG> (Thumb, 32 bytes, Stack size 0 bytes, _sgetc.o(.text))
<BR>[Address Reference Count : 1]<UL><LI> strtod.o(.text)
</UL>
<P><STRONG><a name="[26]"></a>_sbackspace</STRONG> (Thumb, 36 bytes, Stack size 0 bytes, _sgetc.o(.text))
<BR>[Address Reference Count : 1]<UL><LI> strtod.o(.text)
</UL>
<P><STRONG><a name="[75]"></a>__aeabi_d2iz</STRONG> (Thumb, 62 bytes, Stack size 16 bytes, dfixi.o(.text))
<BR><BR>[Stack]<UL><LI>Max Depth = 24<LI>Call Chain = __aeabi_d2iz &rArr; __aeabi_llsr
</UL>
<BR>[Calls]<UL><LI><a href="#[47]">&gt;&gt;</a>&nbsp;&nbsp;&nbsp;__aeabi_llsr
</UL>
<BR>[Called By]<UL><LI><a href="#[107]">&gt;&gt;</a>&nbsp;&nbsp;&nbsp;__ieee754_rem_pio2
<LI><a href="#[109]">&gt;&gt;</a>&nbsp;&nbsp;&nbsp;__kernel_cos
</UL>

<P><STRONG><a name="[71]"></a>__aeabi_lmul</STRONG> (Thumb, 122 bytes, Stack size 64 bytes, llmul.o(.text), UNUSED)
<BR><BR>[Calls]<UL><LI><a href="#[48]">&gt;&gt;</a>&nbsp;&nbsp;&nbsp;__aeabi_llsl
</UL>
<BR>[Called By]<UL><LI><a href="#[70]">&gt;&gt;</a>&nbsp;&nbsp;&nbsp;_fp_value
</UL>

<P><STRONG><a name="[2a9]"></a>_ll_mul</STRONG> (Thumb, 0 bytes, Stack size 64 bytes, llmul.o(.text), UNUSED)

<P><STRONG><a name="[72]"></a>__aeabi_ul2d</STRONG> (Thumb, 22 bytes, Stack size 16 bytes, dfltul.o(.text), UNUSED)
<BR><BR>[Calls]<UL><LI><a href="#[5d]">&gt;&gt;</a>&nbsp;&nbsp;&nbsp;_double_epilogue
</UL>
<BR>[Called By]<UL><LI><a href="#[70]">&gt;&gt;</a>&nbsp;&nbsp;&nbsp;_fp_value
</UL>

<P><STRONG><a name="[7b]"></a>CreateNodeCmd</STRONG> (Thumb, 176 bytes, Stack size 32 bytes, app_net.o(i.CreateNodeCmd))
<BR><BR>[Stack]<UL><LI>Max Depth = 188<LI>Call Chain = CreateNodeCmd &rArr; portSystemReset &rArr; portSaveStep &rArr; portUpdateStep &rArr; getStep &rArr; mir3da_register_read &rArr; iicReadData &rArr; Soft_IIC_Write_Byte &rArr; Soft_IIC_Wait_ACK &rArr; Soft_IIC_Stop &rArr; Soft_IIC_Output &rArr; HAL_GPIO_Init
</UL>
<BR>[Calls]<UL><LI><a href="#[7c]">&gt;&gt;</a>&nbsp;&nbsp;&nbsp;HAL_GPIO_WritePin
<LI><a href="#[33]">&gt;&gt;</a>&nbsp;&nbsp;&nbsp;portSystemReset
<LI><a href="#[81]">&gt;&gt;</a>&nbsp;&nbsp;&nbsp;paramSaveMallocFault
<LI><a href="#[80]">&gt;&gt;</a>&nbsp;&nbsp;&nbsp;LogMessage
<LI><a href="#[7e]">&gt;&gt;</a>&nbsp;&nbsp;&nbsp;__aeabi_memcpy
<LI><a href="#[7d]">&gt;&gt;</a>&nbsp;&nbsp;&nbsp;malloc
<LI><a href="#[7f]">&gt;&gt;</a>&nbsp;&nbsp;&nbsp;free
</UL>
<BR>[Called By]<UL><LI><a href="#[201]">&gt;&gt;</a>&nbsp;&nbsp;&nbsp;gpsRestoreWriteData
<LI><a href="#[27b]">&gt;&gt;</a>&nbsp;&nbsp;&nbsp;protoclparser52
<LI><a href="#[ec]">&gt;&gt;</a>&nbsp;&nbsp;&nbsp;sendModuleCmd
<LI><a href="#[281]">&gt;&gt;</a>&nbsp;&nbsp;&nbsp;sendMessage
<LI><a href="#[17b]">&gt;&gt;</a>&nbsp;&nbsp;&nbsp;sendDataToServer
<LI><a href="#[12a]">&gt;&gt;</a>&nbsp;&nbsp;&nbsp;appBleSendData
<LI><a href="#[1dd]">&gt;&gt;</a>&nbsp;&nbsp;&nbsp;doTTSInstruction
</UL>

<P><STRONG><a name="[f]"></a>DMA1_Channel2_3_IRQHandler</STRONG> (Thumb, 10 bytes, Stack size 8 bytes, stm32l0xx_it.o(i.DMA1_Channel2_3_IRQHandler))
<BR><BR>[Stack]<UL><LI>Max Depth = 24<LI>Call Chain = DMA1_Channel2_3_IRQHandler &rArr; HAL_DMA_IRQHandler
</UL>
<BR>[Calls]<UL><LI><a href="#[84]">&gt;&gt;</a>&nbsp;&nbsp;&nbsp;HAL_DMA_IRQHandler
</UL>
<BR>[Address Reference Count : 1]<UL><LI> startup_stm32l071xx.o(RESET)
</UL>
<P><STRONG><a name="[10]"></a>DMA1_Channel4_5_6_7_IRQHandler</STRONG> (Thumb, 16 bytes, Stack size 8 bytes, stm32l0xx_it.o(i.DMA1_Channel4_5_6_7_IRQHandler))
<BR><BR>[Stack]<UL><LI>Max Depth = 24<LI>Call Chain = DMA1_Channel4_5_6_7_IRQHandler &rArr; HAL_DMA_IRQHandler
</UL>
<BR>[Calls]<UL><LI><a href="#[84]">&gt;&gt;</a>&nbsp;&nbsp;&nbsp;HAL_DMA_IRQHandler
</UL>
<BR>[Address Reference Count : 1]<UL><LI> startup_stm32l071xx.o(RESET)
</UL>
<P><STRONG><a name="[d]"></a>EXTI4_15_IRQHandler</STRONG> (Thumb, 24 bytes, Stack size 8 bytes, stm32l0xx_it.o(i.EXTI4_15_IRQHandler))
<BR><BR>[Stack]<UL><LI>Max Depth = 232<LI>Call Chain = EXTI4_15_IRQHandler &rArr; HAL_GPIO_EXTI_IRQHandler &rArr; HAL_GPIO_EXTI_Callback &rArr; portRingSignal &rArr; startTimer &rArr; Create_Timer &rArr; LogMessage &rArr; portUartSend &rArr; HAL_UART_Transmit &rArr; UART_WaitOnFlagUntilTimeout
</UL>
<BR>[Calls]<UL><LI><a href="#[85]">&gt;&gt;</a>&nbsp;&nbsp;&nbsp;HAL_GPIO_EXTI_IRQHandler
</UL>
<BR>[Address Reference Count : 1]<UL><LI> startup_stm32l071xx.o(RESET)
</UL>
<P><STRONG><a name="[d6]"></a>Error_Handler</STRONG> (Thumb, 2 bytes, Stack size 0 bytes, main.o(i.Error_Handler))
<BR><BR>[Called By]<UL><LI><a href="#[e8]">&gt;&gt;</a>&nbsp;&nbsp;&nbsp;MX_USART2_UART_Init
<LI><a href="#[e7]">&gt;&gt;</a>&nbsp;&nbsp;&nbsp;MX_USART1_UART_Init
<LI><a href="#[e5]">&gt;&gt;</a>&nbsp;&nbsp;&nbsp;MX_LPUART1_UART_Init
<LI><a href="#[276]">&gt;&gt;</a>&nbsp;&nbsp;&nbsp;portSetSystemDateTime
<LI><a href="#[13d]">&gt;&gt;</a>&nbsp;&nbsp;&nbsp;portGetAdc
<LI><a href="#[275]">&gt;&gt;</a>&nbsp;&nbsp;&nbsp;updateAlarmA
<LI><a href="#[e6]">&gt;&gt;</a>&nbsp;&nbsp;&nbsp;MX_RTC_Init
<LI><a href="#[e4]">&gt;&gt;</a>&nbsp;&nbsp;&nbsp;MX_IWDG_Init
<LI><a href="#[e1]">&gt;&gt;</a>&nbsp;&nbsp;&nbsp;MX_ADC_Init
<LI><a href="#[d0]">&gt;&gt;</a>&nbsp;&nbsp;&nbsp;HAL_UART_MspInit
</UL>

<P><STRONG><a name="[86]"></a>FLASH_WaitForLastOperation</STRONG> (Thumb, 106 bytes, Stack size 16 bytes, stm32l0xx_hal_flash.o(i.FLASH_WaitForLastOperation))
<BR><BR>[Stack]<UL><LI>Max Depth = 24<LI>Call Chain = FLASH_WaitForLastOperation &rArr; FLASH_SetErrorCode
</UL>
<BR>[Calls]<UL><LI><a href="#[77]">&gt;&gt;</a>&nbsp;&nbsp;&nbsp;HAL_GetTick
<LI><a href="#[87]">&gt;&gt;</a>&nbsp;&nbsp;&nbsp;FLASH_SetErrorCode
</UL>
<BR>[Called By]<UL><LI><a href="#[96]">&gt;&gt;</a>&nbsp;&nbsp;&nbsp;HAL_FLASHEx_DATAEEPROM_Program
</UL>

<P><STRONG><a name="[17e]"></a>GetCrc16</STRONG> (Thumb, 36 bytes, Stack size 12 bytes, app_sys.o(i.GetCrc16))
<BR><BR>[Stack]<UL><LI>Max Depth = 12<LI>Call Chain = GetCrc16
</UL>
<BR>[Called By]<UL><LI><a href="#[179]">&gt;&gt;</a>&nbsp;&nbsp;&nbsp;createProtocolTail_7979
<LI><a href="#[173]">&gt;&gt;</a>&nbsp;&nbsp;&nbsp;createProtocolTail
<LI><a href="#[153]">&gt;&gt;</a>&nbsp;&nbsp;&nbsp;decryptSN
</UL>

<P><STRONG><a name="[88]"></a>HAL_ADCEx_Calibration_Start</STRONG> (Thumb, 170 bytes, Stack size 24 bytes, stm32l0xx_hal_adc_ex.o(i.HAL_ADCEx_Calibration_Start))
<BR><BR>[Stack]<UL><LI>Max Depth = 24<LI>Call Chain = HAL_ADCEx_Calibration_Start
</UL>
<BR>[Calls]<UL><LI><a href="#[77]">&gt;&gt;</a>&nbsp;&nbsp;&nbsp;HAL_GetTick
</UL>
<BR>[Called By]<UL><LI><a href="#[215]">&gt;&gt;</a>&nbsp;&nbsp;&nbsp;myAppConfig
</UL>

<P><STRONG><a name="[89]"></a>HAL_ADC_ConfigChannel</STRONG> (Thumb, 140 bytes, Stack size 24 bytes, stm32l0xx_hal_adc.o(i.HAL_ADC_ConfigChannel))
<BR><BR>[Stack]<UL><LI>Max Depth = 52<LI>Call Chain = HAL_ADC_ConfigChannel &rArr; ADC_DelayMicroSecond &rArr; __aeabi_uidivmod
</UL>
<BR>[Calls]<UL><LI><a href="#[78]">&gt;&gt;</a>&nbsp;&nbsp;&nbsp;ADC_DelayMicroSecond
</UL>
<BR>[Called By]<UL><LI><a href="#[e1]">&gt;&gt;</a>&nbsp;&nbsp;&nbsp;MX_ADC_Init
</UL>

<P><STRONG><a name="[26c]"></a>HAL_ADC_GetState</STRONG> (Thumb, 4 bytes, Stack size 0 bytes, stm32l0xx_hal_adc.o(i.HAL_ADC_GetState))
<BR><BR>[Called By]<UL><LI><a href="#[13d]">&gt;&gt;</a>&nbsp;&nbsp;&nbsp;portGetAdc
</UL>

<P><STRONG><a name="[26d]"></a>HAL_ADC_GetValue</STRONG> (Thumb, 6 bytes, Stack size 0 bytes, stm32l0xx_hal_adc.o(i.HAL_ADC_GetValue))
<BR><BR>[Called By]<UL><LI><a href="#[13d]">&gt;&gt;</a>&nbsp;&nbsp;&nbsp;portGetAdc
</UL>

<P><STRONG><a name="[8a]"></a>HAL_ADC_Init</STRONG> (Thumb, 446 bytes, Stack size 16 bytes, stm32l0xx_hal_adc.o(i.HAL_ADC_Init))
<BR><BR>[Stack]<UL><LI>Max Depth = 76<LI>Call Chain = HAL_ADC_Init &rArr; HAL_ADC_MspInit &rArr; HAL_GPIO_Init
</UL>
<BR>[Calls]<UL><LI><a href="#[8b]">&gt;&gt;</a>&nbsp;&nbsp;&nbsp;HAL_ADC_MspInit
</UL>
<BR>[Called By]<UL><LI><a href="#[e1]">&gt;&gt;</a>&nbsp;&nbsp;&nbsp;MX_ADC_Init
</UL>

<P><STRONG><a name="[8b]"></a>HAL_ADC_MspInit</STRONG> (Thumb, 72 bytes, Stack size 32 bytes, adc.o(i.HAL_ADC_MspInit))
<BR><BR>[Stack]<UL><LI>Max Depth = 60<LI>Call Chain = HAL_ADC_MspInit &rArr; HAL_GPIO_Init
</UL>
<BR>[Calls]<UL><LI><a href="#[8d]">&gt;&gt;</a>&nbsp;&nbsp;&nbsp;HAL_GPIO_Init
<LI><a href="#[8c]">&gt;&gt;</a>&nbsp;&nbsp;&nbsp;__aeabi_memclr4
</UL>
<BR>[Called By]<UL><LI><a href="#[8a]">&gt;&gt;</a>&nbsp;&nbsp;&nbsp;HAL_ADC_Init
</UL>

<P><STRONG><a name="[8e]"></a>HAL_ADC_PollForConversion</STRONG> (Thumb, 192 bytes, Stack size 24 bytes, stm32l0xx_hal_adc.o(i.HAL_ADC_PollForConversion))
<BR><BR>[Stack]<UL><LI>Max Depth = 24<LI>Call Chain = HAL_ADC_PollForConversion
</UL>
<BR>[Calls]<UL><LI><a href="#[77]">&gt;&gt;</a>&nbsp;&nbsp;&nbsp;HAL_GetTick
</UL>
<BR>[Called By]<UL><LI><a href="#[13d]">&gt;&gt;</a>&nbsp;&nbsp;&nbsp;portGetAdc
</UL>

<P><STRONG><a name="[8f]"></a>HAL_ADC_Start</STRONG> (Thumb, 86 bytes, Stack size 16 bytes, stm32l0xx_hal_adc.o(i.HAL_ADC_Start))
<BR><BR>[Stack]<UL><LI>Max Depth = 68<LI>Call Chain = HAL_ADC_Start &rArr; ADC_Enable &rArr; ADC_DelayMicroSecond &rArr; __aeabi_uidivmod
</UL>
<BR>[Calls]<UL><LI><a href="#[7a]">&gt;&gt;</a>&nbsp;&nbsp;&nbsp;ADC_Enable
</UL>
<BR>[Called By]<UL><LI><a href="#[13d]">&gt;&gt;</a>&nbsp;&nbsp;&nbsp;portGetAdc
</UL>

<P><STRONG><a name="[90]"></a>HAL_ADC_Stop</STRONG> (Thumb, 62 bytes, Stack size 16 bytes, stm32l0xx_hal_adc.o(i.HAL_ADC_Stop))
<BR><BR>[Stack]<UL><LI>Max Depth = 40<LI>Call Chain = HAL_ADC_Stop &rArr; ADC_Disable
</UL>
<BR>[Calls]<UL><LI><a href="#[79]">&gt;&gt;</a>&nbsp;&nbsp;&nbsp;ADC_Disable
<LI><a href="#[76]">&gt;&gt;</a>&nbsp;&nbsp;&nbsp;ADC_ConversionStop
</UL>
<BR>[Called By]<UL><LI><a href="#[13d]">&gt;&gt;</a>&nbsp;&nbsp;&nbsp;portGetAdc
</UL>

<P><STRONG><a name="[c1]"></a>HAL_DMA_Abort</STRONG> (Thumb, 68 bytes, Stack size 12 bytes, stm32l0xx_hal_dma.o(i.HAL_DMA_Abort))
<BR><BR>[Stack]<UL><LI>Max Depth = 12<LI>Call Chain = HAL_DMA_Abort
</UL>
<BR>[Called By]<UL><LI><a href="#[c0]">&gt;&gt;</a>&nbsp;&nbsp;&nbsp;HAL_UART_DMAStop
<LI><a href="#[ca]">&gt;&gt;</a>&nbsp;&nbsp;&nbsp;HAL_UART_IRQHandler
</UL>

<P><STRONG><a name="[cb]"></a>HAL_DMA_Abort_IT</STRONG> (Thumb, 76 bytes, Stack size 16 bytes, stm32l0xx_hal_dma.o(i.HAL_DMA_Abort_IT))
<BR><BR>[Stack]<UL><LI>Max Depth = 16<LI>Call Chain = HAL_DMA_Abort_IT
</UL>
<BR>[Called By]<UL><LI><a href="#[ca]">&gt;&gt;</a>&nbsp;&nbsp;&nbsp;HAL_UART_IRQHandler
</UL>

<P><STRONG><a name="[91]"></a>HAL_DMA_DeInit</STRONG> (Thumb, 94 bytes, Stack size 16 bytes, stm32l0xx_hal_dma.o(i.HAL_DMA_DeInit))
<BR><BR>[Stack]<UL><LI>Max Depth = 28<LI>Call Chain = HAL_DMA_DeInit &rArr; __aeabi_uidivmod
</UL>
<BR>[Calls]<UL><LI><a href="#[45]">&gt;&gt;</a>&nbsp;&nbsp;&nbsp;__aeabi_uidivmod
</UL>
<BR>[Called By]<UL><LI><a href="#[c6]">&gt;&gt;</a>&nbsp;&nbsp;&nbsp;HAL_UART_MspDeInit
</UL>

<P><STRONG><a name="[c2]"></a>HAL_DMA_GetError</STRONG> (Thumb, 4 bytes, Stack size 0 bytes, stm32l0xx_hal_dma.o(i.HAL_DMA_GetError))
<BR><BR>[Called By]<UL><LI><a href="#[c0]">&gt;&gt;</a>&nbsp;&nbsp;&nbsp;HAL_UART_DMAStop
</UL>

<P><STRONG><a name="[84]"></a>HAL_DMA_IRQHandler</STRONG> (Thumb, 168 bytes, Stack size 16 bytes, stm32l0xx_hal_dma.o(i.HAL_DMA_IRQHandler))
<BR><BR>[Stack]<UL><LI>Max Depth = 16<LI>Call Chain = HAL_DMA_IRQHandler
</UL>
<BR>[Called By]<UL><LI><a href="#[10]">&gt;&gt;</a>&nbsp;&nbsp;&nbsp;DMA1_Channel4_5_6_7_IRQHandler
<LI><a href="#[f]">&gt;&gt;</a>&nbsp;&nbsp;&nbsp;DMA1_Channel2_3_IRQHandler
</UL>

<P><STRONG><a name="[92]"></a>HAL_DMA_Init</STRONG> (Thumb, 132 bytes, Stack size 16 bytes, stm32l0xx_hal_dma.o(i.HAL_DMA_Init))
<BR><BR>[Stack]<UL><LI>Max Depth = 28<LI>Call Chain = HAL_DMA_Init &rArr; __aeabi_uidivmod
</UL>
<BR>[Calls]<UL><LI><a href="#[45]">&gt;&gt;</a>&nbsp;&nbsp;&nbsp;__aeabi_uidivmod
</UL>
<BR>[Called By]<UL><LI><a href="#[d0]">&gt;&gt;</a>&nbsp;&nbsp;&nbsp;HAL_UART_MspInit
</UL>

<P><STRONG><a name="[93]"></a>HAL_DMA_Start_IT</STRONG> (Thumb, 104 bytes, Stack size 24 bytes, stm32l0xx_hal_dma.o(i.HAL_DMA_Start_IT))
<BR><BR>[Stack]<UL><LI>Max Depth = 36<LI>Call Chain = HAL_DMA_Start_IT &rArr; DMA_SetConfig
</UL>
<BR>[Calls]<UL><LI><a href="#[94]">&gt;&gt;</a>&nbsp;&nbsp;&nbsp;DMA_SetConfig
</UL>
<BR>[Called By]<UL><LI><a href="#[d7]">&gt;&gt;</a>&nbsp;&nbsp;&nbsp;UART_Start_Receive_DMA
</UL>

<P><STRONG><a name="[95]"></a>HAL_Delay</STRONG> (Thumb, 32 bytes, Stack size 16 bytes, stm32l0xx_hal.o(i.HAL_Delay))
<BR><BR>[Stack]<UL><LI>Max Depth = 16<LI>Call Chain = HAL_Delay
</UL>
<BR>[Calls]<UL><LI><a href="#[77]">&gt;&gt;</a>&nbsp;&nbsp;&nbsp;HAL_GetTick
</UL>
<BR>[Called By]<UL><LI><a href="#[217]">&gt;&gt;</a>&nbsp;&nbsp;&nbsp;mir3da_init
<LI><a href="#[137]">&gt;&gt;</a>&nbsp;&nbsp;&nbsp;portGsensorCfg
<LI><a href="#[13c]">&gt;&gt;</a>&nbsp;&nbsp;&nbsp;atCmdFmpcAdccalParase
<LI><a href="#[1a0]">&gt;&gt;</a>&nbsp;&nbsp;&nbsp;doAdccalInstrucion
</UL>

<P><STRONG><a name="[1f1]"></a>HAL_FLASHEx_DATAEEPROM_Lock</STRONG> (Thumb, 14 bytes, Stack size 0 bytes, stm32l0xx_hal_flash_ex.o(i.HAL_FLASHEx_DATAEEPROM_Lock))
<BR><BR>[Called By]<UL><LI><a href="#[1f3]">&gt;&gt;</a>&nbsp;&nbsp;&nbsp;eepromWriteWord
<LI><a href="#[1f2]">&gt;&gt;</a>&nbsp;&nbsp;&nbsp;eepromWriteTwoBytes
<LI><a href="#[1ef]">&gt;&gt;</a>&nbsp;&nbsp;&nbsp;eepromWriteByte
</UL>

<P><STRONG><a name="[96]"></a>HAL_FLASHEx_DATAEEPROM_Program</STRONG> (Thumb, 76 bytes, Stack size 24 bytes, stm32l0xx_hal_flash_ex.o(i.HAL_FLASHEx_DATAEEPROM_Program))
<BR><BR>[Stack]<UL><LI>Max Depth = 48<LI>Call Chain = HAL_FLASHEx_DATAEEPROM_Program &rArr; FLASH_WaitForLastOperation &rArr; FLASH_SetErrorCode
</UL>
<BR>[Calls]<UL><LI><a href="#[86]">&gt;&gt;</a>&nbsp;&nbsp;&nbsp;FLASH_WaitForLastOperation
</UL>
<BR>[Called By]<UL><LI><a href="#[1f3]">&gt;&gt;</a>&nbsp;&nbsp;&nbsp;eepromWriteWord
<LI><a href="#[1f2]">&gt;&gt;</a>&nbsp;&nbsp;&nbsp;eepromWriteTwoBytes
<LI><a href="#[1ef]">&gt;&gt;</a>&nbsp;&nbsp;&nbsp;eepromWriteByte
</UL>

<P><STRONG><a name="[1f0]"></a>HAL_FLASHEx_DATAEEPROM_Unlock</STRONG> (Thumb, 40 bytes, Stack size 0 bytes, stm32l0xx_hal_flash_ex.o(i.HAL_FLASHEx_DATAEEPROM_Unlock))
<BR><BR>[Called By]<UL><LI><a href="#[1f3]">&gt;&gt;</a>&nbsp;&nbsp;&nbsp;eepromWriteWord
<LI><a href="#[1f2]">&gt;&gt;</a>&nbsp;&nbsp;&nbsp;eepromWriteTwoBytes
<LI><a href="#[1ef]">&gt;&gt;</a>&nbsp;&nbsp;&nbsp;eepromWriteByte
</UL>

<P><STRONG><a name="[d4]"></a>HAL_GPIO_DeInit</STRONG> (Thumb, 212 bytes, Stack size 20 bytes, stm32l0xx_hal_gpio.o(i.HAL_GPIO_DeInit))
<BR><BR>[Stack]<UL><LI>Max Depth = 20<LI>Call Chain = HAL_GPIO_DeInit
</UL>
<BR>[Called By]<UL><LI><a href="#[c6]">&gt;&gt;</a>&nbsp;&nbsp;&nbsp;HAL_UART_MspDeInit
</UL>

<P><STRONG><a name="[97]"></a>HAL_GPIO_EXTI_Callback</STRONG> (Thumb, 38 bytes, Stack size 8 bytes, app_user.o(i.HAL_GPIO_EXTI_Callback))
<BR><BR>[Stack]<UL><LI>Max Depth = 216<LI>Call Chain = HAL_GPIO_EXTI_Callback &rArr; portRingSignal &rArr; startTimer &rArr; Create_Timer &rArr; LogMessage &rArr; portUartSend &rArr; HAL_UART_Transmit &rArr; UART_WaitOnFlagUntilTimeout
</UL>
<BR>[Calls]<UL><LI><a href="#[98]">&gt;&gt;</a>&nbsp;&nbsp;&nbsp;portRingSignal
<LI><a href="#[99]">&gt;&gt;</a>&nbsp;&nbsp;&nbsp;portLdrInt
<LI><a href="#[9a]">&gt;&gt;</a>&nbsp;&nbsp;&nbsp;portGsensorInt
<LI><a href="#[9b]">&gt;&gt;</a>&nbsp;&nbsp;&nbsp;tapInt
</UL>
<BR>[Called By]<UL><LI><a href="#[85]">&gt;&gt;</a>&nbsp;&nbsp;&nbsp;HAL_GPIO_EXTI_IRQHandler
</UL>

<P><STRONG><a name="[85]"></a>HAL_GPIO_EXTI_IRQHandler</STRONG> (Thumb, 18 bytes, Stack size 8 bytes, stm32l0xx_hal_gpio.o(i.HAL_GPIO_EXTI_IRQHandler))
<BR><BR>[Stack]<UL><LI>Max Depth = 224<LI>Call Chain = HAL_GPIO_EXTI_IRQHandler &rArr; HAL_GPIO_EXTI_Callback &rArr; portRingSignal &rArr; startTimer &rArr; Create_Timer &rArr; LogMessage &rArr; portUartSend &rArr; HAL_UART_Transmit &rArr; UART_WaitOnFlagUntilTimeout
</UL>
<BR>[Calls]<UL><LI><a href="#[97]">&gt;&gt;</a>&nbsp;&nbsp;&nbsp;HAL_GPIO_EXTI_Callback
</UL>
<BR>[Called By]<UL><LI><a href="#[d]">&gt;&gt;</a>&nbsp;&nbsp;&nbsp;EXTI4_15_IRQHandler
</UL>

<P><STRONG><a name="[8d]"></a>HAL_GPIO_Init</STRONG> (Thumb, 356 bytes, Stack size 28 bytes, stm32l0xx_hal_gpio.o(i.HAL_GPIO_Init))
<BR><BR>[Stack]<UL><LI>Max Depth = 28<LI>Call Chain = HAL_GPIO_Init
</UL>
<BR>[Called By]<UL><LI><a href="#[253]">&gt;&gt;</a>&nbsp;&nbsp;&nbsp;portModuleCfg
<LI><a href="#[26f]">&gt;&gt;</a>&nbsp;&nbsp;&nbsp;portGsensorSdaSclCtl
<LI><a href="#[ef]">&gt;&gt;</a>&nbsp;&nbsp;&nbsp;Soft_IIC_Output
<LI><a href="#[f1]">&gt;&gt;</a>&nbsp;&nbsp;&nbsp;Soft_IIC_Input
<LI><a href="#[e3]">&gt;&gt;</a>&nbsp;&nbsp;&nbsp;MX_GPIO_Init
<LI><a href="#[d0]">&gt;&gt;</a>&nbsp;&nbsp;&nbsp;HAL_UART_MspInit
<LI><a href="#[8b]">&gt;&gt;</a>&nbsp;&nbsp;&nbsp;HAL_ADC_MspInit
</UL>

<P><STRONG><a name="[f4]"></a>HAL_GPIO_ReadPin</STRONG> (Thumb, 10 bytes, Stack size 0 bytes, stm32l0xx_hal_gpio.o(i.HAL_GPIO_ReadPin))
<BR><BR>[Called By]<UL><LI><a href="#[99]">&gt;&gt;</a>&nbsp;&nbsp;&nbsp;portLdrInt
<LI><a href="#[f7]">&gt;&gt;</a>&nbsp;&nbsp;&nbsp;Soft_IIC_Wait_ACK
<LI><a href="#[f3]">&gt;&gt;</a>&nbsp;&nbsp;&nbsp;Soft_IIC_Recv_Byte
<LI><a href="#[38]">&gt;&gt;</a>&nbsp;&nbsp;&nbsp;atCmdParserFunction
<LI><a href="#[21b]">&gt;&gt;</a>&nbsp;&nbsp;&nbsp;voltageCheckTask
<LI><a href="#[142]">&gt;&gt;</a>&nbsp;&nbsp;&nbsp;doFactoryTestInstruction
</UL>

<P><STRONG><a name="[7c]"></a>HAL_GPIO_WritePin</STRONG> (Thumb, 12 bytes, Stack size 0 bytes, stm32l0xx_hal_gpio.o(i.HAL_GPIO_WritePin))
<BR><BR>[Called By]<UL><LI><a href="#[26f]">&gt;&gt;</a>&nbsp;&nbsp;&nbsp;portGsensorSdaSclCtl
<LI><a href="#[137]">&gt;&gt;</a>&nbsp;&nbsp;&nbsp;portGsensorCfg
<LI><a href="#[fa]">&gt;&gt;</a>&nbsp;&nbsp;&nbsp;Soft_IIC_Write_Low
<LI><a href="#[f9]">&gt;&gt;</a>&nbsp;&nbsp;&nbsp;Soft_IIC_Write_High
<LI><a href="#[f7]">&gt;&gt;</a>&nbsp;&nbsp;&nbsp;Soft_IIC_Wait_ACK
<LI><a href="#[f6]">&gt;&gt;</a>&nbsp;&nbsp;&nbsp;Soft_IIC_Stop
<LI><a href="#[f5]">&gt;&gt;</a>&nbsp;&nbsp;&nbsp;Soft_IIC_Start
<LI><a href="#[f3]">&gt;&gt;</a>&nbsp;&nbsp;&nbsp;Soft_IIC_Recv_Byte
<LI><a href="#[f2]">&gt;&gt;</a>&nbsp;&nbsp;&nbsp;Soft_IIC_NACK
<LI><a href="#[ee]">&gt;&gt;</a>&nbsp;&nbsp;&nbsp;Soft_IIC_ACK
<LI><a href="#[7b]">&gt;&gt;</a>&nbsp;&nbsp;&nbsp;CreateNodeCmd
<LI><a href="#[37]">&gt;&gt;</a>&nbsp;&nbsp;&nbsp;moduleResetProcessA
<LI><a href="#[3a]">&gt;&gt;</a>&nbsp;&nbsp;&nbsp;outPutNodeCmd
<LI><a href="#[138]">&gt;&gt;</a>&nbsp;&nbsp;&nbsp;atCmdFMPCnmeaParase
<LI><a href="#[131]">&gt;&gt;</a>&nbsp;&nbsp;&nbsp;atCmdDebugParase
<LI><a href="#[1f9]">&gt;&gt;</a>&nbsp;&nbsp;&nbsp;gpsOutputCheckTask
<LI><a href="#[158]">&gt;&gt;</a>&nbsp;&nbsp;&nbsp;autoSleepTask
<LI><a href="#[213]">&gt;&gt;</a>&nbsp;&nbsp;&nbsp;signalLedTask
<LI><a href="#[1fc]">&gt;&gt;</a>&nbsp;&nbsp;&nbsp;gpsRequestOpen
<LI><a href="#[1fb]">&gt;&gt;</a>&nbsp;&nbsp;&nbsp;gpsRequestClose
<LI><a href="#[ea]">&gt;&gt;</a>&nbsp;&nbsp;&nbsp;updateSystemLedStatus
<LI><a href="#[2f]">&gt;&gt;</a>&nbsp;&nbsp;&nbsp;moduleReset
<LI><a href="#[222]">&gt;&gt;</a>&nbsp;&nbsp;&nbsp;modulePowerOn
<LI><a href="#[221]">&gt;&gt;</a>&nbsp;&nbsp;&nbsp;modulePowerOff
<LI><a href="#[e3]">&gt;&gt;</a>&nbsp;&nbsp;&nbsp;MX_GPIO_Init
</UL>

<P><STRONG><a name="[77]"></a>HAL_GetTick</STRONG> (Thumb, 6 bytes, Stack size 0 bytes, stm32l0xx_hal.o(i.HAL_GetTick))
<BR><BR>[Called By]<UL><LI><a href="#[d9]">&gt;&gt;</a>&nbsp;&nbsp;&nbsp;HAL_UART_Transmit
<LI><a href="#[bc]">&gt;&gt;</a>&nbsp;&nbsp;&nbsp;HAL_RTC_SetAlarm_IT
<LI><a href="#[b2]">&gt;&gt;</a>&nbsp;&nbsp;&nbsp;HAL_RTC_DeactivateAlarm
<LI><a href="#[95]">&gt;&gt;</a>&nbsp;&nbsp;&nbsp;HAL_Delay
<LI><a href="#[8e]">&gt;&gt;</a>&nbsp;&nbsp;&nbsp;HAL_ADC_PollForConversion
<LI><a href="#[20e]">&gt;&gt;</a>&nbsp;&nbsp;&nbsp;kernalRun
<LI><a href="#[82]">&gt;&gt;</a>&nbsp;&nbsp;&nbsp;Create_Timer
<LI><a href="#[88]">&gt;&gt;</a>&nbsp;&nbsp;&nbsp;HAL_ADCEx_Calibration_Start
<LI><a href="#[a7]">&gt;&gt;</a>&nbsp;&nbsp;&nbsp;HAL_RCC_OscConfig
<LI><a href="#[a4]">&gt;&gt;</a>&nbsp;&nbsp;&nbsp;HAL_RCC_ClockConfig
<LI><a href="#[a3]">&gt;&gt;</a>&nbsp;&nbsp;&nbsp;HAL_RCCEx_PeriphCLKConfig
<LI><a href="#[7a]">&gt;&gt;</a>&nbsp;&nbsp;&nbsp;ADC_Enable
<LI><a href="#[79]">&gt;&gt;</a>&nbsp;&nbsp;&nbsp;ADC_Disable
<LI><a href="#[76]">&gt;&gt;</a>&nbsp;&nbsp;&nbsp;ADC_ConversionStop
<LI><a href="#[a8]">&gt;&gt;</a>&nbsp;&nbsp;&nbsp;HAL_RTCEx_SetWakeUpTimer_IT
<LI><a href="#[9c]">&gt;&gt;</a>&nbsp;&nbsp;&nbsp;HAL_IWDG_Init
<LI><a href="#[86]">&gt;&gt;</a>&nbsp;&nbsp;&nbsp;FLASH_WaitForLastOperation
<LI><a href="#[b9]">&gt;&gt;</a>&nbsp;&nbsp;&nbsp;RTC_EnterInitMode
<LI><a href="#[ba]">&gt;&gt;</a>&nbsp;&nbsp;&nbsp;HAL_RTC_WaitForSynchro
<LI><a href="#[da]">&gt;&gt;</a>&nbsp;&nbsp;&nbsp;UART_WaitOnFlagUntilTimeout
<LI><a href="#[d3]">&gt;&gt;</a>&nbsp;&nbsp;&nbsp;UART_CheckIdleState
</UL>

<P><STRONG><a name="[9c]"></a>HAL_IWDG_Init</STRONG> (Thumb, 86 bytes, Stack size 16 bytes, stm32l0xx_hal_iwdg.o(i.HAL_IWDG_Init))
<BR><BR>[Stack]<UL><LI>Max Depth = 16<LI>Call Chain = HAL_IWDG_Init
</UL>
<BR>[Calls]<UL><LI><a href="#[77]">&gt;&gt;</a>&nbsp;&nbsp;&nbsp;HAL_GetTick
</UL>
<BR>[Called By]<UL><LI><a href="#[e4]">&gt;&gt;</a>&nbsp;&nbsp;&nbsp;MX_IWDG_Init
</UL>

<P><STRONG><a name="[279]"></a>HAL_IWDG_Refresh</STRONG> (Thumb, 10 bytes, Stack size 0 bytes, stm32l0xx_hal_iwdg.o(i.HAL_IWDG_Refresh))
<BR><BR>[Called By]<UL><LI><a href="#[278]">&gt;&gt;</a>&nbsp;&nbsp;&nbsp;portWdtFeed
</UL>

<P><STRONG><a name="[fb]"></a>HAL_IncTick</STRONG> (Thumb, 12 bytes, Stack size 0 bytes, stm32l0xx_hal.o(i.HAL_IncTick))
<BR><BR>[Called By]<UL><LI><a href="#[5]">&gt;&gt;</a>&nbsp;&nbsp;&nbsp;SysTick_Handler
</UL>

[...]
</UL>
<BR>[Calls]<UL><LI><a href="#[c8]">&gt;&gt;</a>&nbsp;&nbsp;&nbsp;LogPrintf
<LI><a href="#[80]">&gt;&gt;</a>&nbsp;&nbsp;&nbsp;LogMessage
<LI><a href="#[7b]">&gt;&gt;</a>&nbsp;&nbsp;&nbsp;CreateNodeCmd
<LI><a href="#[121]">&gt;&gt;</a>&nbsp;&nbsp;&nbsp;sendProtocolToServer
<LI><a href="#[ec]">&gt;&gt;</a>&nbsp;&nbsp;&nbsp;sendModuleCmd
<LI><a href="#[83]">&gt;&gt;</a>&nbsp;&nbsp;&nbsp;__2sprintf
</UL>
<BR>[Called By]<UL><LI><a href="#[27c]">&gt;&gt;</a>&nbsp;&nbsp;&nbsp;protocolRxParser
</UL>

<P><STRONG><a name="[172]"></a>protocolGPSpack</STRONG> (Thumb, 450 bytes, Stack size 88 bytes, app_serverprotocol.o(i.protocolGPSpack))
<BR><BR>[Stack]<UL><LI>Max Depth = 216<LI>Call Chain = protocolGPSpack &rArr; __aeabi_dmul &rArr; _double_epilogue &rArr; __aeabi_llsr
</UL>
<BR>[Calls]<UL><LI><a href="#[168]">&gt;&gt;</a>&nbsp;&nbsp;&nbsp;changeUTCTimeToLocalTime
<LI><a href="#[66]">&gt;&gt;</a>&nbsp;&nbsp;&nbsp;__aeabi_d2uiz
<LI><a href="#[160]">&gt;&gt;</a>&nbsp;&nbsp;&nbsp;__aeabi_cdcmple
<LI><a href="#[61]">&gt;&gt;</a>&nbsp;&nbsp;&nbsp;__aeabi_dmul
<LI><a href="#[45]">&gt;&gt;</a>&nbsp;&nbsp;&nbsp;__aeabi_uidivmod
</UL>
<BR>[Called By]<UL><LI><a href="#[181]">&gt;&gt;</a>&nbsp;&nbsp;&nbsp;createProtocol_12
<LI><a href="#[16f]">&gt;&gt;</a>&nbsp;&nbsp;&nbsp;createProtocol16
</UL>

<P><STRONG><a name="[131]"></a>atCmdDebugParase</STRONG> (Thumb, 430 bytes, Stack size 504 bytes, app_atcmd.o(i.atCmdDebugParase))
<BR><BR>[Stack]<UL><LI>Max Depth = 760<LI>Call Chain = atCmdDebugParase &rArr; stringToItem &rArr; LogMessage &rArr; portUartSend &rArr; HAL_UART_Transmit &rArr; UART_WaitOnFlagUntilTimeout
</UL>
<BR>[Calls]<UL><LI><a href="#[132]">&gt;&gt;</a>&nbsp;&nbsp;&nbsp;stringToItem
<LI><a href="#[136]">&gt;&gt;</a>&nbsp;&nbsp;&nbsp;updateRange
<LI><a href="#[7c]">&gt;&gt;</a>&nbsp;&nbsp;&nbsp;HAL_GPIO_WritePin
<LI><a href="#[137]">&gt;&gt;</a>&nbsp;&nbsp;&nbsp;portGsensorCfg
<LI><a href="#[33]">&gt;&gt;</a>&nbsp;&nbsp;&nbsp;portSystemReset
<LI><a href="#[80]">&gt;&gt;</a>&nbsp;&nbsp;&nbsp;LogMessage
<LI><a href="#[134]">&gt;&gt;</a>&nbsp;&nbsp;&nbsp;systemTaskSuspend
<LI><a href="#[135]">&gt;&gt;</a>&nbsp;&nbsp;&nbsp;systemTaskResume
<LI><a href="#[130]">&gt;&gt;</a>&nbsp;&nbsp;&nbsp;atCmdDebugLevelParser
<LI><a href="#[dd]">&gt;&gt;</a>&nbsp;&nbsp;&nbsp;strlen
<LI><a href="#[133]">&gt;&gt;</a>&nbsp;&nbsp;&nbsp;strstr
<LI><a href="#[52]">&gt;&gt;</a>&nbsp;&nbsp;&nbsp;atoi
</UL>
<BR>[Called By]<UL><LI><a href="#[38]">&gt;&gt;</a>&nbsp;&nbsp;&nbsp;atCmdParserFunction
</UL>

<P><STRONG><a name="[138]"></a>atCmdFMPCnmeaParase</STRONG> (Thumb, 100 bytes, Stack size 16 bytes, app_atcmd.o(i.atCmdFMPCnmeaParase))
<BR><BR>[Stack]<UL><LI>Max Depth = 492<LI>Call Chain = atCmdFMPCnmeaParase &rArr; openModuleGPS &rArr; sendModuleCmd &rArr; CreateNodeCmd &rArr; portSystemReset &rArr; portSaveStep &rArr; portUpdateStep &rArr; getStep &rArr; mir3da_register_read &rArr; iicReadData &rArr; Soft_IIC_Write_Byte &rArr; Soft_IIC_Wait_ACK &rArr; Soft_IIC_Stop &rArr; Soft_IIC_Output &rArr; HAL_GPIO_Init
</UL>
<BR>[Calls]<UL><LI><a href="#[139]">&gt;&gt;</a>&nbsp;&nbsp;&nbsp;my_strstr
<LI><a href="#[7c]">&gt;&gt;</a>&nbsp;&nbsp;&nbsp;HAL_GPIO_WritePin
<LI><a href="#[80]">&gt;&gt;</a>&nbsp;&nbsp;&nbsp;LogMessage
<LI><a href="#[ec]">&gt;&gt;</a>&nbsp;&nbsp;&nbsp;sendModuleCmd
<LI><a href="#[13a]">&gt;&gt;</a>&nbsp;&nbsp;&nbsp;openModuleGPS
<LI><a href="#[13b]">&gt;&gt;</a>&nbsp;&nbsp;&nbsp;closeModuleGPS
</UL>
<BR>[Called By]<UL><LI><a href="#[38]">&gt;&gt;</a>&nbsp;&nbsp;&nbsp;atCmdParserFunction
</UL>

<P><STRONG><a name="[13c]"></a>atCmdFmpcAdccalParase</STRONG> (Thumb, 116 bytes, Stack size 24 bytes, app_atcmd.o(i.atCmdFmpcAdccalParase))
<BR><BR>[Stack]<UL><LI>Max Depth = 152<LI>Call Chain = atCmdFmpcAdccalParase &rArr; LogPrintf &rArr; LogMessageWL &rArr; portUartSend &rArr; HAL_UART_Transmit &rArr; UART_WaitOnFlagUntilTimeout
</UL>
<BR>[Calls]<UL><LI><a href="#[95]">&gt;&gt;</a>&nbsp;&nbsp;&nbsp;HAL_Delay
<LI><a href="#[13d]">&gt;&gt;</a>&nbsp;&nbsp;&nbsp;portGetAdc
<LI><a href="#[c8]">&gt;&gt;</a>&nbsp;&nbsp;&nbsp;LogPrintf
<LI><a href="#[67]">&gt;&gt;</a>&nbsp;&nbsp;&nbsp;__aeabi_d2f
<LI><a href="#[13f]">&gt;&gt;</a>&nbsp;&nbsp;&nbsp;paramSaveAdcCal
<LI><a href="#[63]">&gt;&gt;</a>&nbsp;&nbsp;&nbsp;__aeabi_ui2f
<LI><a href="#[5a]">&gt;&gt;</a>&nbsp;&nbsp;&nbsp;__aeabi_fdiv
<LI><a href="#[13e]">&gt;&gt;</a>&nbsp;&nbsp;&nbsp;__aeabi_f2d
<LI><a href="#[61]">&gt;&gt;</a>&nbsp;&nbsp;&nbsp;__aeabi_dmul
<LI><a href="#[5b]">&gt;&gt;</a>&nbsp;&nbsp;&nbsp;__aeabi_dadd
</UL>
<BR>[Called By]<UL><LI><a href="#[38]">&gt;&gt;</a>&nbsp;&nbsp;&nbsp;atCmdParserFunction
</UL>

<P><STRONG><a name="[2d]"></a>atCmdFmpcIMSIParseRespon</STRONG> (Thumb, 28 bytes, Stack size 16 bytes, app_atcmd.o(i.atCmdFmpcIMSIParseRespon))
<BR><BR>[Stack]<UL><LI>Max Depth = 144<LI>Call Chain = atCmdFmpcIMSIParseRespon &rArr; LogPrintf &rArr; LogMessageWL &rArr; portUartSend &rArr; HAL_UART_Transmit &rArr; UART_WaitOnFlagUntilTimeout
</UL>
<BR>[Calls]<UL><LI><a href="#[c8]">&gt;&gt;</a>&nbsp;&nbsp;&nbsp;LogPrintf
<LI><a href="#[149]">&gt;&gt;</a>&nbsp;&nbsp;&nbsp;getModuleIMSI
<LI><a href="#[148]">&gt;&gt;</a>&nbsp;&nbsp;&nbsp;getModuleICCID
</UL>
<BR>[Address Reference Count : 1]<UL><LI> app_atcmd.o(i.atCmdFmpcIMSIParse)
</UL>
<P><STRONG><a name="[2e]"></a>atCmdIMEIParseRespon</STRONG> (Thumb, 24 bytes, Stack size 8 bytes, app_atcmd.o(i.atCmdIMEIParseRespon))
<BR><BR>[Stack]<UL><LI>Max Depth = 136<LI>Call Chain = atCmdIMEIParseRespon &rArr; LogPrintf &rArr; LogMessageWL &rArr; portUartSend &rArr; HAL_UART_Transmit &rArr; UART_WaitOnFlagUntilTimeout
</UL>
<BR>[Calls]<UL><LI><a href="#[c8]">&gt;&gt;</a>&nbsp;&nbsp;&nbsp;LogPrintf
<LI><a href="#[14b]">&gt;&gt;</a>&nbsp;&nbsp;&nbsp;getModuleIMEI
</UL>
<BR>[Address Reference Count : 1]<UL><LI> app_atcmd.o(i.atCmdIMEIParse)
</UL>
<P><STRONG><a name="[1ec]"></a>doinstruction</STRONG> (Thumb, 512 bytes, Stack size 72 bytes, app_atcmd.o(i.doinstruction))
<BR><BR>[Stack]<UL><LI>Max Depth = 1580<LI>Call Chain = doinstruction &rArr; doDebugInstrucion &rArr; sendMessageWithDifMode &rArr; sendProtocolToServer &rArr; gpsRestoreWriteData &rArr; sendModuleCmd &rArr; CreateNodeCmd &rArr; portSystemReset &rArr; portSaveStep &rArr; portUpdateStep &rArr; getStep &rArr; mir3da_register_read &rArr; iicReadData &rArr; Soft_IIC_Write_Byte &rArr; Soft_IIC_Wait_ACK &rArr; Soft_IIC_Stop &rArr; Soft_IIC_Output &rArr; HAL_GPIO_Init
</UL>
<BR>[Calls]<UL><LI><a href="#[80]">&gt;&gt;</a>&nbsp;&nbsp;&nbsp;LogMessage
<LI><a href="#[100]">&gt;&gt;</a>&nbsp;&nbsp;&nbsp;__ARM_common_switch8
<LI><a href="#[1ea]">&gt;&gt;</a>&nbsp;&nbsp;&nbsp;doVolInstrucion
<LI><a href="#[1e8]">&gt;&gt;</a>&nbsp;&nbsp;&nbsp;doVibrangeInstrucion
<LI><a href="#[1e7]">&gt;&gt;</a>&nbsp;&nbsp;&nbsp;doVersionInstruction
<LI><a href="#[1e4]">&gt;&gt;</a>&nbsp;&nbsp;&nbsp;doUTCInstruction
<LI><a href="#[1e0]">&gt;&gt;</a>&nbsp;&nbsp;&nbsp;doUPSInstruction
<LI><a href="#[1de]">&gt;&gt;</a>&nbsp;&nbsp;&nbsp;doTurnAlgInstrucion
<LI><a href="#[1dd]">&gt;&gt;</a>&nbsp;&nbsp;&nbsp;doTTSInstruction
<LI><a href="#[1db]">&gt;&gt;</a>&nbsp;&nbsp;&nbsp;doStatusInstruction
<LI><a href="#[1d9]">&gt;&gt;</a>&nbsp;&nbsp;&nbsp;doStaticTimeInstrucion
<LI><a href="#[1d7]">&gt;&gt;</a>&nbsp;&nbsp;&nbsp;doSmsreplyInstrucion
<LI><a href="#[1d5]">&gt;&gt;</a>&nbsp;&nbsp;&nbsp;doSetblemacInstrucion
<LI><a href="#[1d0]">&gt;&gt;</a>&nbsp;&nbsp;&nbsp;doSetAgpsInstruction
<LI><a href="#[1ce]">&gt;&gt;</a>&nbsp;&nbsp;&nbsp;doServerInstruction
<LI><a href="#[1cd]">&gt;&gt;</a>&nbsp;&nbsp;&nbsp;doSNInstruction
<LI><a href="#[1cc]">&gt;&gt;</a>&nbsp;&nbsp;&nbsp;doResetInstruction
<LI><a href="#[1c9]">&gt;&gt;</a>&nbsp;&nbsp;&nbsp;doPdopInstrucion
<LI><a href="#[1c7]">&gt;&gt;</a>&nbsp;&nbsp;&nbsp;doParamInstruction
<LI><a href="#[1c5]">&gt;&gt;</a>&nbsp;&nbsp;&nbsp;doPOITYPEInstruction
<LI><a href="#[1bb]">&gt;&gt;</a>&nbsp;&nbsp;&nbsp;doModeInstruction
<LI><a href="#[1b8]">&gt;&gt;</a>&nbsp;&nbsp;&nbsp;doLOWWInstruction
<LI><a href="#[1b6]">&gt;&gt;</a>&nbsp;&nbsp;&nbsp;doLEDInstruction
<LI><a href="#[1b4]">&gt;&gt;</a>&nbsp;&nbsp;&nbsp;doJtInstruction
<LI><a href="#[1b1]">&gt;&gt;</a>&nbsp;&nbsp;&nbsp;doHbtInstruction
<LI><a href="#[1af]">&gt;&gt;</a>&nbsp;&nbsp;&nbsp;doFenceInstrucion
<LI><a href="#[142]">&gt;&gt;</a>&nbsp;&nbsp;&nbsp;doFactoryTestInstruction
<LI><a href="#[1ad]">&gt;&gt;</a>&nbsp;&nbsp;&nbsp;doFactoryInstrucion
<LI><a href="#[1aa]">&gt;&gt;</a>&nbsp;&nbsp;&nbsp;doDebugInstrucion
<LI><a href="#[1a9]">&gt;&gt;</a>&nbsp;&nbsp;&nbsp;doCFInstruction
<LI><a href="#[1a7]">&gt;&gt;</a>&nbsp;&nbsp;&nbsp;doBFInstruction
<LI><a href="#[1a6]">&gt;&gt;</a>&nbsp;&nbsp;&nbsp;doAudioInstrucion
<LI><a href="#[1a4]">&gt;&gt;</a>&nbsp;&nbsp;&nbsp;doAnswerInstrucion
<LI><a href="#[1a1]">&gt;&gt;</a>&nbsp;&nbsp;&nbsp;doAlarmModeInstrucion
<LI><a href="#[1a0]">&gt;&gt;</a>&nbsp;&nbsp;&nbsp;doAdccalInstrucion
<LI><a href="#[199]">&gt;&gt;</a>&nbsp;&nbsp;&nbsp;doAPNInstruction
<LI><a href="#[195]">&gt;&gt;</a>&nbsp;&nbsp;&nbsp;doACCCTLGNSSInstrucion
<LI><a href="#[190]">&gt;&gt;</a>&nbsp;&nbsp;&nbsp;do123Instruction
<LI><a href="#[83]">&gt;&gt;</a>&nbsp;&nbsp;&nbsp;__2sprintf
</UL>
<BR>[Called By]<UL><LI><a href="#[129]">&gt;&gt;</a>&nbsp;&nbsp;&nbsp;instructionParser
</UL>

<P><STRONG><a name="[14c]"></a>mycmdPatch</STRONG> (Thumb, 58 bytes, Stack size 16 bytes, app_atcmd.o(i.mycmdPatch))
<BR><BR>[Stack]<UL><LI>Max Depth = 16<LI>Call Chain = mycmdPatch
</UL>
<BR>[Calls]<UL><LI><a href="#[dd]">&gt;&gt;</a>&nbsp;&nbsp;&nbsp;strlen
</UL>
<BR>[Called By]<UL><LI><a href="#[38]">&gt;&gt;</a>&nbsp;&nbsp;&nbsp;atCmdParserFunction
<LI><a href="#[129]">&gt;&gt;</a>&nbsp;&nbsp;&nbsp;instructionParser
</UL>

<P><STRONG><a name="[294]"></a>compress</STRONG> (Thumb, 42 bytes, Stack size 20 bytes, app_sn.o(i.compress))
<BR><BR>[Stack]<UL><LI>Max Depth = 20<LI>Call Chain = compress
</UL>
<BR>[Called By]<UL><LI><a href="#[295]">&gt;&gt;</a>&nbsp;&nbsp;&nbsp;ztvm_encrypt_undes
<LI><a href="#[290]">&gt;&gt;</a>&nbsp;&nbsp;&nbsp;ztvm_encrypt_des
</UL>

<P><STRONG><a name="[293]"></a>encrypt</STRONG> (Thumb, 304 bytes, Stack size 356 bytes, app_sn.o(i.encrypt))
<BR><BR>[Stack]<UL><LI>Max Depth = 356<LI>Call Chain = encrypt
</UL>
<BR>[Called By]<UL><LI><a href="#[295]">&gt;&gt;</a>&nbsp;&nbsp;&nbsp;ztvm_encrypt_undes
<LI><a href="#[290]">&gt;&gt;</a>&nbsp;&nbsp;&nbsp;ztvm_encrypt_des
</UL>

<P><STRONG><a name="[291]"></a>expand</STRONG> (Thumb, 42 bytes, Stack size 16 bytes, app_sn.o(i.expand))
<BR><BR>[Stack]<UL><LI>Max Depth = 16<LI>Call Chain = expand
</UL>
<BR>[Called By]<UL><LI><a href="#[295]">&gt;&gt;</a>&nbsp;&nbsp;&nbsp;ztvm_encrypt_undes
<LI><a href="#[290]">&gt;&gt;</a>&nbsp;&nbsp;&nbsp;ztvm_encrypt_des
</UL>

<P><STRONG><a name="[292]"></a>setkey</STRONG> (Thumb, 170 bytes, Stack size 20 bytes, app_sn.o(i.setkey))
<BR><BR>[Stack]<UL><LI>Max Depth = 20<LI>Call Chain = setkey
</UL>
<BR>[Called By]<UL><LI><a href="#[295]">&gt;&gt;</a>&nbsp;&nbsp;&nbsp;ztvm_encrypt_undes
<LI><a href="#[290]">&gt;&gt;</a>&nbsp;&nbsp;&nbsp;ztvm_encrypt_des
</UL>

<P><STRONG><a name="[76]"></a>ADC_ConversionStop</STRONG> (Thumb, 82 bytes, Stack size 16 bytes, stm32l0xx_hal_adc.o(i.ADC_ConversionStop))
<BR><BR>[Stack]<UL><LI>Max Depth = 16<LI>Call Chain = ADC_ConversionStop
</UL>
<BR>[Calls]<UL><LI><a href="#[77]">&gt;&gt;</a>&nbsp;&nbsp;&nbsp;HAL_GetTick
</UL>
<BR>[Called By]<UL><LI><a href="#[90]">&gt;&gt;</a>&nbsp;&nbsp;&nbsp;HAL_ADC_Stop
</UL>

<P><STRONG><a name="[78]"></a>ADC_DelayMicroSecond</STRONG> (Thumb, 28 bytes, Stack size 16 bytes, stm32l0xx_hal_adc.o(i.ADC_DelayMicroSecond))
<BR><BR>[Stack]<UL><LI>Max Depth = 28<LI>Call Chain = ADC_DelayMicroSecond &rArr; __aeabi_uidivmod
</UL>
<BR>[Calls]<UL><LI><a href="#[45]">&gt;&gt;</a>&nbsp;&nbsp;&nbsp;__aeabi_uidivmod
</UL>
<BR>[Called By]<UL><LI><a href="#[7a]">&gt;&gt;</a>&nbsp;&nbsp;&nbsp;ADC_Enable
<LI><a href="#[89]">&gt;&gt;</a>&nbsp;&nbsp;&nbsp;HAL_ADC_ConfigChannel
</UL>

<P><STRONG><a name="[79]"></a>ADC_Disable</STRONG> (Thumb, 96 bytes, Stack size 24 bytes, stm32l0xx_hal_adc.o(i.ADC_Disable))
<BR><BR>[Stack]<UL><LI>Max Depth = 24<LI>Call Chain = ADC_Disable
</UL>
<BR>[Calls]<UL><LI><a href="#[77]">&gt;&gt;</a>&nbsp;&nbsp;&nbsp;HAL_GetTick
</UL>
<BR>[Called By]<UL><LI><a href="#[90]">&gt;&gt;</a>&nbsp;&nbsp;&nbsp;HAL_ADC_Stop
</UL>

<P><STRONG><a name="[7a]"></a>ADC_Enable</STRONG> (Thumb, 96 bytes, Stack size 24 bytes, stm32l0xx_hal_adc.o(i.ADC_Enable))
<BR><BR>[Stack]<UL><LI>Max Depth = 52<LI>Call Chain = ADC_Enable &rArr; ADC_DelayMicroSecond &rArr; __aeabi_uidivmod
</UL>
<BR>[Calls]<UL><LI><a href="#[77]">&gt;&gt;</a>&nbsp;&nbsp;&nbsp;HAL_GetTick
<LI><a href="#[78]">&gt;&gt;</a>&nbsp;&nbsp;&nbsp;ADC_DelayMicroSecond
</UL>
<BR>[Called By]<UL><LI><a href="#[8f]">&gt;&gt;</a>&nbsp;&nbsp;&nbsp;HAL_ADC_Start
</UL>

<P><STRONG><a name="[87]"></a>FLASH_SetErrorCode</STRONG> (Thumb, 134 bytes, Stack size 8 bytes, stm32l0xx_hal_flash.o(i.FLASH_SetErrorCode))
<BR><BR>[Stack]<UL><LI>Max Depth = 8<LI>Call Chain = FLASH_SetErrorCode
</UL>
<BR>[Called By]<UL><LI><a href="#[86]">&gt;&gt;</a>&nbsp;&nbsp;&nbsp;FLASH_WaitForLastOperation
</UL>

<P><STRONG><a name="[94]"></a>DMA_SetConfig</STRONG> (Thumb, 44 bytes, Stack size 12 bytes, stm32l0xx_hal_dma.o(i.DMA_SetConfig))
<BR><BR>[Stack]<UL><LI>Max Depth = 12<LI>Call Chain = DMA_SetConfig
</UL>
<BR>[Called By]<UL><LI><a href="#[93]">&gt;&gt;</a>&nbsp;&nbsp;&nbsp;HAL_DMA_Start_IT
</UL>

<P><STRONG><a name="[a2]"></a>__NVIC_SetPriority</STRONG> (Thumb, 60 bytes, Stack size 0 bytes, stm32l0xx_hal_cortex.o(i.__NVIC_SetPriority))
<BR><BR>[Called By]<UL><LI><a href="#[a1]">&gt;&gt;</a>&nbsp;&nbsp;&nbsp;HAL_NVIC_SetPriority
<LI><a href="#[a0]">&gt;&gt;</a>&nbsp;&nbsp;&nbsp;HAL_SYSTICK_Config
</UL>

<P><STRONG><a name="[28]"></a>UART_DMAAbortOnError</STRONG> (Thumb, 20 bytes, Stack size 8 bytes, stm32l0xx_hal_uart.o(i.UART_DMAAbortOnError))
<BR><BR>[Stack]<UL><LI>Max Depth = 144<LI>Call Chain = UART_DMAAbortOnError &rArr; HAL_UART_ErrorCallback &rArr; LogPrintf &rArr; LogMessageWL &rArr; portUartSend &rArr; HAL_UART_Transmit &rArr; UART_WaitOnFlagUntilTimeout
</UL>
<BR>[Calls]<UL><LI><a href="#[c7]">&gt;&gt;</a>&nbsp;&nbsp;&nbsp;HAL_UART_ErrorCallback
</UL>
<BR>[Address Reference Count : 1]<UL><LI> stm32l0xx_hal_uart.o(i.HAL_UART_IRQHandler)
</UL>
<P><STRONG><a name="[2b]"></a>UART_DMAError</STRONG> (Thumb, 76 bytes, Stack size 16 bytes, stm32l0xx_hal_uart.o(i.UART_DMAError))
<BR><BR>[Stack]<UL><LI>Max Depth = 152<LI>Call Chain = UART_DMAError &rArr; HAL_UART_ErrorCallback &rArr; LogPrintf &rArr; LogMessageWL &rArr; portUartSend &rArr; HAL_UART_Transmit &rArr; UART_WaitOnFlagUntilTimeout
</UL>
<BR>[Calls]<UL><LI><a href="#[c7]">&gt;&gt;</a>&nbsp;&nbsp;&nbsp;HAL_UART_ErrorCallback
<LI><a href="#[c3]">&gt;&gt;</a>&nbsp;&nbsp;&nbsp;UART_EndTxTransfer
<LI><a href="#[c4]">&gt;&gt;</a>&nbsp;&nbsp;&nbsp;UART_EndRxTransfer
</UL>
<BR>[Address Reference Count : 1]<UL><LI> stm32l0xx_hal_uart.o(i.UART_Start_Receive_DMA)
</UL>
<P><STRONG><a name="[29]"></a>UART_DMAReceiveCplt</STRONG> (Thumb, 94 bytes, Stack size 8 bytes, stm32l0xx_hal_uart.o(i.UART_DMAReceiveCplt))
<BR><BR>[Stack]<UL><LI>Max Depth = 120<LI>Call Chain = UART_DMAReceiveCplt &rArr; HAL_UART_RxCpltCallback &rArr; LogMessage &rArr; portUartSend &rArr; HAL_UART_Transmit &rArr; UART_WaitOnFlagUntilTimeout
</UL>
<BR>[Calls]<UL><LI><a href="#[d8]">&gt;&gt;</a>&nbsp;&nbsp;&nbsp;HAL_UART_RxCpltCallback
<LI><a href="#[cc]">&gt;&gt;</a>&nbsp;&nbsp;&nbsp;HAL_UARTEx_RxEventCallback
</UL>
<BR>[Address Reference Count : 1]<UL><LI> stm32l0xx_hal_uart.o(i.UART_Start_Receive_DMA)
</UL>
<P><STRONG><a name="[2a]"></a>UART_DMARxHalfCplt</STRONG> (Thumb, 28 bytes, Stack size 8 bytes, stm32l0xx_hal_uart.o(i.UART_DMARxHalfCplt))
<BR><BR>[Stack]<UL><LI>Max Depth = 8<LI>Call Chain = UART_DMARxHalfCplt
</UL>
<BR>[Calls]<UL><LI><a href="#[fe]">&gt;&gt;</a>&nbsp;&nbsp;&nbsp;HAL_UART_RxHalfCpltCallback
<LI><a href="#[cc]">&gt;&gt;</a>&nbsp;&nbsp;&nbsp;HAL_UARTEx_RxEventCallback
</UL>
<BR>[Address Reference Count : 1]<UL><LI> stm32l0xx_hal_uart.o(i.UART_Start_Receive_DMA)
</UL>
<P><STRONG><a name="[c4]"></a>UART_EndRxTransfer</STRONG> (Thumb, 50 bytes, Stack size 0 bytes, stm32l0xx_hal_uart.o(i.UART_EndRxTransfer))
<BR><BR>[Called By]<UL><LI><a href="#[c0]">&gt;&gt;</a>&nbsp;&nbsp;&nbsp;HAL_UART_DMAStop
<LI><a href="#[ca]">&gt;&gt;</a>&nbsp;&nbsp;&nbsp;HAL_UART_IRQHandler
<LI><a href="#[2b]">&gt;&gt;</a>&nbsp;&nbsp;&nbsp;UART_DMAError
</UL>

<P><STRONG><a name="[c3]"></a>UART_EndTxTransfer</STRONG> (Thumb, 16 bytes, Stack size 0 bytes, stm32l0xx_hal_uart.o(i.UART_EndTxTransfer))
<BR><BR>[Called By]<UL><LI><a href="#[c0]">&gt;&gt;</a>&nbsp;&nbsp;&nbsp;HAL_UART_DMAStop
<LI><a href="#[2b]">&gt;&gt;</a>&nbsp;&nbsp;&nbsp;UART_DMAError
</UL>

<P><STRONG><a name="[113]"></a>_fp_digits</STRONG> (Thumb, 344 bytes, Stack size 64 bytes, printfa.o(i._fp_digits), UNUSED)
<BR><BR>[Calls]<UL><LI><a href="#[62]">&gt;&gt;</a>&nbsp;&nbsp;&nbsp;__aeabi_ddiv
<LI><a href="#[61]">&gt;&gt;</a>&nbsp;&nbsp;&nbsp;__aeabi_dmul
<LI><a href="#[5b]">&gt;&gt;</a>&nbsp;&nbsp;&nbsp;__aeabi_dadd
<LI><a href="#[114]">&gt;&gt;</a>&nbsp;&nbsp;&nbsp;__aeabi_cdrcmple
<LI><a href="#[46]">&gt;&gt;</a>&nbsp;&nbsp;&nbsp;__aeabi_uldivmod
<LI><a href="#[6e]">&gt;&gt;</a>&nbsp;&nbsp;&nbsp;__aeabi_d2ulz
</UL>
<BR>[Called By]<UL><LI><a href="#[105]">&gt;&gt;</a>&nbsp;&nbsp;&nbsp;_printf_core
</UL>

<P><STRONG><a name="[105]"></a>_printf_core</STRONG> (Thumb, 1754 bytes, Stack size 128 bytes, printfa.o(i._printf_core), UNUSED)
<BR><BR>[Calls]<UL><LI><a href="#[46]">&gt;&gt;</a>&nbsp;&nbsp;&nbsp;__aeabi_uldivmod
<LI><a href="#[45]">&gt;&gt;</a>&nbsp;&nbsp;&nbsp;__aeabi_uidivmod
<LI><a href="#[115]">&gt;&gt;</a>&nbsp;&nbsp;&nbsp;_printf_pre_padding
<LI><a href="#[116]">&gt;&gt;</a>&nbsp;&nbsp;&nbsp;_printf_post_padding
<LI><a href="#[113]">&gt;&gt;</a>&nbsp;&nbsp;&nbsp;_fp_digits
</UL>
<BR>[Called By]<UL><LI><a href="#[106]">&gt;&gt;</a>&nbsp;&nbsp;&nbsp;__0vsprintf
<LI><a href="#[104]">&gt;&gt;</a>&nbsp;&nbsp;&nbsp;__0sprintf
</UL>

<P><STRONG><a name="[116]"></a>_printf_post_padding</STRONG> (Thumb, 32 bytes, Stack size 24 bytes, printfa.o(i._printf_post_padding), UNUSED)
<BR><BR>[Called By]<UL><LI><a href="#[105]">&gt;&gt;</a>&nbsp;&nbsp;&nbsp;_printf_core
</UL>

<P><STRONG><a name="[115]"></a>_printf_pre_padding</STRONG> (Thumb, 44 bytes, Stack size 40 bytes, printfa.o(i._printf_pre_padding), UNUSED)
<BR><BR>[Called By]<UL><LI><a href="#[105]">&gt;&gt;</a>&nbsp;&nbsp;&nbsp;_printf_core
</UL>

<P><STRONG><a name="[2c]"></a>_sputc</STRONG> (Thumb, 10 bytes, Stack size 0 bytes, printfa.o(i._sputc))
<BR><BR>[Called By]<UL><LI><a href="#[106]">&gt;&gt;</a>&nbsp;&nbsp;&nbsp;__0vsprintf
<LI><a href="#[104]">&gt;&gt;</a>&nbsp;&nbsp;&nbsp;__0sprintf
</UL>
<BR>[Address Reference Count : 2]<UL><LI> printfa.o(i.__0sprintf)
<LI> printfa.o(i.__0vsprintf)
</UL>
<P><STRONG><a name="[69]"></a>_local_sscanf</STRONG> (Thumb, 54 bytes, Stack size 56 bytes, strtod.o(.text))
<BR><BR>[Stack]<UL><LI>Max Depth = 160<LI>Call Chain = _local_sscanf &rArr; _scanf_real
</UL>
<BR>[Calls]<UL><LI><a href="#[6a]">&gt;&gt;</a>&nbsp;&nbsp;&nbsp;_scanf_real
</UL>
<BR>[Called By]<UL><LI><a href="#[6b]">&gt;&gt;</a>&nbsp;&nbsp;&nbsp;__strtod_int
</UL>

<P><STRONG><a name="[70]"></a>_fp_value</STRONG> (Thumb, 286 bytes, Stack size 72 bytes, scanf_fp.o(.text), UNUSED)
<BR><BR>[Calls]<UL><LI><a href="#[62]">&gt;&gt;</a>&nbsp;&nbsp;&nbsp;__aeabi_ddiv
<LI><a href="#[61]">&gt;&gt;</a>&nbsp;&nbsp;&nbsp;__aeabi_dmul
<LI><a href="#[71]">&gt;&gt;</a>&nbsp;&nbsp;&nbsp;__aeabi_lmul
<LI><a href="#[72]">&gt;&gt;</a>&nbsp;&nbsp;&nbsp;__aeabi_ul2d
</UL>
<BR>[Called By]<UL><LI><a href="#[73]">&gt;&gt;</a>&nbsp;&nbsp;&nbsp;_scanf_really_real
</UL>
<P>
<H3>
Undefined Global Symbols
</H3><HR></body></html>
