Component: ARM Compiler 5.06 update 6 (build 750) Tool: armlink [4d35ed]

==============================================================================

Image Symbol Table

    Local Symbols

    Symbol Name                              Value     Ov Type        Size  Object(Section)

    ../Drivers/STM32L0xx_HAL_Driver/Src/stm32l0xx_hal.c 0x00000000   Number         0  stm32l0xx_hal.o ABSOLUTE
    ../Drivers/STM32L0xx_HAL_Driver/Src/stm32l0xx_hal_adc.c 0x00000000   Number         0  stm32l0xx_hal_adc.o ABSOLUTE
    ../Drivers/STM32L0xx_HAL_Driver/Src/stm32l0xx_hal_adc_ex.c 0x00000000   Number         0  stm32l0xx_hal_adc_ex.o ABSOLUTE
    ../Drivers/STM32L0xx_HAL_Driver/Src/stm32l0xx_hal_cortex.c 0x00000000   Number         0  stm32l0xx_hal_cortex.o ABSOLUTE
    ../Drivers/STM32L0xx_HAL_Driver/Src/stm32l0xx_hal_dma.c 0x00000000   Number         0  stm32l0xx_hal_dma.o ABSOLUTE
    ../Drivers/STM32L0xx_HAL_Driver/Src/stm32l0xx_hal_exti.c 0x00000000   Number         0  stm32l0xx_hal_exti.o ABSOLUTE
    ../Drivers/STM32L0xx_HAL_Driver/Src/stm32l0xx_hal_flash.c 0x00000000   Number         0  stm32l0xx_hal_flash.o ABSOLUTE
    ../Drivers/STM32L0xx_HAL_Driver/Src/stm32l0xx_hal_flash_ex.c 0x00000000   Number         0  stm32l0xx_hal_flash_ex.o ABSOLUTE
    ../Drivers/STM32L0xx_HAL_Driver/Src/stm32l0xx_hal_flash_ramfunc.c 0x00000000   Number         0  stm32l0xx_hal_flash_ramfunc.o ABSOLUTE
    ../Drivers/STM32L0xx_HAL_Driver/Src/stm32l0xx_hal_gpio.c 0x00000000   Number         0  stm32l0xx_hal_gpio.o ABSOLUTE
    ../Drivers/STM32L0xx_HAL_Driver/Src/stm32l0xx_hal_i2c.c 0x00000000   Number         0  stm32l0xx_hal_i2c.o ABSOLUTE
    ../Drivers/STM32L0xx_HAL_Driver/Src/stm32l0xx_hal_i2c_ex.c 0x00000000   Number         0  stm32l0xx_hal_i2c_ex.o ABSOLUTE
    ../Drivers/STM32L0xx_HAL_Driver/Src/stm32l0xx_hal_iwdg.c 0x00000000   Number         0  stm32l0xx_hal_iwdg.o ABSOLUTE
    ../Drivers/STM32L0xx_HAL_Driver/Src/stm32l0xx_hal_pwr.c 0x00000000   Number         0  stm32l0xx_hal_pwr.o ABSOLUTE
    ../Drivers/STM32L0xx_HAL_Driver/Src/stm32l0xx_hal_pwr_ex.c 0x00000000   Number         0  stm32l0xx_hal_pwr_ex.o ABSOLUTE
    ../Drivers/STM32L0xx_HAL_Driver/Src/stm32l0xx_hal_rcc.c 0x00000000   Number         0  stm32l0xx_hal_rcc.o ABSOLUTE
    ../Drivers/STM32L0xx_HAL_Driver/Src/stm32l0xx_hal_rcc_ex.c 0x00000000   Number         0  stm32l0xx_hal_rcc_ex.o ABSOLUTE
    ../Drivers/STM32L0xx_HAL_Driver/Src/stm32l0xx_hal_rtc.c 0x00000000   Number         0  stm32l0xx_hal_rtc.o ABSOLUTE
    ../Drivers/STM32L0xx_HAL_Driver/Src/stm32l0xx_hal_rtc_ex.c 0x00000000   Number         0  stm32l0xx_hal_rtc_ex.o ABSOLUTE
    ../Drivers/STM32L0xx_HAL_Driver/Src/stm32l0xx_hal_tim.c 0x00000000   Number         0  stm32l0xx_hal_tim.o ABSOLUTE
    ../Drivers/STM32L0xx_HAL_Driver/Src/stm32l0xx_hal_tim_ex.c 0x00000000   Number         0  stm32l0xx_hal_tim_ex.o ABSOLUTE
    ../Drivers/STM32L0xx_HAL_Driver/Src/stm32l0xx_hal_uart.c 0x00000000   Number         0  stm32l0xx_hal_uart.o ABSOLUTE
    ../Drivers/STM32L0xx_HAL_Driver/Src/stm32l0xx_hal_uart_ex.c 0x00000000   Number         0  stm32l0xx_hal_uart_ex.o ABSOLUTE
    ../Src/adc.c                             0x00000000   Number         0  adc.o ABSOLUTE
    ../Src/dma.c                             0x00000000   Number         0  dma.o ABSOLUTE
    ../Src/gpio.c                            0x00000000   Number         0  gpio.o ABSOLUTE
    ../Src/i2c.c                             0x00000000   Number         0  i2c.o ABSOLUTE
    ../Src/iwdg.c                            0x00000000   Number         0  iwdg.o ABSOLUTE
    ../Src/main.c                            0x00000000   Number         0  main.o ABSOLUTE
    ../Src/rtc.c                             0x00000000   Number         0  rtc.o ABSOLUTE
    ../Src/stm32l0xx_hal_msp.c               0x00000000   Number         0  stm32l0xx_hal_msp.o ABSOLUTE
    ../Src/stm32l0xx_it.c                    0x00000000   Number         0  stm32l0xx_it.o ABSOLUTE
    ../Src/system_stm32l0xx.c                0x00000000   Number         0  system_stm32l0xx.o ABSOLUTE
    ../Src/usart.c                           0x00000000   Number         0  usart.o ABSOLUTE
    ../clib/microlib/ctype/ctype.c           0x00000000   Number         0  isgraph_o.o ABSOLUTE
    ../clib/microlib/ctype/ctype.c           0x00000000   Number         0  islower_o.o ABSOLUTE
    ../clib/microlib/ctype/ctype.c           0x00000000   Number         0  isprint_o.o ABSOLUTE
    ../clib/microlib/ctype/ctype.c           0x00000000   Number         0  isspace_o.o ABSOLUTE
    ../clib/microlib/ctype/ctype.c           0x00000000   Number         0  isupper_o.o ABSOLUTE
    ../clib/microlib/ctype/ctype.c           0x00000000   Number         0  isxdigit_o.o ABSOLUTE
    ../clib/microlib/ctype/ctype.c           0x00000000   Number         0  isspace_c.o ABSOLUTE
    ../clib/microlib/ctype/ctype.c           0x00000000   Number         0  ctype_c.o ABSOLUTE
[...]
    terminalAlarmSet                         0x080192bd   Thumb Code    16  app_sys.o(i.terminalAlarmSet)
    terminalCharge                           0x080192d1   Thumb Code    12  app_sys.o(i.terminalCharge)
    terminalGPSFixed                         0x080192e1   Thumb Code    12  app_sys.o(i.terminalGPSFixed)
    terminalGPSUnFixed                       0x080192f1   Thumb Code    12  app_sys.o(i.terminalGPSUnFixed)
    terminalunCharge                         0x08019301   Thumb Code    12  app_sys.o(i.terminalunCharge)
    updateLocalRTCTime                       0x0801939d   Thumb Code    98  app_gps.o(i.updateLocalRTCTime)
    updateRTCtimeRequest                     0x08019409   Thumb Code    12  app_sys.o(i.updateRTCtimeRequest)
    updateRange                              0x08019419   Thumb Code    26  app_mir3da.o(i.updateRange)
    updateSystemLedStatus                    0x08019449   Thumb Code   108  app_task.o(i.updateSystemLedStatus)
    updateSystemStartTime                    0x080194b9   Thumb Code     8  app_sys.o(i.updateSystemStartTime)
    uploadGpsRestoreData                     0x080194c5   Thumb Code    44  app_serverprotocol.o(i.uploadGpsRestoreData)
    uploadRequestInMode4                     0x080194f9   Thumb Code   138  app_task.o(i.uploadRequestInMode4)
    voltageCheckTask                         0x080195b1   Thumb Code   542  app_task.o(i.voltageCheckTask)
    wdtProcess                               0x0801990d   Thumb Code   178  app_task.o(i.wdtProcess)
    wifiUploadRequestTask                    0x08019a2d   Thumb Code    28  app_task.o(i.wifiUploadRequestTask)
    ztvm_encrypt_des                         0x08019a4d   Thumb Code    86  app_sn.o(i.ztvm_encrypt_des)
    ztvm_encrypt_undes                       0x08019aa3   Thumb Code    88  app_sn.o(i.ztvm_encrypt_undes)
    ztvm_encrypt_untrides                    0x08019afb   Thumb Code    40  app_sn.o(i.ztvm_encrypt_untrides)
    n58_cmd_table                            0x08019d30   Data         464  app_net.o(.constdata)
    atcmdtable                               0x08019f00   Data         152  app_atcmd.o(.constdata)
    instructiontable                         0x08019f98   Data         296  app_atcmd.o(.constdata)
    AHBPrescTable                            0x0801a42a   Data          16  system_stm32l0xx.o(.constdata)
    PLLMulTable                              0x0801a43a   Data           9  system_stm32l0xx.o(.constdata)
    APBPrescTable                            0x0801a443   Data           8  system_stm32l0xx.o(.constdata)
    __mathlib_zero                           0x0801a568   Data           8  qnan.o(.constdata)
    __ctype_table                            0x0801a660   Data         129  ctype_o.o(.constdata)
    Region$$Table$$Base                      0x0801ad60   Number         0  anon$$obj.o(Region$$Table)
    Region$$Table$$Limit                     0x0801ad80   Number         0  anon$$obj.o(Region$$Table)
    ringTimerId                              0x20000004   Data           1  app_port.o(.data)
    i2c_addr                                 0x20000070   Data           1  app_mir3da.o(.data)
    uwTickFreq                               0x20000074   Data           1  stm32l0xx_hal.o(.data)
    uwTickPrio                               0x20000078   Data           4  stm32l0xx_hal.o(.data)
    uwTick                                   0x2000007c   Data           4  stm32l0xx_hal.o(.data)
    SystemCoreClock                          0x20000080   Data           4  system_stm32l0xx.o(.data)
    __microlib_freelist                      0x20000084   Data           4  mvars.o(.data)
    __microlib_freelist_initialised          0x20000088   Data           4  mvars.o(.data)
    usart1_ctl                               0x200000a0   Data          20  app_port.o(.bss)
    usart2_ctl                               0x200000b4   Data          20  app_port.o(.bss)
    usart3_ctl                               0x200000c8   Data          20  app_port.o(.bss)
    usart1rxbuf                              0x200000dc   Data         256  app_port.o(.bss)
    usart2rxbuf                              0x200001dc   Data        2048  app_port.o(.bss)
    usart3rxbuf                              0x200009dc   Data         128  app_port.o(.bss)
    sysinfo                                  0x20000a5c   Data         132  app_sys.o(.bss)
    sysparam                                 0x20000c08   Data         452  app_param.o(.bss)
    CODEVERSION                              0x20000dcc   Data          30  app_param.o(.bss)
    n58_invoke_status                        0x20000dec   Data          12  app_net.o(.bss)
    n58_lte_status                           0x20000df8   Data         149  app_net.o(.bss)
    netconnect                               0x200016b0   Data          16  app_serverprotocol.o(.bss)
    rf                                       0x20001c00   Data          68  app_rec.o(.bss)
    lastuploadgpsinfo                        0x20002008   Data          32  app_gpsarithmetic.o(.bss)
    ble_info                                 0x20002028   Data          23  app_ble.o(.bss)
    hadc                                     0x20002040   Data          92  adc.o(.bss)
    hiwdg                                    0x2000209c   Data          16  iwdg.o(.bss)
    hlpuart1                                 0x200020ac   Data         132  usart.o(.bss)
    huart1                                   0x20002130   Data         132  usart.o(.bss)
    huart2                                   0x200021b4   Data         132  usart.o(.bss)
    hdma_lpuart1_rx                          0x20002238   Data          72  usart.o(.bss)
    hdma_usart1_rx                           0x20002280   Data          72  usart.o(.bss)
    hdma_usart2_rx                           0x200022c8   Data          72  usart.o(.bss)
    hrtc                                     0x20002310   Data          36  rtc.o(.bss)
    pFlash                                   0x20002334   Data          24  stm32l0xx_hal_flash.o(.bss)
    __heap_base                              0x20002350   Data           0  startup_stm32l071xx.o(HEAP)
    __heap_limit                             0x20003350   Data           0  startup_stm32l071xx.o(HEAP)
    __initial_sp                             0x20004350   Data           0  startup_stm32l071xx.o(STACK)



==============================================================================

Memory Map of the image

  Image Entry point : 0x080078c1

  Load Region LR_IROM1 (Base: 0x08007800, Size: 0x00013610, Max: 0x00020000, ABSOLUTE)

    Execution Region ER_IROM1 (Exec base: 0x08007800, Load base: 0x08007800, Size: 0x00013580, Max: 0x00020000, ABSOLUTE)

    Exec Addr    Load Addr    Size         Type   Attr      Idx    E Section Name        Object

    0x08007800   0x08007800   0x000000c0   Data   RO         6283    RESET               startup_stm32l071xx.o
    0x080078c0   0x080078c0   0x00000000   Code   RO         6336  * .ARM.Collect$$$$00000000  mc_p.l(entry.o)
    0x080078c0   0x080078c0   0x00000004   Code   RO         6724    .ARM.Collect$$$$00000001  mc_p.l(entry2.o)
    0x080078c4   0x080078c4   0x00000004   Code   RO         6727    .ARM.Collect$$$$00000004  mc_p.l(entry5.o)
    0x080078c8   0x080078c8   0x00000000   Code   RO         6729    .ARM.Collect$$$$00000008  mc_p.l(entry7b.o)
    0x080078c8   0x080078c8   0x00000000   Code   RO         6731    .ARM.Collect$$$$0000000A  mc_p.l(entry8b.o)
    0x080078c8   0x080078c8   0x00000008   Code   RO         6732    .ARM.Collect$$$$0000000B  mc_p.l(entry9a.o)
    0x080078d0   0x080078d0   0x00000000   Code   RO         6734    .ARM.Collect$$$$0000000D  mc_p.l(entry10a.o)
    0x080078d0   0x080078d0   0x00000000   Code   RO         6736    .ARM.Collect$$$$0000000F  mc_p.l(entry11a.o)
    0x080078d0   0x080078d0   0x00000004   Code   RO         6725    .ARM.Collect$$$$00002712  mc_p.l(entry2.o)
    0x080078d4   0x080078d4   0x0000001c   Code   RO         6284    .text               startup_stm32l071xx.o
    0x080078f0   0x080078f0   0x0000002c   Code   RO         6339    .text               mc_p.l(uidiv.o)
    0x0800791c   0x0800791c   0x00000028   Code   RO         6341    .text               mc_p.l(idiv.o)
    0x08007944   0x08007944   0x00000060   Code   RO         6343    .text               mc_p.l(uldiv.o)
    0x080079a4   0x080079a4   0x0000008c   Code   RO         6345    .text               mc_p.l(mktime.o)
    0x08007a30   0x08007a30   0x00000024   Code   RO         6348    .text               mc_p.l(memcpya.o)
    0x08007a54   0x08007a54   0x00000024   Code   RO         6350    .text               mc_p.l(memseta.o)
    0x08007a78   0x08007a78   0x00000028   Code   RO         6352    .text               mc_p.l(strstr.o)
    0x08007aa0   0x08007aa0   0x0000001a   Code   RO         6354    .text               mc_p.l(strncpy.o)
    0x08007aba   0x08007aba   0x0000000e   Code   RO         6356    .text               mc_p.l(strlen.o)
    0x08007ac8   0x08007ac8   0x00000012   Code   RO         6358    .text               mc_p.l(strcpy.o)
    0x08007ada   0x08007ada   0x00000076   Code   RO         6651    .text               mc_p.l(strtoul.o)
    0x08007b50   0x08007b50   0x0000001a   Code   RO         6653    .text               mc_p.l(atoi.o)
    0x08007b6a   0x08007b6a   0x0000001a   Code   RO         6655    .text               mc_p.l(atol.o)
    0x08007b84   0x08007b84   0x000000b2   Code   RO         6657    .text               mf_p.l(fadd.o)
    0x08007c36   0x08007c36   0x0000007a   Code   RO         6659    .text               mf_p.l(fmul.o)
    0x08007cb0   0x08007cb0   0x0000007c   Code   RO         6661    .text               mf_p.l(fdiv.o)
    0x08007d2c   0x08007d2c   0x00000164   Code   RO         6663    .text               mf_p.l(dadd.o)
    0x08007e90   0x08007e90   0x000000d0   Code   RO         6665    .text               mf_p.l(dmul.o)
    0x08007f60   0x08007f60   0x000000f0   Code   RO         6667    .text               mf_p.l(ddiv.o)
    0x08008050   0x08008050   0x0000002c   Code   RO         6669    .text               mf_p.l(dscalb.o)
    0x0800807c   0x0800807c   0x0000000e   Code   RO         6671    .text               mf_p.l(ffltui.o)
    0x0800808a   0x0800808a   0x00000002   PAD
    0x0800808c   0x0800808c   0x00000028   Code   RO         6673    .text               mf_p.l(dflti.o)
    0x080080b4   0x080080b4   0x0000001c   Code   RO         6675    .text               mf_p.l(dfltui.o)
    0x080080d0   0x080080d0   0x00000028   Code   RO         6677    .text               mf_p.l(ffixui.o)
    0x080080f8   0x080080f8   0x0000003c   Code   RO         6679    .text               mf_p.l(dfixui.o)
    0x08008134   0x08008134   0x00000028   Code   RO         6681    .text               mf_p.l(f2d.o)
    0x0800815c   0x0800815c   0x00000028   Code   RO         6683    .text               mf_p.l(cdcmple.o)
    0x08008184   0x08008184   0x00000028   Code   RO         6685    .text               mf_p.l(cdrcmple.o)
    0x080081ac   0x080081ac   0x00000038   Code   RO         6687    .text               mf_p.l(d2f.o)
    0x080081e4   0x080081e4   0x00000014   Code   RO         6689    .text               mf_p.l(cfcmple.o)
    0x080081f8   0x080081f8   0x00000020   Code   RO         6741    .text               mc_p.l(llshl.o)
    0x08008218   0x08008218   0x00000022   Code   RO         6743    .text               mc_p.l(llushr.o)
    0x0800823a   0x0800823a   0x00000026   Code   RO         6745    .text               mc_p.l(llsshr.o)
    0x08008260   0x08008260   0x00000008   Code   RO         6747    .text               mc_p.l(ctype_o.o)
    0x08008268   0x08008268   0x00000012   Code   RO         6769    .text               mc_p.l(isspace_o.o)
    0x0800827a   0x0800827a   0x00000002   PAD
    0x0800827c   0x0800827c   0x00000074   Code   RO         6778    .text               mc_p.l(localtime_i.o)
    0x080082f0   0x080082f0   0x000000a6   Code   RO         6790    .text               mc_p.l(_strtoul.o)
    0x08008396   0x08008396   0x00000002   PAD
    0x08008398   0x08008398   0x000000a4   Code   RO         6792    .text               mc_p.l(strtod.o)
    0x0800843c   0x0800843c   0x00000070   Code   RO         6794    .text               mc_p.l(strtol.o)
    0x080084ac   0x080084ac   0x00000000   Code   RO         6796    .text               mc_p.l(iusefp.o)
    0x080084ac   0x080084ac   0x00000082   Code   RO         6797    .text               mf_p.l(fepilogue.o)
    0x0800852e   0x0800852e   0x000000be   Code   RO         6799    .text               mf_p.l(depilogue.o)
    0x080085ec   0x080085ec   0x000000a2   Code   RO         6803    .text               mf_p.l(dsqrt.o)
    0x0800868e   0x0800868e   0x00000002   PAD
    0x08008690   0x08008690   0x00000040   Code   RO         6805    .text               mf_p.l(dfixul.o)
    0x080086d0   0x080086d0   0x00000024   Code   RO         6807    .text               mc_p.l(init.o)
    0x080086f4   0x080086f4   0x0000001e   Code   RO         6812    .text               mc_p.l(_chval.o)
    0x08008712   0x08008712   0x00000002   PAD
    0x08008714   0x08008714   0x00000374   Code   RO         6814    .text               mc_p.l(scanf_fp.o)
    0x08008a88   0x08008a88   0x00000044   Code   RO         6818    .text               mc_p.l(_sgetc.o)
    0x08008acc   0x08008acc   0x00000048   Code   RO         6821    .text               mf_p.l(dfixi.o)
    0x08008b14   0x08008b14   0x0000007a   Code   RO         6823    .text               mc_p.l(llmul.o)
    0x08008b8e   0x08008b8e   0x00000002   PAD
    0x08008b90   0x08008b90   0x0000001c   Code   RO         6828    .text               mf_p.l(dfltul.o)
    0x08008bac   0x08008bac   0x00000052   Code   RO         3491    i.ADC_ConversionStop  stm32l0xx_hal_adc.o
    0x08008bfe   0x08008bfe   0x00000002   PAD
    0x08008c00   0x08008c00   0x00000024   Code   RO         3495    i.ADC_DelayMicroSecond  stm32l0xx_hal_adc.o
    0x08008c24   0x08008c24   0x00000060   Code   RO         3496    i.ADC_Disable       stm32l0xx_hal_adc.o
    0x08008c84   0x08008c84   0x00000064   Code   RO         3497    i.ADC_Enable        stm32l0xx_hal_adc.o
    0x08008ce8   0x08008ce8   0x000000e4   Code   RO         1237    i.CreateNodeCmd     app_net.o
    0x08008dcc   0x08008dcc   0x000000fc   Code   RO            3    i.Create_Timer      app_kernal.o
    0x08008ec8   0x08008ec8   0x00000010   Code   RO         3381    i.DMA1_Channel2_3_IRQHandler  stm32l0xx_it.o
    0x08008ed8   0x08008ed8   0x00000018   Code   RO         3382    i.DMA1_Channel4_5_6_7_IRQHandler  stm32l0xx_it.o
    0x08008ef0   0x08008ef0   0x0000002c   Code   RO         4927    i.DMA_SetConfig     stm32l0xx_hal_dma.o
    0x08008f1c   0x08008f1c   0x00000018   Code   RO         3383    i.EXTI4_15_IRQHandler  stm32l0xx_it.o
    0x08008f34   0x08008f34   0x00000002   Code   RO         3109    i.Error_Handler     main.o
    0x08008f36   0x08008f36   0x00000002   PAD
    0x08008f38   0x08008f38   0x00000090   Code   RO         4659    i.FLASH_SetErrorCode  stm32l0xx_hal_flash.o
    0x08008fc8   0x08008fc8   0x00000070   Code   RO         4660    i.FLASH_WaitForLastOperation  stm32l0xx_hal_flash.o
    0x08009038   0x08009038   0x0000002c   Code   RO          583    i.GetCrc16          app_sys.o
    0x08009064   0x08009064   0x000000aa   Code   RO         3674    i.HAL_ADCEx_Calibration_Start  stm32l0xx_hal_adc_ex.o
    0x0800910e   0x0800910e   0x00000002   PAD
    0x08009110   0x08009110   0x00000094   Code   RO         3499    i.HAL_ADC_ConfigChannel  stm32l0xx_hal_adc.o
    0x080091a4   0x080091a4   0x00000004   Code   RO         3505    i.HAL_ADC_GetState  stm32l0xx_hal_adc.o
    0x080091a8   0x080091a8   0x00000006   Code   RO         3506    i.HAL_ADC_GetValue  stm32l0xx_hal_adc.o
    0x080091ae   0x080091ae   0x00000002   PAD
    0x080091b0   0x080091b0   0x000001c8   Code   RO         3508    i.HAL_ADC_Init      stm32l0xx_hal_adc.o
    0x08009378   0x08009378   0x00000050   Code   RO         3172    i.HAL_ADC_MspInit   adc.o
    0x080093c8   0x080093c8   0x000000c0   Code   RO         3512    i.HAL_ADC_PollForConversion  stm32l0xx_hal_adc.o
    0x08009488   0x08009488   0x0000005c   Code   RO         3514    i.HAL_ADC_Start     stm32l0xx_hal_adc.o
    0x080094e4   0x080094e4   0x0000003e   Code   RO         3517    i.HAL_ADC_Stop      stm32l0xx_hal_adc.o
    0x08009522   0x08009522   0x00000044   Code   RO         4928    i.HAL_DMA_Abort     stm32l0xx_hal_dma.o
    0x08009566   0x08009566   0x0000004c   Code   RO         4929    i.HAL_DMA_Abort_IT  stm32l0xx_hal_dma.o
    0x080095b2   0x080095b2   0x00000002   PAD
    0x080095b4   0x080095b4   0x00000068   Code   RO         4930    i.HAL_DMA_DeInit    stm32l0xx_hal_dma.o
    0x0800961c   0x0800961c   0x00000004   Code   RO         4931    i.HAL_DMA_GetError  stm32l0xx_hal_dma.o
    0x08009620   0x08009620   0x000000a8   Code   RO         4933    i.HAL_DMA_IRQHandler  stm32l0xx_hal_dma.o
    0x080096c8   0x080096c8   0x00000090   Code   RO         4934    i.HAL_DMA_Init      stm32l0xx_hal_dma.o
    0x08009758   0x08009758   0x00000068   Code   RO         4938    i.HAL_DMA_Start_IT  stm32l0xx_hal_dma.o
    0x080097c0   0x080097c0   0x00000024   Code   RO         3737    i.HAL_Delay         stm32l0xx_hal.o
    0x080097e4   0x080097e4   0x00000014   Code   RO         4763    i.HAL_FLASHEx_DATAEEPROM_Lock  stm32l0xx_hal_flash_ex.o
    0x080097f8   0x080097f8   0x00000054   Code   RO         4764    i.HAL_FLASHEx_DATAEEPROM_Program  stm32l0xx_hal_flash_ex.o
    0x0800984c   0x0800984c   0x00000034   Code   RO         4765    i.HAL_FLASHEx_DATAEEPROM_Unlock  stm32l0xx_hal_flash_ex.o
    0x08009880   0x08009880   0x000000f0   Code   RO         4865    i.HAL_GPIO_DeInit   stm32l0xx_hal_gpio.o
    0x08009970   0x08009970   0x00000026   Code   RO          787    i.HAL_GPIO_EXTI_Callback  app_user.o
    0x08009996   0x08009996   0x00000002   PAD
    0x08009998   0x08009998   0x00000018   Code   RO         4867    i.HAL_GPIO_EXTI_IRQHandler  stm32l0xx_hal_gpio.o
    0x080099b0   0x080099b0   0x00000184   Code   RO         4868    i.HAL_GPIO_Init     stm32l0xx_hal_gpio.o
    0x08009b34   0x08009b34   0x0000000a   Code   RO         4870    i.HAL_GPIO_ReadPin  stm32l0xx_hal_gpio.o
    0x08009b3e   0x08009b3e   0x0000000c   Code   RO         4872    i.HAL_GPIO_WritePin  stm32l0xx_hal_gpio.o
    0x08009b4a   0x08009b4a   0x00000002   PAD
    0x08009b4c   0x08009b4c   0x0000000c   Code   RO         3741    i.HAL_GetTick       stm32l0xx_hal.o
    0x08009b58   0x08009b58   0x00000064   Code   RO         5370    i.HAL_IWDG_Init     stm32l0xx_hal_iwdg.o
    0x08009bbc   0x08009bbc   0x00000010   Code   RO         5371    i.HAL_IWDG_Refresh  stm32l0xx_hal_iwdg.o
    0x08009bcc   0x08009bcc   0x00000010   Code   RO         3747    i.HAL_IncTick       stm32l0xx_hal.o
    0x08009bdc   0x08009bdc   0x00000028   Code   RO         3748    i.HAL_Init          stm32l0xx_hal.o
    0x08009c04   0x08009c04   0x00000044   Code   RO         3749    i.HAL_InitTick      stm32l0xx_hal.o
    0x08009c48   0x08009c48   0x00000018   Code   RO         3471    i.HAL_MspInit       stm32l0xx_hal_msp.o
    0x08009c60   0x08009c60   0x00000020   Code   RO         5194    i.HAL_NVIC_DisableIRQ  stm32l0xx_hal_cortex.o
    0x08009c80   0x08009c80   0x00000018   Code   RO         5195    i.HAL_NVIC_EnableIRQ  stm32l0xx_hal_cortex.o
    0x08009c98   0x08009c98   0x00000008   Code   RO         5199    i.HAL_NVIC_SetPriority  stm32l0xx_hal_cortex.o
    0x08009ca0   0x08009ca0   0x0000001c   Code   RO         5200    i.HAL_NVIC_SystemReset  stm32l0xx_hal_cortex.o
    0x08009cbc   0x08009cbc   0x00000010   Code   RO         5137    i.HAL_PWREx_EnableFastWakeUp  stm32l0xx_hal_pwr_ex.o
    0x08009ccc   0x08009ccc   0x00000010   Code   RO         5139    i.HAL_PWREx_EnableUltraLowPower  stm32l0xx_hal_pwr_ex.o
    0x08009cdc   0x08009cdc   0x00000010   Code   RO         5025    i.HAL_PWR_EnableBkUpAccess  stm32l0xx_hal_pwr.o
    0x08009cec   0x08009cec   0x00000064   Code   RO         5032    i.HAL_PWR_EnterSTOPMode  stm32l0xx_hal_pwr.o
    0x08009d50   0x08009d50   0x00000178   Code   RO         4543    i.HAL_RCCEx_PeriphCLKConfig  stm32l0xx_hal_rcc_ex.o
    0x08009ec8   0x08009ec8   0x0000019c   Code   RO         4443    i.HAL_RCC_ClockConfig  stm32l0xx_hal_rcc.o
    0x0800a064   0x0800a064   0x00000020   Code   RO         4449    i.HAL_RCC_GetPCLK1Freq  stm32l0xx_hal_rcc.o
    0x0800a084   0x0800a084   0x00000020   Code   RO         4450    i.HAL_RCC_GetPCLK2Freq  stm32l0xx_hal_rcc.o
    0x0800a0a4   0x0800a0a4   0x00000078   Code   RO         4451    i.HAL_RCC_GetSysClockFreq  stm32l0xx_hal_rcc.o
    0x0800a11c   0x0800a11c   0x00000432   Code   RO         4454    i.HAL_RCC_OscConfig  stm32l0xx_hal_rcc.o
    0x0800a54e   0x0800a54e   0x00000002   Code   RO         5997    i.HAL_RTCEx_AlarmBEventCallback  stm32l0xx_hal_rtc_ex.o
    0x0800a550   0x0800a550   0x000000f8   Code   RO         6024    i.HAL_RTCEx_SetWakeUpTimer_IT  stm32l0xx_hal_rtc_ex.o
    0x0800a648   0x0800a648   0x0000000a   Code   RO          227    i.HAL_RTCEx_WakeUpTimerEventCallback  app_port.o
    0x0800a652   0x0800a652   0x00000002   PAD
    0x0800a654   0x0800a654   0x00000038   Code   RO         6031    i.HAL_RTCEx_WakeUpTimerIRQHandler  stm32l0xx_hal_rtc_ex.o
    0x0800a68c   0x0800a68c   0x00000054   Code   RO          228    i.HAL_RTC_AlarmAEventCallback  app_port.o
    0x0800a6e0   0x0800a6e0   0x00000060   Code   RO         5865    i.HAL_RTC_AlarmIRQHandler  stm32l0xx_hal_rtc.o
    0x0800a740   0x0800a740   0x000000b8   Code   RO         5867    i.HAL_RTC_DeactivateAlarm  stm32l0xx_hal_rtc.o
    0x0800a7f8   0x0800a7f8   0x0000008c   Code   RO         5868    i.HAL_RTC_GetAlarm  stm32l0xx_hal_rtc.o
    0x0800a884   0x0800a884   0x00000044   Code   RO         5869    i.HAL_RTC_GetDate   stm32l0xx_hal_rtc.o
    0x0800a8c8   0x0800a8c8   0x0000005c   Code   RO         5871    i.HAL_RTC_GetTime   stm32l0xx_hal_rtc.o
    0x0800a924   0x0800a924   0x000000bc   Code   RO         5872    i.HAL_RTC_Init      stm32l0xx_hal_rtc.o
    0x0800a9e0   0x0800a9e0   0x00000030   Code   RO         3344    i.HAL_RTC_MspInit   rtc.o
    0x0800aa10   0x0800aa10   0x00000190   Code   RO         5877    i.HAL_RTC_SetAlarm_IT  stm32l0xx_hal_rtc.o
    0x0800aba0   0x0800aba0   0x000000c4   Code   RO         5878    i.HAL_RTC_SetDate   stm32l0xx_hal_rtc.o
    0x0800ac64   0x0800ac64   0x000000e8   Code   RO         5879    i.HAL_RTC_SetTime   stm32l0xx_hal_rtc.o
    0x0800ad4c   0x0800ad4c   0x00000034   Code   RO         5880    i.HAL_RTC_WaitForSynchro  stm32l0xx_hal_rtc.o
    0x0800ad80   0x0800ad80   0x00000010   Code   RO         3752    i.HAL_ResumeTick    stm32l0xx_hal.o
    0x0800ad90   0x0800ad90   0x00000030   Code   RO         5203    i.HAL_SYSTICK_Config  stm32l0xx_hal_cortex.o
    0x0800adc0   0x0800adc0   0x00000010   Code   RO         3758    i.HAL_SuspendTick   stm32l0xx_hal.o
    0x0800add0   0x0800add0   0x00000002   Code   RO         5405    i.HAL_UARTEx_RxEventCallback  stm32l0xx_hal_uart.o
    0x0800add2   0x0800add2   0x00000002   Code   RO         5794    i.HAL_UARTEx_WakeupCallback  stm32l0xx_hal_uart_ex.o
    0x0800add4   0x0800add4   0x0000007e   Code   RO         5417    i.HAL_UART_DMAStop  stm32l0xx_hal_uart.o
    0x0800ae52   0x0800ae52   0x0000003e   Code   RO         5418    i.HAL_UART_DeInit   stm32l0xx_hal_uart.o
    0x0800ae90   0x0800ae90   0x000000c8   Code   RO          229    i.HAL_UART_ErrorCallback  app_port.o
    0x0800af58   0x0800af58   0x00000220   Code   RO         5424    i.HAL_UART_IRQHandler  stm32l0xx_hal_uart.o
    0x0800b178   0x0800b178   0x0000006a   Code   RO         5425    i.HAL_UART_Init     stm32l0xx_hal_uart.o
    0x0800b1e2   0x0800b1e2   0x00000002   PAD
    0x0800b1e4   0x0800b1e4   0x00000090   Code   RO         3293    i.HAL_UART_MspDeInit  usart.o
    0x0800b274   0x0800b274   0x00000180   Code   RO         3294    i.HAL_UART_MspInit  usart.o
    0x0800b3f4   0x0800b3f4   0x00000060   Code   RO         5429    i.HAL_UART_Receive_DMA  stm32l0xx_hal_uart.o
    0x0800b454   0x0800b454   0x00000090   Code   RO          230    i.HAL_UART_RxCpltCallback  app_port.o
    0x0800b4e4   0x0800b4e4   0x00000002   Code   RO         5433    i.HAL_UART_RxHalfCpltCallback  stm32l0xx_hal_uart.o
    0x0800b4e6   0x0800b4e6   0x000000d2   Code   RO         5434    i.HAL_UART_Transmit  stm32l0xx_hal_uart.o
    0x0800b5b8   0x0800b5b8   0x00000002   Code   RO         5437    i.HAL_UART_TxCpltCallback  stm32l0xx_hal_uart.o
    0x0800b5ba   0x0800b5ba   0x00000002   PAD
    0x0800b5bc   0x0800b5bc   0x00000018   Code   RO         3384    i.HardFault_Handler  stm32l0xx_it.o
    0x0800b5d4   0x0800b5d4   0x0000000a   Code   RO          232    i.IIC_Delay         app_port.o
    0x0800b5de   0x0800b5de   0x00000002   PAD
    0x0800b5e0   0x0800b5e0   0x00000014   Code   RO         3385    i.LPUART1_IRQHandler  stm32l0xx_it.o
    0x0800b5f4   0x0800b5f4   0x00000028   Code   RO          584    i.LogMessage        app_sys.o
    0x0800b61c   0x0800b61c   0x0000001c   Code   RO          585    i.LogMessageWL      app_sys.o
    0x0800b638   0x0800b638   0x00000070   Code   RO          586    i.LogPrintf         app_sys.o
    0x0800b6a8   0x0800b6a8   0x00000070   Code   RO         3173    i.MX_ADC_Init       adc.o
    0x0800b718   0x0800b718   0x00000038   Code   RO         3209    i.MX_DMA_Init       dma.o
    0x0800b750   0x0800b750   0x00000118   Code   RO         3151    i.MX_GPIO_Init      gpio.o
    0x0800b868   0x0800b868   0x0000002c   Code   RO         3267    i.MX_IWDG_Init      iwdg.o
    0x0800b894   0x0800b894   0x00000038   Code   RO         3295    i.MX_LPUART1_UART_Init  usart.o
    0x0800b8cc   0x0800b8cc   0x00000044   Code   RO         3345    i.MX_RTC_Init       rtc.o
    0x0800b910   0x0800b910   0x00000038   Code   RO         3296    i.MX_USART1_UART_Init  usart.o
    0x0800b948   0x0800b948   0x00000038   Code   RO         3297    i.MX_USART2_UART_Init  usart.o
    0x0800b980   0x0800b980   0x0000001c   Code   RO         1238    i.N58_ChangeInvokeStatus  app_net.o
    0x0800b99c   0x0800b99c   0x0000002c   Code   RO         1240    i.N58_CreateSocket  app_net.o
    0x0800b9c8   0x0800b9c8   0x00000044   Code   RO         1241    i.N58enterFlightMode  app_net.o
    0x0800ba0c   0x0800ba0c   0x00000044   Code   RO         1242    i.N58enterNormalMode  app_net.o
    0x0800ba50   0x0800ba50   0x00000002   Code   RO         3386    i.NMI_Handler       stm32l0xx_it.o
    0x0800ba52   0x0800ba52   0x00000002   Code   RO         3387    i.PendSV_Handler    stm32l0xx_it.o
    0x0800ba54   0x0800ba54   0x00000010   Code   RO         5881    i.RTC_Bcd2ToByte    stm32l0xx_hal_rtc.o
    0x0800ba64   0x0800ba64   0x00000018   Code   RO         5882    i.RTC_ByteToBcd2    stm32l0xx_hal_rtc.o
    0x0800ba7c   0x0800ba7c   0x00000038   Code   RO         5883    i.RTC_EnterInitMode  stm32l0xx_hal_rtc.o
    0x0800bab4   0x0800bab4   0x00000014   Code   RO         3388    i.RTC_IRQHandler    stm32l0xx_it.o
    0x0800bac8   0x0800bac8   0x00000002   Code   RO         3389    i.SVC_Handler       stm32l0xx_it.o
    0x0800baca   0x0800baca   0x00000002   PAD
    0x0800bacc   0x0800bacc   0x00000044   Code   RO          235    i.Soft_IIC_ACK      app_port.o
    0x0800bb10   0x0800bb10   0x00000020   Code   RO          237    i.Soft_IIC_Input    app_port.o
    0x0800bb30   0x0800bb30   0x00000038   Code   RO          238    i.Soft_IIC_NACK     app_port.o
    0x0800bb68   0x0800bb68   0x00000020   Code   RO          239    i.Soft_IIC_Output   app_port.o
    0x0800bb88   0x0800bb88   0x0000006c   Code   RO          240    i.Soft_IIC_Recv_Byte  app_port.o
    0x0800bbf4   0x0800bbf4   0x0000004c   Code   RO          241    i.Soft_IIC_Start    app_port.o
    0x0800bc40   0x0800bc40   0x00000044   Code   RO          242    i.Soft_IIC_Stop     app_port.o
    0x0800bc84   0x0800bc84   0x00000058   Code   RO          243    i.Soft_IIC_Wait_ACK  app_port.o
    0x0800bcdc   0x0800bcdc   0x00000022   Code   RO          244    i.Soft_IIC_Write_Byte  app_port.o
    0x0800bcfe   0x0800bcfe   0x00000002   PAD
    0x0800bd00   0x0800bd00   0x00000040   Code   RO          245    i.Soft_IIC_Write_High  app_port.o
    0x0800bd40   0x0800bd40   0x00000040   Code   RO          246    i.Soft_IIC_Write_Low  app_port.o
    0x0800bd80   0x0800bd80   0x00000008   Code   RO         3390    i.SysTick_Handler   stm32l0xx_it.o
    0x0800bd88   0x0800bd88   0x00000090   Code   RO         3110    i.SystemClock_Config  main.o
    0x0800be18   0x0800be18   0x00000058   Code   RO         6250    i.SystemInit        system_stm32l0xx.o
    0x0800be70   0x0800be70   0x000000ca   Code   RO         5439    i.UART_AdvFeatureConfig  stm32l0xx_hal_uart.o
    0x0800bf3a   0x0800bf3a   0x00000002   PAD
    0x0800bf3c   0x0800bf3c   0x00000064   Code   RO         5440    i.UART_CheckIdleState  stm32l0xx_hal_uart.o
    0x0800bfa0   0x0800bfa0   0x00000014   Code   RO         5441    i.UART_DMAAbortOnError  stm32l0xx_hal_uart.o
    0x0800bfb4   0x0800bfb4   0x0000004c   Code   RO         5442    i.UART_DMAError     stm32l0xx_hal_uart.o
    0x0800c000   0x0800c000   0x0000005e   Code   RO         5443    i.UART_DMAReceiveCplt  stm32l0xx_hal_uart.o
    0x0800c05e   0x0800c05e   0x0000001c   Code   RO         5445    i.UART_DMARxHalfCplt  stm32l0xx_hal_uart.o
    0x0800c07a   0x0800c07a   0x00000032   Code   RO         5451    i.UART_EndRxTransfer  stm32l0xx_hal_uart.o
    0x0800c0ac   0x0800c0ac   0x00000010   Code   RO         5452    i.UART_EndTxTransfer  stm32l0xx_hal_uart.o
    0x0800c0bc   0x0800c0bc   0x00000214   Code   RO         5455    i.UART_SetConfig    stm32l0xx_hal_uart.o
    0x0800c2d0   0x0800c2d0   0x0000008c   Code   RO         5456    i.UART_Start_Receive_DMA  stm32l0xx_hal_uart.o
    0x0800c35c   0x0800c35c   0x0000009e   Code   RO         5460    i.UART_WaitOnFlagUntilTimeout  stm32l0xx_hal_uart.o
    0x0800c3fa   0x0800c3fa   0x00000002   PAD
    0x0800c3fc   0x0800c3fc   0x00000014   Code   RO         3391    i.USART1_IRQHandler  stm32l0xx_it.o
    0x0800c410   0x0800c410   0x00000014   Code   RO         3392    i.USART2_IRQHandler  stm32l0xx_it.o
    0x0800c424   0x0800c424   0x00000026   Code   RO         2826    i.XINGSHENG_ID_ASCII_Decoding  app_sn.o
    0x0800c44a   0x0800c44a   0x00000084   Code   RO         2827    i.XINGSHENG_ID_Decoder  app_sn.o
    0x0800c4ce   0x0800c4ce   0x00000002   PAD
    0x0800c4d0   0x0800c4d0   0x00000028   Code   RO         6597    i.__0sprintf        mc_p.l(printfa.o)
    0x0800c4f8   0x0800c4f8   0x00000024   Code   RO         6601    i.__0vsprintf       mc_p.l(printfa.o)
    0x0800c51c   0x0800c51c   0x0000002e   Code   RO         6801    i.__ARM_clz         mf_p.l(depilogue.o)
    0x0800c54a   0x0800c54a   0x00000030   Code   RO         4528    i.__ARM_common_ll_muluu  stm32l0xx_hal_rcc.o
    0x0800c57a   0x0800c57a   0x0000001a   Code   RO         1635    i.__ARM_common_switch8  app_net.o
    0x0800c594   0x0800c594   0x0000002c   Code   RO         6708    i.__ARM_fpclassify  m_ps.l(fpclassify.o)
    0x0800c5c0   0x0800c5c0   0x00000044   Code   RO         5205    i.__NVIC_SetPriority  stm32l0xx_hal_cortex.o
    0x0800c604   0x0800c604   0x00000008   Code   RO         6783    i.__aeabi_errno_addr  mc_p.l(errno.o)
    0x0800c60c   0x0800c60c   0x0000039c   Code   RO         6713    i.__ieee754_rem_pio2  m_ps.l(rred.o)
    0x0800c9a8   0x0800c9a8   0x000000f4   Code   RO         6691    i.__kernel_cos      m_ps.l(cos_i.o)
    0x0800ca9c   0x0800ca9c   0x000000ac   Code   RO         6710    i.__kernel_poly     m_ps.l(poly.o)
    0x0800cb48   0x0800cb48   0x000000ec   Code   RO         6718    i.__kernel_sin      m_ps.l(sin_i.o)
    0x0800cc34   0x0800cc34   0x00000014   Code   RO         6694    i.__mathlib_dbl_divzero  m_ps.l(dunder.o)
    0x0800cc48   0x0800cc48   0x0000000a   Code   RO         6695    i.__mathlib_dbl_infnan  m_ps.l(dunder.o)
    0x0800cc52   0x0800cc52   0x00000008   Code   RO         6696    i.__mathlib_dbl_infnan2  m_ps.l(dunder.o)
    0x0800cc5a   0x0800cc5a   0x00000010   Code   RO         6697    i.__mathlib_dbl_invalid  m_ps.l(dunder.o)
    0x0800cc6a   0x0800cc6a   0x00000002   PAD
    0x0800cc6c   0x0800cc6c   0x00000014   Code   RO         6698    i.__mathlib_dbl_overflow  m_ps.l(dunder.o)
    0x0800cc80   0x0800cc80   0x00000014   Code   RO         6700    i.__mathlib_dbl_underflow  m_ps.l(dunder.o)
    0x0800cc94   0x0800cc94   0x0000000c   Code   RO         6784    i.__read_errno      mc_p.l(errno.o)
    0x0800cca0   0x0800cca0   0x0000000e   Code   RO         6832    i.__scatterload_copy  mc_p.l(handlers.o)
    0x0800ccae   0x0800ccae   0x00000002   Code   RO         6833    i.__scatterload_null  mc_p.l(handlers.o)
    0x0800ccb0   0x0800ccb0   0x0000000e   Code   RO         6834    i.__scatterload_zeroinit  mc_p.l(handlers.o)
    0x0800ccbe   0x0800ccbe   0x00000002   PAD
    0x0800ccc0   0x0800ccc0   0x0000000c   Code   RO         6785    i.__set_errno       mc_p.l(errno.o)
    0x0800cccc   0x0800cccc   0x00000174   Code   RO         6602    i._fp_digits        mc_p.l(printfa.o)
    0x0800ce40   0x0800ce40   0x0000000e   Code   RO         6816    i._is_digit         mc_p.l(scanf_fp.o)
    0x0800ce4e   0x0800ce4e   0x00000002   PAD
    0x0800ce50   0x0800ce50   0x000006ec   Code   RO         6603    i._printf_core      mc_p.l(printfa.o)
    0x0800d53c   0x0800d53c   0x00000020   Code   RO         6604    i._printf_post_padding  mc_p.l(printfa.o)
    0x0800d55c   0x0800d55c   0x0000002c   Code   RO         6605    i._printf_pre_padding  mc_p.l(printfa.o)
    0x0800d588   0x0800d588   0x0000000a   Code   RO         6607    i._sputc            mc_p.l(printfa.o)
    0x0800d592   0x0800d592   0x00000002   PAD
    0x0800d594   0x0800d594   0x000000a0   Code   RO         2144    i.addNewGPSInfo     app_gps.o
    0x0800d634   0x0800d634   0x00000010   Code   RO         1655    i.alarmRequestClear  app_task.o
    0x0800d644   0x0800d644   0x00000010   Code   RO         1656    i.alarmRequestSet   app_task.o
    0x0800d654   0x0800d654   0x00000244   Code   RO         1657    i.alarmUploadRequest  app_task.o
    0x0800d898   0x0800d898   0x000000ac   Code   RO         3047    i.appBleCRecvParser  app_ble.o
    0x0800d944   0x0800d944   0x00000010   Code   RO         3049    i.appBleInfoReset   app_ble.o
    0x0800d954   0x0800d954   0x000000a0   Code   RO         3051    i.appBlePRecvParser  app_ble.o
    0x0800d9f4   0x0800d9f4   0x00000040   Code   RO         3052    i.appBleSendData    app_ble.o
    0x0800da34   0x0800da34   0x0000002a   Code   RO          587    i.asciiToHex        app_sys.o
    0x0800da5e   0x0800da5e   0x00000002   PAD
    0x0800da60   0x0800da60   0x00000274   Code   RO         6289    i.asin              m_ps.l(asin.o)
    0x0800dcd4   0x0800dcd4   0x0000002c   Code   RO         2355    i.atCmdCmGetParser  app_atcmd.o
    0x0800dd00   0x0800dd00   0x0000003c   Code   RO         2356    i.atCmdDebugLevelParser  app_atcmd.o
    0x0800dd3c   0x0800dd3c   0x000002cc   Code   RO         2357    i.atCmdDebugParase  app_atcmd.o
    0x0800e008   0x0800e008   0x0000008c   Code   RO         2359    i.atCmdFMPCnmeaParase  app_atcmd.o
    0x0800e094   0x0800e094   0x000000b8   Code   RO         2360    i.atCmdFmpcAdccalParase  app_atcmd.o
    0x0800e14c   0x0800e14c   0x00000020   Code   RO         2361    i.atCmdFmpcAllParse  app_atcmd.o
    0x0800e16c   0x0800e16c   0x00000034   Code   RO         2362    i.atCmdFmpcCMParse  app_atcmd.o
    0x0800e1a0   0x0800e1a0   0x00000038   Code   RO         2363    i.atCmdFmpcChkpParse  app_atcmd.o
    0x0800e1d8   0x0800e1d8   0x00000034   Code   RO         2364    i.atCmdFmpcIMSIParse  app_atcmd.o
    0x0800e20c   0x0800e20c   0x00000044   Code   RO         2365    i.atCmdFmpcIMSIParseRespon  app_atcmd.o
    0x0800e250   0x0800e250   0x00000034   Code   RO         2366    i.atCmdIMEIParse    app_atcmd.o
    0x0800e284   0x0800e284   0x00000034   Code   RO         2367    i.atCmdIMEIParseRespon  app_atcmd.o
    0x0800e2b8   0x0800e2b8   0x00000300   Code   RO         2368    i.atCmdParserFunction  app_atcmd.o
    0x0800e5b8   0x0800e5b8   0x0000005c   Code   RO         2369    i.atCmdZTSNParse    app_atcmd.o
    0x0800e614   0x0800e614   0x0000002a   Code   RO         6299    i.atof              m_ps.l(atof.o)
    0x0800e63e   0x0800e63e   0x00000002   PAD
    0x0800e640   0x0800e640   0x00000114   Code   RO         1658    i.autoSleepTask     app_task.o
    0x0800e754   0x0800e754   0x000000a8   Code   RO         2899    i.calculateDistanceOfPoint  app_gpsarithmetic.o
    0x0800e7fc   0x0800e7fc   0x0000010c   Code   RO         2900    i.calculateTheDistanceBetweenTwoPonits  app_gpsarithmetic.o
    0x0800e908   0x0800e908   0x00000130   Code   RO         2901    i.calculateTheGPSCornerPoint  app_gpsarithmetic.o
    0x0800ea38   0x0800ea38   0x0000003c   Code   RO          588    i.changeByteArrayToHexString  app_sys.o
    0x0800ea74   0x0800ea74   0x00000048   Code   RO          589    i.changeHexStringToByteArray  app_sys.o
    0x0800eabc   0x0800eabc   0x0000004c   Code   RO          590    i.changeHexStringToByteArray_10in  app_sys.o
    0x0800eb08   0x0800eb08   0x00000150   Code   RO          591    i.changeUTCTimeToLocalTime  app_sys.o
    0x0800ec58   0x0800ec58   0x00000094   Code   RO         2274    i.charstrToHexValue  app_nmea.o
    0x0800ecec   0x0800ecec   0x00000020   Code   RO         1932    i.clearHbtTimer     app_serverprotocol.o
    0x0800ed0c   0x0800ed0c   0x0000001c   Code   RO          250    i.clearRingWakeUp   app_port.o
    0x0800ed28   0x0800ed28   0x00000024   Code   RO         2947    i.clearStep         app_mir3da.o
    0x0800ed4c   0x0800ed4c   0x00000010   Code   RO         1243    i.closeModuleGPS    app_net.o
    0x0800ed5c   0x0800ed5c   0x0000002a   Code   RO         2828    i.compress          app_sn.o
    0x0800ed86   0x0800ed86   0x00000002   PAD
    0x0800ed88   0x0800ed88   0x00000098   Code   RO         6303    i.cos               m_ps.l(cos.o)
    0x0800ee20   0x0800ee20   0x000000b4   Code   RO         1933    i.createProtocol16  app_serverprotocol.o
    0x0800eed4   0x0800eed4   0x000000bc   Code   RO         1934    i.createProtocol19  app_serverprotocol.o
    0x0800ef90   0x0800ef90   0x00000068   Code   RO         1935    i.createProtocol53  app_serverprotocol.o
    0x0800eff8   0x0800eff8   0x00000094   Code   RO         1937    i.createProtocol62  app_serverprotocol.o
    0x0800f08c   0x0800f08c   0x00000050   Code   RO         1938    i.createProtocolF1  app_serverprotocol.o
    0x0800f0dc   0x0800f0dc   0x000000f8   Code   RO         1939    i.createProtocolF3  app_serverprotocol.o
    0x0800f1d4   0x0800f1d4   0x00000014   Code   RO         1940    i.createProtocolHead  app_serverprotocol.o
    0x0800f1e8   0x0800f1e8   0x00000010   Code   RO         1941    i.createProtocolSerial  app_serverprotocol.o
    0x0800f1f8   0x0800f1f8   0x00000036   Code   RO         1942    i.createProtocolTail  app_serverprotocol.o
    0x0800f22e   0x0800f22e   0x00000040   Code   RO         1943    i.createProtocolTail_7979  app_serverprotocol.o
    0x0800f26e   0x0800f26e   0x00000038   Code   RO         1944    i.createProtocol_01  app_serverprotocol.o
    0x0800f2a6   0x0800f2a6   0x00000002   PAD
    0x0800f2a8   0x0800f2a8   0x0000008c   Code   RO         1945    i.createProtocol_12  app_serverprotocol.o
    0x0800f334   0x0800f334   0x000000c4   Code   RO         1946    i.createProtocol_13  app_serverprotocol.o
    0x0800f3f8   0x0800f3f8   0x0000004c   Code   RO         1947    i.createProtocol_21  app_serverprotocol.o
    0x0800f444   0x0800f444   0x00000022   Code   RO         1948    i.createProtocol_8A  app_serverprotocol.o
    0x0800f466   0x0800f466   0x00000010   Code   RO            4    i.createSystemTask  app_kernal.o
    0x0800f476   0x0800f476   0x0000000c   Code   RO         1244    i.csqRequest        app_net.o
    0x0800f482   0x0800f482   0x00000002   PAD
    0x0800f484   0x0800f484   0x000000a4   Code   RO         2829    i.decryptSN         app_sn.o
    0x0800f528   0x0800f528   0x00000024   Code   RO         1659    i.delSmsOndDay      app_task.o
    0x0800f54c   0x0800f54c   0x00000010   Code   RO         1245    i.deleteMessage     app_net.o
    0x0800f55c   0x0800f55c   0x00000090   Code   RO          251    i.disPlaySystemTime  app_port.o
    0x0800f5ec   0x0800f5ec   0x00000014   Code   RO          592    i.distinguishOK     app_sys.o
    0x0800f600   0x0800f600   0x000000c0   Code   RO         2474    i.do123Instruction  app_instructioncmd.o
    0x0800f6c0   0x0800f6c0   0x00000120   Code   RO         2475    i.doACCCTLGNSSInstrucion  app_instructioncmd.o
    0x0800f7e0   0x0800f7e0   0x00000138   Code   RO         2476    i.doAPNInstruction  app_instructioncmd.o
    0x0800f918   0x0800f918   0x00000110   Code   RO         2477    i.doAdccalInstrucion  app_instructioncmd.o
    0x0800fa28   0x0800fa28   0x00000170   Code   RO         2478    i.doAlarmModeInstrucion  app_instructioncmd.o
    0x0800fb98   0x0800fb98   0x000000c8   Code   RO         2479    i.doAnswerInstrucion  app_instructioncmd.o
    0x0800fc60   0x0800fc60   0x000000ec   Code   RO         2480    i.doAudioInstrucion  app_instructioncmd.o
    0x0800fd4c   0x0800fd4c   0x00000034   Code   RO         2481    i.doBFInstruction   app_instructioncmd.o
    0x0800fd80   0x0800fd80   0x00000034   Code   RO         2482    i.doCFInstruction   app_instructioncmd.o
    0x0800fdb4   0x0800fdb4   0x0000036c   Code   RO         2483    i.doDebugInstrucion  app_instructioncmd.o
    0x08010120   0x08010120   0x00000094   Code   RO         2484    i.doFactoryInstrucion  app_instructioncmd.o
    0x080101b4   0x080101b4   0x000001d8   Code   RO         2485    i.doFactoryTestInstruction  app_instructioncmd.o
    0x0801038c   0x0801038c   0x0000009c   Code   RO         2486    i.doFenceInstrucion  app_instructioncmd.o
    0x08010428   0x08010428   0x000000c8   Code   RO         2487    i.doHbtInstruction  app_instructioncmd.o
    0x080104f0   0x080104f0   0x00000124   Code   RO         2489    i.doJtInstruction   app_instructioncmd.o
    0x08010614   0x08010614   0x00000090   Code   RO         2490    i.doLEDInstruction  app_instructioncmd.o
    0x080106a4   0x080106a4   0x000000c8   Code   RO         2491    i.doLOWWInstruction  app_instructioncmd.o
    0x0801076c   0x0801076c   0x0000046c   Code   RO         2492    i.doModeInstruction  app_instructioncmd.o
    0x08010bd8   0x08010bd8   0x00000130   Code   RO         2493    i.doPOITYPEInstruction  app_instructioncmd.o
    0x08010d08   0x08010d08   0x00000294   Code   RO         2494    i.doParamInstruction  app_instructioncmd.o
    0x08010f9c   0x08010f9c   0x000000ac   Code   RO         2495    i.doPdopInstrucion  app_instructioncmd.o
    0x08011048   0x08011048   0x00000070   Code   RO         1660    i.doPoitypeRequest  app_task.o
    0x080110b8   0x080110b8   0x00000068   Code   RO         2496    i.doResetInstruction  app_instructioncmd.o
    0x08011120   0x08011120   0x000000b0   Code   RO         2497    i.doSNInstruction   app_instructioncmd.o
    0x080111d0   0x080111d0   0x0000007c   Code   RO         2498    i.doServerInstruction  app_instructioncmd.o
    0x0801124c   0x0801124c   0x000000c8   Code   RO         2499    i.doSetAgpsInstruction  app_instructioncmd.o
    0x08011314   0x08011314   0x00000174   Code   RO         2500    i.doSetblemacInstrucion  app_instructioncmd.o
    0x08011488   0x08011488   0x000000a8   Code   RO         2501    i.doSmsreplyInstrucion  app_instructioncmd.o
    0x08011530   0x08011530   0x00000084   Code   RO         2502    i.doStaticTimeInstrucion  app_instructioncmd.o
    0x080115b4   0x080115b4   0x00000184   Code   RO         2503    i.doStatusInstruction  app_instructioncmd.o
    0x08011738   0x08011738   0x000000e4   Code   RO         2504    i.doTTSInstruction  app_instructioncmd.o
    0x0801181c   0x0801181c   0x000000c4   Code   RO         2505    i.doTurnAlgInstrucion  app_instructioncmd.o
    0x080118e0   0x080118e0   0x000000b4   Code   RO         2506    i.doUPSInstruction  app_instructioncmd.o
    0x08011994   0x08011994   0x000000e4   Code   RO         2507    i.doUTCInstruction  app_instructioncmd.o
    0x08011a78   0x08011a78   0x00000068   Code   RO         2508    i.doVersionInstruction  app_instructioncmd.o
    0x08011ae0   0x08011ae0   0x000000a4   Code   RO         2509    i.doVibrangeInstrucion  app_instructioncmd.o
    0x08011b84   0x08011b84   0x00000080   Code   RO         2510    i.doVolInstrucion   app_instructioncmd.o
    0x08011c04   0x08011c04   0x0000021c   Code   RO         2370    i.doinstruction     app_atcmd.o
    0x08011e20   0x08011e20   0x000000b4   Code   RO         2511    i.dorequestSend123  app_instructioncmd.o
    0x08011ed4   0x08011ed4   0x00000034   Code   RO          839    i.eepromWriteByte   app_param.o
    0x08011f08   0x08011f08   0x00000034   Code   RO          840    i.eepromWriteTwoBytes  app_param.o
    0x08011f3c   0x08011f3c   0x00000034   Code   RO          841    i.eepromWriteWord   app_param.o
    0x08011f70   0x08011f70   0x00000140   Code   RO         2830    i.encrypt           app_sn.o
    0x080120b0   0x080120b0   0x00000050   Code   RO         1661    i.exitNetCtl        app_task.o
    0x08012100   0x08012100   0x0000002a   Code   RO         2831    i.expand            app_sn.o
    0x0801212a   0x0801212a   0x00000002   PAD
    0x0801212c   0x0801212c   0x00000054   Code   RO         6623    i.free              mc_p.l(malloc.o)
    0x08012180   0x08012180   0x00000050   Code   RO         1662    i.getBatVoltage     app_task.o
    0x080121d0   0x080121d0   0x0000005c   Code   RO         1949    i.getBatteryLevel   app_serverprotocol.o
    0x0801222c   0x0801222c   0x0000001a   Code   RO          593    i.getCharIndex      app_sys.o
    0x08012246   0x08012246   0x00000028   Code   RO          594    i.getCharIndexWithNum  app_sys.o
    0x0801226e   0x0801226e   0x00000002   PAD
    0x08012270   0x08012270   0x00000008   Code   RO         2147    i.getCurrentGPSInfo  app_gps.o
    0x08012278   0x08012278   0x00000008   Code   RO         2148    i.getGSPfifo        app_gps.o
    0x08012280   0x08012280   0x00000008   Code   RO         2149    i.getLastFixedGPSInfo  app_gps.o
    0x08012288   0x08012288   0x00000008   Code   RO         1246    i.getModuleICCID    app_net.o
    0x08012290   0x08012290   0x00000008   Code   RO         1247    i.getModuleIMEI     app_net.o
    0x08012298   0x08012298   0x00000008   Code   RO         1248    i.getModuleIMSI     app_net.o
    0x080122a0   0x080122a0   0x0000000c   Code   RO         1249    i.getModuleRssi     app_net.o
    0x080122ac   0x080122ac   0x0000001a   Code   RO         2948    i.getStep           app_mir3da.o
    0x080122c6   0x080122c6   0x00000002   PAD
    0x080122c8   0x080122c8   0x00000010   Code   RO          595    i.getTerminalAccState  app_sys.o
    0x080122d8   0x080122d8   0x00000010   Code   RO          596    i.getTerminalChargeState  app_sys.o
    0x080122e8   0x080122e8   0x0000000c   Code   RO         1663    i.gpsChangeFsmState  app_task.o
    0x080122f4   0x080122f4   0x00000028   Code   RO         2150    i.gpsClearCurrentGPSInfo  app_gps.o
    0x0801231c   0x0801231c   0x00000016   Code   RO         2151    i.gpsFilter         app_gps.o
    0x08012332   0x08012332   0x00000002   PAD
    0x08012334   0x08012334   0x00000014   Code   RO         2222    i.gpsIsRun          app_gpsrestore.o
    0x08012348   0x08012348   0x0000005c   Code   RO         1664    i.gpsLedTask        app_task.o
    0x080123a4   0x080123a4   0x0000000c   Code   RO         2223    i.gpsNoRestoreFileToRead  app_gpsrestore.o
    0x080123b0   0x080123b0   0x0000005c   Code   RO         1665    i.gpsOutputCheckTask  app_task.o
    0x0801240c   0x0801240c   0x000000f0   Code   RO         2224    i.gpsReadFromModuleAndSendtoServe  app_gpsrestore.o
    0x080124fc   0x080124fc   0x00000010   Code   RO         2225    i.gpsReadRestoreReset  app_gpsrestore.o
    0x0801250c   0x0801250c   0x00000044   Code   RO         1666    i.gpsRequestClear   app_task.o
    0x08012550   0x08012550   0x00000054   Code   RO         1667    i.gpsRequestClose   app_task.o
    0x080125a4   0x080125a4   0x00000010   Code   RO         1668    i.gpsRequestGet     app_task.o
    0x080125b4   0x080125b4   0x00000074   Code   RO         1669    i.gpsRequestOpen    app_task.o
    0x08012628   0x08012628   0x00000040   Code   RO         1670    i.gpsRequestSet     app_task.o
    0x08012668   0x08012668   0x000000a4   Code   RO         1671    i.gpsRequestTask    app_task.o
    0x0801270c   0x0801270c   0x000000f8   Code   RO         1950    i.gpsRestoreDataSend  app_serverprotocol.o
    0x08012804   0x08012804   0x0000006c   Code   RO         2226    i.gpsRestoreWriteData  app_gpsrestore.o
    0x08012870   0x08012870   0x00000010   Code   RO         1672    i.gpsStartBD        app_task.o
    0x08012880   0x08012880   0x00000028   Code   RO         2227    i.gpsUpdateRestoreFileNameAndTotalSize  app_gpsrestore.o
    0x080128a8   0x080128a8   0x0000009c   Code   RO         2902    i.gpsUploadPointToServer  app_gpsarithmetic.o
    0x08012944   0x08012944   0x00000078   Code   RO         1673    i.gpsUplodOnePointTask  app_task.o
    0x080129bc   0x080129bc   0x000000b4   Code   RO         1674    i.gsensorIntervalCheck  app_task.o
    0x08012a70   0x08012a70   0x000001d4   Code   RO         1675    i.gsensorTapTask    app_task.o
    0x08012c44   0x08012c44   0x00000094   Code   RO          252    i.halGetInDma       app_port.o
    0x08012cd8   0x08012cd8   0x00000014   Code   RO          253    i.halRecvInIdle     app_port.o
    0x08012cec   0x08012cec   0x00000018   Code   RO          254    i.halUartRecvPushOut  app_port.o
    0x08012d04   0x08012d04   0x00000084   Code   RO         1676    i.hearbeatRequest   app_task.o
    0x08012d88   0x08012d88   0x0000005e   Code   RO          255    i.iicReadData       app_port.o
    0x08012de6   0x08012de6   0x0000002a   Code   RO          256    i.iicWriteData      app_port.o
    0x08012e10   0x08012e10   0x00000050   Code   RO         2903    i.initLastPoint     app_gpsarithmetic.o
    0x08012e60   0x08012e60   0x0000004c   Code   RO         2371    i.instructionParser  app_atcmd.o
    0x08012eac   0x08012eac   0x0000000c   Code   RO         1250    i.isModulePowerOn   app_net.o
    0x08012eb8   0x08012eb8   0x00000014   Code   RO         1251    i.isModuleRunNormal  app_net.o
    0x08012ecc   0x08012ecc   0x00000020   Code   RO         1951    i.isProtocolReday   app_serverprotocol.o
    0x08012eec   0x08012eec   0x000000b0   Code   RO            6    i.kernalRun         app_kernal.o
    0x08012f9c   0x08012f9c   0x000000a8   Code   RO         2275    i.latitude_to_double  app_nmea.o
    0x08013044   0x08013044   0x00000058   Code   RO         1677    i.lbsUploadRequestTask  app_task.o
    0x0801309c   0x0801309c   0x0000000c   Code   RO         1678    i.ledRunTask        app_task.o
    0x080130a8   0x080130a8   0x00000018   Code   RO         1679    i.ledSetPeriod      app_task.o
    0x080130c0   0x080130c0   0x000000a8   Code   RO         2276    i.longitude_to_double  app_nmea.o
    0x08013168   0x08013168   0x00000026   Code   RO         3111    i.main              main.o
    0x0801318e   0x0801318e   0x00000002   PAD
    0x08013190   0x08013190   0x0000006c   Code   RO         6624    i.malloc            mc_p.l(malloc.o)
    0x080131fc   0x080131fc   0x00000114   Code   RO         2950    i.mir3da_init       app_mir3da.o
    0x08013310   0x08013310   0x00000026   Code   RO         2951    i.mir3da_open_interrupt  app_mir3da.o
    0x08013336   0x08013336   0x00000002   PAD
    0x08013338   0x08013338   0x00000020   Code   RO         2953    i.mir3da_register_read  app_mir3da.o
    0x08013358   0x08013358   0x0000001c   Code   RO         2954    i.mir3da_register_write  app_mir3da.o
    0x08013374   0x08013374   0x00000014   Code   RO         2955    i.mir3da_set_enable  app_mir3da.o
    0x08013388   0x08013388   0x0000008c   Code   RO         1680    i.modeRun           app_task.o
    0x08013414   0x08013414   0x0000009c   Code   RO         1681    i.modeShutDownQuickly  app_task.o
    0x080134b0   0x080134b0   0x000000a8   Code   RO         1682    i.modeStart         app_task.o
    0x08013558   0x08013558   0x00000068   Code   RO         1683    i.modeStop          app_task.o
    0x080135c0   0x080135c0   0x0000001c   Code   RO         1252    i.moduleInfoInit    app_net.o
    0x080135dc   0x080135dc   0x00000054   Code   RO         1253    i.modulePowerOff    app_net.o
    0x08013630   0x08013630   0x00000060   Code   RO         1254    i.modulePowerOn     app_net.o
    0x08013690   0x08013690   0x00000064   Code   RO         1255    i.moduleReset       app_net.o
    0x080136f4   0x080136f4   0x00000014   Code   RO         1952    i.moduleResetProcess  app_serverprotocol.o
    0x08013708   0x08013708   0x00000040   Code   RO         1256    i.moduleResetProcessA  app_net.o
    0x08013748   0x08013748   0x00000284   Code   RO         1257    i.moduleResponParaser  app_net.o
    0x080139cc   0x080139cc   0x00000060   Code   RO          788    i.myAppConfig       app_user.o
    0x08013a2c   0x08013a2c   0x00000014   Code   RO          789    i.myAppRun          app_user.o
    0x08013a40   0x08013a40   0x00000058   Code   RO          597    i.my_getstrindex    app_sys.o
    0x08013a98   0x08013a98   0x0000002e   Code   RO          598    i.my_strpach        app_sys.o
    0x08013ac6   0x08013ac6   0x00000036   Code   RO          599    i.my_strstr         app_sys.o
    0x08013afc   0x08013afc   0x0000003a   Code   RO         2372    i.mycmdPatch        app_atcmd.o
    0x08013b36   0x08013b36   0x00000002   PAD
    0x08013b38   0x08013b38   0x00000018   Code   RO         1258    i.n58ATA            app_net.o
    0x08013b50   0x08013b50   0x00000048   Code   RO         1259    i.n58AtaParser      app_net.o
    0x08013b98   0x08013b98   0x000000a4   Code   RO         1260    i.n58AudplayParser  app_net.o
    0x08013c3c   0x08013c3c   0x00000088   Code   RO         1261    i.n58CCIDParser     app_net.o
    0x08013cc4   0x08013cc4   0x0000005c   Code   RO         1262    i.n58CGSNParser     app_net.o
    0x08013d20   0x08013d20   0x000000e4   Code   RO         1263    i.n58CIMIParser     app_net.o
    0x08013e04   0x08013e04   0x000000e0   Code   RO         1264    i.n58CMGRParser     app_net.o
    0x08013ee4   0x08013ee4   0x00000088   Code   RO         1265    i.n58CMTIParser     app_net.o
    0x08013f6c   0x08013f6c   0x000000a4   Code   RO         1266    i.n58CREGParser     app_net.o
    0x08014010   0x08014010   0x00000090   Code   RO         1267    i.n58CSQParser      app_net.o
    0x080140a0   0x080140a0   0x00000198   Code   RO         1268    i.n58FSLISTParser   app_net.o
    0x08014238   0x08014238   0x0000014c   Code   RO         1269    i.n58FswrParser     app_net.o
    0x08014384   0x08014384   0x00000064   Code   RO         1270    i.n58GmrParser      app_net.o
    0x080143e8   0x080143e8   0x0000002c   Code   RO         1271    i.n58MygpsposParser  app_net.o
    0x08014414   0x08014414   0x00000080   Code   RO         1272    i.n58MygpsstateParser  app_net.o
    0x08014494   0x08014494   0x000000e8   Code   RO         1273    i.n58MylacidParser  app_net.o
    0x0801457c   0x0801457c   0x00000060   Code   RO         1274    i.n58NwblecconParser  app_net.o
    0x080145dc   0x080145dc   0x00000080   Code   RO         1275    i.n58NwbleroleParser  app_net.o
    0x0801465c   0x0801465c   0x0000007c   Code   RO         1276    i.n58NwbtblepwrParser  app_net.o
    0x080146d8   0x080146d8   0x0000007c   Code   RO         1277    i.n58NwurcblestatParser  app_net.o
    0x08014754   0x08014754   0x000000e0   Code   RO         1278    i.n58TCPRecvParser  app_net.o
    0x08014834   0x08014834   0x00000090   Code   RO         1279    i.n58TCPcloseParser  app_net.o
    0x080148c4   0x080148c4   0x00000178   Code   RO         1280    i.n58TCPsetupParser  app_net.o
    0x08014a3c   0x08014a3c   0x00000088   Code   RO         1281    i.n58TcpsendParase  app_net.o
    0x08014ac4   0x08014ac4   0x000000d0   Code   RO         1282    i.n58WIFISCANParser  app_net.o
    0x08014b94   0x08014b94   0x0000004c   Code   RO         1283    i.n58cgattParser    app_net.o
    0x08014be0   0x08014be0   0x0000001c   Code   RO         1284    i.n58cgdcontParser  app_net.o
    0x08014bfc   0x08014bfc   0x0000003c   Code   RO         1285    i.n58mysysteminfoParser  app_net.o
    0x08014c38   0x08014c38   0x0000002c   Code   RO         1286    i.n58setAPN         app_net.o
    0x08014c64   0x08014c64   0x00000034   Code   RO         1287    i.n58setXGAUTH      app_net.o
    0x08014c98   0x08014c98   0x0000001c   Code   RO         1288    i.n58xgauthParser   app_net.o
    0x08014cb4   0x08014cb4   0x0000001c   Code   RO         1289    i.n58xiicParser     app_net.o
    0x08014cd0   0x08014cd0   0x000000a4   Code   RO         1290    i.n58xiicqueryParser  app_net.o
    0x08014d74   0x08014d74   0x00000010   Code   RO         1953    i.netConnectReset   app_serverprotocol.o
    0x08014d84   0x08014d84   0x00000054   Code   RO         1291    i.netEnterStopMode  app_net.o
    0x08014dd8   0x08014dd8   0x0000003c   Code   RO         1292    i.netExitStopMode   app_net.o
    0x08014e14   0x08014e14   0x0000004c   Code   RO         1684    i.netModuleShutdown  app_task.o
    0x08014e60   0x08014e60   0x0000008c   Code   RO         1685    i.netModuleStartup  app_task.o
    0x08014eec   0x08014eec   0x00000014   Code   RO         1293    i.netWorkModuleRunOk  app_net.o
    0x08014f00   0x08014f00   0x000004cc   Code   RO         1294    i.networkConnectProcess  app_net.o
    0x080153cc   0x080153cc   0x00000050   Code   RO         2277    i.nmeaParse         app_nmea.o
    0x0801541c   0x0801541c   0x0000001c   Code   RO         1295    i.openModuleGPS     app_net.o
    0x08015438   0x08015438   0x00000058   Code   RO         1296    i.outPutNodeCmd     app_net.o
    0x08015490   0x08015490   0x00000084   Code   RO         1954    i.packIMEI          app_serverprotocol.o
    0x08015514   0x08015514   0x00000204   Code   RO          842    i.paramDefaultInit  app_param.o
    0x08015718   0x08015718   0x00000020   Code   RO          843    i.paramGetAdcCal    app_param.o
    0x08015738   0x08015738   0x00000014   Code   RO          844    i.paramGetAgpsPort  app_param.o
    0x0801574c   0x0801574c   0x0000002c   Code   RO          845    i.paramGetAgpsPswd  app_param.o
    0x08015778   0x08015778   0x0000002c   Code   RO          846    i.paramGetAgpsServer  app_param.o
    0x080157a4   0x080157a4   0x0000002c   Code   RO          847    i.paramGetAgpsUser  app_param.o
    0x080157d0   0x080157d0   0x0000001c   Code   RO          848    i.paramGetApnName   app_param.o
    0x080157ec   0x080157ec   0x0000001c   Code   RO          849    i.paramGetApnPswd   app_param.o
    0x08015808   0x08015808   0x0000001c   Code   RO          850    i.paramGetApnUser   app_param.o
    0x08015824   0x08015824   0x00000014   Code   RO          851    i.paramGetAutoParam  app_param.o
    0x08015838   0x08015838   0x00000020   Code   RO          852    i.paramGetBleMac    app_param.o
    0x08015858   0x08015858   0x0000000c   Code   RO          853    i.paramGetCM        app_param.o
    0x08015864   0x08015864   0x0000001c   Code   RO          854    i.paramGetCodeVersion  app_param.o
    0x08015880   0x08015880   0x0000000c   Code   RO          855    i.paramGetGPSUploadInterval  app_param.o
    0x0801588c   0x0801588c   0x0000000c   Code   RO          856    i.paramGetHeartbeatInterval  app_param.o
    0x08015898   0x08015898   0x0000000c   Code   RO          857    i.paramGetLoww      app_param.o
    0x080158a4   0x080158a4   0x00000014   Code   RO          858    i.paramGetMode2cnt  app_param.o
    0x080158b8   0x080158b8   0x0000002c   Code   RO          859    i.paramGetServer    app_param.o
    0x080158e4   0x080158e4   0x00000020   Code   RO          860    i.paramGetSnNumber  app_param.o
    0x08015904   0x08015904   0x00000014   Code   RO          861    i.paramGetStaticTime  app_param.o
    0x08015918   0x08015918   0x00000014   Code   RO          862    i.paramGetStep      app_param.o
    0x0801592c   0x0801592c   0x00000028   Code   RO          863    i.paramGetUPSServer  app_param.o
    0x08015954   0x08015954   0x00000014   Code   RO          865    i.paramGetVibrange  app_param.o
    0x08015968   0x08015968   0x00000264   Code   RO          866    i.paramInit         app_param.o
    0x08015bcc   0x08015bcc   0x00000018   Code   RO          867    i.paramSaveACCCTLGNSS  app_param.o
    0x08015be4   0x08015be4   0x00000020   Code   RO          868    i.paramSaveAdcCal   app_param.o
    0x08015c04   0x08015c04   0x00000018   Code   RO          869    i.paramSaveAgpsPort  app_param.o
    0x08015c1c   0x08015c1c   0x00000028   Code   RO          870    i.paramSaveAgpsPswd  app_param.o
    0x08015c44   0x08015c44   0x00000028   Code   RO          871    i.paramSaveAgpsServer  app_param.o
    0x08015c6c   0x08015c6c   0x00000028   Code   RO          872    i.paramSaveAgpsUser  app_param.o
    0x08015c94   0x08015c94   0x00000028   Code   RO          873    i.paramSaveAlarmTime  app_param.o
    0x08015cbc   0x08015cbc   0x0000003c   Code   RO          874    i.paramSaveApnName  app_param.o
    0x08015cf8   0x08015cf8   0x0000003c   Code   RO          875    i.paramSaveApnPswd  app_param.o
    0x08015d34   0x08015d34   0x0000003c   Code   RO          876    i.paramSaveApnUser  app_param.o
    0x08015d70   0x08015d70   0x00000018   Code   RO          877    i.paramSaveAutoAnswer  app_param.o
    0x08015d88   0x08015d88   0x0000000e   Code   RO          878    i.paramSaveAutoParam  app_param.o
    0x08015d96   0x08015d96   0x00000002   PAD
    0x08015d98   0x08015d98   0x00000018   Code   RO          879    i.paramSaveBF       app_param.o
    0x08015db0   0x08015db0   0x0000003e   Code   RO          880    i.paramSaveBleMac   app_param.o
    0x08015dee   0x08015dee   0x0000000e   Code   RO          881    i.paramSaveCM       app_param.o
    0x08015dfc   0x08015dfc   0x00000026   Code   RO          882    i.paramSaveCodeVersion  app_param.o
    0x08015e22   0x08015e22   0x00000002   PAD
    0x08015e24   0x08015e24   0x00000018   Code   RO          883    i.paramSaveFence    app_param.o
    0x08015e3c   0x08015e3c   0x00000010   Code   RO          884    i.paramSaveGPSUploadInterval  app_param.o
    0x08015e4c   0x08015e4c   0x00000014   Code   RO          885    i.paramSaveHardFault  app_param.o
    0x08015e60   0x08015e60   0x00000010   Code   RO          886    i.paramSaveHeartbeatInterval  app_param.o
    0x08015e70   0x08015e70   0x00000018   Code   RO          887    i.paramSaveInterval  app_param.o
    0x08015e88   0x08015e88   0x00000018   Code   RO          888    i.paramSaveLedCtl   app_param.o
    0x08015ea0   0x08015ea0   0x00000018   Code   RO          889    i.paramSaveLightAlarmMode  app_param.o
    0x08015eb8   0x08015eb8   0x0000000e   Code   RO          890    i.paramSaveLoww     app_param.o
    0x08015ec6   0x08015ec6   0x00000002   PAD
    0x08015ec8   0x08015ec8   0x00000014   Code   RO          891    i.paramSaveMallocFault  app_param.o
    0x08015edc   0x08015edc   0x00000018   Code   RO          892    i.paramSaveMode     app_param.o
    0x08015ef4   0x08015ef4   0x00000018   Code   RO          893    i.paramSaveMode1GapDay  app_param.o
    0x08015f0c   0x08015f0c   0x00000018   Code   RO          894    i.paramSaveMode1Timer  app_param.o
    0x08015f24   0x08015f24   0x00000018   Code   RO          895    i.paramSaveMode2cnt  app_param.o
    0x08015f3c   0x08015f3c   0x00000018   Code   RO          896    i.paramSaveNoNetWakeUpMinutes  app_param.o
    0x08015f54   0x08015f54   0x00000018   Code   RO          897    i.paramSavePdop     app_param.o
    0x08015f6c   0x08015f6c   0x00000018   Code   RO          898    i.paramSavePoitype  app_param.o
    0x08015f84   0x08015f84   0x0000004a   Code   RO          899    i.paramSaveServer   app_param.o
    0x08015fce   0x08015fce   0x0000000e   Code   RO          901    i.paramSaveSmsreply  app_param.o
    0x08015fdc   0x08015fdc   0x0000001e   Code   RO          902    i.paramSaveSnNumber  app_param.o
    0x08015ffa   0x08015ffa   0x00000002   PAD
    0x08015ffc   0x08015ffc   0x00000018   Code   RO          903    i.paramSaveStaticTime  app_param.o
    0x08016014   0x08016014   0x00000014   Code   RO          904    i.paramSaveStep     app_param.o
    0x08016028   0x08016028   0x00000018   Code   RO          905    i.paramSaveTurnalg  app_param.o
    0x08016040   0x08016040   0x00000046   Code   RO          906    i.paramSaveUPSServer  app_param.o
    0x08016086   0x08016086   0x00000002   PAD
    0x08016088   0x08016088   0x00000018   Code   RO          907    i.paramSaveUTC      app_param.o
    0x080160a0   0x080160a0   0x00000014   Code   RO          908    i.paramSaveUpdateStatus  app_param.o
    0x080160b4   0x080160b4   0x00000014   Code   RO          909    i.paramSaveVibrange  app_param.o
    0x080160c8   0x080160c8   0x00000138   Code   RO         2278    i.parseGPS          app_nmea.o
    0x08016200   0x08016200   0x0000001c   Code   RO         2279    i.parse_GGA         app_nmea.o
    0x0801621c   0x0801621c   0x0000003c   Code   RO         2280    i.parse_GSA         app_nmea.o
    0x08016258   0x08016258   0x000001c4   Code   RO         2281    i.parse_GSV         app_nmea.o
    0x0801641c   0x0801641c   0x00000158   Code   RO         2282    i.parse_RMC         app_nmea.o
    0x08016574   0x08016574   0x00000038   Code   RO         1297    i.playAudio         app_net.o
    0x080165ac   0x080165ac   0x00000034   Code   RO          257    i.portClearStep     app_port.o
    0x080165e0   0x080165e0   0x00000038   Code   RO          258    i.portGetAdc        app_port.o
    0x08016618   0x08016618   0x00000036   Code   RO          259    i.portGetDateTimeOfSeconds  app_port.o
    0x0801664e   0x0801664e   0x00000002   PAD
    0x08016650   0x08016650   0x00000058   Code   RO          260    i.portGetSystemDateTime  app_port.o
    0x080166a8   0x080166a8   0x000000b4   Code   RO          261    i.portGsensorCfg    app_port.o
    0x0801675c   0x0801675c   0x00000010   Code   RO          262    i.portGsensorInt    app_port.o
    0x0801676c   0x0801676c   0x00000050   Code   RO          263    i.portGsensorSdaSclCtl  app_port.o
    0x080167bc   0x080167bc   0x00000088   Code   RO          264    i.portLdrInt        app_port.o
    0x08016844   0x08016844   0x0000001c   Code   RO          265    i.portLowPowerCfg   app_port.o
    0x08016860   0x08016860   0x000000c0   Code   RO          266    i.portModuleCfg     app_port.o
    0x08016920   0x08016920   0x00000020   Code   RO          267    i.portPollUart      app_port.o
    0x08016940   0x08016940   0x00000054   Code   RO          268    i.portRingSignal    app_port.o
    0x08016994   0x08016994   0x0000003c   Code   RO          269    i.portSaveStep      app_port.o
    0x080169d0   0x080169d0   0x00000144   Code   RO          270    i.portSetNextAlarmTime  app_port.o
    0x08016b14   0x08016b14   0x000000d8   Code   RO          271    i.portSetNextWakeUpTime  app_port.o
    0x08016bec   0x08016bec   0x00000150   Code   RO          272    i.portSetSystemDateTime  app_port.o
    0x08016d3c   0x08016d3c   0x00000028   Code   RO          273    i.portSystemReset   app_port.o
    0x08016d64   0x08016d64   0x00000140   Code   RO          274    i.portUartCfg       app_port.o
    0x08016ea4   0x08016ea4   0x00000014   Code   RO          275    i.portUartSend      app_port.o
    0x08016eb8   0x08016eb8   0x0000001c   Code   RO          276    i.portUpdateStep    app_port.o
    0x08016ed4   0x08016ed4   0x00000010   Code   RO          277    i.portWdtFeed       app_port.o
    0x08016ee4   0x08016ee4   0x000009fc   Code   RO         6311    i.pow               m_ps.l(pow.o)
    0x080178e0   0x080178e0   0x000000bc   Code   RO         1955    i.protoclparser51   app_serverprotocol.o
    0x0801799c   0x0801799c   0x000000c8   Code   RO         1956    i.protoclparser52   app_serverprotocol.o
    0x08017a64   0x08017a64   0x000001d0   Code   RO         1958    i.protocolGPSpack   app_serverprotocol.o
    0x08017c34   0x08017c34   0x0000010c   Code   RO         1959    i.protocolReceivePush  app_serverprotocol.o
    0x08017d40   0x08017d40   0x00000128   Code   RO         1960    i.protocolRunFsm    app_serverprotocol.o
    0x08017e68   0x08017e68   0x00000134   Code   RO         1961    i.protocolRxParser  app_serverprotocol.o
    0x08017f9c   0x08017f9c   0x0000000a   Code   RO         1298    i.reConnectServer   app_net.o
    0x08017fa6   0x08017fa6   0x00000002   PAD
    0x08017fa8   0x08017fa8   0x0000001c   Code   RO         1962    i.reCover123InstructionId  app_serverprotocol.o
    0x08017fc4   0x08017fc4   0x00000048   Code   RO         2956    i.readInterruptConfig  app_mir3da.o
    0x0801800c   0x0801800c   0x000000b0   Code   RO         2957    i.read_gsensor_id   app_mir3da.o
    0x080180bc   0x080180bc   0x00000008   Code   RO         2729    i.recGetRecStruct   app_rec.o
    0x080180c4   0x080180c4   0x00000014   Code   RO         2730    i.recIsRun          app_rec.o
    0x080180d8   0x080180d8   0x00000028   Code   RO         2731    i.recNoFileToread   app_rec.o
    0x08018100   0x08018100   0x0000000c   Code   RO         2732    i.recReadFileOk     app_rec.o
    0x0801810c   0x0801810c   0x000000bc   Code   RO         2733    i.recRecordUploadTask  app_rec.o
    0x080181c8   0x080181c8   0x000000a4   Code   RO         2734    i.recStart          app_rec.o
    0x0801826c   0x0801826c   0x00000038   Code   RO         2735    i.recStop           app_rec.o
    0x080182a4   0x080182a4   0x00000014   Code   RO         2736    i.recStopAndUpload  app_rec.o
    0x080182b8   0x080182b8   0x00000014   Code   RO         2737    i.recUpdateFileName  app_rec.o
    0x080182cc   0x080182cc   0x0000004c   Code   RO         2738    i.recUpdateFileSize  app_rec.o
    0x08018318   0x08018318   0x0000000a   Code   RO         1686    i.repairGsensor     app_task.o
    0x08018322   0x08018322   0x00000004   Code   RO         2739    i.resIsCycleRuning  app_rec.o
    0x08018326   0x08018326   0x00000002   PAD
    0x08018328   0x08018328   0x00000048   Code   RO         1687    i.runTimeCount      app_task.o
    0x08018370   0x08018370   0x0000001c   Code   RO         1963    i.save123InstructionId  app_serverprotocol.o
    0x0801838c   0x0801838c   0x0000002c   Code   RO         1299    i.sendDataToServer  app_net.o
    0x080183b8   0x080183b8   0x0000004c   Code   RO         1300    i.sendMessage       app_net.o
    0x08018404   0x08018404   0x000000f8   Code   RO         2512    i.sendMessageWithDifMode  app_instructioncmd.o
    0x080184fc   0x080184fc   0x000000c8   Code   RO         1301    i.sendModuleCmd     app_net.o
    0x080185c4   0x080185c4   0x00000188   Code   RO         1964    i.sendProtocolToServer  app_serverprotocol.o
    0x0801874c   0x0801874c   0x00000074   Code   RO         1688    i.setAgps           app_task.o
    0x080187c0   0x080187c0   0x0000001c   Code   RO         1302    i.setModuleVol      app_net.o
    0x080187dc   0x080187dc   0x000000b8   Code   RO         2832    i.setkey            app_sn.o
    0x08018894   0x08018894   0x000001ec   Code   RO         2283    i.showgpsinfo       app_nmea.o
    0x08018a80   0x08018a80   0x00000084   Code   RO         1689    i.signalLedTask     app_task.o
    0x08018b04   0x08018b04   0x0000009c   Code   RO         6321    i.sin               m_ps.l(sin.o)
    0x08018ba0   0x08018ba0   0x00000048   Code   RO         6329    i.sqrt              m_ps.l(sqrt.o)
    0x08018be8   0x08018be8   0x00000054   Code   RO         2958    i.startStep         app_mir3da.o
    0x08018c3c   0x08018c3c   0x00000070   Code   RO            7    i.startTimer        app_kernal.o
    0x08018cac   0x08018cac   0x00000068   Code   RO            8    i.stopTimer         app_kernal.o
    0x08018d14   0x08018d14   0x0000012c   Code   RO          600    i.stringToItem      app_sys.o
    0x08018e40   0x08018e40   0x00000050   Code   RO         1690    i.systemModeRunStart  app_task.o
    0x08018e90   0x08018e90   0x00000054   Code   RO         1691    i.systemModeTask    app_task.o
    0x08018ee4   0x08018ee4   0x00000010   Code   RO         1692    i.systemRequestClear  app_task.o
    0x08018ef4   0x08018ef4   0x00000010   Code   RO         1693    i.systemRequestSet  app_task.o
    0x08018f04   0x08018f04   0x0000016c   Code   RO         1694    i.systemRequestTask  app_task.o
    0x08019070   0x08019070   0x00000090   Code   RO         1695    i.systemShutDown    app_task.o
    0x08019100   0x08019100   0x00000050   Code   RO           10    i.systemTaskResume  app_kernal.o
    0x08019150   0x08019150   0x00000050   Code   RO           11    i.systemTaskSuspend  app_kernal.o
    0x080191a0   0x080191a0   0x000000b8   Code   RO          790    i.tapInt            app_user.o
    0x08019258   0x08019258   0x00000044   Code   RO         1696    i.taskRunInOneSecond  app_task.o
    0x0801929c   0x0801929c   0x00000010   Code   RO          601    i.terminalAccoff    app_sys.o
    0x080192ac   0x080192ac   0x00000010   Code   RO          602    i.terminalAccon     app_sys.o
    0x080192bc   0x080192bc   0x00000014   Code   RO          603    i.terminalAlarmSet  app_sys.o
    0x080192d0   0x080192d0   0x00000010   Code   RO          604    i.terminalCharge    app_sys.o
    0x080192e0   0x080192e0   0x00000010   Code   RO          607    i.terminalGPSFixed  app_sys.o
    0x080192f0   0x080192f0   0x00000010   Code   RO          608    i.terminalGPSUnFixed  app_sys.o
    0x08019300   0x08019300   0x00000010   Code   RO          609    i.terminalunCharge  app_sys.o
    0x08019310   0x08019310   0x0000008c   Code   RO          278    i.updateAlarmA      app_port.o
    0x0801939c   0x0801939c   0x0000006c   Code   RO         2152    i.updateLocalRTCTime  app_gps.o
    0x08019408   0x08019408   0x00000010   Code   RO          610    i.updateRTCtimeRequest  app_sys.o
    0x08019418   0x08019418   0x00000030   Code   RO         2960    i.updateRange       app_mir3da.o
    0x08019448   0x08019448   0x00000070   Code   RO         1697    i.updateSystemLedStatus  app_task.o
    0x080194b8   0x080194b8   0x0000000c   Code   RO          611    i.updateSystemStartTime  app_sys.o
    0x080194c4   0x080194c4   0x00000034   Code   RO         1965    i.uploadGpsRestoreData  app_serverprotocol.o
    0x080194f8   0x080194f8   0x000000b8   Code   RO         1698    i.uploadRequestInMode4  app_task.o
    0x080195b0   0x080195b0   0x0000035c   Code   RO         1699    i.voltageCheckTask  app_task.o
    0x0801990c   0x0801990c   0x00000120   Code   RO         1700    i.wdtProcess        app_task.o
    0x08019a2c   0x08019a2c   0x00000020   Code   RO         1701    i.wifiUploadRequestTask  app_task.o
    0x08019a4c   0x08019a4c   0x00000056   Code   RO         2833    i.ztvm_encrypt_des  app_sn.o
    0x08019aa2   0x08019aa2   0x00000058   Code   RO         2834    i.ztvm_encrypt_undes  app_sn.o
    0x08019afa   0x08019afa   0x00000028   Code   RO         2835    i.ztvm_encrypt_untrides  app_sn.o
    0x08019b22   0x08019b22   0x0000020d   Data   RO          613    .constdata          app_sys.o
    0x08019d2f   0x08019d2f   0x00000001   PAD
    0x08019d30   0x08019d30   0x000001d0   Data   RO         1304    .constdata          app_net.o
    0x08019f00   0x08019f00   0x000001e2   Data   RO         2373    .constdata          app_atcmd.o
    0x0801a0e2   0x0801a0e2   0x00000348   Data   RO         2837    .constdata          app_sn.o
    0x0801a42a   0x0801a42a   0x00000019   Data   RO         6251    .constdata          system_stm32l0xx.o
    0x0801a443   0x0801a443   0x00000008   Data   RO         6252    .constdata          system_stm32l0xx.o
    0x0801a44b   0x0801a44b   0x00000005   PAD
    0x0801a450   0x0801a450   0x00000050   Data   RO         6290    .constdata          m_ps.l(asin.o)
    0x0801a4a0   0x0801a4a0   0x00000088   Data   RO         6312    .constdata          m_ps.l(pow.o)
    0x0801a528   0x0801a528   0x0000000c   Data   RO         6346    .constdata          mc_p.l(mktime.o)
    0x0801a534   0x0801a534   0x00000004   PAD
    0x0801a538   0x0801a538   0x00000030   Data   RO         6692    .constdata          m_ps.l(cos_i.o)
    0x0801a568   0x0801a568   0x00000008   Data   RO         6712    .constdata          m_ps.l(qnan.o)
    0x0801a570   0x0801a570   0x000000c8   Data   RO         6715    .constdata          m_ps.l(rred.o)
    0x0801a638   0x0801a638   0x00000028   Data   RO         6719    .constdata          m_ps.l(sin_i.o)
    0x0801a660   0x0801a660   0x00000081   Data   RO         6748    .constdata          mc_p.l(ctype_o.o)
    0x0801a6e1   0x0801a6e1   0x00000003   PAD
    0x0801a6e4   0x0801a6e4   0x00000004   Data   RO         6749    .constdata          mc_p.l(ctype_o.o)
    0x0801a6e8   0x0801a6e8   0x0000000c   Data   RO         6779    .constdata          mc_p.l(localtime_i.o)
    0x0801a6f4   0x0801a6f4   0x00000283   Data   RO         1305    .conststring        app_net.o
    0x0801a977   0x0801a977   0x00000001   PAD
    0x0801a978   0x0801a978   0x000001d8   Data   RO         2374    .conststring        app_atcmd.o
    0x0801ab50   0x0801ab50   0x0000020d   Data   RO         2514    .conststring        app_instructioncmd.o
    0x0801ad5d   0x0801ad5d   0x00000003   PAD
    0x0801ad60   0x0801ad60   0x00000020   Data   RO         6830    Region$$Table       anon$$obj.o


    Execution Region RW_IRAM1 (Exec base: 0x20000000, Load base: 0x0801ad80, Size: 0x00004350, Max: 0x00005000, ABSOLUTE)

    Exec Addr    Load Addr    Size         Type   Attr      Idx    E Section Name        Object

    0x20000000   0x0801ad80   0x00000004   Data   RW           14    .data               app_kernal.o
    0x20000004   0x0801ad84   0x00000008   Data   RW          280    .data               app_port.o
    0x2000000c   0x0801ad8c   0x00000001   Data   RW          792    .data               app_user.o
    0x2000000d   0x0801ad8d   0x00000003   PAD
    0x20000010   0x0801ad90   0x00000008   Data   RW         1306    .data               app_net.o
    0x20000018   0x0801ad98   0x0000002c   Data   RW         1703    .data               app_task.o
    0x20000044   0x0801adc4   0x0000000e   Data   RW         1967    .data               app_serverprotocol.o
    0x20000052   0x0801add2   0x00000001   Data   RW         2285    .data               app_nmea.o
    0x20000053   0x0801add3   0x00000001   Data   RW         2515    .data               app_instructioncmd.o
    0x20000054   0x0801add4   0x00000012   Data   RW         2838    .data               app_sn.o
    0x20000066   0x0801ade6   0x00000002   PAD
    0x20000068   0x0801ade8   0x00000008   Data   RW         2905    .data               app_gpsarithmetic.o
    0x20000070   0x0801adf0   0x00000001   Data   RW         2961    .data               app_mir3da.o
    0x20000071   0x0801adf1   0x00000003   PAD
    0x20000074   0x0801adf4   0x0000000c   Data   RW         3759    .data               stm32l0xx_hal.o
    0x20000080   0x0801ae00   0x00000004   Data   RW         6253    .data               system_stm32l0xx.o
    0x20000084   0x0801ae04   0x00000004   Data   RW         6781    .data               mc_p.l(mvars.o)
    0x20000088   0x0801ae08   0x00000004   Data   RW         6782    .data               mc_p.l(mvars.o)
    0x2000008c   0x0801ae0c   0x00000004   Data   RW         6786    .data               mc_p.l(errno.o)
    0x20000090        -       0x00000010   Zero   RW           13    .bss                app_kernal.o
    0x200000a0        -       0x000009bc   Zero   RW          279    .bss                app_port.o
    0x20000a5c        -       0x00000184   Zero   RW          612    .bss                app_sys.o
    0x20000be0        -       0x00000028   Zero   RW          791    .bss                app_user.o
    0x20000c08        -       0x000001e2   Zero   RW          910    .bss                app_param.o
    0x20000dea   0x0801ae10   0x00000002   PAD
    0x20000dec        -       0x000000a1   Zero   RW         1303    .bss                app_net.o
    0x20000e8d   0x0801ae10   0x00000003   PAD
    0x20000e90        -       0x00000020   Zero   RW         1702    .bss                app_task.o
    0x20000eb0        -       0x00000848   Zero   RW         1966    .bss                app_serverprotocol.o
    0x200016f8        -       0x00000438   Zero   RW         2153    .bss                app_gps.o
    0x20001b30        -       0x0000003c   Zero   RW         2228    .bss                app_gpsrestore.o
    0x20001b6c   0x0801ae10   0x00000004   PAD
    0x20001b70        -       0x00000070   Zero   RW         2284    .bss                app_nmea.o
    0x20001be0        -       0x0000001e   Zero   RW         2513    .bss                app_instructioncmd.o
    0x20001bfe   0x0801ae10   0x00000002   PAD
    0x20001c00        -       0x00000044   Zero   RW         2740    .bss                app_rec.o
    0x20001c44        -       0x000003c0   Zero   RW         2836    .bss                app_sn.o
    0x20002004   0x0801ae10   0x00000004   PAD
    0x20002008        -       0x00000020   Zero   RW         2904    .bss                app_gpsarithmetic.o
    0x20002028        -       0x00000017   Zero   RW         3054    .bss                app_ble.o
    0x2000203f   0x0801ae10   0x00000001   PAD
    0x20002040        -       0x0000005c   Zero   RW         3174    .bss                adc.o
    0x2000209c        -       0x00000010   Zero   RW         3268    .bss                iwdg.o
    0x200020ac        -       0x00000264   Zero   RW         3298    .bss                usart.o
    0x20002310        -       0x00000024   Zero   RW         3346    .bss                rtc.o
    0x20002334        -       0x00000018   Zero   RW         4672    .bss                stm32l0xx_hal_flash.o
    0x2000234c   0x0801ae10   0x00000004   PAD
    0x20002350        -       0x00001000   Zero   RW         6282    HEAP                startup_stm32l071xx.o
    0x20003350        -       0x00001000   Zero   RW         6281    STACK               startup_stm32l071xx.o


==============================================================================

Image component sizes


      Code (inc. data)   RO Data    RW Data    ZI Data      Debug   Object Name

       192         20          0          0         92       1519   adc.o
      3042        972        954          0          0      12440   app_atcmd.o
       412         66          0          0         23       3864   app_ble.o
       354         42          0          0       1080       3934   app_gps.o
       976        176          0          8         32       4268   app_gpsarithmetic.o
       436        154          0          0         60       3709   app_gpsrestore.o
     10048       3940        525          1         30      30846   app_instructioncmd.o
       820        256          0          4         16     365801   app_kernal.o
       836        246          0          1          0       6322   app_mir3da.o
      8180       1938       1107          8        161      44279   app_net.o
      2252        308          0          1        112       9188   app_nmea.o
      3142        572          0          0        482      38762   app_param.o
      4136        928          0          8       2492      33105   app_port.o
       608        180          0          0         68       5783   app_rec.o
      4400        520          0         14       2120      24562   app_serverprotocol.o
      1136         36        840         18        960       8359   app_sn.o
      1560        182        525          0        388      19054   app_sys.o
      6306       1856          0         44         32      26273   app_task.o
       338         58          0          1         40       7167   app_user.o
        56          4          0          0          0        686   dma.o
       280         32          0          0          0        911   gpio.o
        44         12          0          0         16        615   iwdg.o
       184         10          0          0          0       1800   main.o
       116         16          0          0         36       1339   rtc.o
        28          8        192          0       8192        580   startup_stm32l071xx.o
       204         36          0         12          0       9924   stm32l0xx_hal.o
      1274         36          0          0          0       8392   stm32l0xx_hal_adc.o
       170          0          0          0          0       1382   stm32l0xx_hal_adc_ex.o
       208         40          0          0          0      13214   stm32l0xx_hal_cortex.o
       712         22          0          0          0       6006   stm32l0xx_hal_dma.o
       256         16          0          0         24       4110   stm32l0xx_hal_flash.o
       156         26          0          0          0       2211   stm32l0xx_hal_flash_ex.o
       674         66          0          0          0       4236   stm32l0xx_hal_gpio.o
       116         20          0          0          0       1691   stm32l0xx_hal_iwdg.o
        24          4          0          0          0        410   stm32l0xx_hal_msp.o
       116         16          0          0          0       1219   stm32l0xx_hal_pwr.o
        32          8          0          0          0       1001   stm32l0xx_hal_pwr_ex.o
      1718         90          0          0          0       5580   stm32l0xx_hal_rcc.o
       376         14          0          0          0       1408   stm32l0xx_hal_rcc_ex.o
      1744         42          0          0          0      10609   stm32l0xx_hal_rtc.o
       306         18          0          0          0       3120   stm32l0xx_hal_rtc_ex.o
      2566        100          0          0          0      15805   stm32l0xx_hal_uart.o
         2          0          0          0          0        956   stm32l0xx_hal_uart_ex.o
       182         36          0          0          0       5109   stm32l0xx_it.o
        88         22         33          4          0       1151   system_stm32l0xx.o
       696         78          0          0        612       3494   usart.o

    ----------------------------------------------------------------------
     61572      13222       4218        132      17088     756194   Object Totals
         0          0         32          0          0          0   (incl. Generated)
        70          0         10          8         20          0   (incl. Padding)

    ----------------------------------------------------------------------

      Code (inc. data)   RO Data    RW Data    ZI Data      Debug   Library Member Name

       628         54         80          0          0        104   asin.o
        42          0          0          0          0         76   atof.o
       152         10          0          0          0        104   cos.o
       244         20         48          0          0         92   cos_i.o
        94         14          0          0          0        408   dunder.o
        44          4          0          0          0         60   fpclassify.o
       172          0          0          0          0         76   poly.o
      2556        196        136          0          0        240   pow.o
         0          0          8          0          0          0   qnan.o
       924         86        200          0          0        120   rred.o
       156         10          0          0          0        104   sin.o
       236         14         40          0          0        100   sin_i.o
        72          6          0          0          0         76   sqrt.o
        30          0          0          0          0         60   _chval.o
        68          0          0          0          0         76   _sgetc.o
       166          0          0          0          0         84   _strtoul.o
        26          0          0          0          0         72   atoi.o
        26          0          0          0          0         72   atol.o
         8          4        133          0          0         60   ctype_o.o
         0          0          0          0          0          0   entry.o
         0          0          0          0          0          0   entry10a.o
         0          0          0          0          0          0   entry11a.o
         8          4          0          0          0          0   entry2.o
         4          0          0          0          0          0   entry5.o
         0          0          0          0          0          0   entry7b.o
         0          0          0          0          0          0   entry8b.o
         8          4          0          0          0          0   entry9a.o
        32         16          0          4          0        180   errno.o
        30          0          0          0          0          0   handlers.o
        40          0          0          0          0         72   idiv.o
        36          8          0          0          0         68   init.o
        18          0          0          0          0         68   isspace_o.o
         0          0          0          0          0          0   iusefp.o
       122          0          0          0          0         84   llmul.o
        32          0          0          0          0         68   llshl.o
        38          0          0          0          0         68   llsshr.o
        34          0          0          0          0         68   llushr.o
       116         12         12          0          0         72   localtime_i.o
       192         20          0          0          0        144   malloc.o
        36          0          0          0          0         60   memcpya.o
        36          0          0          0          0        100   memseta.o
       140         16         12          0          0         72   mktime.o
         0          0          0          8          0          0   mvars.o
      2306        100          0          0          0        544   printfa.o
       898         12          0          0          0        184   scanf_fp.o
        18          0          0          0          0         60   strcpy.o
        14          0          0          0          0         60   strlen.o
        26          0          0          0          0         68   strncpy.o
        40          0          0          0          0         72   strstr.o
       164         16          0          0          0        120   strtod.o
       112          4          0          0          0         76   strtol.o
       118          0          0          0          0         84   strtoul.o
        44          0          0          0          0         72   uidiv.o
        96          0          0          0          0         84   uldiv.o
        40          2          0          0          0         68   cdcmple.o
        40          2          0          0          0         68   cdrcmple.o
        20          0          0          0          0         68   cfcmple.o
        56          0          0          0          0         68   d2f.o
       356          4          0          0          0        140   dadd.o
       240          6          0          0          0         84   ddiv.o
       236          0          0          0          0        216   depilogue.o
        72         10          0          0          0         72   dfixi.o
        60         10          0          0          0         68   dfixui.o
        64         10          0          0          0         68   dfixul.o
        40          6          0          0          0         68   dflti.o
        28          4          0          0          0         68   dfltui.o
        28          6          0          0          0         68   dfltul.o
       208          6          0          0          0         88   dmul.o
        44          0          0          0          0         72   dscalb.o
       162          0          0          0          0         80   dsqrt.o
        40          0          0          0          0         60   f2d.o
       178          0          0          0          0        108   fadd.o
       124          0          0          0          0         72   fdiv.o
       130          0          0          0          0        144   fepilogue.o
        40          0          0          0          0         60   ffixui.o
        14          0          0          0          0         68   ffltui.o
       122          0          0          0          0         72   fmul.o

    ----------------------------------------------------------------------
     12766        696        676         12          0       6480   Library Totals
        22          0          7          0          0          0   (incl. Padding)

    ----------------------------------------------------------------------

      Code (inc. data)   RO Data    RW Data    ZI Data      Debug   Library Name

      5320        414        512          0          0       1560   m_ps.l
      5082        216        157         12          0       2972   mc_p.l
      2342         66          0          0          0       1948   mf_p.l

    ----------------------------------------------------------------------
     12766        696        676         12          0       6480   Library Totals

    ----------------------------------------------------------------------

==============================================================================


      Code (inc. data)   RO Data    RW Data    ZI Data      Debug   

     74338      13918       4894        144      17088     735786   Grand Totals
     74338      13918       4894        144      17088     735786   ELF Image Totals
     74338      13918       4894        144          0          0   ROM Totals

==============================================================================

    Total RO  Size (Code + RO Data)                79232 (  77.38kB)
    Total RW  Size (RW Data + ZI Data)             17232 (  16.83kB)
    Total ROM Size (Code + RO Data + RW Data)      79376 (  77.52kB)

==============================================================================

