Component: ARM Compiler 5.06 update 7 (build 960) Tool: armlink [4d3601]

==============================================================================

Image Symbol Table

    Local Symbols

    Symbol Name                              Value     Ov Type        Size  Object(Section)

    ../Drivers/STM32L0xx_HAL_Driver/Src/stm32l0xx_hal.c 0x00000000   Number         0  stm32l0xx_hal.o ABSOLUTE
    ../Drivers/STM32L0xx_HAL_Driver/Src/stm32l0xx_hal_adc.c 0x00000000   Number         0  stm32l0xx_hal_adc.o ABSOLUTE
    ../Drivers/STM32L0xx_HAL_Driver/Src/stm32l0xx_hal_adc_ex.c 0x00000000   Number         0  stm32l0xx_hal_adc_ex.o ABSOLUTE
    ../Drivers/STM32L0xx_HAL_Driver/Src/stm32l0xx_hal_cortex.c 0x00000000   Number         0  stm32l0xx_hal_cortex.o ABSOLUTE
    ../Drivers/STM32L0xx_HAL_Driver/Src/stm32l0xx_hal_dma.c 0x00000000   Number         0  stm32l0xx_hal_dma.o ABSOLUTE
    ../Drivers/STM32L0xx_HAL_Driver/Src/stm32l0xx_hal_exti.c 0x00000000   Number         0  stm32l0xx_hal_exti.o ABSOLUTE
    ../Drivers/STM32L0xx_HAL_Driver/Src/stm32l0xx_hal_flash.c 0x00000000   Number         0  stm32l0xx_hal_flash.o ABSOLUTE
    ../Drivers/STM32L0xx_HAL_Driver/Src/stm32l0xx_hal_flash_ex.c 0x00000000   Number         0  stm32l0xx_hal_flash_ex.o ABSOLUTE
    ../Drivers/STM32L0xx_HAL_Driver/Src/stm32l0xx_hal_flash_ramfunc.c 0x00000000   Number         0  stm32l0xx_hal_flash_ramfunc.o ABSOLUTE
    ../Drivers/STM32L0xx_HAL_Driver/Src/stm32l0xx_hal_gpio.c 0x00000000   Number         0  stm32l0xx_hal_gpio.o ABSOLUTE
    ../Drivers/STM32L0xx_HAL_Driver/Src/stm32l0xx_hal_i2c.c 0x00000000   Number         0  stm32l0xx_hal_i2c.o ABSOLUTE
    ../Drivers/STM32L0xx_HAL_Driver/Src/stm32l0xx_hal_i2c_ex.c 0x00000000   Number         0  stm32l0xx_hal_i2c_ex.o ABSOLUTE
    ../Drivers/STM32L0xx_HAL_Driver/Src/stm32l0xx_hal_iwdg.c 0x00000000   Number         0  stm32l0xx_hal_iwdg.o ABSOLUTE
    ../Drivers/STM32L0xx_HAL_Driver/Src/stm32l0xx_hal_pwr.c 0x00000000   Number         0  stm32l0xx_hal_pwr.o ABSOLUTE
    ../Drivers/STM32L0xx_HAL_Driver/Src/stm32l0xx_hal_pwr_ex.c 0x00000000   Number         0  stm32l0xx_hal_pwr_ex.o ABSOLUTE
    ../Drivers/STM32L0xx_HAL_Driver/Src/stm32l0xx_hal_rcc.c 0x00000000   Number         0  stm32l0xx_hal_rcc.o ABSOLUTE
    ../Drivers/STM32L0xx_HAL_Driver/Src/stm32l0xx_hal_rcc_ex.c 0x00000000   Number         0  stm32l0xx_hal_rcc_ex.o ABSOLUTE
    ../Drivers/STM32L0xx_HAL_Driver/Src/stm32l0xx_hal_rtc.c 0x00000000   Number         0  stm32l0xx_hal_rtc.o ABSOLUTE
    ../Drivers/STM32L0xx_HAL_Driver/Src/stm32l0xx_hal_rtc_ex.c 0x00000000   Number         0  stm32l0xx_hal_rtc_ex.o ABSOLUTE
    ../Drivers/STM32L0xx_HAL_Driver/Src/stm32l0xx_hal_tim.c 0x00000000   Number         0  stm32l0xx_hal_tim.o ABSOLUTE
    ../Drivers/STM32L0xx_HAL_Driver/Src/stm32l0xx_hal_tim_ex.c 0x00000000   Number         0  stm32l0xx_hal_tim_ex.o ABSOLUTE
    ../Drivers/STM32L0xx_HAL_Driver/Src/stm32l0xx_hal_uart.c 0x00000000   Number         0  stm32l0xx_hal_uart.o ABSOLUTE
    ../Drivers/STM32L0xx_HAL_Driver/Src/stm32l0xx_hal_uart_ex.c 0x00000000   Number         0  stm32l0xx_hal_uart_ex.o ABSOLUTE
    ../Src/adc.c                             0x00000000   Number         0  adc.o ABSOLUTE
    ../Src/dma.c                             0x00000000   Number         0  dma.o ABSOLUTE
    ../Src/gpio.c                            0x00000000   Number         0  gpio.o ABSOLUTE
    ../Src/i2c.c                             0x00000000   Number         0  i2c.o ABSOLUTE
    ../Src/iwdg.c                            0x00000000   Number         0  iwdg.o ABSOLUTE
    ../Src/main.c                            0x00000000   Number         0  main.o ABSOLUTE
    ../Src/rtc.c                             0x00000000   Number         0  rtc.o ABSOLUTE
    ../Src/stm32l0xx_hal_msp.c               0x00000000   Number         0  stm32l0xx_hal_msp.o ABSOLUTE
    ../Src/stm32l0xx_it.c                    0x00000000   Number         0  stm32l0xx_it.o ABSOLUTE
    ../Src/system_stm32l0xx.c                0x00000000   Number         0  system_stm32l0xx.o ABSOLUTE
    ../Src/usart.c                           0x00000000   Number         0  usart.o ABSOLUTE
    ../clib/microlib/ctype/ctype.c           0x00000000   Number         0  isxdigit_o.o ABSOLUTE
    ../clib/microlib/ctype/ctype.c           0x00000000   Number         0  isspace_c.o ABSOLUTE
    ../clib/microlib/ctype/ctype.c           0x00000000   Number         0  isupper_o.o ABSOLUTE
    ../clib/microlib/ctype/ctype.c           0x00000000   Number         0  isspace_o.o ABSOLUTE
    ../clib/microlib/ctype/ctype.c           0x00000000   Number         0  ispunct_o.o ABSOLUTE
    ../clib/microlib/ctype/ctype.c           0x00000000   Number         0  islower_o.o ABSOLUTE
    ../clib/microlib/ctype/ctype.c           0x00000000   Number         0  isgraph_o.o ABSOLUTE
    ../clib/microlib/ctype/ctype.c           0x00000000   Number         0  isdigit_o.o ABSOLUTE
[...]
    parse_GSV                                0x080159e1   Thumb Code   426  app_nmea.o(i.parse_GSV)
    parse_RMC                                0x08015ba5   Thumb Code   326  app_nmea.o(i.parse_RMC)
    pollUartData                             0x08015cfd   Thumb Code    26  app_port.o(i.pollUartData)
    pow                                      0x08015d1d   Thumb Code  2548  pow.o(i.pow)
    protocolFsmStateChange                   0x08016719   Thumb Code    18  app_serverprotocol.o(i.protocolFsmStateChange)
    protocolRxParase                         0x0801692d   Thumb Code   212  app_serverprotocol.o(i.protocolRxParase)
    reConnectServer                          0x08016a39   Thumb Code    10  app_net.o(i.reConnectServer)
    reCover123InstructionId                  0x08016a45   Thumb Code    22  app_serverprotocol.o(i.reCover123InstructionId)
    readInterruptConfig                      0x08016a61   Thumb Code    60  app_mir3da.o(i.readInterruptConfig)
    read_gsensor_id                          0x08016aa9   Thumb Code    98  app_mir3da.o(i.read_gsensor_id)
    recCycleStart                            0x08016b59   Thumb Code     8  app_rec.o(i.recCycleStart)
    recCycleStop                             0x08016b65   Thumb Code    20  app_rec.o(i.recCycleStop)
    recCycleTask                             0x08016b7d   Thumb Code    78  app_rec.o(i.recCycleTask)
    recGetRecStruct                          0x08016bf1   Thumb Code     4  app_rec.o(i.recGetRecStruct)
    recIsRun                                 0x08016bf9   Thumb Code    16  app_rec.o(i.recIsRun)
    recNoFileToread                          0x08016c0d   Thumb Code    18  app_rec.o(i.recNoFileToread)
    recReadFileOk                            0x08016c35   Thumb Code     8  app_rec.o(i.recReadFileOk)
    recRecordUploadTask                      0x08016c41   Thumb Code   150  app_rec.o(i.recRecordUploadTask)
    recStart                                 0x08016cfd   Thumb Code   104  app_rec.o(i.recStart)
    recStop                                  0x08016da1   Thumb Code    30  app_rec.o(i.recStop)
    recStopAndUpload                         0x08016dd9   Thumb Code    14  app_rec.o(i.recStopAndUpload)
    recUpdateFileName                        0x08016ded   Thumb Code    16  app_rec.o(i.recUpdateFileName)
    recUpdateFileSize                        0x08016e01   Thumb Code    64  app_rec.o(i.recUpdateFileSize)
    resIsCycleRuning                         0x08016e59   Thumb Code     6  app_rec.o(i.resIsCycleRuning)
    save123InstructionId                     0x08016e65   Thumb Code    22  app_serverprotocol.o(i.save123InstructionId)
    sendDataToServer                         0x08016e81   Thumb Code    36  app_net.o(i.sendDataToServer)
    sendMessage                              0x08016ead   Thumb Code    60  app_net.o(i.sendMessage)
    sendMessageWithDifMode                   0x08016ef9   Thumb Code   118  app_instructioncmd.o(i.sendMessageWithDifMode)
    sendModuleCmd                            0x08016ff1   Thumb Code   154  app_net.o(i.sendModuleCmd)
    sendProtocolToServer                     0x080170c1   Thumb Code   248  app_serverprotocol.o(i.sendProtocolToServer)
    setNextAlarmTime                         0x080171e1   Thumb Code   304  app_port.o(i.setNextAlarmTime)
    setNextWakeUpTime                        0x08017321   Thumb Code   212  app_port.o(i.setNextWakeUpTime)
    showgpsinfo                              0x080174b1   Thumb Code   320  app_nmea.o(i.showgpsinfo)
    sin                                      0x08017721   Thumb Code   146  sin.o(i.sin)
    sqrt                                     0x080177bd   Thumb Code    66  sqrt.o(i.sqrt)
    startTimer                               0x08017805   Thumb Code    72  app_kernal.o(i.startTimer)
    stopTimer                                0x08017875   Thumb Code    76  app_kernal.o(i.stopTimer)
    systemModeRunStart                       0x080178dd   Thumb Code    32  app_task.o(i.systemModeRunStart)
    systemModeRunTask                        0x0801792d   Thumb Code   524  app_task.o(i.systemModeRunTask)
    systemRequestClear                       0x08017b49   Thumb Code    10  app_task.o(i.systemRequestClear)
    systemRequestSet                         0x08017b59   Thumb Code    10  app_task.o(i.systemRequestSet)
    systemRequestTask                        0x08017b69   Thumb Code   202  app_task.o(i.systemRequestTask)
    systemShutDown                           0x08017cd9   Thumb Code   118  app_task.o(i.systemShutDown)
    systemTaskResume                         0x08017d69   Thumb Code    52  app_kernal.o(i.systemTaskResume)
    systemTaskSuspend                        0x08017db9   Thumb Code    50  app_kernal.o(i.systemTaskSuspend)
    taskRunInOneSecond                       0x08017e09   Thumb Code    60  app_task.o(i.taskRunInOneSecond)
    terminalAccoff                           0x08017e49   Thumb Code    12  app_sys.o(i.terminalAccoff)
    terminalAccon                            0x08017e59   Thumb Code    12  app_sys.o(i.terminalAccon)
    terminalAlarmSet                         0x08017e69   Thumb Code    16  app_sys.o(i.terminalAlarmSet)
    terminalCharge                           0x08017e7d   Thumb Code    12  app_sys.o(i.terminalCharge)
    terminalGPSFixed                         0x08017e8d   Thumb Code    12  app_sys.o(i.terminalGPSFixed)
    terminalGPSUnFixed                       0x08017e9d   Thumb Code    12  app_sys.o(i.terminalGPSUnFixed)
    terminalunCharge                         0x08017ead   Thumb Code    12  app_sys.o(i.terminalunCharge)
    updateLocalRTCTime                       0x08017f49   Thumb Code    98  app_gps.o(i.updateLocalRTCTime)
    updateRTCdatetime                        0x08017fb5   Thumb Code   126  app_port.o(i.updateRTCdatetime)
    updateRTCtimeRequest                     0x0801806d   Thumb Code    12  app_sys.o(i.updateRTCtimeRequest)
    updateSystemLedStatus                    0x0801807d   Thumb Code   108  app_task.o(i.updateSystemLedStatus)
    updateSystemStartTime                    0x080180ed   Thumb Code     8  app_sys.o(i.updateSystemStartTime)
    uploadRequestInMode4                     0x080180f9   Thumb Code   136  app_task.o(i.uploadRequestInMode4)
    voltageCheckTask                         0x08018241   Thumb Code   542  app_task.o(i.voltageCheckTask)
    wdtProcess                               0x0801859d   Thumb Code   182  app_task.o(i.wdtProcess)
    wifiUploadRequestTask                    0x080186d9   Thumb Code    38  app_task.o(i.wifiUploadRequestTask)
    ztvm_encrypt_des                         0x0801870d   Thumb Code    86  app_sn.o(i.ztvm_encrypt_des)
    ztvm_encrypt_undes                       0x08018763   Thumb Code    88  app_sn.o(i.ztvm_encrypt_undes)
    ztvm_encrypt_untrides                    0x080187bb   Thumb Code    40  app_sn.o(i.ztvm_encrypt_untrides)
    n58_cmd_table                            0x080189fa   Data        1176  app_net.o(.constdata)
    atcmdtable                               0x08018e92   Data         323  app_atcmd.o(.constdata)
    instructiontable                         0x08018fd5   Data         544  app_atcmd.o(.constdata)
    AHBPrescTable                            0x0801955f   Data          16  system_stm32l0xx.o(.constdata)
    PLLMulTable                              0x0801956f   Data           9  system_stm32l0xx.o(.constdata)
    APBPrescTable                            0x08019578   Data           8  system_stm32l0xx.o(.constdata)
    __mathlib_zero                           0x08019698   Data           8  qnan.o(.constdata)
    __ctype_table                            0x08019790   Data         129  ctype_o.o(.constdata)
    Region$$Table$$Base                      0x08019a34   Number         0  anon$$obj.o(Region$$Table)
    Region$$Table$$Limit                     0x08019a54   Number         0  anon$$obj.o(Region$$Table)
    i2c_addr                                 0x20000060   Data           1  app_mir3da.o(.data)
    uwTickFreq                               0x20000064   Data           1  stm32l0xx_hal.o(.data)
    uwTickPrio                               0x20000068   Data           4  stm32l0xx_hal.o(.data)
    uwTick                                   0x2000006c   Data           4  stm32l0xx_hal.o(.data)
    SystemCoreClock                          0x20000070   Data           4  system_stm32l0xx.o(.data)
    __microlib_freelist                      0x20000074   Data           4  mvars.o(.data)
    __microlib_freelist_initialised          0x20000078   Data           4  mvars.o(.data)
    usart1_ctl                               0x20000090   Data          20  app_port.o(.bss)
    usart2_ctl                               0x200000a4   Data          20  app_port.o(.bss)
    usart3_ctl                               0x200000b8   Data          20  app_port.o(.bss)
    usart1rxbuf                              0x200000cc   Data         256  app_port.o(.bss)
    usart2rxbuf                              0x200001cc   Data        2560  app_port.o(.bss)
    usart3rxbuf                              0x20000bcc   Data         128  app_port.o(.bss)
    sysinfo                                  0x20000c4c   Data         124  app_sys.o(.bss)
    sysparam                                 0x20000dc8   Data         292  app_param.o(.bss)
    CODEVERSION                              0x20000eec   Data          30  app_param.o(.bss)
    n58_invoke_status                        0x20000f0c   Data          12  app_net.o(.bss)
    n58_lte_status                           0x20000f18   Data         149  app_net.o(.bss)
    netconnect                               0x20000fd0   Data          12  app_serverprotocol.o(.bss)
    rf                                       0x200014f8   Data          68  app_rec.o(.bss)
    lastuploadgpsinfo                        0x20001900   Data          32  app_gpsarithmetic.o(.bss)
    ble_info                                 0x20001920   Data          23  app_ble.o(.bss)
    hadc                                     0x20001938   Data          92  adc.o(.bss)
    hi2c1                                    0x20001994   Data          76  i2c.o(.bss)
    hiwdg                                    0x200019e0   Data          16  iwdg.o(.bss)
    hlpuart1                                 0x200019f0   Data         132  usart.o(.bss)
    huart1                                   0x20001a74   Data         132  usart.o(.bss)
    huart2                                   0x20001af8   Data         132  usart.o(.bss)
    hdma_lpuart1_rx                          0x20001b7c   Data          72  usart.o(.bss)
    hdma_usart1_rx                           0x20001bc4   Data          72  usart.o(.bss)
    hdma_usart2_rx                           0x20001c0c   Data          72  usart.o(.bss)
    hrtc                                     0x20001c54   Data          36  rtc.o(.bss)
    pFlash                                   0x20001c78   Data          24  stm32l0xx_hal_flash.o(.bss)
    __heap_base                              0x20001c90   Data           0  startup_stm32l071xx.o(HEAP)
    __heap_limit                             0x20002c90   Data           0  startup_stm32l071xx.o(HEAP)
    __initial_sp                             0x20003c90   Data           0  startup_stm32l071xx.o(STACK)



==============================================================================

Memory Map of the image

  Image Entry point : 0x080078c1

  Load Region LR_IROM1 (Base: 0x08007800, Size: 0x000122d4, Max: 0x00020000, ABSOLUTE)

    Execution Region ER_IROM1 (Exec base: 0x08007800, Load base: 0x08007800, Size: 0x00012254, Max: 0x00020000, ABSOLUTE)

    Exec Addr    Load Addr    Size         Type   Attr      Idx    E Section Name        Object

    0x08007800   0x08007800   0x000000c0   Data   RO         5915    RESET               startup_stm32l071xx.o
    0x080078c0   0x080078c0   0x00000000   Code   RO         5968  * .ARM.Collect$$$$00000000  mc_p.l(entry.o)
    0x080078c0   0x080078c0   0x00000004   Code   RO         6356    .ARM.Collect$$$$00000001  mc_p.l(entry2.o)
    0x080078c4   0x080078c4   0x00000004   Code   RO         6359    .ARM.Collect$$$$00000004  mc_p.l(entry5.o)
    0x080078c8   0x080078c8   0x00000000   Code   RO         6361    .ARM.Collect$$$$00000008  mc_p.l(entry7b.o)
    0x080078c8   0x080078c8   0x00000000   Code   RO         6363    .ARM.Collect$$$$0000000A  mc_p.l(entry8b.o)
    0x080078c8   0x080078c8   0x00000008   Code   RO         6364    .ARM.Collect$$$$0000000B  mc_p.l(entry9a.o)
    0x080078d0   0x080078d0   0x00000004   Code   RO         6371    .ARM.Collect$$$$0000000E  mc_p.l(entry12b.o)
    0x080078d4   0x080078d4   0x00000000   Code   RO         6366    .ARM.Collect$$$$0000000F  mc_p.l(entry10a.o)
    0x080078d4   0x080078d4   0x00000000   Code   RO         6368    .ARM.Collect$$$$00000011  mc_p.l(entry11a.o)
    0x080078d4   0x080078d4   0x00000004   Code   RO         6357    .ARM.Collect$$$$00002712  mc_p.l(entry2.o)
    0x080078d8   0x080078d8   0x0000001c   Code   RO         5916    .text               startup_stm32l071xx.o
    0x080078f4   0x080078f4   0x0000002c   Code   RO         5971    .text               mc_p.l(uidiv.o)
    0x08007920   0x08007920   0x00000028   Code   RO         5973    .text               mc_p.l(idiv.o)
    0x08007948   0x08007948   0x00000060   Code   RO         5975    .text               mc_p.l(uldiv.o)
    0x080079a8   0x080079a8   0x0000008c   Code   RO         5977    .text               mc_p.l(mktime.o)
    0x08007a34   0x08007a34   0x00000024   Code   RO         5980    .text               mc_p.l(memcpya.o)
    0x08007a58   0x08007a58   0x00000024   Code   RO         5982    .text               mc_p.l(memseta.o)
    0x08007a7c   0x08007a7c   0x00000028   Code   RO         5984    .text               mc_p.l(strstr.o)
    0x08007aa4   0x08007aa4   0x0000001a   Code   RO         5986    .text               mc_p.l(strncpy.o)
    0x08007abe   0x08007abe   0x0000000e   Code   RO         5988    .text               mc_p.l(strlen.o)
    0x08007acc   0x08007acc   0x00000012   Code   RO         5990    .text               mc_p.l(strcpy.o)
    0x08007ade   0x08007ade   0x00000076   Code   RO         6283    .text               mc_p.l(strtoul.o)
    0x08007b54   0x08007b54   0x0000001a   Code   RO         6285    .text               mc_p.l(atoi.o)
    0x08007b6e   0x08007b6e   0x0000001a   Code   RO         6287    .text               mc_p.l(atol.o)
    0x08007b88   0x08007b88   0x000000b2   Code   RO         6289    .text               mf_p.l(fadd.o)
    0x08007c3a   0x08007c3a   0x0000007a   Code   RO         6291    .text               mf_p.l(fmul.o)
    0x08007cb4   0x08007cb4   0x0000007c   Code   RO         6293    .text               mf_p.l(fdiv.o)
    0x08007d30   0x08007d30   0x00000168   Code   RO         6295    .text               mf_p.l(dadd.o)
    0x08007e98   0x08007e98   0x000000d0   Code   RO         6297    .text               mf_p.l(dmul.o)
    0x08007f68   0x08007f68   0x000000f0   Code   RO         6299    .text               mf_p.l(ddiv.o)
    0x08008058   0x08008058   0x0000002c   Code   RO         6301    .text               mf_p.l(dscalb.o)
    0x08008084   0x08008084   0x0000000e   Code   RO         6303    .text               mf_p.l(ffltui.o)
    0x08008092   0x08008092   0x00000002   PAD
    0x08008094   0x08008094   0x00000028   Code   RO         6305    .text               mf_p.l(dflti.o)
    0x080080bc   0x080080bc   0x0000001c   Code   RO         6307    .text               mf_p.l(dfltui.o)
    0x080080d8   0x080080d8   0x00000028   Code   RO         6309    .text               mf_p.l(ffixui.o)
    0x08008100   0x08008100   0x0000003c   Code   RO         6311    .text               mf_p.l(dfixui.o)
    0x0800813c   0x0800813c   0x00000028   Code   RO         6313    .text               mf_p.l(f2d.o)
    0x08008164   0x08008164   0x00000028   Code   RO         6315    .text               mf_p.l(cdcmple.o)
    0x0800818c   0x0800818c   0x00000028   Code   RO         6317    .text               mf_p.l(cdrcmple.o)
    0x080081b4   0x080081b4   0x00000038   Code   RO         6319    .text               mf_p.l(d2f.o)
    0x080081ec   0x080081ec   0x00000014   Code   RO         6321    .text               mf_p.l(cfcmple.o)
    0x08008200   0x08008200   0x00000020   Code   RO         6375    .text               mc_p.l(llshl.o)
    0x08008220   0x08008220   0x00000022   Code   RO         6377    .text               mc_p.l(llushr.o)
    0x08008242   0x08008242   0x00000026   Code   RO         6379    .text               mc_p.l(llsshr.o)
    0x08008268   0x08008268   0x00000008   Code   RO         6381    .text               mc_p.l(ctype_o.o)
    0x08008270   0x08008270   0x00000012   Code   RO         6403    .text               mc_p.l(isspace_o.o)
    0x08008282   0x08008282   0x00000002   PAD
    0x08008284   0x08008284   0x00000074   Code   RO         6412    .text               mc_p.l(localtime_i.o)
    0x080082f8   0x080082f8   0x000000a6   Code   RO         6424    .text               mc_p.l(_strtoul.o)
    0x0800839e   0x0800839e   0x00000002   PAD
    0x080083a0   0x080083a0   0x000000a4   Code   RO         6426    .text               mc_p.l(strtod.o)
    0x08008444   0x08008444   0x00000070   Code   RO         6428    .text               mc_p.l(strtol.o)
    0x080084b4   0x080084b4   0x00000000   Code   RO         6430    .text               mc_p.l(iusefp.o)
    0x080084b4   0x080084b4   0x00000082   Code   RO         6431    .text               mf_p.l(fepilogue.o)
    0x08008536   0x08008536   0x000000be   Code   RO         6433    .text               mf_p.l(depilogue.o)
    0x080085f4   0x080085f4   0x000000a2   Code   RO         6437    .text               mf_p.l(dsqrt.o)
    0x08008696   0x08008696   0x00000002   PAD
    0x08008698   0x08008698   0x00000040   Code   RO         6439    .text               mf_p.l(dfixul.o)
    0x080086d8   0x080086d8   0x00000024   Code   RO         6441    .text               mc_p.l(init.o)
    0x080086fc   0x080086fc   0x0000001e   Code   RO         6446    .text               mc_p.l(_chval.o)
    0x0800871a   0x0800871a   0x00000002   PAD
    0x0800871c   0x0800871c   0x00000374   Code   RO         6448    .text               mc_p.l(scanf_fp.o)
    0x08008a90   0x08008a90   0x00000044   Code   RO         6452    .text               mc_p.l(_sgetc.o)
    0x08008ad4   0x08008ad4   0x00000048   Code   RO         6455    .text               mf_p.l(dfixi.o)
    0x08008b1c   0x08008b1c   0x0000007a   Code   RO         6457    .text               mc_p.l(llmul.o)
    0x08008b96   0x08008b96   0x00000002   PAD
    0x08008b98   0x08008b98   0x0000001c   Code   RO         6462    .text               mf_p.l(dfltul.o)
    0x08008bb4   0x08008bb4   0x00000052   Code   RO         3123    i.ADC_ConversionStop  stm32l0xx_hal_adc.o
    0x08008c06   0x08008c06   0x00000002   PAD
    0x08008c08   0x08008c08   0x00000024   Code   RO         3127    i.ADC_DelayMicroSecond  stm32l0xx_hal_adc.o
    0x08008c2c   0x08008c2c   0x00000060   Code   RO         3128    i.ADC_Disable       stm32l0xx_hal_adc.o
    0x08008c8c   0x08008c8c   0x00000064   Code   RO         3129    i.ADC_Enable        stm32l0xx_hal_adc.o
    0x08008cf0   0x08008cf0   0x000000e4   Code   RO          999    i.CreateNodeCmd     app_net.o
    0x08008dd4   0x08008dd4   0x000000fc   Code   RO            3    i.Create_Timer      app_kernal.o
    0x08008ed0   0x08008ed0   0x00000010   Code   RO         3013    i.DMA1_Channel2_3_IRQHandler  stm32l0xx_it.o
    0x08008ee0   0x08008ee0   0x00000018   Code   RO         3014    i.DMA1_Channel4_5_6_7_IRQHandler  stm32l0xx_it.o
    0x08008ef8   0x08008ef8   0x0000002c   Code   RO         4559    i.DMA_SetConfig     stm32l0xx_hal_dma.o
    0x08008f24   0x08008f24   0x00000018   Code   RO         3015    i.EXTI4_15_IRQHandler  stm32l0xx_it.o
    0x08008f3c   0x08008f3c   0x00000002   Code   RO         2745    i.Error_Handler     main.o
    0x08008f3e   0x08008f3e   0x00000002   PAD
    0x08008f40   0x08008f40   0x00000090   Code   RO         4291    i.FLASH_SetErrorCode  stm32l0xx_hal_flash.o
    0x08008fd0   0x08008fd0   0x00000070   Code   RO         4292    i.FLASH_WaitForLastOperation  stm32l0xx_hal_flash.o
    0x08009040   0x08009040   0x0000002c   Code   RO          429    i.GetCrc16          app_sys.o
    0x0800906c   0x0800906c   0x000000aa   Code   RO         3306    i.HAL_ADCEx_Calibration_Start  stm32l0xx_hal_adc_ex.o
    0x08009116   0x08009116   0x00000002   PAD
    0x08009118   0x08009118   0x00000094   Code   RO         3131    i.HAL_ADC_ConfigChannel  stm32l0xx_hal_adc.o
    0x080091ac   0x080091ac   0x00000004   Code   RO         3137    i.HAL_ADC_GetState  stm32l0xx_hal_adc.o
    0x080091b0   0x080091b0   0x00000006   Code   RO         3138    i.HAL_ADC_GetValue  stm32l0xx_hal_adc.o
    0x080091b6   0x080091b6   0x00000002   PAD
    0x080091b8   0x080091b8   0x000001c8   Code   RO         3140    i.HAL_ADC_Init      stm32l0xx_hal_adc.o
    0x08009380   0x08009380   0x00000050   Code   RO         2804    i.HAL_ADC_MspInit   adc.o
    0x080093d0   0x080093d0   0x000000c0   Code   RO         3144    i.HAL_ADC_PollForConversion  stm32l0xx_hal_adc.o
    0x08009490   0x08009490   0x0000005c   Code   RO         3146    i.HAL_ADC_Start     stm32l0xx_hal_adc.o
    0x080094ec   0x080094ec   0x0000003e   Code   RO         3149    i.HAL_ADC_Stop      stm32l0xx_hal_adc.o
    0x0800952a   0x0800952a   0x00000044   Code   RO         4560    i.HAL_DMA_Abort     stm32l0xx_hal_dma.o
    0x0800956e   0x0800956e   0x0000004c   Code   RO         4561    i.HAL_DMA_Abort_IT  stm32l0xx_hal_dma.o
    0x080095ba   0x080095ba   0x00000002   PAD
    0x080095bc   0x080095bc   0x00000068   Code   RO         4562    i.HAL_DMA_DeInit    stm32l0xx_hal_dma.o
    0x08009624   0x08009624   0x00000004   Code   RO         4563    i.HAL_DMA_GetError  stm32l0xx_hal_dma.o
    0x08009628   0x08009628   0x000000a8   Code   RO         4565    i.HAL_DMA_IRQHandler  stm32l0xx_hal_dma.o
    0x080096d0   0x080096d0   0x00000090   Code   RO         4566    i.HAL_DMA_Init      stm32l0xx_hal_dma.o
    0x08009760   0x08009760   0x00000068   Code   RO         4570    i.HAL_DMA_Start_IT  stm32l0xx_hal_dma.o
    0x080097c8   0x080097c8   0x00000024   Code   RO         3369    i.HAL_Delay         stm32l0xx_hal.o
    0x080097ec   0x080097ec   0x00000014   Code   RO         4395    i.HAL_FLASHEx_DATAEEPROM_Lock  stm32l0xx_hal_flash_ex.o
    0x08009800   0x08009800   0x00000054   Code   RO         4396    i.HAL_FLASHEx_DATAEEPROM_Program  stm32l0xx_hal_flash_ex.o
    0x08009854   0x08009854   0x00000034   Code   RO         4397    i.HAL_FLASHEx_DATAEEPROM_Unlock  stm32l0xx_hal_flash_ex.o
    0x08009888   0x08009888   0x000000f0   Code   RO         4497    i.HAL_GPIO_DeInit   stm32l0xx_hal_gpio.o
    0x08009978   0x08009978   0x00000022   Code   RO          637    i.HAL_GPIO_EXTI_Callback  app_user.o
    0x0800999a   0x0800999a   0x00000002   PAD
    0x0800999c   0x0800999c   0x00000018   Code   RO         4499    i.HAL_GPIO_EXTI_IRQHandler  stm32l0xx_hal_gpio.o
    0x080099b4   0x080099b4   0x00000184   Code   RO         4500    i.HAL_GPIO_Init     stm32l0xx_hal_gpio.o
    0x08009b38   0x08009b38   0x0000000a   Code   RO         4502    i.HAL_GPIO_ReadPin  stm32l0xx_hal_gpio.o
    0x08009b42   0x08009b42   0x0000000c   Code   RO         4504    i.HAL_GPIO_WritePin  stm32l0xx_hal_gpio.o
    0x08009b4e   0x08009b4e   0x00000002   PAD
    0x08009b50   0x08009b50   0x0000000c   Code   RO         3373    i.HAL_GetTick       stm32l0xx_hal.o
    0x08009b5c   0x08009b5c   0x0000004a   Code   RO         4024    i.HAL_I2CEx_ConfigAnalogFilter  stm32l0xx_hal_i2c_ex.o
    0x08009ba6   0x08009ba6   0x00000048   Code   RO         4025    i.HAL_I2CEx_ConfigDigitalFilter  stm32l0xx_hal_i2c_ex.o
    0x08009bee   0x08009bee   0x00000034   Code   RO         3568    i.HAL_I2C_DeInit    stm32l0xx_hal_i2c.o
    0x08009c22   0x08009c22   0x00000002   PAD
    0x08009c24   0x08009c24   0x000000b4   Code   RO         3577    i.HAL_I2C_Init      stm32l0xx_hal_i2c.o
    0x08009cd8   0x08009cd8   0x00000154   Code   RO         3595    i.HAL_I2C_Mem_Read  stm32l0xx_hal_i2c.o
    0x08009e2c   0x08009e2c   0x0000014c   Code   RO         3598    i.HAL_I2C_Mem_Write  stm32l0xx_hal_i2c.o
    0x08009f78   0x08009f78   0x00000038   Code   RO         2861    i.HAL_I2C_MspDeInit  i2c.o
    0x08009fb0   0x08009fb0   0x0000005c   Code   RO         2862    i.HAL_I2C_MspInit   i2c.o
    0x0800a00c   0x0800a00c   0x00000064   Code   RO         5002    i.HAL_IWDG_Init     stm32l0xx_hal_iwdg.o
    0x0800a070   0x0800a070   0x00000010   Code   RO         5003    i.HAL_IWDG_Refresh  stm32l0xx_hal_iwdg.o
    0x0800a080   0x0800a080   0x00000010   Code   RO         3379    i.HAL_IncTick       stm32l0xx_hal.o
    0x0800a090   0x0800a090   0x00000028   Code   RO         3380    i.HAL_Init          stm32l0xx_hal.o
    0x0800a0b8   0x0800a0b8   0x00000044   Code   RO         3381    i.HAL_InitTick      stm32l0xx_hal.o
    0x0800a0fc   0x0800a0fc   0x00000018   Code   RO         3103    i.HAL_MspInit       stm32l0xx_hal_msp.o
    0x0800a114   0x0800a114   0x00000020   Code   RO         4826    i.HAL_NVIC_DisableIRQ  stm32l0xx_hal_cortex.o
    0x0800a134   0x0800a134   0x00000018   Code   RO         4827    i.HAL_NVIC_EnableIRQ  stm32l0xx_hal_cortex.o
    0x0800a14c   0x0800a14c   0x00000008   Code   RO         4831    i.HAL_NVIC_SetPriority  stm32l0xx_hal_cortex.o
    0x0800a154   0x0800a154   0x0000001c   Code   RO         4832    i.HAL_NVIC_SystemReset  stm32l0xx_hal_cortex.o
    0x0800a170   0x0800a170   0x00000010   Code   RO         4769    i.HAL_PWREx_EnableFastWakeUp  stm32l0xx_hal_pwr_ex.o
    0x0800a180   0x0800a180   0x00000010   Code   RO         4771    i.HAL_PWREx_EnableUltraLowPower  stm32l0xx_hal_pwr_ex.o
    0x0800a190   0x0800a190   0x00000010   Code   RO         4657    i.HAL_PWR_EnableBkUpAccess  stm32l0xx_hal_pwr.o
    0x0800a1a0   0x0800a1a0   0x00000064   Code   RO         4664    i.HAL_PWR_EnterSTOPMode  stm32l0xx_hal_pwr.o
    0x0800a204   0x0800a204   0x00000178   Code   RO         4175    i.HAL_RCCEx_PeriphCLKConfig  stm32l0xx_hal_rcc_ex.o
    0x0800a37c   0x0800a37c   0x0000019c   Code   RO         4075    i.HAL_RCC_ClockConfig  stm32l0xx_hal_rcc.o
    0x0800a518   0x0800a518   0x00000020   Code   RO         4081    i.HAL_RCC_GetPCLK1Freq  stm32l0xx_hal_rcc.o
    0x0800a538   0x0800a538   0x00000020   Code   RO         4082    i.HAL_RCC_GetPCLK2Freq  stm32l0xx_hal_rcc.o
    0x0800a558   0x0800a558   0x00000078   Code   RO         4083    i.HAL_RCC_GetSysClockFreq  stm32l0xx_hal_rcc.o
    0x0800a5d0   0x0800a5d0   0x00000432   Code   RO         4086    i.HAL_RCC_OscConfig  stm32l0xx_hal_rcc.o
    0x0800aa02   0x0800aa02   0x00000002   Code   RO         5629    i.HAL_RTCEx_AlarmBEventCallback  stm32l0xx_hal_rtc_ex.o
    0x0800aa04   0x0800aa04   0x000000f8   Code   RO         5656    i.HAL_RTCEx_SetWakeUpTimer_IT  stm32l0xx_hal_rtc_ex.o
    0x0800aafc   0x0800aafc   0x0000000a   Code   RO          219    i.HAL_RTCEx_WakeUpTimerEventCallback  app_port.o
    0x0800ab06   0x0800ab06   0x00000002   PAD
    0x0800ab08   0x0800ab08   0x00000038   Code   RO         5663    i.HAL_RTCEx_WakeUpTimerIRQHandler  stm32l0xx_hal_rtc_ex.o
    0x0800ab40   0x0800ab40   0x00000078   Code   RO          220    i.HAL_RTC_AlarmAEventCallback  app_port.o
    0x0800abb8   0x0800abb8   0x00000060   Code   RO         5497    i.HAL_RTC_AlarmIRQHandler  stm32l0xx_hal_rtc.o
    0x0800ac18   0x0800ac18   0x000000b8   Code   RO         5499    i.HAL_RTC_DeactivateAlarm  stm32l0xx_hal_rtc.o
    0x0800acd0   0x0800acd0   0x0000008c   Code   RO         5500    i.HAL_RTC_GetAlarm  stm32l0xx_hal_rtc.o
    0x0800ad5c   0x0800ad5c   0x00000044   Code   RO         5501    i.HAL_RTC_GetDate   stm32l0xx_hal_rtc.o
    0x0800ada0   0x0800ada0   0x0000005c   Code   RO         5503    i.HAL_RTC_GetTime   stm32l0xx_hal_rtc.o
    0x0800adfc   0x0800adfc   0x000000bc   Code   RO         5504    i.HAL_RTC_Init      stm32l0xx_hal_rtc.o
    0x0800aeb8   0x0800aeb8   0x00000030   Code   RO         2976    i.HAL_RTC_MspInit   rtc.o
    0x0800aee8   0x0800aee8   0x00000190   Code   RO         5509    i.HAL_RTC_SetAlarm_IT  stm32l0xx_hal_rtc.o
    0x0800b078   0x0800b078   0x000000c4   Code   RO         5510    i.HAL_RTC_SetDate   stm32l0xx_hal_rtc.o
    0x0800b13c   0x0800b13c   0x000000e8   Code   RO         5511    i.HAL_RTC_SetTime   stm32l0xx_hal_rtc.o
    0x0800b224   0x0800b224   0x00000034   Code   RO         5512    i.HAL_RTC_WaitForSynchro  stm32l0xx_hal_rtc.o
    0x0800b258   0x0800b258   0x00000010   Code   RO         3384    i.HAL_ResumeTick    stm32l0xx_hal.o
    0x0800b268   0x0800b268   0x00000030   Code   RO         4835    i.HAL_SYSTICK_Config  stm32l0xx_hal_cortex.o
    0x0800b298   0x0800b298   0x00000010   Code   RO         3390    i.HAL_SuspendTick   stm32l0xx_hal.o
    0x0800b2a8   0x0800b2a8   0x00000002   Code   RO         5037    i.HAL_UARTEx_RxEventCallback  stm32l0xx_hal_uart.o
    0x0800b2aa   0x0800b2aa   0x00000002   Code   RO         5426    i.HAL_UARTEx_WakeupCallback  stm32l0xx_hal_uart_ex.o
    0x0800b2ac   0x0800b2ac   0x0000007e   Code   RO         5049    i.HAL_UART_DMAStop  stm32l0xx_hal_uart.o
    0x0800b32a   0x0800b32a   0x0000003e   Code   RO         5050    i.HAL_UART_DeInit   stm32l0xx_hal_uart.o
    0x0800b368   0x0800b368   0x000000c8   Code   RO          221    i.HAL_UART_ErrorCallback  app_port.o
    0x0800b430   0x0800b430   0x00000220   Code   RO         5056    i.HAL_UART_IRQHandler  stm32l0xx_hal_uart.o
    0x0800b650   0x0800b650   0x0000006a   Code   RO         5057    i.HAL_UART_Init     stm32l0xx_hal_uart.o
    0x0800b6ba   0x0800b6ba   0x00000002   PAD
    0x0800b6bc   0x0800b6bc   0x00000090   Code   RO         2925    i.HAL_UART_MspDeInit  usart.o
    0x0800b74c   0x0800b74c   0x00000180   Code   RO         2926    i.HAL_UART_MspInit  usart.o
    0x0800b8cc   0x0800b8cc   0x00000060   Code   RO         5061    i.HAL_UART_Receive_DMA  stm32l0xx_hal_uart.o
    0x0800b92c   0x0800b92c   0x00000080   Code   RO          222    i.HAL_UART_RxCpltCallback  app_port.o
    0x0800b9ac   0x0800b9ac   0x00000002   Code   RO         5065    i.HAL_UART_RxHalfCpltCallback  stm32l0xx_hal_uart.o
    0x0800b9ae   0x0800b9ae   0x000000d2   Code   RO         5066    i.HAL_UART_Transmit  stm32l0xx_hal_uart.o
    0x0800ba80   0x0800ba80   0x00000002   Code   RO         5069    i.HAL_UART_TxCpltCallback  stm32l0xx_hal_uart.o
    0x0800ba82   0x0800ba82   0x00000002   PAD
    0x0800ba84   0x0800ba84   0x00000014   Code   RO         3016    i.HardFault_Handler  stm32l0xx_it.o
    0x0800ba98   0x0800ba98   0x00000022   Code   RO         3624    i.I2C_Flush_TXDR    stm32l0xx_hal_i2c.o
    0x0800baba   0x0800baba   0x00000002   PAD
    0x0800babc   0x0800babc   0x00000070   Code   RO         3632    i.I2C_IsAcknowledgeFailed  stm32l0xx_hal_i2c.o
    0x0800bb2c   0x0800bb2c   0x00000060   Code   RO         3635    i.I2C_RequestMemoryRead  stm32l0xx_hal_i2c.o
    0x0800bb8c   0x0800bb8c   0x00000060   Code   RO         3636    i.I2C_RequestMemoryWrite  stm32l0xx_hal_i2c.o
    0x0800bbec   0x0800bbec   0x00000028   Code   RO         3639    i.I2C_TransferConfig  stm32l0xx_hal_i2c.o
    0x0800bc14   0x0800bc14   0x0000004e   Code   RO         3641    i.I2C_WaitOnFlagUntilTimeout  stm32l0xx_hal_i2c.o
    0x0800bc62   0x0800bc62   0x0000004c   Code   RO         3643    i.I2C_WaitOnSTOPFlagUntilTimeout  stm32l0xx_hal_i2c.o
    0x0800bcae   0x0800bcae   0x00000050   Code   RO         3644    i.I2C_WaitOnTXISFlagUntilTimeout  stm32l0xx_hal_i2c.o
    0x0800bcfe   0x0800bcfe   0x00000002   PAD
    0x0800bd00   0x0800bd00   0x00000014   Code   RO         3017    i.LPUART1_IRQHandler  stm32l0xx_it.o
    0x0800bd14   0x0800bd14   0x00000028   Code   RO          430    i.LogMessage        app_sys.o
    0x0800bd3c   0x0800bd3c   0x0000001c   Code   RO          431    i.LogMessageWL      app_sys.o
    0x0800bd58   0x0800bd58   0x00000070   Code   RO          432    i.LogPrintf         app_sys.o
    0x0800bdc8   0x0800bdc8   0x00000070   Code   RO         2805    i.MX_ADC_Init       adc.o
    0x0800be38   0x0800be38   0x00000038   Code   RO         2841    i.MX_DMA_Init       dma.o
    0x0800be70   0x0800be70   0x0000010c   Code   RO         2783    i.MX_GPIO_Init      gpio.o
    0x0800bf7c   0x0800bf7c   0x00000058   Code   RO         2863    i.MX_I2C1_Init      i2c.o
    0x0800bfd4   0x0800bfd4   0x0000002c   Code   RO         2899    i.MX_IWDG_Init      iwdg.o
    0x0800c000   0x0800c000   0x00000038   Code   RO         2927    i.MX_LPUART1_UART_Init  usart.o
    0x0800c038   0x0800c038   0x00000044   Code   RO         2977    i.MX_RTC_Init       rtc.o
    0x0800c07c   0x0800c07c   0x00000038   Code   RO         2928    i.MX_USART1_UART_Init  usart.o
    0x0800c0b4   0x0800c0b4   0x00000038   Code   RO         2929    i.MX_USART2_UART_Init  usart.o
    0x0800c0ec   0x0800c0ec   0x0000001c   Code   RO         1000    i.N58_ChangeInvokeStatus  app_net.o
    0x0800c108   0x0800c108   0x00000002   Code   RO         3018    i.NMI_Handler       stm32l0xx_it.o
    0x0800c10a   0x0800c10a   0x00000002   Code   RO         3019    i.PendSV_Handler    stm32l0xx_it.o
    0x0800c10c   0x0800c10c   0x00000010   Code   RO         5513    i.RTC_Bcd2ToByte    stm32l0xx_hal_rtc.o
    0x0800c11c   0x0800c11c   0x00000018   Code   RO         5514    i.RTC_ByteToBcd2    stm32l0xx_hal_rtc.o
    0x0800c134   0x0800c134   0x00000038   Code   RO         5515    i.RTC_EnterInitMode  stm32l0xx_hal_rtc.o
    0x0800c16c   0x0800c16c   0x00000014   Code   RO         3020    i.RTC_IRQHandler    stm32l0xx_it.o
    0x0800c180   0x0800c180   0x00000002   Code   RO         3021    i.SVC_Handler       stm32l0xx_it.o
    0x0800c182   0x0800c182   0x00000008   Code   RO         3022    i.SysTick_Handler   stm32l0xx_it.o
    0x0800c18a   0x0800c18a   0x00000002   PAD
    0x0800c18c   0x0800c18c   0x00000090   Code   RO         2746    i.SystemClock_Config  main.o
    0x0800c21c   0x0800c21c   0x00000058   Code   RO         5882    i.SystemInit        system_stm32l0xx.o
    0x0800c274   0x0800c274   0x000000ca   Code   RO         5071    i.UART_AdvFeatureConfig  stm32l0xx_hal_uart.o
    0x0800c33e   0x0800c33e   0x00000002   PAD
    0x0800c340   0x0800c340   0x00000064   Code   RO         5072    i.UART_CheckIdleState  stm32l0xx_hal_uart.o
    0x0800c3a4   0x0800c3a4   0x00000014   Code   RO         5073    i.UART_DMAAbortOnError  stm32l0xx_hal_uart.o
    0x0800c3b8   0x0800c3b8   0x0000004c   Code   RO         5074    i.UART_DMAError     stm32l0xx_hal_uart.o
    0x0800c404   0x0800c404   0x0000005e   Code   RO         5075    i.UART_DMAReceiveCplt  stm32l0xx_hal_uart.o
    0x0800c462   0x0800c462   0x0000001c   Code   RO         5077    i.UART_DMARxHalfCplt  stm32l0xx_hal_uart.o
    0x0800c47e   0x0800c47e   0x00000032   Code   RO         5083    i.UART_EndRxTransfer  stm32l0xx_hal_uart.o
    0x0800c4b0   0x0800c4b0   0x00000010   Code   RO         5084    i.UART_EndTxTransfer  stm32l0xx_hal_uart.o
    0x0800c4c0   0x0800c4c0   0x00000214   Code   RO         5087    i.UART_SetConfig    stm32l0xx_hal_uart.o
    0x0800c6d4   0x0800c6d4   0x0000008c   Code   RO         5088    i.UART_Start_Receive_DMA  stm32l0xx_hal_uart.o
    0x0800c760   0x0800c760   0x0000009e   Code   RO         5092    i.UART_WaitOnFlagUntilTimeout  stm32l0xx_hal_uart.o
    0x0800c7fe   0x0800c7fe   0x00000002   PAD
    0x0800c800   0x0800c800   0x00000014   Code   RO         3023    i.USART1_IRQHandler  stm32l0xx_it.o
    0x0800c814   0x0800c814   0x00000014   Code   RO         3024    i.USART2_IRQHandler  stm32l0xx_it.o
    0x0800c828   0x0800c828   0x00000014   Code   RO          223    i.UsartInterruptHandler  app_port.o
    0x0800c83c   0x0800c83c   0x00000018   Code   RO          224    i.UsartReceiveDataPost  app_port.o
    0x0800c854   0x0800c854   0x00000026   Code   RO         2492    i.XINGSHENG_ID_ASCII_Decoding  app_sn.o
    0x0800c87a   0x0800c87a   0x00000084   Code   RO         2493    i.XINGSHENG_ID_Decoder  app_sn.o
    0x0800c8fe   0x0800c8fe   0x00000002   PAD
    0x0800c900   0x0800c900   0x00000028   Code   RO         6229    i.__0sprintf        mc_p.l(printfa.o)
    0x0800c928   0x0800c928   0x00000024   Code   RO         6233    i.__0vsprintf       mc_p.l(printfa.o)
    0x0800c94c   0x0800c94c   0x0000002e   Code   RO         6435    i.__ARM_clz         mf_p.l(depilogue.o)
    0x0800c97a   0x0800c97a   0x00000030   Code   RO         4160    i.__ARM_common_ll_muluu  stm32l0xx_hal_rcc.o
    0x0800c9aa   0x0800c9aa   0x0000001a   Code   RO         1376    i.__ARM_common_switch8  app_net.o
    0x0800c9c4   0x0800c9c4   0x0000002c   Code   RO         6340    i.__ARM_fpclassify  m_ps.l(fpclassify.o)
    0x0800c9f0   0x0800c9f0   0x00000044   Code   RO         4837    i.__NVIC_SetPriority  stm32l0xx_hal_cortex.o
    0x0800ca34   0x0800ca34   0x00000008   Code   RO         6417    i.__aeabi_errno_addr  mc_p.l(errno.o)
    0x0800ca3c   0x0800ca3c   0x0000039c   Code   RO         6345    i.__ieee754_rem_pio2  m_ps.l(rred.o)
    0x0800cdd8   0x0800cdd8   0x000000f4   Code   RO         6323    i.__kernel_cos      m_ps.l(cos_i.o)
    0x0800cecc   0x0800cecc   0x000000ac   Code   RO         6342    i.__kernel_poly     m_ps.l(poly.o)
    0x0800cf78   0x0800cf78   0x000000ec   Code   RO         6350    i.__kernel_sin      m_ps.l(sin_i.o)
    0x0800d064   0x0800d064   0x00000014   Code   RO         6326    i.__mathlib_dbl_divzero  m_ps.l(dunder.o)
    0x0800d078   0x0800d078   0x0000000a   Code   RO         6327    i.__mathlib_dbl_infnan  m_ps.l(dunder.o)
    0x0800d082   0x0800d082   0x00000008   Code   RO         6328    i.__mathlib_dbl_infnan2  m_ps.l(dunder.o)
    0x0800d08a   0x0800d08a   0x00000010   Code   RO         6329    i.__mathlib_dbl_invalid  m_ps.l(dunder.o)
    0x0800d09a   0x0800d09a   0x00000002   PAD
    0x0800d09c   0x0800d09c   0x00000014   Code   RO         6330    i.__mathlib_dbl_overflow  m_ps.l(dunder.o)
    0x0800d0b0   0x0800d0b0   0x00000014   Code   RO         6332    i.__mathlib_dbl_underflow  m_ps.l(dunder.o)
    0x0800d0c4   0x0800d0c4   0x0000000c   Code   RO         6418    i.__read_errno      mc_p.l(errno.o)
    0x0800d0d0   0x0800d0d0   0x0000000e   Code   RO         6466    i.__scatterload_copy  mc_p.l(handlers.o)
    0x0800d0de   0x0800d0de   0x00000002   Code   RO         6467    i.__scatterload_null  mc_p.l(handlers.o)
    0x0800d0e0   0x0800d0e0   0x0000000e   Code   RO         6468    i.__scatterload_zeroinit  mc_p.l(handlers.o)
    0x0800d0ee   0x0800d0ee   0x00000002   PAD
    0x0800d0f0   0x0800d0f0   0x0000000c   Code   RO         6419    i.__set_errno       mc_p.l(errno.o)
    0x0800d0fc   0x0800d0fc   0x00000174   Code   RO         6234    i._fp_digits        mc_p.l(printfa.o)
    0x0800d270   0x0800d270   0x0000000e   Code   RO         6450    i._is_digit         mc_p.l(scanf_fp.o)
    0x0800d27e   0x0800d27e   0x00000002   PAD
    0x0800d280   0x0800d280   0x000006f0   Code   RO         6235    i._printf_core      mc_p.l(printfa.o)
    0x0800d970   0x0800d970   0x00000020   Code   RO         6236    i._printf_post_padding  mc_p.l(printfa.o)
    0x0800d990   0x0800d990   0x0000002c   Code   RO         6237    i._printf_pre_padding  mc_p.l(printfa.o)
    0x0800d9bc   0x0800d9bc   0x0000000a   Code   RO         6239    i._sputc            mc_p.l(printfa.o)
    0x0800d9c6   0x0800d9c6   0x00000002   PAD
    0x0800d9c8   0x0800d9c8   0x000000a0   Code   RO         1834    i.addNewGPSInfo     app_gps.o
    0x0800da68   0x0800da68   0x00000010   Code   RO         1396    i.alarmRequestClear  app_task.o
    0x0800da78   0x0800da78   0x00000010   Code   RO         1397    i.alarmRequestSet   app_task.o
    0x0800da88   0x0800da88   0x00000244   Code   RO         1398    i.alarmUploadRequest  app_task.o
    0x0800dccc   0x0800dccc   0x00000098   Code   RO         2683    i.appBleCRecv       app_ble.o
    0x0800dd64   0x0800dd64   0x00000010   Code   RO         2685    i.appBleInfoReset   app_ble.o
    0x0800dd74   0x0800dd74   0x00000090   Code   RO         2687    i.appBlePRecv       app_ble.o
    0x0800de04   0x0800de04   0x00000040   Code   RO         2688    i.appBleSendData    app_ble.o
    0x0800de44   0x0800de44   0x00000140   Code   RO          225    i.appUartConfig     app_port.o
    0x0800df84   0x0800df84   0x00000014   Code   RO          226    i.appUartSend       app_port.o
    0x0800df98   0x0800df98   0x0000002a   Code   RO          433    i.asciiToHex        app_sys.o
    0x0800dfc2   0x0800dfc2   0x00000002   PAD
    0x0800dfc4   0x0800dfc4   0x00000274   Code   RO         5921    i.asin              m_ps.l(asin.o)
    0x0800e238   0x0800e238   0x0000002c   Code   RO         2046    i.atCmdCmGetParser  app_atcmd.o
    0x0800e264   0x0800e264   0x0000003c   Code   RO         2047    i.atCmdDebugLevelParser  app_atcmd.o
    0x0800e2a0   0x0800e2a0   0x00000288   Code   RO         2048    i.atCmdDebugParase  app_atcmd.o
    0x0800e528   0x0800e528   0x0000008c   Code   RO         2050    i.atCmdFMPCnmeaParase  app_atcmd.o
    0x0800e5b4   0x0800e5b4   0x000000b8   Code   RO         2051    i.atCmdFmpcAdccalParase  app_atcmd.o
    0x0800e66c   0x0800e66c   0x00000020   Code   RO         2052    i.atCmdFmpcAllParse  app_atcmd.o
    0x0800e68c   0x0800e68c   0x00000034   Code   RO         2053    i.atCmdFmpcCMParse  app_atcmd.o
    0x0800e6c0   0x0800e6c0   0x00000038   Code   RO         2054    i.atCmdFmpcChkpParse  app_atcmd.o
    0x0800e6f8   0x0800e6f8   0x00000034   Code   RO         2055    i.atCmdFmpcIMSIParse  app_atcmd.o
    0x0800e72c   0x0800e72c   0x00000044   Code   RO         2056    i.atCmdFmpcIMSIParseRespon  app_atcmd.o
    0x0800e770   0x0800e770   0x00000034   Code   RO         2057    i.atCmdIMEIParse    app_atcmd.o
    0x0800e7a4   0x0800e7a4   0x00000034   Code   RO         2058    i.atCmdIMEIParseRespon  app_atcmd.o
    0x0800e7d8   0x0800e7d8   0x00000308   Code   RO         2059    i.atCmdParaseFunction  app_atcmd.o
    0x0800eae0   0x0800eae0   0x0000005c   Code   RO         2060    i.atCmdZTSNParse    app_atcmd.o
    0x0800eb3c   0x0800eb3c   0x0000002a   Code   RO         5931    i.atof              m_ps.l(atof.o)
    0x0800eb66   0x0800eb66   0x00000002   PAD
    0x0800eb68   0x0800eb68   0x00000100   Code   RO         1399    i.autoSleepTask     app_task.o
    0x0800ec68   0x0800ec68   0x000000a8   Code   RO         2565    i.calculateDistanceOfPoint  app_gpsarithmetic.o
    0x0800ed10   0x0800ed10   0x0000010c   Code   RO         2566    i.calculateTheDistanceBetweenTwoPonits  app_gpsarithmetic.o
    0x0800ee1c   0x0800ee1c   0x00000130   Code   RO         2567    i.calculateTheGPSCornerPoint  app_gpsarithmetic.o
    0x0800ef4c   0x0800ef4c   0x0000003c   Code   RO          434    i.changeByteArrayToHexString  app_sys.o
    0x0800ef88   0x0800ef88   0x00000048   Code   RO          435    i.changeHexStringToByteArray  app_sys.o
    0x0800efd0   0x0800efd0   0x0000004c   Code   RO          436    i.changeHexStringToByteArray_10in  app_sys.o
    0x0800f01c   0x0800f01c   0x00000150   Code   RO          437    i.changeUTCTimeToLocalTime  app_sys.o
    0x0800f16c   0x0800f16c   0x00000094   Code   RO         1965    i.charstrToHexValue  app_nmea.o
    0x0800f200   0x0800f200   0x00000020   Code   RO         1649    i.clearHbtTimer     app_serverprotocol.o
    0x0800f220   0x0800f220   0x00000010   Code   RO         2061    i.clearInstrucionRequest  app_atcmd.o
    0x0800f230   0x0800f230   0x00000010   Code   RO         1005    i.closeModuleGPS    app_net.o
    0x0800f240   0x0800f240   0x0000002a   Code   RO         2494    i.compress          app_sn.o
    0x0800f26a   0x0800f26a   0x00000002   PAD
    0x0800f26c   0x0800f26c   0x00000098   Code   RO         5935    i.cos               m_ps.l(cos.o)
    0x0800f304   0x0800f304   0x000000b4   Code   RO         1650    i.createProtocol16  app_serverprotocol.o
    0x0800f3b8   0x0800f3b8   0x000000bc   Code   RO         1651    i.createProtocol19  app_serverprotocol.o
    0x0800f474   0x0800f474   0x00000094   Code   RO         1653    i.createProtocol62  app_serverprotocol.o
    0x0800f508   0x0800f508   0x00000050   Code   RO         1654    i.createProtocolF1  app_serverprotocol.o
    0x0800f558   0x0800f558   0x000000f8   Code   RO         1655    i.createProtocolF3  app_serverprotocol.o
    0x0800f650   0x0800f650   0x00000014   Code   RO         1656    i.createProtocolHead  app_serverprotocol.o
    0x0800f664   0x0800f664   0x00000010   Code   RO         1657    i.createProtocolSerial  app_serverprotocol.o
    0x0800f674   0x0800f674   0x00000036   Code   RO         1658    i.createProtocolTail  app_serverprotocol.o
    0x0800f6aa   0x0800f6aa   0x00000040   Code   RO         1659    i.createProtocolTail_7979  app_serverprotocol.o
    0x0800f6ea   0x0800f6ea   0x00000038   Code   RO         1660    i.createProtocol_01  app_serverprotocol.o
    0x0800f722   0x0800f722   0x00000002   PAD
    0x0800f724   0x0800f724   0x0000007c   Code   RO         1661    i.createProtocol_12  app_serverprotocol.o
    0x0800f7a0   0x0800f7a0   0x000000bc   Code   RO         1662    i.createProtocol_13  app_serverprotocol.o
    0x0800f85c   0x0800f85c   0x0000004c   Code   RO         1663    i.createProtocol_21  app_serverprotocol.o
    0x0800f8a8   0x0800f8a8   0x00000022   Code   RO         1664    i.createProtocol_8A  app_serverprotocol.o
    0x0800f8ca   0x0800f8ca   0x00000010   Code   RO            4    i.createSystemTask  app_kernal.o
    0x0800f8da   0x0800f8da   0x0000000c   Code   RO         1006    i.csqRequest        app_net.o
    0x0800f8e6   0x0800f8e6   0x00000002   PAD
    0x0800f8e8   0x0800f8e8   0x000000a4   Code   RO         2495    i.decryptSN         app_sn.o
    0x0800f98c   0x0800f98c   0x00000010   Code   RO         1007    i.deleteMessage     app_net.o
    0x0800f99c   0x0800f99c   0x00000074   Code   RO          227    i.disPlaySystemTime  app_port.o
    0x0800fa10   0x0800fa10   0x00000014   Code   RO          438    i.distinguishOK     app_sys.o
    0x0800fa24   0x0800fa24   0x000000c0   Code   RO         2170    i.do123Instruction  app_instructioncmd.o
    0x0800fae4   0x0800fae4   0x00000120   Code   RO         2171    i.doACCCTLGNSSInstrucion  app_instructioncmd.o
    0x0800fc04   0x0800fc04   0x00000138   Code   RO         2172    i.doAPNInstruction  app_instructioncmd.o
    0x0800fd3c   0x0800fd3c   0x00000110   Code   RO         2173    i.doAdccalInstrucion  app_instructioncmd.o
    0x0800fe4c   0x0800fe4c   0x00000170   Code   RO         2174    i.doAlarmModeInstrucion  app_instructioncmd.o
    0x0800ffbc   0x0800ffbc   0x000000c8   Code   RO         2175    i.doAnswerInstrucion  app_instructioncmd.o
    0x08010084   0x08010084   0x00000034   Code   RO         2176    i.doBFInstruction   app_instructioncmd.o
    0x080100b8   0x080100b8   0x00000034   Code   RO         2177    i.doCFInstruction   app_instructioncmd.o
    0x080100ec   0x080100ec   0x0000033c   Code   RO         2178    i.doDebugInstrucion  app_instructioncmd.o
    0x08010428   0x08010428   0x00000094   Code   RO         2179    i.doFactoryInstrucion  app_instructioncmd.o
    0x080104bc   0x080104bc   0x000001d8   Code   RO         2180    i.doFactoryTestInstruction  app_instructioncmd.o
    0x08010694   0x08010694   0x0000009c   Code   RO         2181    i.doFenceInstrucion  app_instructioncmd.o
    0x08010730   0x08010730   0x000000c8   Code   RO         2182    i.doHbtInstruction  app_instructioncmd.o
    0x080107f8   0x080107f8   0x00000118   Code   RO         2183    i.doJTCYCLEInstrucion  app_instructioncmd.o
    0x08010910   0x08010910   0x00000124   Code   RO         2184    i.doJtInstruction   app_instructioncmd.o
    0x08010a34   0x08010a34   0x00000090   Code   RO         2185    i.doLEDInstruction  app_instructioncmd.o
    0x08010ac4   0x08010ac4   0x000000c8   Code   RO         2186    i.doLOWWInstruction  app_instructioncmd.o
    0x08010b8c   0x08010b8c   0x0000042c   Code   RO         2187    i.doModeInstruction  app_instructioncmd.o
    0x08010fb8   0x08010fb8   0x00000130   Code   RO         2188    i.doPOITYPEInstruction  app_instructioncmd.o
    0x080110e8   0x080110e8   0x00000274   Code   RO         2189    i.doParamInstruction  app_instructioncmd.o
    0x0801135c   0x0801135c   0x000000ac   Code   RO         2190    i.doPdopInstrucion  app_instructioncmd.o
    0x08011408   0x08011408   0x00000070   Code   RO         1400    i.doPoitypeRequest  app_task.o
    0x08011478   0x08011478   0x00000068   Code   RO         2191    i.doResetInstruction  app_instructioncmd.o
    0x080114e0   0x080114e0   0x000000b0   Code   RO         2192    i.doSNInstruction   app_instructioncmd.o
    0x08011590   0x08011590   0x00000078   Code   RO         2193    i.doServerInstruction  app_instructioncmd.o
    0x08011608   0x08011608   0x00000174   Code   RO         2194    i.doSetblemacInstrucion  app_instructioncmd.o
    0x0801177c   0x0801177c   0x000000a8   Code   RO         2195    i.doSmsreplyInstrucion  app_instructioncmd.o
    0x08011824   0x08011824   0x00000160   Code   RO         2196    i.doStatusInstruction  app_instructioncmd.o
    0x08011984   0x08011984   0x000000e4   Code   RO         2197    i.doTTSInstruction  app_instructioncmd.o
    0x08011a68   0x08011a68   0x000000c4   Code   RO         2198    i.doTurnAlgInstrucion  app_instructioncmd.o
    0x08011b2c   0x08011b2c   0x000000b4   Code   RO         2199    i.doUPSInstruction  app_instructioncmd.o
    0x08011be0   0x08011be0   0x000000e4   Code   RO         2200    i.doUTCInstruction  app_instructioncmd.o
    0x08011cc4   0x08011cc4   0x00000068   Code   RO         2201    i.doVersionInstruction  app_instructioncmd.o
    0x08011d2c   0x08011d2c   0x00000208   Code   RO         2062    i.doinstruction     app_atcmd.o
    0x08011f34   0x08011f34   0x000000b4   Code   RO         2202    i.dorequestSend123  app_instructioncmd.o
    0x08011fe8   0x08011fe8   0x00000034   Code   RO          681    i.eepromWriteByte   app_param.o
    0x0801201c   0x0801201c   0x00000034   Code   RO          682    i.eepromWriteTwoBytes  app_param.o
    0x08012050   0x08012050   0x00000034   Code   RO          683    i.eepromWriteWord   app_param.o
    0x08012084   0x08012084   0x00000140   Code   RO         2496    i.encrypt           app_sn.o
    0x080121c4   0x080121c4   0x00000050   Code   RO         1401    i.exitNetCtl        app_task.o
    0x08012214   0x08012214   0x0000002a   Code   RO         2497    i.expand            app_sn.o
    0x0801223e   0x0801223e   0x00000002   PAD
    0x08012240   0x08012240   0x00000010   Code   RO          228    i.feedWdt           app_port.o
    0x08012250   0x08012250   0x00000054   Code   RO         6255    i.free              mc_p.l(malloc.o)
    0x080122a4   0x080122a4   0x00000050   Code   RO         1402    i.getBatVoltage     app_task.o
    0x080122f4   0x080122f4   0x0000005c   Code   RO         1665    i.getBatteryLevel   app_serverprotocol.o
    0x08012350   0x08012350   0x0000001a   Code   RO          439    i.getCharIndex      app_sys.o
    0x0801236a   0x0801236a   0x00000028   Code   RO          440    i.getCharIndexWithNum  app_sys.o
    0x08012392   0x08012392   0x00000046   Code   RO          229    i.getCurrentDateTimeOfSec  app_port.o
    0x080123d8   0x080123d8   0x00000008   Code   RO         1837    i.getCurrentGPSInfo  app_gps.o
    0x080123e0   0x080123e0   0x00000008   Code   RO         1838    i.getGSPfifo        app_gps.o
    0x080123e8   0x080123e8   0x00000008   Code   RO         1839    i.getLastFixedGPSInfo  app_gps.o
    0x080123f0   0x080123f0   0x00000008   Code   RO         1008    i.getModuleICCID    app_net.o
    0x080123f8   0x080123f8   0x00000008   Code   RO         1009    i.getModuleIMEI     app_net.o
    0x08012400   0x08012400   0x00000008   Code   RO         1010    i.getModuleIMSI     app_net.o
    0x08012408   0x08012408   0x0000000c   Code   RO         1011    i.getModuleRssi     app_net.o
    0x08012414   0x08012414   0x00000058   Code   RO          230    i.getRtcDateTime    app_port.o
    0x0801246c   0x0801246c   0x00000010   Code   RO          441    i.getTerminalAccState  app_sys.o
    0x0801247c   0x0801247c   0x00000010   Code   RO          442    i.getTerminalChargeState  app_sys.o
    0x0801248c   0x0801248c   0x00000038   Code   RO          231    i.getVoltageAdcValue  app_port.o
    0x080124c4   0x080124c4   0x0000000c   Code   RO         1403    i.gpsChangeFsmState  app_task.o
    0x080124d0   0x080124d0   0x00000028   Code   RO         1840    i.gpsClearCurrentGPSInfo  app_gps.o
    0x080124f8   0x080124f8   0x00000048   Code   RO         1841    i.gpsFilter         app_gps.o
    0x08012540   0x08012540   0x00000014   Code   RO         1913    i.gpsIsRun          app_gpsrestore.o
    0x08012554   0x08012554   0x0000005c   Code   RO         1404    i.gpsLedTask        app_task.o
    0x080125b0   0x080125b0   0x0000000c   Code   RO         1914    i.gpsNoRestoreFileToRead  app_gpsrestore.o
    0x080125bc   0x080125bc   0x0000005c   Code   RO         1405    i.gpsOutputCheckTask  app_task.o
    0x08012618   0x08012618   0x00000044   Code   RO         1406    i.gpsRequestClear   app_task.o
    0x0801265c   0x0801265c   0x00000054   Code   RO         1407    i.gpsRequestClose   app_task.o
    0x080126b0   0x080126b0   0x00000010   Code   RO         1408    i.gpsRequestGet     app_task.o
    0x080126c0   0x080126c0   0x000000a0   Code   RO         1409    i.gpsRequestOpen    app_task.o
    0x08012760   0x08012760   0x00000040   Code   RO         1410    i.gpsRequestSet     app_task.o
    0x080127a0   0x080127a0   0x000000a8   Code   RO         1411    i.gpsRequestTask    app_task.o
    0x08012848   0x08012848   0x000000f8   Code   RO         1666    i.gpsRestoreDataSend  app_serverprotocol.o
    0x08012940   0x08012940   0x0000006c   Code   RO         1917    i.gpsRestoreWriteData  app_gpsrestore.o
    0x080129ac   0x080129ac   0x00000010   Code   RO         1412    i.gpsStartBD        app_task.o
    0x080129bc   0x080129bc   0x00000028   Code   RO         1918    i.gpsUpdateRestoreFileNameAndTotalSize  app_gpsrestore.o
    0x080129e4   0x080129e4   0x00000090   Code   RO         2568    i.gpsUploadPointToServer  app_gpsarithmetic.o
    0x08012a74   0x08012a74   0x00000078   Code   RO         1413    i.gpsUplodOnePointTask  app_task.o
    0x08012aec   0x08012aec   0x0000008c   Code   RO          232    i.gsensorConfig     app_port.o
    0x08012b78   0x08012b78   0x00000010   Code   RO          233    i.gsensorInterrupt  app_port.o
    0x08012b88   0x08012b88   0x000000c4   Code   RO         1414    i.gsensorIntervalCheck  app_task.o
    0x08012c4c   0x08012c4c   0x00000178   Code   RO         1415    i.gsensorTapTask    app_task.o
    0x08012dc4   0x08012dc4   0x00000088   Code   RO         1416    i.hearbeatRequest   app_task.o
    0x08012e4c   0x08012e4c   0x00000050   Code   RO         2569    i.initLastPoint     app_gpsarithmetic.o
    0x08012e9c   0x08012e9c   0x00000050   Code   RO         2063    i.instructionParase  app_atcmd.o
    0x08012eec   0x08012eec   0x0000000c   Code   RO         1012    i.isModulePowerOn   app_net.o
    0x08012ef8   0x08012ef8   0x00000014   Code   RO         1013    i.isModuleRunNormal  app_net.o
    0x08012f0c   0x08012f0c   0x00000020   Code   RO         1667    i.isProtocolReday   app_serverprotocol.o
    0x08012f2c   0x08012f2c   0x000000b0   Code   RO            6    i.kernalRun         app_kernal.o
    0x08012fdc   0x08012fdc   0x000000a8   Code   RO         1966    i.latitude_to_double  app_nmea.o
    0x08013084   0x08013084   0x00000058   Code   RO         1417    i.lbsUploadRequestTask  app_task.o
    0x080130dc   0x080130dc   0x00000088   Code   RO          234    i.ldrInterrupt      app_port.o
    0x08013164   0x08013164   0x0000000c   Code   RO         1418    i.ledRunTask        app_task.o
    0x08013170   0x08013170   0x00000018   Code   RO         1419    i.ledSetPeriod      app_task.o
    0x08013188   0x08013188   0x000000a8   Code   RO         1967    i.longitude_to_double  app_nmea.o
    0x08013230   0x08013230   0x0000001c   Code   RO          235    i.lowPowerConfig    app_port.o
    0x0801324c   0x0801324c   0x0000002a   Code   RO         2747    i.main              main.o
    0x08013276   0x08013276   0x00000002   PAD
    0x08013278   0x08013278   0x0000006c   Code   RO         6256    i.malloc            mc_p.l(malloc.o)
    0x080132e4   0x080132e4   0x00000114   Code   RO         2614    i.mir3da_init       app_mir3da.o
    0x080133f8   0x080133f8   0x00000026   Code   RO         2615    i.mir3da_open_interrupt  app_mir3da.o
    0x0801341e   0x0801341e   0x00000002   PAD
    0x08013420   0x08013420   0x00000028   Code   RO         2617    i.mir3da_register_read  app_mir3da.o
    0x08013448   0x08013448   0x00000030   Code   RO         2618    i.mir3da_register_write  app_mir3da.o
    0x08013478   0x08013478   0x00000014   Code   RO         2619    i.mir3da_set_enable  app_mir3da.o
    0x0801348c   0x0801348c   0x00000094   Code   RO         1420    i.modeShutDownQuickly  app_task.o
    0x08013520   0x08013520   0x0000001c   Code   RO         1014    i.moduleInfoInit    app_net.o
    0x0801353c   0x0801353c   0x000000c4   Code   RO          236    i.modulePinConfig   app_port.o
    0x08013600   0x08013600   0x00000054   Code   RO         1015    i.modulePowerOff    app_net.o
    0x08013654   0x08013654   0x00000060   Code   RO         1016    i.modulePowerOn     app_net.o
    0x080136b4   0x080136b4   0x00000064   Code   RO         1017    i.moduleReset       app_net.o
    0x08013718   0x08013718   0x00000040   Code   RO         1018    i.moduleResetProcessA  app_net.o
    0x08013758   0x08013758   0x00000238   Code   RO         1019    i.moduleResponParaser  app_net.o
    0x08013990   0x08013990   0x0000001c   Code   RO          237    i.moduleRiSignal    app_port.o
    0x080139ac   0x080139ac   0x00000054   Code   RO          638    i.myAppConfig       app_user.o
    0x08013a00   0x08013a00   0x00000010   Code   RO          639    i.myAppRun          app_user.o
    0x08013a10   0x08013a10   0x00000058   Code   RO          443    i.my_getstrindex    app_sys.o
    0x08013a68   0x08013a68   0x0000002e   Code   RO          444    i.my_strpach        app_sys.o
    0x08013a96   0x08013a96   0x00000036   Code   RO          445    i.my_strstr         app_sys.o
    0x08013acc   0x08013acc   0x0000003a   Code   RO         2064    i.mycmdPatch        app_atcmd.o
    0x08013b06   0x08013b06   0x00000002   PAD
    0x08013b08   0x08013b08   0x00000018   Code   RO         1020    i.n58ATA            app_net.o
    0x08013b20   0x08013b20   0x00000048   Code   RO         1021    i.n58AutoATA        app_net.o
    0x08013b68   0x08013b68   0x00000080   Code   RO         1022    i.n58CCIDParase     app_net.o
    0x08013be8   0x08013be8   0x00000054   Code   RO         1023    i.n58CGSNParase     app_net.o
    0x08013c3c   0x08013c3c   0x000000e0   Code   RO         1024    i.n58CIMIParase     app_net.o
    0x08013d1c   0x08013d1c   0x000000d8   Code   RO         1025    i.n58CMGRparse      app_net.o
    0x08013df4   0x08013df4   0x00000084   Code   RO         1026    i.n58CMTIparase     app_net.o
    0x08013e78   0x08013e78   0x000000a4   Code   RO         1027    i.n58CREGparase     app_net.o
    0x08013f1c   0x08013f1c   0x00000088   Code   RO         1028    i.n58CSQparase      app_net.o
    0x08013fa4   0x08013fa4   0x00000190   Code   RO         1029    i.n58FSLISTparase   app_net.o
    0x08014134   0x08014134   0x0000014c   Code   RO         1030    i.n58FswrParase     app_net.o
    0x08014280   0x08014280   0x00000060   Code   RO         1031    i.n58GmrParser      app_net.o
    0x080142e0   0x080142e0   0x0000002c   Code   RO         1032    i.n58MygpsposParaser  app_net.o
    0x0801430c   0x0801430c   0x00000080   Code   RO         1033    i.n58MygpsstateParase  app_net.o
    0x0801438c   0x0801438c   0x000000e8   Code   RO         1034    i.n58MylacidParse   app_net.o
    0x08014474   0x08014474   0x00000060   Code   RO         1035    i.n58NwblecconParser  app_net.o
    0x080144d4   0x080144d4   0x00000080   Code   RO         1036    i.n58NwbleroleParser  app_net.o
    0x08014554   0x08014554   0x0000007c   Code   RO         1037    i.n58NwbtblepwrParser  app_net.o
    0x080145d0   0x080145d0   0x0000007c   Code   RO         1038    i.n58NwurcblestatParser  app_net.o
    0x0801464c   0x0801464c   0x000000c0   Code   RO         1039    i.n58TCPRecvparase  app_net.o
    0x0801470c   0x0801470c   0x00000090   Code   RO         1040    i.n58TCPcloseparase  app_net.o
    0x0801479c   0x0801479c   0x00000178   Code   RO         1041    i.n58TCPsetupparase  app_net.o
    0x08014914   0x08014914   0x00000088   Code   RO         1042    i.n58TcpsendParase  app_net.o
    0x0801499c   0x0801499c   0x000000d0   Code   RO         1043    i.n58WIFISCANParse  app_net.o
    0x08014a6c   0x08014a6c   0x0000004c   Code   RO         1044    i.n58cgattparase    app_net.o
    0x08014ab8   0x08014ab8   0x0000001c   Code   RO         1045    i.n58cgdcontparase  app_net.o
    0x08014ad4   0x08014ad4   0x0000003c   Code   RO         1046    i.n58mysysteminfoparase  app_net.o
    0x08014b10   0x08014b10   0x0000001c   Code   RO         1049    i.n58xgauthparase   app_net.o
    0x08014b2c   0x08014b2c   0x0000001c   Code   RO         1050    i.n58xiicparase     app_net.o
    0x08014b48   0x08014b48   0x000000a4   Code   RO         1051    i.n58xiicqueryparase  app_net.o
    0x08014bec   0x08014bec   0x00000010   Code   RO         1669    i.netConnectReset   app_serverprotocol.o
    0x08014bfc   0x08014bfc   0x0000003c   Code   RO         1053    i.netExitStopMode   app_net.o
    0x08014c38   0x08014c38   0x0000004c   Code   RO         1421    i.netModuleShutdown  app_task.o
    0x08014c84   0x08014c84   0x0000008c   Code   RO         1422    i.netModuleStartup  app_task.o
    0x08014d10   0x08014d10   0x00000014   Code   RO         1054    i.netWorkModuleRunOk  app_net.o
    0x08014d24   0x08014d24   0x00000050   Code   RO         1968    i.nmeaParse         app_nmea.o
    0x08014d74   0x08014d74   0x0000001c   Code   RO         1056    i.openModuleGPS     app_net.o
    0x08014d90   0x08014d90   0x00000060   Code   RO         1057    i.outPutNodeCmd     app_net.o
    0x08014df0   0x08014df0   0x00000084   Code   RO         1670    i.packIMEI          app_serverprotocol.o
    0x08014e74   0x08014e74   0x00000178   Code   RO          684    i.paramDefaultInit  app_param.o
    0x08014fec   0x08014fec   0x00000020   Code   RO          685    i.paramGetAdcCal    app_param.o
    0x0801500c   0x0801500c   0x0000001c   Code   RO          686    i.paramGetApnName   app_param.o
    0x08015028   0x08015028   0x0000001c   Code   RO          687    i.paramGetApnPswd   app_param.o
    0x08015044   0x08015044   0x0000001c   Code   RO          688    i.paramGetApnUser   app_param.o
    0x08015060   0x08015060   0x00000020   Code   RO          689    i.paramGetBleMac    app_param.o
    0x08015080   0x08015080   0x0000000c   Code   RO          690    i.paramGetCM        app_param.o
    0x0801508c   0x0801508c   0x0000001c   Code   RO          691    i.paramGetCodeVersion  app_param.o
    0x080150a8   0x080150a8   0x0000000c   Code   RO          692    i.paramGetGPSUploadInterval  app_param.o
    0x080150b4   0x080150b4   0x0000000c   Code   RO          693    i.paramGetHeartbeatInterval  app_param.o
    0x080150c0   0x080150c0   0x0000000c   Code   RO          694    i.paramGetLoww      app_param.o
    0x080150cc   0x080150cc   0x00000014   Code   RO          695    i.paramGetMode2cnt  app_param.o
    0x080150e0   0x080150e0   0x0000002c   Code   RO          696    i.paramGetServer    app_param.o
    0x0801510c   0x0801510c   0x00000020   Code   RO          697    i.paramGetSnNumber  app_param.o
    0x0801512c   0x0801512c   0x00000028   Code   RO          698    i.paramGetUPSServer  app_param.o
    0x08015154   0x08015154   0x000001ac   Code   RO          700    i.paramInit         app_param.o
    0x08015300   0x08015300   0x00000018   Code   RO          701    i.paramSaveACCCTLGNSS  app_param.o
    0x08015318   0x08015318   0x00000020   Code   RO          702    i.paramSaveAdcCal   app_param.o
    0x08015338   0x08015338   0x00000028   Code   RO          703    i.paramSaveAlarmTime  app_param.o
    0x08015360   0x08015360   0x0000003c   Code   RO          704    i.paramSaveApnName  app_param.o
    0x0801539c   0x0801539c   0x0000003c   Code   RO          705    i.paramSaveApnPswd  app_param.o
    0x080153d8   0x080153d8   0x0000003c   Code   RO          706    i.paramSaveApnUser  app_param.o
    0x08015414   0x08015414   0x00000018   Code   RO          707    i.paramSaveAutoAnswer  app_param.o
    0x0801542c   0x0801542c   0x00000018   Code   RO          708    i.paramSaveBF       app_param.o
    0x08015444   0x08015444   0x0000003e   Code   RO          709    i.paramSaveBleMac   app_param.o
    0x08015482   0x08015482   0x0000000e   Code   RO          710    i.paramSaveCM       app_param.o
    0x08015490   0x08015490   0x00000026   Code   RO          711    i.paramSaveCodeVersion  app_param.o
    0x080154b6   0x080154b6   0x00000002   PAD
    0x080154b8   0x080154b8   0x00000018   Code   RO          712    i.paramSaveFence    app_param.o
    0x080154d0   0x080154d0   0x00000010   Code   RO          713    i.paramSaveGPSUploadInterval  app_param.o
    0x080154e0   0x080154e0   0x00000014   Code   RO          714    i.paramSaveHardFault  app_param.o
    0x080154f4   0x080154f4   0x00000010   Code   RO          715    i.paramSaveHeartbeatInterval  app_param.o
    0x08015504   0x08015504   0x00000018   Code   RO          716    i.paramSaveInterval  app_param.o
    0x0801551c   0x0801551c   0x00000018   Code   RO          717    i.paramSaveLedCtl   app_param.o
    0x08015534   0x08015534   0x00000018   Code   RO          718    i.paramSaveLightAlarmMode  app_param.o
    0x0801554c   0x0801554c   0x0000000e   Code   RO          719    i.paramSaveLoww     app_param.o
    0x0801555a   0x0801555a   0x00000002   PAD
    0x0801555c   0x0801555c   0x00000014   Code   RO          720    i.paramSaveMallocFault  app_param.o
    0x08015570   0x08015570   0x00000018   Code   RO          721    i.paramSaveMode     app_param.o
    0x08015588   0x08015588   0x00000018   Code   RO          722    i.paramSaveMode1GapDay  app_param.o
    0x080155a0   0x080155a0   0x00000018   Code   RO          723    i.paramSaveMode1Timer  app_param.o
    0x080155b8   0x080155b8   0x00000018   Code   RO          724    i.paramSaveMode2cnt  app_param.o
    0x080155d0   0x080155d0   0x00000018   Code   RO          725    i.paramSaveNoNetWakeUpMinutes  app_param.o
    0x080155e8   0x080155e8   0x00000018   Code   RO          726    i.paramSavePdop     app_param.o
    0x08015600   0x08015600   0x00000018   Code   RO          727    i.paramSavePoitype  app_param.o
    0x08015618   0x08015618   0x0000004a   Code   RO          728    i.paramSaveServer   app_param.o
    0x08015662   0x08015662   0x0000000e   Code   RO          730    i.paramSaveSmsreply  app_param.o
    0x08015670   0x08015670   0x0000001e   Code   RO          731    i.paramSaveSnNumber  app_param.o
    0x0801568e   0x0801568e   0x00000002   PAD
    0x08015690   0x08015690   0x00000018   Code   RO          732    i.paramSaveTurnalg  app_param.o
    0x080156a8   0x080156a8   0x00000046   Code   RO          733    i.paramSaveUPSServer  app_param.o
    0x080156ee   0x080156ee   0x00000002   PAD
    0x080156f0   0x080156f0   0x00000018   Code   RO          734    i.paramSaveUTC      app_param.o
    0x08015708   0x08015708   0x00000014   Code   RO          735    i.paramSaveUpdateStatus  app_param.o
    0x0801571c   0x0801571c   0x00000134   Code   RO          446    i.paraseInstructionToItem  app_sys.o
    0x08015850   0x08015850   0x00000138   Code   RO         1969    i.parseGPS          app_nmea.o
    0x08015988   0x08015988   0x0000001c   Code   RO         1970    i.parse_GGA         app_nmea.o
    0x080159a4   0x080159a4   0x0000003c   Code   RO         1971    i.parse_GSA         app_nmea.o
    0x080159e0   0x080159e0   0x000001c4   Code   RO         1972    i.parse_GSV         app_nmea.o
    0x08015ba4   0x08015ba4   0x00000158   Code   RO         1973    i.parse_RMC         app_nmea.o
    0x08015cfc   0x08015cfc   0x00000020   Code   RO          238    i.pollUartData      app_port.o
    0x08015d1c   0x08015d1c   0x000009fc   Code   RO         5943    i.pow               m_ps.l(pow.o)
    0x08016718   0x08016718   0x00000044   Code   RO         1671    i.protocolFsmStateChange  app_serverprotocol.o
    0x0801675c   0x0801675c   0x000001d0   Code   RO         1672    i.protocolGPSpack   app_serverprotocol.o
    0x0801692c   0x0801692c   0x0000010c   Code   RO         1674    i.protocolRxParase  app_serverprotocol.o
    0x08016a38   0x08016a38   0x0000000a   Code   RO         1058    i.reConnectServer   app_net.o
    0x08016a42   0x08016a42   0x00000002   PAD
    0x08016a44   0x08016a44   0x0000001c   Code   RO         1675    i.reCover123InstructionId  app_serverprotocol.o
    0x08016a60   0x08016a60   0x00000048   Code   RO         2620    i.readInterruptConfig  app_mir3da.o
    0x08016aa8   0x08016aa8   0x000000b0   Code   RO         2621    i.read_gsensor_id   app_mir3da.o
    0x08016b58   0x08016b58   0x0000000c   Code   RO         2392    i.recCycleStart     app_rec.o
    0x08016b64   0x08016b64   0x00000018   Code   RO         2393    i.recCycleStop      app_rec.o
    0x08016b7c   0x08016b7c   0x00000074   Code   RO         2394    i.recCycleTask      app_rec.o
    0x08016bf0   0x08016bf0   0x00000008   Code   RO         2395    i.recGetRecStruct   app_rec.o
    0x08016bf8   0x08016bf8   0x00000014   Code   RO         2396    i.recIsRun          app_rec.o
    0x08016c0c   0x08016c0c   0x00000028   Code   RO         2397    i.recNoFileToread   app_rec.o
    0x08016c34   0x08016c34   0x0000000c   Code   RO         2398    i.recReadFileOk     app_rec.o
    0x08016c40   0x08016c40   0x000000bc   Code   RO         2399    i.recRecordUploadTask  app_rec.o
    0x08016cfc   0x08016cfc   0x000000a4   Code   RO         2400    i.recStart          app_rec.o
    0x08016da0   0x08016da0   0x00000038   Code   RO         2401    i.recStop           app_rec.o
    0x08016dd8   0x08016dd8   0x00000014   Code   RO         2402    i.recStopAndUpload  app_rec.o
    0x08016dec   0x08016dec   0x00000014   Code   RO         2403    i.recUpdateFileName  app_rec.o
    0x08016e00   0x08016e00   0x0000004c   Code   RO         2404    i.recUpdateFileSize  app_rec.o
    0x08016e4c   0x08016e4c   0x0000000a   Code   RO         1423    i.repairGsensor     app_task.o
    0x08016e56   0x08016e56   0x00000002   PAD
    0x08016e58   0x08016e58   0x0000000c   Code   RO         2405    i.resIsCycleRuning  app_rec.o
    0x08016e64   0x08016e64   0x0000001c   Code   RO         1676    i.save123InstructionId  app_serverprotocol.o
    0x08016e80   0x08016e80   0x0000002c   Code   RO         1059    i.sendDataToServer  app_net.o
    0x08016eac   0x08016eac   0x0000004c   Code   RO         1060    i.sendMessage       app_net.o
    0x08016ef8   0x08016ef8   0x000000f8   Code   RO         2203    i.sendMessageWithDifMode  app_instructioncmd.o
    0x08016ff0   0x08016ff0   0x000000d0   Code   RO         1061    i.sendModuleCmd     app_net.o
    0x080170c0   0x080170c0   0x00000120   Code   RO         1677    i.sendProtocolToServer  app_serverprotocol.o
    0x080171e0   0x080171e0   0x00000140   Code   RO          239    i.setNextAlarmTime  app_port.o
    0x08017320   0x08017320   0x000000d8   Code   RO          240    i.setNextWakeUpTime  app_port.o
    0x080173f8   0x080173f8   0x000000b8   Code   RO         2498    i.setkey            app_sn.o
    0x080174b0   0x080174b0   0x000001ec   Code   RO         1974    i.showgpsinfo       app_nmea.o
    0x0801769c   0x0801769c   0x00000084   Code   RO         1424    i.signalLedTask     app_task.o
    0x08017720   0x08017720   0x0000009c   Code   RO         5953    i.sin               m_ps.l(sin.o)
    0x080177bc   0x080177bc   0x00000048   Code   RO         5961    i.sqrt              m_ps.l(sqrt.o)
    0x08017804   0x08017804   0x00000070   Code   RO            7    i.startTimer        app_kernal.o
    0x08017874   0x08017874   0x00000068   Code   RO            8    i.stopTimer         app_kernal.o
    0x080178dc   0x080178dc   0x00000050   Code   RO         1425    i.systemModeRunStart  app_task.o
    0x0801792c   0x0801792c   0x0000021c   Code   RO         1426    i.systemModeRunTask  app_task.o
    0x08017b48   0x08017b48   0x00000010   Code   RO         1427    i.systemRequestClear  app_task.o
    0x08017b58   0x08017b58   0x00000010   Code   RO         1428    i.systemRequestSet  app_task.o
    0x08017b68   0x08017b68   0x00000170   Code   RO         1429    i.systemRequestTask  app_task.o
    0x08017cd8   0x08017cd8   0x00000090   Code   RO         1430    i.systemShutDown    app_task.o
    0x08017d68   0x08017d68   0x00000050   Code   RO           10    i.systemTaskResume  app_kernal.o
    0x08017db8   0x08017db8   0x00000050   Code   RO           11    i.systemTaskSuspend  app_kernal.o
    0x08017e08   0x08017e08   0x00000040   Code   RO         1431    i.taskRunInOneSecond  app_task.o
    0x08017e48   0x08017e48   0x00000010   Code   RO          447    i.terminalAccoff    app_sys.o
    0x08017e58   0x08017e58   0x00000010   Code   RO          448    i.terminalAccon     app_sys.o
    0x08017e68   0x08017e68   0x00000014   Code   RO          449    i.terminalAlarmSet  app_sys.o
    0x08017e7c   0x08017e7c   0x00000010   Code   RO          450    i.terminalCharge    app_sys.o
    0x08017e8c   0x08017e8c   0x00000010   Code   RO          453    i.terminalGPSFixed  app_sys.o
    0x08017e9c   0x08017e9c   0x00000010   Code   RO          454    i.terminalGPSUnFixed  app_sys.o
    0x08017eac   0x08017eac   0x00000010   Code   RO          455    i.terminalunCharge  app_sys.o
    0x08017ebc   0x08017ebc   0x0000008c   Code   RO          241    i.updateAlarmA      app_port.o
    0x08017f48   0x08017f48   0x0000006c   Code   RO         1842    i.updateLocalRTCTime  app_gps.o
    0x08017fb4   0x08017fb4   0x000000b8   Code   RO          242    i.updateRTCdatetime  app_port.o
    0x0801806c   0x0801806c   0x00000010   Code   RO          456    i.updateRTCtimeRequest  app_sys.o
    0x0801807c   0x0801807c   0x00000070   Code   RO         1432    i.updateSystemLedStatus  app_task.o
    0x080180ec   0x080180ec   0x0000000c   Code   RO          457    i.updateSystemStartTime  app_sys.o
    0x080180f8   0x080180f8   0x000000b4   Code   RO         1433    i.uploadRequestInMode4  app_task.o
    0x080181ac   0x080181ac   0x00000094   Code   RO          243    i.usartGetDataFromDma  app_port.o
    0x08018240   0x08018240   0x0000035c   Code   RO         1434    i.voltageCheckTask  app_task.o
    0x0801859c   0x0801859c   0x00000124   Code   RO         1435    i.wdtProcess        app_task.o
    0x080186c0   0x080186c0   0x00000016   Code   RO         1436    i.wifiScanStart     app_task.o
    0x080186d6   0x080186d6   0x00000002   PAD
    0x080186d8   0x080186d8   0x00000034   Code   RO         1437    i.wifiUploadRequestTask  app_task.o
    0x0801870c   0x0801870c   0x00000056   Code   RO         2499    i.ztvm_encrypt_des  app_sn.o
    0x08018762   0x08018762   0x00000058   Code   RO         2500    i.ztvm_encrypt_undes  app_sn.o
    0x080187ba   0x080187ba   0x00000028   Code   RO         2501    i.ztvm_encrypt_untrides  app_sn.o
    0x080187e2   0x080187e2   0x00000218   Data   RO          459    .constdata          app_sys.o
    0x080189fa   0x080189fa   0x00000498   Data   RO         1063    .constdata          app_net.o
    0x08018e92   0x08018e92   0x00000385   Data   RO         2065    .constdata          app_atcmd.o
    0x08019217   0x08019217   0x00000348   Data   RO         2503    .constdata          app_sn.o
    0x0801955f   0x0801955f   0x00000019   Data   RO         5883    .constdata          system_stm32l0xx.o
    0x08019578   0x08019578   0x00000008   Data   RO         5884    .constdata          system_stm32l0xx.o
    0x08019580   0x08019580   0x00000050   Data   RO         5922    .constdata          m_ps.l(asin.o)
    0x080195d0   0x080195d0   0x00000088   Data   RO         5944    .constdata          m_ps.l(pow.o)
    0x08019658   0x08019658   0x0000000c   Data   RO         5978    .constdata          mc_p.l(mktime.o)
    0x08019664   0x08019664   0x00000004   PAD
    0x08019668   0x08019668   0x00000030   Data   RO         6324    .constdata          m_ps.l(cos_i.o)
    0x08019698   0x08019698   0x00000008   Data   RO         6344    .constdata          m_ps.l(qnan.o)
    0x080196a0   0x080196a0   0x000000c8   Data   RO         6347    .constdata          m_ps.l(rred.o)
    0x08019768   0x08019768   0x00000028   Data   RO         6351    .constdata          m_ps.l(sin_i.o)
    0x08019790   0x08019790   0x00000081   Data   RO         6382    .constdata          mc_p.l(ctype_o.o)
    0x08019811   0x08019811   0x00000003   PAD
    0x08019814   0x08019814   0x00000004   Data   RO         6383    .constdata          mc_p.l(ctype_o.o)
    0x08019818   0x08019818   0x0000000c   Data   RO         6413    .constdata          mc_p.l(localtime_i.o)
    0x08019824   0x08019824   0x0000020d   Data   RO         2205    .conststring        app_instructioncmd.o
    0x08019a31   0x08019a31   0x00000003   PAD
    0x08019a34   0x08019a34   0x00000020   Data   RO         6464    Region$$Table       anon$$obj.o


    Execution Region RW_IRAM1 (Exec base: 0x20000000, Load base: 0x08019a54, Size: 0x00003c90, Max: 0x00005000, ABSOLUTE)

    Exec Addr    Load Addr    Size         Type   Attr      Idx    E Section Name        Object

    0x20000000   0x08019a54   0x00000004   Data   RW           14    .data               app_kernal.o
    0x20000004   0x08019a58   0x00000008   Data   RW          245    .data               app_port.o
    0x2000000c   0x08019a60   0x00000008   Data   RW         1064    .data               app_net.o
    0x20000014   0x08019a68   0x00000024   Data   RW         1439    .data               app_task.o
    0x20000038   0x08019a8c   0x0000000c   Data   RW         1679    .data               app_serverprotocol.o
    0x20000044   0x08019a98   0x00000001   Data   RW         1976    .data               app_nmea.o
    0x20000045   0x08019a99   0x00000001   Data   RW         2206    .data               app_instructioncmd.o
    0x20000046   0x08019a9a   0x00000012   Data   RW         2504    .data               app_sn.o
    0x20000058   0x08019aac   0x00000008   Data   RW         2571    .data               app_gpsarithmetic.o
    0x20000060   0x08019ab4   0x00000001   Data   RW         2622    .data               app_mir3da.o
    0x20000061   0x08019ab5   0x00000003   PAD
    0x20000064   0x08019ab8   0x0000000c   Data   RW         3391    .data               stm32l0xx_hal.o
    0x20000070   0x08019ac4   0x00000004   Data   RW         5885    .data               system_stm32l0xx.o
    0x20000074   0x08019ac8   0x00000004   Data   RW         6415    .data               mc_p.l(mvars.o)
    0x20000078   0x08019acc   0x00000004   Data   RW         6416    .data               mc_p.l(mvars.o)
    0x2000007c   0x08019ad0   0x00000004   Data   RW         6420    .data               mc_p.l(errno.o)
    0x20000080        -       0x00000010   Zero   RW           13    .bss                app_kernal.o
    0x20000090        -       0x00000bbc   Zero   RW          244    .bss                app_port.o
    0x20000c4c        -       0x0000017c   Zero   RW          458    .bss                app_sys.o
    0x20000dc8        -       0x00000142   Zero   RW          736    .bss                app_param.o
    0x20000f0a   0x08019ad4   0x00000002   PAD
    0x20000f0c        -       0x000000a1   Zero   RW         1062    .bss                app_net.o
    0x20000fad   0x08019ad4   0x00000003   PAD
    0x20000fb0        -       0x00000020   Zero   RW         1438    .bss                app_task.o
    0x20000fd0        -       0x00000020   Zero   RW         1678    .bss                app_serverprotocol.o
    0x20000ff0        -       0x00000438   Zero   RW         1843    .bss                app_gps.o
    0x20001428        -       0x0000003c   Zero   RW         1919    .bss                app_gpsrestore.o
    0x20001464   0x08019ad4   0x00000004   PAD
    0x20001468        -       0x00000070   Zero   RW         1975    .bss                app_nmea.o
    0x200014d8        -       0x0000001e   Zero   RW         2204    .bss                app_instructioncmd.o
    0x200014f6   0x08019ad4   0x00000002   PAD
    0x200014f8        -       0x00000044   Zero   RW         2406    .bss                app_rec.o
    0x2000153c        -       0x000003c0   Zero   RW         2502    .bss                app_sn.o
    0x200018fc   0x08019ad4   0x00000004   PAD
    0x20001900        -       0x00000020   Zero   RW         2570    .bss                app_gpsarithmetic.o
    0x20001920        -       0x00000017   Zero   RW         2690    .bss                app_ble.o
    0x20001937   0x08019ad4   0x00000001   PAD
    0x20001938        -       0x0000005c   Zero   RW         2806    .bss                adc.o
    0x20001994        -       0x0000004c   Zero   RW         2864    .bss                i2c.o
    0x200019e0        -       0x00000010   Zero   RW         2900    .bss                iwdg.o
    0x200019f0        -       0x00000264   Zero   RW         2930    .bss                usart.o
    0x20001c54        -       0x00000024   Zero   RW         2978    .bss                rtc.o
    0x20001c78        -       0x00000018   Zero   RW         4304    .bss                stm32l0xx_hal_flash.o
    0x20001c90        -       0x00001000   Zero   RW         5914    HEAP                startup_stm32l071xx.o
    0x20002c90        -       0x00001000   Zero   RW         5913    STACK               startup_stm32l071xx.o


==============================================================================

Image component sizes


      Code (inc. data)   RO Data    RW Data    ZI Data      Debug   Object Name

       192         20          0          0         92       1499   adc.o
      2982        962        901          0          0      12721   app_atcmd.o
       376         66          0          0         23       3768   app_ble.o
       404         52          0          0       1080       3936   app_gps.o
       964        176          0          8         32       4184   app_gpsarithmetic.o
       180         52          0          0         60       2537   app_gpsrestore.o
      9284       3688        525          1         30      27439   app_instructioncmd.o
       820        256          0          4         16     365601   app_kernal.o
       670        186          0          1          0       4522   app_mir3da.o
      6200       1540       1176          8        161      37892   app_net.o
      2252        308          0          1        112       9136   app_nmea.o
      2364        338          0          0        322      30776   app_param.o
      2772        758          0          8       3004      21473   app_port.o
       768        232          0          0         68       7001   app_rec.o
      3172        348          0         12         32      19547   app_serverprotocol.o
      1136         36        840         18        960       8303   app_sn.o
      1568        194        536          0        380      18849   app_sys.o
      6116       1776          0         36         32      23565   app_task.o
       134         24          0          0          0       6374   app_user.o
        56          4          0          0          0        674   dma.o
       268         30          0          0          0        899   gpio.o
       236         40          0          0         76       1933   i2c.o
        44         12          0          0         16        603   iwdg.o
       188         10          0          0          0       1780   main.o
       116         16          0          0         36       1315   rtc.o
        28          8        192          0       8192        576   startup_stm32l071xx.o
       204         36          0         12          0       9872   stm32l0xx_hal.o
      1274         36          0          0          0       8328   stm32l0xx_hal_adc.o
       170          0          0          0          0       1366   stm32l0xx_hal_adc_ex.o
       208         40          0          0          0      13182   stm32l0xx_hal_cortex.o
       712         22          0          0          0       5958   stm32l0xx_hal_dma.o
       256         16          0          0         24       4086   stm32l0xx_hal_flash.o
       156         26          0          0          0       2199   stm32l0xx_hal_flash_ex.o
       674         66          0          0          0       4212   stm32l0xx_hal_gpio.o
      1516         36          0          0          0      11703   stm32l0xx_hal_i2c.o
       146          0          0          0          0       1827   stm32l0xx_hal_i2c_ex.o
       116         20          0          0          0       1675   stm32l0xx_hal_iwdg.o
        24          4          0          0          0        406   stm32l0xx_hal_msp.o
       116         16          0          0          0       1211   stm32l0xx_hal_pwr.o
        32          8          0          0          0        989   stm32l0xx_hal_pwr_ex.o
      1718         90          0          0          0       5556   stm32l0xx_hal_rcc.o
       376         14          0          0          0       1392   stm32l0xx_hal_rcc_ex.o
      1744         42          0          0          0      10545   stm32l0xx_hal_rtc.o
       306         18          0          0          0       3100   stm32l0xx_hal_rtc_ex.o
      2566        100          0          0          0      15697   stm32l0xx_hal_uart.o
         2          0          0          0          0        948   stm32l0xx_hal_uart_ex.o
       178         36          0          0          0       5045   stm32l0xx_it.o
        88         22         33          4          0       1139   system_stm32l0xx.o
       696         78          0          0        612       3466   usart.o

    ----------------------------------------------------------------------
     56632      11858       4238        116      15376     730805   Object Totals
         0          0         32          0          0          0   (incl. Generated)
        64          0          3          3         16          0   (incl. Padding)

    ----------------------------------------------------------------------

      Code (inc. data)   RO Data    RW Data    ZI Data      Debug   Library Member Name

       628         54         80          0          0        104   asin.o
        42          0          0          0          0         76   atof.o
       152         10          0          0          0        104   cos.o
       244         20         48          0          0         92   cos_i.o
        94         14          0          0          0        408   dunder.o
        44          4          0          0          0         60   fpclassify.o
       172          0          0          0          0         76   poly.o
      2556        196        136          0          0        240   pow.o
         0          0          8          0          0          0   qnan.o
       924         86        200          0          0        120   rred.o
       156         10          0          0          0        104   sin.o
       236         14         40          0          0        100   sin_i.o
        72          6          0          0          0         76   sqrt.o
        30          0          0          0          0         60   _chval.o
        68          0          0          0          0         76   _sgetc.o
       166          0          0          0          0         84   _strtoul.o
        26          0          0          0          0         72   atoi.o
        26          0          0          0          0         72   atol.o
         8          4        133          0          0         60   ctype_o.o
         0          0          0          0          0          0   entry.o
         0          0          0          0          0          0   entry10a.o
         0          0          0          0          0          0   entry11a.o
         4          0          0          0          0          0   entry12b.o
         8          4          0          0          0          0   entry2.o
         4          0          0          0          0          0   entry5.o
         0          0          0          0          0          0   entry7b.o
         0          0          0          0          0          0   entry8b.o
         8          4          0          0          0          0   entry9a.o
        32         16          0          4          0        180   errno.o
        30          0          0          0          0          0   handlers.o
        40          0          0          0          0         72   idiv.o
        36          8          0          0          0         68   init.o
        18          0          0          0          0         68   isspace_o.o
         0          0          0          0          0          0   iusefp.o
       122          0          0          0          0         84   llmul.o
        32          0          0          0          0         68   llshl.o
        38          0          0          0          0         68   llsshr.o
        34          0          0          0          0         68   llushr.o
       116         12         12          0          0         72   localtime_i.o
       192         20          0          0          0        144   malloc.o
        36          0          0          0          0         60   memcpya.o
        36          0          0          0          0        100   memseta.o
       140         16         12          0          0         72   mktime.o
         0          0          0          8          0          0   mvars.o
      2310        100          0          0          0        544   printfa.o
       898         12          0          0          0        184   scanf_fp.o
        18          0          0          0          0         60   strcpy.o
        14          0          0          0          0         60   strlen.o
        26          0          0          0          0         68   strncpy.o
        40          0          0          0          0         72   strstr.o
       164         16          0          0          0        120   strtod.o
       112          4          0          0          0         76   strtol.o
       118          0          0          0          0         84   strtoul.o
        44          0          0          0          0         72   uidiv.o
        96          0          0          0          0         84   uldiv.o
        40          2          0          0          0         68   cdcmple.o
        40          2          0          0          0         68   cdrcmple.o
        20          0          0          0          0         68   cfcmple.o
        56          0          0          0          0         68   d2f.o
       360          6          0          0          0        140   dadd.o
       240          6          0          0          0         84   ddiv.o
       236          0          0          0          0        216   depilogue.o
        72         10          0          0          0         72   dfixi.o
        60         10          0          0          0         68   dfixui.o
        64         10          0          0          0         68   dfixul.o
        40          6          0          0          0         68   dflti.o
        28          4          0          0          0         68   dfltui.o
        28          6          0          0          0         68   dfltul.o
       208          6          0          0          0         88   dmul.o
        44          0          0          0          0         72   dscalb.o
       162          0          0          0          0         80   dsqrt.o
        40          0          0          0          0         60   f2d.o
       178          0          0          0          0        108   fadd.o
       124          0          0          0          0         72   fdiv.o
       130          0          0          0          0        144   fepilogue.o
        40          0          0          0          0         60   ffixui.o
        14          0          0          0          0         68   ffltui.o
       122          0          0          0          0         72   fmul.o

    ----------------------------------------------------------------------
     12778        698        676         12          0       6480   Library Totals
        22          0          7          0          0          0   (incl. Padding)

    ----------------------------------------------------------------------

      Code (inc. data)   RO Data    RW Data    ZI Data      Debug   Library Name

      5320        414        512          0          0       1560   m_ps.l
      5090        216        157         12          0       2972   mc_p.l
      2346         68          0          0          0       1948   mf_p.l

    ----------------------------------------------------------------------
     12778        698        676         12          0       6480   Library Totals

    ----------------------------------------------------------------------

==============================================================================


      Code (inc. data)   RO Data    RW Data    ZI Data      Debug   

     69410      12556       4914        128      15376     712465   Grand Totals
     69410      12556       4914        128      15376     712465   ELF Image Totals
     69410      12556       4914        128          0          0   ROM Totals

==============================================================================

    Total RO  Size (Code + RO Data)                74324 (  72.58kB)
    Total RW  Size (RW Data + ZI Data)             15504 (  15.14kB)
    Total ROM Size (Code + RO Data + RW Data)      74452 (  72.71kB)

==============================================================================

