Component: ARM Compiler 5.06 update 6 (build 750) Tool: armlink [4d35ed]

==============================================================================

Image Symbol Table

    Local Symbols

    Symbol Name                              Value     Ov Type        Size  Object(Section)

    ../Drivers/STM32L0xx_HAL_Driver/Src/stm32l0xx_hal.c 0x00000000   Number         0  stm32l0xx_hal.o ABSOLUTE
    ../Drivers/STM32L0xx_HAL_Driver/Src/stm32l0xx_hal_adc.c 0x00000000   Number         0  stm32l0xx_hal_adc.o ABSOLUTE
    ../Drivers/STM32L0xx_HAL_Driver/Src/stm32l0xx_hal_adc_ex.c 0x00000000   Number         0  stm32l0xx_hal_adc_ex.o ABSOLUTE
    ../Drivers/STM32L0xx_HAL_Driver/Src/stm32l0xx_hal_cortex.c 0x00000000   Number         0  stm32l0xx_hal_cortex.o ABSOLUTE
    ../Drivers/STM32L0xx_HAL_Driver/Src/stm32l0xx_hal_dma.c 0x00000000   Number         0  stm32l0xx_hal_dma.o ABSOLUTE
    ../Drivers/STM32L0xx_HAL_Driver/Src/stm32l0xx_hal_exti.c 0x00000000   Number         0  stm32l0xx_hal_exti.o ABSOLUTE
    ../Drivers/STM32L0xx_HAL_Driver/Src/stm32l0xx_hal_flash.c 0x00000000   Number         0  stm32l0xx_hal_flash.o ABSOLUTE
    ../Drivers/STM32L0xx_HAL_Driver/Src/stm32l0xx_hal_flash_ex.c 0x00000000   Number         0  stm32l0xx_hal_flash_ex.o ABSOLUTE
    ../Drivers/STM32L0xx_HAL_Driver/Src/stm32l0xx_hal_flash_ramfunc.c 0x00000000   Number         0  stm32l0xx_hal_flash_ramfunc.o ABSOLUTE
    ../Drivers/STM32L0xx_HAL_Driver/Src/stm32l0xx_hal_gpio.c 0x00000000   Number         0  stm32l0xx_hal_gpio.o ABSOLUTE
    ../Drivers/STM32L0xx_HAL_Driver/Src/stm32l0xx_hal_i2c.c 0x00000000   Number         0  stm32l0xx_hal_i2c.o ABSOLUTE
    ../Drivers/STM32L0xx_HAL_Driver/Src/stm32l0xx_hal_i2c_ex.c 0x00000000   Number         0  stm32l0xx_hal_i2c_ex.o ABSOLUTE
    ../Drivers/STM32L0xx_HAL_Driver/Src/stm32l0xx_hal_iwdg.c 0x00000000   Number         0  stm32l0xx_hal_iwdg.o ABSOLUTE
    ../Drivers/STM32L0xx_HAL_Driver/Src/stm32l0xx_hal_pwr.c 0x00000000   Number         0  stm32l0xx_hal_pwr.o ABSOLUTE
    ../Drivers/STM32L0xx_HAL_Driver/Src/stm32l0xx_hal_pwr_ex.c 0x00000000   Number         0  stm32l0xx_hal_pwr_ex.o ABSOLUTE
    ../Drivers/STM32L0xx_HAL_Driver/Src/stm32l0xx_hal_rcc.c 0x00000000   Number         0  stm32l0xx_hal_rcc.o ABSOLUTE
    ../Drivers/STM32L0xx_HAL_Driver/Src/stm32l0xx_hal_rcc_ex.c 0x00000000   Number         0  stm32l0xx_hal_rcc_ex.o ABSOLUTE
    ../Drivers/STM32L0xx_HAL_Driver/Src/stm32l0xx_hal_rtc.c 0x00000000   Number         0  stm32l0xx_hal_rtc.o ABSOLUTE
    ../Drivers/STM32L0xx_HAL_Driver/Src/stm32l0xx_hal_rtc_ex.c 0x00000000   Number         0  stm32l0xx_hal_rtc_ex.o ABSOLUTE
    ../Drivers/STM32L0xx_HAL_Driver/Src/stm32l0xx_hal_tim.c 0x00000000   Number         0  stm32l0xx_hal_tim.o ABSOLUTE
    ../Drivers/STM32L0xx_HAL_Driver/Src/stm32l0xx_hal_tim_ex.c 0x00000000   Number         0  stm32l0xx_hal_tim_ex.o ABSOLUTE
    ../Drivers/STM32L0xx_HAL_Driver/Src/stm32l0xx_hal_uart.c 0x00000000   Number         0  stm32l0xx_hal_uart.o ABSOLUTE
    ../Drivers/STM32L0xx_HAL_Driver/Src/stm32l0xx_hal_uart_ex.c 0x00000000   Number         0  stm32l0xx_hal_uart_ex.o ABSOLUTE
    ../Src/adc.c                             0x00000000   Number         0  adc.o ABSOLUTE
    ../Src/dma.c                             0x00000000   Number         0  dma.o ABSOLUTE
    ../Src/gpio.c                            0x00000000   Number         0  gpio.o ABSOLUTE
    ../Src/i2c.c                             0x00000000   Number         0  i2c.o ABSOLUTE
    ../Src/iwdg.c                            0x00000000   Number         0  iwdg.o ABSOLUTE
    ../Src/main.c                            0x00000000   Number         0  main.o ABSOLUTE
    ../Src/rtc.c                             0x00000000   Number         0  rtc.o ABSOLUTE
    ../Src/stm32l0xx_hal_msp.c               0x00000000   Number         0  stm32l0xx_hal_msp.o ABSOLUTE
    ../Src/stm32l0xx_it.c                    0x00000000   Number         0  stm32l0xx_it.o ABSOLUTE
    ../Src/system_stm32l0xx.c                0x00000000   Number         0  system_stm32l0xx.o ABSOLUTE
    ../Src/usart.c                           0x00000000   Number         0  usart.o ABSOLUTE
    ../clib/microlib/ctype/ctype.c           0x00000000   Number         0  isdigit_o.o ABSOLUTE
    ../clib/microlib/ctype/ctype.c           0x00000000   Number         0  isgraph_o.o ABSOLUTE
    ../clib/microlib/ctype/ctype.c           0x00000000   Number         0  islower_o.o ABSOLUTE
    ../clib/microlib/ctype/ctype.c           0x00000000   Number         0  isprint_o.o ABSOLUTE
    ../clib/microlib/ctype/ctype.c           0x00000000   Number         0  ispunct_o.o ABSOLUTE
    ../clib/microlib/ctype/ctype.c           0x00000000   Number         0  isspace_o.o ABSOLUTE
    ../clib/microlib/ctype/ctype.c           0x00000000   Number         0  isupper_o.o ABSOLUTE
    ../clib/microlib/ctype/ctype.c           0x00000000   Number         0  isxdigit_o.o ABSOLUTE
[...]
    terminalunCharge                         0x08019515   Thumb Code    12  app_sys.o(i.terminalunCharge)
    updateLocalRTCTime                       0x080195b1   Thumb Code    98  app_gps.o(i.updateLocalRTCTime)
    updateRTCtimeRequest                     0x0801961d   Thumb Code    12  app_sys.o(i.updateRTCtimeRequest)
    updateRange                              0x0801962d   Thumb Code    26  app_mir3da.o(i.updateRange)
    updateSystemLedStatus                    0x0801965d   Thumb Code   108  app_task.o(i.updateSystemLedStatus)
    updateSystemStartTime                    0x080196cd   Thumb Code     8  app_sys.o(i.updateSystemStartTime)
    uploadGpsRestoreData                     0x080196d9   Thumb Code    44  app_serverprotocol.o(i.uploadGpsRestoreData)
    uploadRequestInMode4                     0x0801970d   Thumb Code   138  app_task.o(i.uploadRequestInMode4)
    voltageCheckTask                         0x080197c5   Thumb Code   542  app_task.o(i.voltageCheckTask)
    wdtProcess                               0x08019b21   Thumb Code   142  app_task.o(i.wdtProcess)
    wifiUploadRequestTask                    0x08019c1d   Thumb Code    28  app_task.o(i.wifiUploadRequestTask)
    ztvm_encrypt_des                         0x08019c3d   Thumb Code    86  app_sn.o(i.ztvm_encrypt_des)
    ztvm_encrypt_undes                       0x08019c93   Thumb Code    88  app_sn.o(i.ztvm_encrypt_undes)
    ztvm_encrypt_untrides                    0x08019ceb   Thumb Code    40  app_sn.o(i.ztvm_encrypt_untrides)
    n58_cmd_table                            0x08019f20   Data         464  app_net.o(.constdata)
    atcmdtable                               0x0801a108   Data         152  app_atcmd.o(.constdata)
    instructiontable                         0x0801a1a0   Data         296  app_atcmd.o(.constdata)
    AHBPrescTable                            0x0801a632   Data          16  system_stm32l0xx.o(.constdata)
    PLLMulTable                              0x0801a642   Data           9  system_stm32l0xx.o(.constdata)
    APBPrescTable                            0x0801a64b   Data           8  system_stm32l0xx.o(.constdata)
    __mathlib_zero                           0x0801a770   Data           8  qnan.o(.constdata)
    __ctype_table                            0x0801a868   Data         129  ctype_o.o(.constdata)
    Region$$Table$$Base                      0x0801af68   Number         0  anon$$obj.o(Region$$Table)
    Region$$Table$$Limit                     0x0801af88   Number         0  anon$$obj.o(Region$$Table)
    ringTimerId                              0x20000004   Data           1  app_port.o(.data)
    i2c_addr                                 0x20000070   Data           1  app_mir3da.o(.data)
    uwTickFreq                               0x20000074   Data           1  stm32l0xx_hal.o(.data)
    uwTickPrio                               0x20000078   Data           4  stm32l0xx_hal.o(.data)
    uwTick                                   0x2000007c   Data           4  stm32l0xx_hal.o(.data)
    SystemCoreClock                          0x20000080   Data           4  system_stm32l0xx.o(.data)
    __microlib_freelist                      0x20000084   Data           4  mvars.o(.data)
    __microlib_freelist_initialised          0x20000088   Data           4  mvars.o(.data)
    usart1_ctl                               0x200000a0   Data          20  app_port.o(.bss)
    usart2_ctl                               0x200000b4   Data          20  app_port.o(.bss)
    usart3_ctl                               0x200000c8   Data          20  app_port.o(.bss)
    usart1rxbuf                              0x200000dc   Data         256  app_port.o(.bss)
    usart2rxbuf                              0x200001dc   Data        2048  app_port.o(.bss)
    usart3rxbuf                              0x200009dc   Data         128  app_port.o(.bss)
    sysinfo                                  0x20000a5c   Data         132  app_sys.o(.bss)
    sysparam                                 0x20000c08   Data         452  app_param.o(.bss)
    CODEVERSION                              0x20000dcc   Data          30  app_param.o(.bss)
    n58_invoke_status                        0x20000dec   Data          12  app_net.o(.bss)
    n58_lte_status                           0x20000df8   Data         149  app_net.o(.bss)
    netconnect                               0x200016b0   Data          16  app_serverprotocol.o(.bss)
    rf                                       0x20001c00   Data          68  app_rec.o(.bss)
    lastuploadgpsinfo                        0x20002008   Data          32  app_gpsarithmetic.o(.bss)
    ble_info                                 0x20002028   Data          23  app_ble.o(.bss)
    hadc                                     0x20002040   Data          92  adc.o(.bss)
    hiwdg                                    0x2000209c   Data          16  iwdg.o(.bss)
    hlpuart1                                 0x200020ac   Data         132  usart.o(.bss)
    huart1                                   0x20002130   Data         132  usart.o(.bss)
    huart2                                   0x200021b4   Data         132  usart.o(.bss)
    hdma_lpuart1_rx                          0x20002238   Data          72  usart.o(.bss)
    hdma_usart1_rx                           0x20002280   Data          72  usart.o(.bss)
    hdma_usart2_rx                           0x200022c8   Data          72  usart.o(.bss)
    hrtc                                     0x20002310   Data          36  rtc.o(.bss)
    pFlash                                   0x20002334   Data          24  stm32l0xx_hal_flash.o(.bss)
    __heap_base                              0x20002350   Data           0  startup_stm32l071xx.o(HEAP)
    __heap_limit                             0x20003350   Data           0  startup_stm32l071xx.o(HEAP)
    __initial_sp                             0x20004350   Data           0  startup_stm32l071xx.o(STACK)



==============================================================================

Memory Map of the image

  Image Entry point : 0x080078c1

  Load Region LR_IROM1 (Base: 0x08007800, Size: 0x00013818, Max: 0x00020000, ABSOLUTE)

    Execution Region ER_IROM1 (Exec base: 0x08007800, Load base: 0x08007800, Size: 0x00013788, Max: 0x00020000, ABSOLUTE)

    Exec Addr    Load Addr    Size         Type   Attr      Idx    E Section Name        Object

    0x08007800   0x08007800   0x000000c0   Data   RO         6269    RESET               startup_stm32l071xx.o
    0x080078c0   0x080078c0   0x00000000   Code   RO         6322  * .ARM.Collect$$$$00000000  mc_p.l(entry.o)
    0x080078c0   0x080078c0   0x00000004   Code   RO         6710    .ARM.Collect$$$$00000001  mc_p.l(entry2.o)
    0x080078c4   0x080078c4   0x00000004   Code   RO         6713    .ARM.Collect$$$$00000004  mc_p.l(entry5.o)
    0x080078c8   0x080078c8   0x00000000   Code   RO         6715    .ARM.Collect$$$$00000008  mc_p.l(entry7b.o)
    0x080078c8   0x080078c8   0x00000000   Code   RO         6717    .ARM.Collect$$$$0000000A  mc_p.l(entry8b.o)
    0x080078c8   0x080078c8   0x00000008   Code   RO         6718    .ARM.Collect$$$$0000000B  mc_p.l(entry9a.o)
    0x080078d0   0x080078d0   0x00000000   Code   RO         6720    .ARM.Collect$$$$0000000D  mc_p.l(entry10a.o)
    0x080078d0   0x080078d0   0x00000000   Code   RO         6722    .ARM.Collect$$$$0000000F  mc_p.l(entry11a.o)
    0x080078d0   0x080078d0   0x00000004   Code   RO         6711    .ARM.Collect$$$$00002712  mc_p.l(entry2.o)
    0x080078d4   0x080078d4   0x0000001c   Code   RO         6270    .text               startup_stm32l071xx.o
    0x080078f0   0x080078f0   0x0000002c   Code   RO         6325    .text               mc_p.l(uidiv.o)
    0x0800791c   0x0800791c   0x00000028   Code   RO         6327    .text               mc_p.l(idiv.o)
    0x08007944   0x08007944   0x00000060   Code   RO         6329    .text               mc_p.l(uldiv.o)
    0x080079a4   0x080079a4   0x0000008c   Code   RO         6331    .text               mc_p.l(mktime.o)
    0x08007a30   0x08007a30   0x00000024   Code   RO         6334    .text               mc_p.l(memcpya.o)
    0x08007a54   0x08007a54   0x00000024   Code   RO         6336    .text               mc_p.l(memseta.o)
    0x08007a78   0x08007a78   0x00000028   Code   RO         6338    .text               mc_p.l(strstr.o)
    0x08007aa0   0x08007aa0   0x0000001a   Code   RO         6340    .text               mc_p.l(strncpy.o)
    0x08007aba   0x08007aba   0x0000000e   Code   RO         6342    .text               mc_p.l(strlen.o)
    0x08007ac8   0x08007ac8   0x00000012   Code   RO         6344    .text               mc_p.l(strcpy.o)
    0x08007ada   0x08007ada   0x00000076   Code   RO         6637    .text               mc_p.l(strtoul.o)
    0x08007b50   0x08007b50   0x0000001a   Code   RO         6639    .text               mc_p.l(atoi.o)
    0x08007b6a   0x08007b6a   0x0000001a   Code   RO         6641    .text               mc_p.l(atol.o)
    0x08007b84   0x08007b84   0x000000b2   Code   RO         6643    .text               mf_p.l(fadd.o)
    0x08007c36   0x08007c36   0x0000007a   Code   RO         6645    .text               mf_p.l(fmul.o)
    0x08007cb0   0x08007cb0   0x0000007c   Code   RO         6647    .text               mf_p.l(fdiv.o)
    0x08007d2c   0x08007d2c   0x00000164   Code   RO         6649    .text               mf_p.l(dadd.o)
    0x08007e90   0x08007e90   0x000000d0   Code   RO         6651    .text               mf_p.l(dmul.o)
    0x08007f60   0x08007f60   0x000000f0   Code   RO         6653    .text               mf_p.l(ddiv.o)
    0x08008050   0x08008050   0x0000002c   Code   RO         6655    .text               mf_p.l(dscalb.o)
    0x0800807c   0x0800807c   0x0000000e   Code   RO         6657    .text               mf_p.l(ffltui.o)
    0x0800808a   0x0800808a   0x00000002   PAD
    0x0800808c   0x0800808c   0x00000028   Code   RO         6659    .text               mf_p.l(dflti.o)
    0x080080b4   0x080080b4   0x0000001c   Code   RO         6661    .text               mf_p.l(dfltui.o)
    0x080080d0   0x080080d0   0x00000028   Code   RO         6663    .text               mf_p.l(ffixui.o)
    0x080080f8   0x080080f8   0x0000003c   Code   RO         6665    .text               mf_p.l(dfixui.o)
    0x08008134   0x08008134   0x00000028   Code   RO         6667    .text               mf_p.l(f2d.o)
    0x0800815c   0x0800815c   0x00000028   Code   RO         6669    .text               mf_p.l(cdcmple.o)
    0x08008184   0x08008184   0x00000028   Code   RO         6671    .text               mf_p.l(cdrcmple.o)
    0x080081ac   0x080081ac   0x00000038   Code   RO         6673    .text               mf_p.l(d2f.o)
    0x080081e4   0x080081e4   0x00000014   Code   RO         6675    .text               mf_p.l(cfcmple.o)
    0x080081f8   0x080081f8   0x00000020   Code   RO         6727    .text               mc_p.l(llshl.o)
    0x08008218   0x08008218   0x00000022   Code   RO         6729    .text               mc_p.l(llushr.o)
    0x0800823a   0x0800823a   0x00000026   Code   RO         6731    .text               mc_p.l(llsshr.o)
    0x08008260   0x08008260   0x00000008   Code   RO         6733    .text               mc_p.l(ctype_o.o)
    0x08008268   0x08008268   0x00000012   Code   RO         6755    .text               mc_p.l(isspace_o.o)
    0x0800827a   0x0800827a   0x00000002   PAD
    0x0800827c   0x0800827c   0x00000074   Code   RO         6764    .text               mc_p.l(localtime_i.o)
    0x080082f0   0x080082f0   0x000000a6   Code   RO         6776    .text               mc_p.l(_strtoul.o)
    0x08008396   0x08008396   0x00000002   PAD
    0x08008398   0x08008398   0x000000a4   Code   RO         6778    .text               mc_p.l(strtod.o)
    0x0800843c   0x0800843c   0x00000070   Code   RO         6780    .text               mc_p.l(strtol.o)
    0x080084ac   0x080084ac   0x00000000   Code   RO         6782    .text               mc_p.l(iusefp.o)
    0x080084ac   0x080084ac   0x00000082   Code   RO         6783    .text               mf_p.l(fepilogue.o)
    0x0800852e   0x0800852e   0x000000be   Code   RO         6785    .text               mf_p.l(depilogue.o)
    0x080085ec   0x080085ec   0x000000a2   Code   RO         6789    .text               mf_p.l(dsqrt.o)
    0x0800868e   0x0800868e   0x00000002   PAD
    0x08008690   0x08008690   0x00000040   Code   RO         6791    .text               mf_p.l(dfixul.o)
    0x080086d0   0x080086d0   0x00000024   Code   RO         6793    .text               mc_p.l(init.o)
    0x080086f4   0x080086f4   0x0000001e   Code   RO         6798    .text               mc_p.l(_chval.o)
    0x08008712   0x08008712   0x00000002   PAD
    0x08008714   0x08008714   0x00000374   Code   RO         6800    .text               mc_p.l(scanf_fp.o)
    0x08008a88   0x08008a88   0x00000044   Code   RO         6804    .text               mc_p.l(_sgetc.o)
    0x08008acc   0x08008acc   0x00000048   Code   RO         6807    .text               mf_p.l(dfixi.o)
    0x08008b14   0x08008b14   0x0000007a   Code   RO         6809    .text               mc_p.l(llmul.o)
    0x08008b8e   0x08008b8e   0x00000002   PAD
    0x08008b90   0x08008b90   0x0000001c   Code   RO         6814    .text               mf_p.l(dfltul.o)
    0x08008bac   0x08008bac   0x00000052   Code   RO         3477    i.ADC_ConversionStop  stm32l0xx_hal_adc.o
    0x08008bfe   0x08008bfe   0x00000002   PAD
    0x08008c00   0x08008c00   0x00000024   Code   RO         3481    i.ADC_DelayMicroSecond  stm32l0xx_hal_adc.o
    0x08008c24   0x08008c24   0x00000060   Code   RO         3482    i.ADC_Disable       stm32l0xx_hal_adc.o
    0x08008c84   0x08008c84   0x00000064   Code   RO         3483    i.ADC_Enable        stm32l0xx_hal_adc.o
    0x08008ce8   0x08008ce8   0x000000e4   Code   RO         1205    i.CreateNodeCmd     app_net.o
    0x08008dcc   0x08008dcc   0x000000fc   Code   RO            3    i.Create_Timer      app_kernal.o
    0x08008ec8   0x08008ec8   0x00000010   Code   RO         3367    i.DMA1_Channel2_3_IRQHandler  stm32l0xx_it.o
    0x08008ed8   0x08008ed8   0x00000018   Code   RO         3368    i.DMA1_Channel4_5_6_7_IRQHandler  stm32l0xx_it.o
    0x08008ef0   0x08008ef0   0x0000002c   Code   RO         4913    i.DMA_SetConfig     stm32l0xx_hal_dma.o
    0x08008f1c   0x08008f1c   0x00000018   Code   RO         3369    i.EXTI4_15_IRQHandler  stm32l0xx_it.o
    0x08008f34   0x08008f34   0x00000002   Code   RO         3095    i.Error_Handler     main.o
    0x08008f36   0x08008f36   0x00000002   PAD
    0x08008f38   0x08008f38   0x00000090   Code   RO         4645    i.FLASH_SetErrorCode  stm32l0xx_hal_flash.o
    0x08008fc8   0x08008fc8   0x00000070   Code   RO         4646    i.FLASH_WaitForLastOperation  stm32l0xx_hal_flash.o
    0x08009038   0x08009038   0x0000002c   Code   RO          551    i.GetCrc16          app_sys.o
    0x08009064   0x08009064   0x000000aa   Code   RO         3660    i.HAL_ADCEx_Calibration_Start  stm32l0xx_hal_adc_ex.o
    0x0800910e   0x0800910e   0x00000002   PAD
    0x08009110   0x08009110   0x00000094   Code   RO         3485    i.HAL_ADC_ConfigChannel  stm32l0xx_hal_adc.o
    0x080091a4   0x080091a4   0x00000004   Code   RO         3491    i.HAL_ADC_GetState  stm32l0xx_hal_adc.o
    0x080091a8   0x080091a8   0x00000006   Code   RO         3492    i.HAL_ADC_GetValue  stm32l0xx_hal_adc.o
    0x080091ae   0x080091ae   0x00000002   PAD
    0x080091b0   0x080091b0   0x000001c8   Code   RO         3494    i.HAL_ADC_Init      stm32l0xx_hal_adc.o
    0x08009378   0x08009378   0x00000050   Code   RO         3158    i.HAL_ADC_MspInit   adc.o
    0x080093c8   0x080093c8   0x000000c0   Code   RO         3498    i.HAL_ADC_PollForConversion  stm32l0xx_hal_adc.o
    0x08009488   0x08009488   0x0000005c   Code   RO         3500    i.HAL_ADC_Start     stm32l0xx_hal_adc.o
    0x080094e4   0x080094e4   0x0000003e   Code   RO         3503    i.HAL_ADC_Stop      stm32l0xx_hal_adc.o
    0x08009522   0x08009522   0x00000044   Code   RO         4914    i.HAL_DMA_Abort     stm32l0xx_hal_dma.o
    0x08009566   0x08009566   0x0000004c   Code   RO         4915    i.HAL_DMA_Abort_IT  stm32l0xx_hal_dma.o
    0x080095b2   0x080095b2   0x00000002   PAD
    0x080095b4   0x080095b4   0x00000068   Code   RO         4916    i.HAL_DMA_DeInit    stm32l0xx_hal_dma.o
    0x0800961c   0x0800961c   0x00000004   Code   RO         4917    i.HAL_DMA_GetError  stm32l0xx_hal_dma.o
    0x08009620   0x08009620   0x000000a8   Code   RO         4919    i.HAL_DMA_IRQHandler  stm32l0xx_hal_dma.o
    0x080096c8   0x080096c8   0x00000090   Code   RO         4920    i.HAL_DMA_Init      stm32l0xx_hal_dma.o
    0x08009758   0x08009758   0x00000068   Code   RO         4924    i.HAL_DMA_Start_IT  stm32l0xx_hal_dma.o
    0x080097c0   0x080097c0   0x00000024   Code   RO         3723    i.HAL_Delay         stm32l0xx_hal.o
    0x080097e4   0x080097e4   0x00000014   Code   RO         4749    i.HAL_FLASHEx_DATAEEPROM_Lock  stm32l0xx_hal_flash_ex.o
    0x080097f8   0x080097f8   0x00000054   Code   RO         4750    i.HAL_FLASHEx_DATAEEPROM_Program  stm32l0xx_hal_flash_ex.o
    0x0800984c   0x0800984c   0x00000034   Code   RO         4751    i.HAL_FLASHEx_DATAEEPROM_Unlock  stm32l0xx_hal_flash_ex.o
    0x08009880   0x08009880   0x000000f0   Code   RO         4851    i.HAL_GPIO_DeInit   stm32l0xx_hal_gpio.o
    0x08009970   0x08009970   0x00000026   Code   RO          755    i.HAL_GPIO_EXTI_Callback  app_user.o
    0x08009996   0x08009996   0x00000002   PAD
    0x08009998   0x08009998   0x00000018   Code   RO         4853    i.HAL_GPIO_EXTI_IRQHandler  stm32l0xx_hal_gpio.o
    0x080099b0   0x080099b0   0x00000184   Code   RO         4854    i.HAL_GPIO_Init     stm32l0xx_hal_gpio.o
    0x08009b34   0x08009b34   0x0000000a   Code   RO         4856    i.HAL_GPIO_ReadPin  stm32l0xx_hal_gpio.o
    0x08009b3e   0x08009b3e   0x0000000c   Code   RO         4858    i.HAL_GPIO_WritePin  stm32l0xx_hal_gpio.o
    0x08009b4a   0x08009b4a   0x00000002   PAD
    0x08009b4c   0x08009b4c   0x0000000c   Code   RO         3727    i.HAL_GetTick       stm32l0xx_hal.o
    0x08009b58   0x08009b58   0x00000064   Code   RO         5356    i.HAL_IWDG_Init     stm32l0xx_hal_iwdg.o
    0x08009bbc   0x08009bbc   0x00000010   Code   RO         5357    i.HAL_IWDG_Refresh  stm32l0xx_hal_iwdg.o
    0x08009bcc   0x08009bcc   0x00000010   Code   RO         3733    i.HAL_IncTick       stm32l0xx_hal.o
    0x08009bdc   0x08009bdc   0x00000028   Code   RO         3734    i.HAL_Init          stm32l0xx_hal.o
    0x08009c04   0x08009c04   0x00000044   Code   RO         3735    i.HAL_InitTick      stm32l0xx_hal.o
    0x08009c48   0x08009c48   0x00000018   Code   RO         3457    i.HAL_MspInit       stm32l0xx_hal_msp.o
    0x08009c60   0x08009c60   0x00000020   Code   RO         5180    i.HAL_NVIC_DisableIRQ  stm32l0xx_hal_cortex.o
    0x08009c80   0x08009c80   0x00000018   Code   RO         5181    i.HAL_NVIC_EnableIRQ  stm32l0xx_hal_cortex.o
    0x08009c98   0x08009c98   0x00000008   Code   RO         5185    i.HAL_NVIC_SetPriority  stm32l0xx_hal_cortex.o
    0x08009ca0   0x08009ca0   0x0000001c   Code   RO         5186    i.HAL_NVIC_SystemReset  stm32l0xx_hal_cortex.o
    0x08009cbc   0x08009cbc   0x00000010   Code   RO         5123    i.HAL_PWREx_EnableFastWakeUp  stm32l0xx_hal_pwr_ex.o
    0x08009ccc   0x08009ccc   0x00000010   Code   RO         5125    i.HAL_PWREx_EnableUltraLowPower  stm32l0xx_hal_pwr_ex.o
    0x08009cdc   0x08009cdc   0x00000010   Code   RO         5011    i.HAL_PWR_EnableBkUpAccess  stm32l0xx_hal_pwr.o
    0x08009cec   0x08009cec   0x00000064   Code   RO         5018    i.HAL_PWR_EnterSTOPMode  stm32l0xx_hal_pwr.o
    0x08009d50   0x08009d50   0x00000178   Code   RO         4529    i.HAL_RCCEx_PeriphCLKConfig  stm32l0xx_hal_rcc_ex.o
    0x08009ec8   0x08009ec8   0x0000019c   Code   RO         4429    i.HAL_RCC_ClockConfig  stm32l0xx_hal_rcc.o
    0x0800a064   0x0800a064   0x00000020   Code   RO         4435    i.HAL_RCC_GetPCLK1Freq  stm32l0xx_hal_rcc.o
    0x0800a084   0x0800a084   0x00000020   Code   RO         4436    i.HAL_RCC_GetPCLK2Freq  stm32l0xx_hal_rcc.o
    0x0800a0a4   0x0800a0a4   0x00000078   Code   RO         4437    i.HAL_RCC_GetSysClockFreq  stm32l0xx_hal_rcc.o
    0x0800a11c   0x0800a11c   0x00000432   Code   RO         4440    i.HAL_RCC_OscConfig  stm32l0xx_hal_rcc.o
    0x0800a54e   0x0800a54e   0x00000002   Code   RO         5983    i.HAL_RTCEx_AlarmBEventCallback  stm32l0xx_hal_rtc_ex.o
    0x0800a550   0x0800a550   0x000000f8   Code   RO         6010    i.HAL_RTCEx_SetWakeUpTimer_IT  stm32l0xx_hal_rtc_ex.o
    0x0800a648   0x0800a648   0x0000000a   Code   RO          227    i.HAL_RTCEx_WakeUpTimerEventCallback  app_port.o
    0x0800a652   0x0800a652   0x00000002   PAD
    0x0800a654   0x0800a654   0x00000038   Code   RO         6017    i.HAL_RTCEx_WakeUpTimerIRQHandler  stm32l0xx_hal_rtc_ex.o
    0x0800a68c   0x0800a68c   0x00000054   Code   RO          228    i.HAL_RTC_AlarmAEventCallback  app_port.o
    0x0800a6e0   0x0800a6e0   0x00000060   Code   RO         5851    i.HAL_RTC_AlarmIRQHandler  stm32l0xx_hal_rtc.o
    0x0800a740   0x0800a740   0x000000b8   Code   RO         5853    i.HAL_RTC_DeactivateAlarm  stm32l0xx_hal_rtc.o
    0x0800a7f8   0x0800a7f8   0x0000008c   Code   RO         5854    i.HAL_RTC_GetAlarm  stm32l0xx_hal_rtc.o
    0x0800a884   0x0800a884   0x00000044   Code   RO         5855    i.HAL_RTC_GetDate   stm32l0xx_hal_rtc.o
    0x0800a8c8   0x0800a8c8   0x0000005c   Code   RO         5857    i.HAL_RTC_GetTime   stm32l0xx_hal_rtc.o
    0x0800a924   0x0800a924   0x000000bc   Code   RO         5858    i.HAL_RTC_Init      stm32l0xx_hal_rtc.o
    0x0800a9e0   0x0800a9e0   0x00000030   Code   RO         3330    i.HAL_RTC_MspInit   rtc.o
    0x0800aa10   0x0800aa10   0x00000190   Code   RO         5863    i.HAL_RTC_SetAlarm_IT  stm32l0xx_hal_rtc.o
    0x0800aba0   0x0800aba0   0x000000c4   Code   RO         5864    i.HAL_RTC_SetDate   stm32l0xx_hal_rtc.o
    0x0800ac64   0x0800ac64   0x000000e8   Code   RO         5865    i.HAL_RTC_SetTime   stm32l0xx_hal_rtc.o
    0x0800ad4c   0x0800ad4c   0x00000034   Code   RO         5866    i.HAL_RTC_WaitForSynchro  stm32l0xx_hal_rtc.o
    0x0800ad80   0x0800ad80   0x00000010   Code   RO         3738    i.HAL_ResumeTick    stm32l0xx_hal.o
    0x0800ad90   0x0800ad90   0x00000030   Code   RO         5189    i.HAL_SYSTICK_Config  stm32l0xx_hal_cortex.o
    0x0800adc0   0x0800adc0   0x00000010   Code   RO         3744    i.HAL_SuspendTick   stm32l0xx_hal.o
    0x0800add0   0x0800add0   0x00000002   Code   RO         5391    i.HAL_UARTEx_RxEventCallback  stm32l0xx_hal_uart.o
    0x0800add2   0x0800add2   0x00000002   Code   RO         5780    i.HAL_UARTEx_WakeupCallback  stm32l0xx_hal_uart_ex.o
    0x0800add4   0x0800add4   0x0000007e   Code   RO         5403    i.HAL_UART_DMAStop  stm32l0xx_hal_uart.o
    0x0800ae52   0x0800ae52   0x0000003e   Code   RO         5404    i.HAL_UART_DeInit   stm32l0xx_hal_uart.o
    0x0800ae90   0x0800ae90   0x000000c8   Code   RO          229    i.HAL_UART_ErrorCallback  app_port.o
    0x0800af58   0x0800af58   0x00000220   Code   RO         5410    i.HAL_UART_IRQHandler  stm32l0xx_hal_uart.o
    0x0800b178   0x0800b178   0x0000006a   Code   RO         5411    i.HAL_UART_Init     stm32l0xx_hal_uart.o
    0x0800b1e2   0x0800b1e2   0x00000002   PAD
    0x0800b1e4   0x0800b1e4   0x00000090   Code   RO         3279    i.HAL_UART_MspDeInit  usart.o
    0x0800b274   0x0800b274   0x00000180   Code   RO         3280    i.HAL_UART_MspInit  usart.o
    0x0800b3f4   0x0800b3f4   0x00000060   Code   RO         5415    i.HAL_UART_Receive_DMA  stm32l0xx_hal_uart.o
    0x0800b454   0x0800b454   0x00000090   Code   RO          230    i.HAL_UART_RxCpltCallback  app_port.o
    0x0800b4e4   0x0800b4e4   0x00000002   Code   RO         5419    i.HAL_UART_RxHalfCpltCallback  stm32l0xx_hal_uart.o
    0x0800b4e6   0x0800b4e6   0x000000d2   Code   RO         5420    i.HAL_UART_Transmit  stm32l0xx_hal_uart.o
    0x0800b5b8   0x0800b5b8   0x00000002   Code   RO         5423    i.HAL_UART_TxCpltCallback  stm32l0xx_hal_uart.o
    0x0800b5ba   0x0800b5ba   0x00000002   PAD
    0x0800b5bc   0x0800b5bc   0x00000018   Code   RO         3370    i.HardFault_Handler  stm32l0xx_it.o
    0x0800b5d4   0x0800b5d4   0x0000000a   Code   RO          231    i.IIC_Delay         app_port.o
    0x0800b5de   0x0800b5de   0x00000002   PAD
    0x0800b5e0   0x0800b5e0   0x00000014   Code   RO         3371    i.LPUART1_IRQHandler  stm32l0xx_it.o
    0x0800b5f4   0x0800b5f4   0x00000028   Code   RO          552    i.LogMessage        app_sys.o
    0x0800b61c   0x0800b61c   0x0000001c   Code   RO          553    i.LogMessageWL      app_sys.o
    0x0800b638   0x0800b638   0x00000070   Code   RO          554    i.LogPrintf         app_sys.o
    0x0800b6a8   0x0800b6a8   0x00000070   Code   RO         3159    i.MX_ADC_Init       adc.o
    0x0800b718   0x0800b718   0x00000038   Code   RO         3195    i.MX_DMA_Init       dma.o
    0x0800b750   0x0800b750   0x0000011c   Code   RO         3137    i.MX_GPIO_Init      gpio.o
    0x0800b86c   0x0800b86c   0x0000002c   Code   RO         3253    i.MX_IWDG_Init      iwdg.o
    0x0800b898   0x0800b898   0x00000038   Code   RO         3281    i.MX_LPUART1_UART_Init  usart.o
    0x0800b8d0   0x0800b8d0   0x00000044   Code   RO         3331    i.MX_RTC_Init       rtc.o
    0x0800b914   0x0800b914   0x00000038   Code   RO         3282    i.MX_USART1_UART_Init  usart.o
    0x0800b94c   0x0800b94c   0x00000038   Code   RO         3283    i.MX_USART2_UART_Init  usart.o
    0x0800b984   0x0800b984   0x00000044   Code   RO         1206    i.N58_ChangeInvokeStatus  app_net.o
    0x0800b9c8   0x0800b9c8   0x0000002c   Code   RO         1208    i.N58_CreateSocket  app_net.o
    0x0800b9f4   0x0800b9f4   0x00000044   Code   RO         1209    i.N58enterFlightMode  app_net.o
    0x0800ba38   0x0800ba38   0x00000044   Code   RO         1210    i.N58enterNormalMode  app_net.o
    0x0800ba7c   0x0800ba7c   0x00000002   Code   RO         3372    i.NMI_Handler       stm32l0xx_it.o
    0x0800ba7e   0x0800ba7e   0x00000002   Code   RO         3373    i.PendSV_Handler    stm32l0xx_it.o
    0x0800ba80   0x0800ba80   0x00000010   Code   RO         5867    i.RTC_Bcd2ToByte    stm32l0xx_hal_rtc.o
    0x0800ba90   0x0800ba90   0x00000018   Code   RO         5868    i.RTC_ByteToBcd2    stm32l0xx_hal_rtc.o
    0x0800baa8   0x0800baa8   0x00000038   Code   RO         5869    i.RTC_EnterInitMode  stm32l0xx_hal_rtc.o
    0x0800bae0   0x0800bae0   0x00000014   Code   RO         3374    i.RTC_IRQHandler    stm32l0xx_it.o
    0x0800baf4   0x0800baf4   0x00000002   Code   RO         3375    i.SVC_Handler       stm32l0xx_it.o
    0x0800baf6   0x0800baf6   0x00000002   PAD
    0x0800baf8   0x0800baf8   0x00000044   Code   RO          232    i.Soft_IIC_ACK      app_port.o
    0x0800bb3c   0x0800bb3c   0x00000020   Code   RO          234    i.Soft_IIC_Input    app_port.o
    0x0800bb5c   0x0800bb5c   0x00000038   Code   RO          235    i.Soft_IIC_NACK     app_port.o
    0x0800bb94   0x0800bb94   0x00000020   Code   RO          236    i.Soft_IIC_Output   app_port.o
    0x0800bbb4   0x0800bbb4   0x0000006c   Code   RO          237    i.Soft_IIC_Recv_Byte  app_port.o
    0x0800bc20   0x0800bc20   0x0000004c   Code   RO          238    i.Soft_IIC_Start    app_port.o
    0x0800bc6c   0x0800bc6c   0x00000044   Code   RO          239    i.Soft_IIC_Stop     app_port.o
    0x0800bcb0   0x0800bcb0   0x00000058   Code   RO          240    i.Soft_IIC_Wait_ACK  app_port.o
    0x0800bd08   0x0800bd08   0x00000022   Code   RO          241    i.Soft_IIC_Write_Byte  app_port.o
    0x0800bd2a   0x0800bd2a   0x00000002   PAD
    0x0800bd2c   0x0800bd2c   0x00000040   Code   RO          242    i.Soft_IIC_Write_High  app_port.o
    0x0800bd6c   0x0800bd6c   0x00000040   Code   RO          243    i.Soft_IIC_Write_Low  app_port.o
    0x0800bdac   0x0800bdac   0x00000008   Code   RO         3376    i.SysTick_Handler   stm32l0xx_it.o
    0x0800bdb4   0x0800bdb4   0x00000090   Code   RO         3096    i.SystemClock_Config  main.o
    0x0800be44   0x0800be44   0x00000058   Code   RO         6236    i.SystemInit        system_stm32l0xx.o
    0x0800be9c   0x0800be9c   0x000000ca   Code   RO         5425    i.UART_AdvFeatureConfig  stm32l0xx_hal_uart.o
    0x0800bf66   0x0800bf66   0x00000002   PAD
    0x0800bf68   0x0800bf68   0x00000064   Code   RO         5426    i.UART_CheckIdleState  stm32l0xx_hal_uart.o
    0x0800bfcc   0x0800bfcc   0x00000014   Code   RO         5427    i.UART_DMAAbortOnError  stm32l0xx_hal_uart.o
    0x0800bfe0   0x0800bfe0   0x0000004c   Code   RO         5428    i.UART_DMAError     stm32l0xx_hal_uart.o
    0x0800c02c   0x0800c02c   0x0000005e   Code   RO         5429    i.UART_DMAReceiveCplt  stm32l0xx_hal_uart.o
    0x0800c08a   0x0800c08a   0x0000001c   Code   RO         5431    i.UART_DMARxHalfCplt  stm32l0xx_hal_uart.o
    0x0800c0a6   0x0800c0a6   0x00000032   Code   RO         5437    i.UART_EndRxTransfer  stm32l0xx_hal_uart.o
    0x0800c0d8   0x0800c0d8   0x00000010   Code   RO         5438    i.UART_EndTxTransfer  stm32l0xx_hal_uart.o
    0x0800c0e8   0x0800c0e8   0x00000214   Code   RO         5441    i.UART_SetConfig    stm32l0xx_hal_uart.o
    0x0800c2fc   0x0800c2fc   0x0000008c   Code   RO         5442    i.UART_Start_Receive_DMA  stm32l0xx_hal_uart.o
    0x0800c388   0x0800c388   0x0000009e   Code   RO         5446    i.UART_WaitOnFlagUntilTimeout  stm32l0xx_hal_uart.o
    0x0800c426   0x0800c426   0x00000002   PAD
    0x0800c428   0x0800c428   0x00000014   Code   RO         3377    i.USART1_IRQHandler  stm32l0xx_it.o
    0x0800c43c   0x0800c43c   0x00000014   Code   RO         3378    i.USART2_IRQHandler  stm32l0xx_it.o
    0x0800c450   0x0800c450   0x00000026   Code   RO         2812    i.XINGSHENG_ID_ASCII_Decoding  app_sn.o
    0x0800c476   0x0800c476   0x00000084   Code   RO         2813    i.XINGSHENG_ID_Decoder  app_sn.o
    0x0800c4fa   0x0800c4fa   0x00000002   PAD
    0x0800c4fc   0x0800c4fc   0x00000028   Code   RO         6583    i.__0sprintf        mc_p.l(printfa.o)
    0x0800c524   0x0800c524   0x00000024   Code   RO         6587    i.__0vsprintf       mc_p.l(printfa.o)
    0x0800c548   0x0800c548   0x0000002e   Code   RO         6787    i.__ARM_clz         mf_p.l(depilogue.o)
    0x0800c576   0x0800c576   0x00000030   Code   RO         4514    i.__ARM_common_ll_muluu  stm32l0xx_hal_rcc.o
    0x0800c5a6   0x0800c5a6   0x0000001a   Code   RO         1608    i.__ARM_common_switch8  app_net.o
    0x0800c5c0   0x0800c5c0   0x0000002c   Code   RO         6694    i.__ARM_fpclassify  m_ps.l(fpclassify.o)
    0x0800c5ec   0x0800c5ec   0x00000044   Code   RO         5191    i.__NVIC_SetPriority  stm32l0xx_hal_cortex.o
    0x0800c630   0x0800c630   0x00000008   Code   RO         6769    i.__aeabi_errno_addr  mc_p.l(errno.o)
    0x0800c638   0x0800c638   0x0000039c   Code   RO         6699    i.__ieee754_rem_pio2  m_ps.l(rred.o)
    0x0800c9d4   0x0800c9d4   0x000000f4   Code   RO         6677    i.__kernel_cos      m_ps.l(cos_i.o)
    0x0800cac8   0x0800cac8   0x000000ac   Code   RO         6696    i.__kernel_poly     m_ps.l(poly.o)
    0x0800cb74   0x0800cb74   0x000000ec   Code   RO         6704    i.__kernel_sin      m_ps.l(sin_i.o)
    0x0800cc60   0x0800cc60   0x00000014   Code   RO         6680    i.__mathlib_dbl_divzero  m_ps.l(dunder.o)
    0x0800cc74   0x0800cc74   0x0000000a   Code   RO         6681    i.__mathlib_dbl_infnan  m_ps.l(dunder.o)
    0x0800cc7e   0x0800cc7e   0x00000008   Code   RO         6682    i.__mathlib_dbl_infnan2  m_ps.l(dunder.o)
    0x0800cc86   0x0800cc86   0x00000010   Code   RO         6683    i.__mathlib_dbl_invalid  m_ps.l(dunder.o)
    0x0800cc96   0x0800cc96   0x00000002   PAD
    0x0800cc98   0x0800cc98   0x00000014   Code   RO         6684    i.__mathlib_dbl_overflow  m_ps.l(dunder.o)
    0x0800ccac   0x0800ccac   0x00000014   Code   RO         6686    i.__mathlib_dbl_underflow  m_ps.l(dunder.o)
    0x0800ccc0   0x0800ccc0   0x0000000c   Code   RO         6770    i.__read_errno      mc_p.l(errno.o)
    0x0800cccc   0x0800cccc   0x0000000e   Code   RO         6818    i.__scatterload_copy  mc_p.l(handlers.o)
    0x0800ccda   0x0800ccda   0x00000002   Code   RO         6819    i.__scatterload_null  mc_p.l(handlers.o)
    0x0800ccdc   0x0800ccdc   0x0000000e   Code   RO         6820    i.__scatterload_zeroinit  mc_p.l(handlers.o)
    0x0800ccea   0x0800ccea   0x00000002   PAD
    0x0800ccec   0x0800ccec   0x0000000c   Code   RO         6771    i.__set_errno       mc_p.l(errno.o)
    0x0800ccf8   0x0800ccf8   0x00000174   Code   RO         6588    i._fp_digits        mc_p.l(printfa.o)
    0x0800ce6c   0x0800ce6c   0x0000000e   Code   RO         6802    i._is_digit         mc_p.l(scanf_fp.o)
    0x0800ce7a   0x0800ce7a   0x00000002   PAD
    0x0800ce7c   0x0800ce7c   0x000006ec   Code   RO         6589    i._printf_core      mc_p.l(printfa.o)
    0x0800d568   0x0800d568   0x00000020   Code   RO         6590    i._printf_post_padding  mc_p.l(printfa.o)
    0x0800d588   0x0800d588   0x0000002c   Code   RO         6591    i._printf_pre_padding  mc_p.l(printfa.o)
    0x0800d5b4   0x0800d5b4   0x0000000a   Code   RO         6593    i._sputc            mc_p.l(printfa.o)
    0x0800d5be   0x0800d5be   0x00000002   PAD
    0x0800d5c0   0x0800d5c0   0x000000a0   Code   RO         2130    i.addNewGPSInfo     app_gps.o
    0x0800d660   0x0800d660   0x00000010   Code   RO         1628    i.alarmRequestClear  app_task.o
    0x0800d670   0x0800d670   0x00000010   Code   RO         1629    i.alarmRequestSet   app_task.o
    0x0800d680   0x0800d680   0x00000244   Code   RO         1630    i.alarmUploadRequest  app_task.o
    0x0800d8c4   0x0800d8c4   0x000000ac   Code   RO         3033    i.appBleCRecvParser  app_ble.o
    0x0800d970   0x0800d970   0x00000010   Code   RO         3035    i.appBleInfoReset   app_ble.o
    0x0800d980   0x0800d980   0x000000a0   Code   RO         3037    i.appBlePRecvParser  app_ble.o
    0x0800da20   0x0800da20   0x00000040   Code   RO         3038    i.appBleSendData    app_ble.o
    0x0800da60   0x0800da60   0x0000002a   Code   RO          555    i.asciiToHex        app_sys.o
    0x0800da8a   0x0800da8a   0x00000002   PAD
    0x0800da8c   0x0800da8c   0x00000274   Code   RO         6275    i.asin              m_ps.l(asin.o)
    0x0800dd00   0x0800dd00   0x0000002c   Code   RO         2341    i.atCmdCmGetParser  app_atcmd.o
    0x0800dd2c   0x0800dd2c   0x0000003c   Code   RO         2342    i.atCmdDebugLevelParser  app_atcmd.o
    0x0800dd68   0x0800dd68   0x000002e4   Code   RO         2343    i.atCmdDebugParase  app_atcmd.o
    0x0800e04c   0x0800e04c   0x0000008c   Code   RO         2345    i.atCmdFMPCnmeaParase  app_atcmd.o
    0x0800e0d8   0x0800e0d8   0x000000b8   Code   RO         2346    i.atCmdFmpcAdccalParase  app_atcmd.o
    0x0800e190   0x0800e190   0x00000020   Code   RO         2347    i.atCmdFmpcAllParse  app_atcmd.o
    0x0800e1b0   0x0800e1b0   0x00000034   Code   RO         2348    i.atCmdFmpcCMParse  app_atcmd.o
    0x0800e1e4   0x0800e1e4   0x00000038   Code   RO         2349    i.atCmdFmpcChkpParse  app_atcmd.o
    0x0800e21c   0x0800e21c   0x00000034   Code   RO         2350    i.atCmdFmpcIMSIParse  app_atcmd.o
    0x0800e250   0x0800e250   0x00000044   Code   RO         2351    i.atCmdFmpcIMSIParseRespon  app_atcmd.o
    0x0800e294   0x0800e294   0x00000034   Code   RO         2352    i.atCmdIMEIParse    app_atcmd.o
    0x0800e2c8   0x0800e2c8   0x00000034   Code   RO         2353    i.atCmdIMEIParseRespon  app_atcmd.o
    0x0800e2fc   0x0800e2fc   0x00000300   Code   RO         2354    i.atCmdParserFunction  app_atcmd.o
    0x0800e5fc   0x0800e5fc   0x0000005c   Code   RO         2355    i.atCmdZTSNParse    app_atcmd.o
    0x0800e658   0x0800e658   0x0000002a   Code   RO         6285    i.atof              m_ps.l(atof.o)
    0x0800e682   0x0800e682   0x00000002   PAD
    0x0800e684   0x0800e684   0x00000114   Code   RO         1631    i.autoSleepTask     app_task.o
    0x0800e798   0x0800e798   0x000000a8   Code   RO         2885    i.calculateDistanceOfPoint  app_gpsarithmetic.o
    0x0800e840   0x0800e840   0x0000010c   Code   RO         2886    i.calculateTheDistanceBetweenTwoPonits  app_gpsarithmetic.o
    0x0800e94c   0x0800e94c   0x00000130   Code   RO         2887    i.calculateTheGPSCornerPoint  app_gpsarithmetic.o
    0x0800ea7c   0x0800ea7c   0x0000003c   Code   RO          556    i.changeByteArrayToHexString  app_sys.o
    0x0800eab8   0x0800eab8   0x00000048   Code   RO          557    i.changeHexStringToByteArray  app_sys.o
    0x0800eb00   0x0800eb00   0x0000004c   Code   RO          558    i.changeHexStringToByteArray_10in  app_sys.o
    0x0800eb4c   0x0800eb4c   0x00000150   Code   RO          559    i.changeUTCTimeToLocalTime  app_sys.o
    0x0800ec9c   0x0800ec9c   0x00000094   Code   RO         2260    i.charstrToHexValue  app_nmea.o
    0x0800ed30   0x0800ed30   0x00000020   Code   RO         1918    i.clearHbtTimer     app_serverprotocol.o
    0x0800ed50   0x0800ed50   0x0000001c   Code   RO          244    i.clearRingWakeUp   app_port.o
    0x0800ed6c   0x0800ed6c   0x00000024   Code   RO         2933    i.clearStep         app_mir3da.o
    0x0800ed90   0x0800ed90   0x00000010   Code   RO         1211    i.closeModuleGPS    app_net.o
    0x0800eda0   0x0800eda0   0x0000002a   Code   RO         2814    i.compress          app_sn.o
    0x0800edca   0x0800edca   0x00000002   PAD
    0x0800edcc   0x0800edcc   0x00000098   Code   RO         6289    i.cos               m_ps.l(cos.o)
    0x0800ee64   0x0800ee64   0x000000b4   Code   RO         1919    i.createProtocol16  app_serverprotocol.o
    0x0800ef18   0x0800ef18   0x000000bc   Code   RO         1920    i.createProtocol19  app_serverprotocol.o
    0x0800efd4   0x0800efd4   0x00000068   Code   RO         1921    i.createProtocol53  app_serverprotocol.o
    0x0800f03c   0x0800f03c   0x00000094   Code   RO         1923    i.createProtocol62  app_serverprotocol.o
    0x0800f0d0   0x0800f0d0   0x00000050   Code   RO         1924    i.createProtocolF1  app_serverprotocol.o
    0x0800f120   0x0800f120   0x000000f8   Code   RO         1925    i.createProtocolF3  app_serverprotocol.o
    0x0800f218   0x0800f218   0x00000014   Code   RO         1926    i.createProtocolHead  app_serverprotocol.o
    0x0800f22c   0x0800f22c   0x00000010   Code   RO         1927    i.createProtocolSerial  app_serverprotocol.o
    0x0800f23c   0x0800f23c   0x00000036   Code   RO         1928    i.createProtocolTail  app_serverprotocol.o
    0x0800f272   0x0800f272   0x00000040   Code   RO         1929    i.createProtocolTail_7979  app_serverprotocol.o
    0x0800f2b2   0x0800f2b2   0x00000038   Code   RO         1930    i.createProtocol_01  app_serverprotocol.o
    0x0800f2ea   0x0800f2ea   0x00000002   PAD
    0x0800f2ec   0x0800f2ec   0x0000008c   Code   RO         1931    i.createProtocol_12  app_serverprotocol.o
    0x0800f378   0x0800f378   0x000000c4   Code   RO         1932    i.createProtocol_13  app_serverprotocol.o
    0x0800f43c   0x0800f43c   0x0000004c   Code   RO         1933    i.createProtocol_21  app_serverprotocol.o
    0x0800f488   0x0800f488   0x00000022   Code   RO         1934    i.createProtocol_8A  app_serverprotocol.o
    0x0800f4aa   0x0800f4aa   0x00000010   Code   RO            4    i.createSystemTask  app_kernal.o
    0x0800f4ba   0x0800f4ba   0x0000000c   Code   RO         1212    i.csqRequest        app_net.o
    0x0800f4c6   0x0800f4c6   0x00000002   PAD
    0x0800f4c8   0x0800f4c8   0x000000a4   Code   RO         2815    i.decryptSN         app_sn.o
    0x0800f56c   0x0800f56c   0x00000024   Code   RO         1632    i.delSmsOndDay      app_task.o
    0x0800f590   0x0800f590   0x00000010   Code   RO         1213    i.deleteMessage     app_net.o
    0x0800f5a0   0x0800f5a0   0x00000090   Code   RO          245    i.disPlaySystemTime  app_port.o
    0x0800f630   0x0800f630   0x00000014   Code   RO          560    i.distinguishOK     app_sys.o
    0x0800f644   0x0800f644   0x000000c0   Code   RO         2460    i.do123Instruction  app_instructioncmd.o
    0x0800f704   0x0800f704   0x00000120   Code   RO         2461    i.doACCCTLGNSSInstrucion  app_instructioncmd.o
    0x0800f824   0x0800f824   0x00000138   Code   RO         2462    i.doAPNInstruction  app_instructioncmd.o
    0x0800f95c   0x0800f95c   0x00000110   Code   RO         2463    i.doAdccalInstrucion  app_instructioncmd.o
    0x0800fa6c   0x0800fa6c   0x00000170   Code   RO         2464    i.doAlarmModeInstrucion  app_instructioncmd.o
    0x0800fbdc   0x0800fbdc   0x000000c8   Code   RO         2465    i.doAnswerInstrucion  app_instructioncmd.o
    0x0800fca4   0x0800fca4   0x000000ec   Code   RO         2466    i.doAudioInstrucion  app_instructioncmd.o
    0x0800fd90   0x0800fd90   0x00000034   Code   RO         2467    i.doBFInstruction   app_instructioncmd.o
    0x0800fdc4   0x0800fdc4   0x00000034   Code   RO         2468    i.doCFInstruction   app_instructioncmd.o
    0x0800fdf8   0x0800fdf8   0x0000036c   Code   RO         2469    i.doDebugInstrucion  app_instructioncmd.o
    0x08010164   0x08010164   0x00000094   Code   RO         2470    i.doFactoryInstrucion  app_instructioncmd.o
    0x080101f8   0x080101f8   0x000001d8   Code   RO         2471    i.doFactoryTestInstruction  app_instructioncmd.o
    0x080103d0   0x080103d0   0x0000009c   Code   RO         2472    i.doFenceInstrucion  app_instructioncmd.o
    0x0801046c   0x0801046c   0x000000c8   Code   RO         2473    i.doHbtInstruction  app_instructioncmd.o
    0x08010534   0x08010534   0x00000124   Code   RO         2475    i.doJtInstruction   app_instructioncmd.o
    0x08010658   0x08010658   0x00000090   Code   RO         2476    i.doLEDInstruction  app_instructioncmd.o
    0x080106e8   0x080106e8   0x000000c8   Code   RO         2477    i.doLOWWInstruction  app_instructioncmd.o
    0x080107b0   0x080107b0   0x0000047c   Code   RO         2478    i.doModeInstruction  app_instructioncmd.o
    0x08010c2c   0x08010c2c   0x00000130   Code   RO         2479    i.doPOITYPEInstruction  app_instructioncmd.o
    0x08010d5c   0x08010d5c   0x00000294   Code   RO         2480    i.doParamInstruction  app_instructioncmd.o
    0x08010ff0   0x08010ff0   0x000000ac   Code   RO         2481    i.doPdopInstrucion  app_instructioncmd.o
    0x0801109c   0x0801109c   0x00000070   Code   RO         1633    i.doPoitypeRequest  app_task.o
    0x0801110c   0x0801110c   0x00000068   Code   RO         2482    i.doResetInstruction  app_instructioncmd.o
    0x08011174   0x08011174   0x000000c8   Code   RO         2483    i.doSNInstruction   app_instructioncmd.o
    0x0801123c   0x0801123c   0x0000007c   Code   RO         2484    i.doServerInstruction  app_instructioncmd.o
    0x080112b8   0x080112b8   0x000000c8   Code   RO         2485    i.doSetAgpsInstruction  app_instructioncmd.o
    0x08011380   0x08011380   0x00000174   Code   RO         2486    i.doSetblemacInstrucion  app_instructioncmd.o
    0x080114f4   0x080114f4   0x000000a8   Code   RO         2487    i.doSmsreplyInstrucion  app_instructioncmd.o
    0x0801159c   0x0801159c   0x00000084   Code   RO         2488    i.doStaticTimeInstrucion  app_instructioncmd.o
    0x08011620   0x08011620   0x000001b8   Code   RO         2489    i.doStatusInstruction  app_instructioncmd.o
    0x080117d8   0x080117d8   0x000000e4   Code   RO         2490    i.doTTSInstruction  app_instructioncmd.o
    0x080118bc   0x080118bc   0x000000c4   Code   RO         2491    i.doTurnAlgInstrucion  app_instructioncmd.o
    0x08011980   0x08011980   0x000000b4   Code   RO         2492    i.doUPSInstruction  app_instructioncmd.o
    0x08011a34   0x08011a34   0x000000e4   Code   RO         2493    i.doUTCInstruction  app_instructioncmd.o
    0x08011b18   0x08011b18   0x00000068   Code   RO         2494    i.doVersionInstruction  app_instructioncmd.o
    0x08011b80   0x08011b80   0x000000a4   Code   RO         2495    i.doVibrangeInstrucion  app_instructioncmd.o
    0x08011c24   0x08011c24   0x00000080   Code   RO         2496    i.doVolInstrucion   app_instructioncmd.o
    0x08011ca4   0x08011ca4   0x0000021c   Code   RO         2356    i.doinstruction     app_atcmd.o
    0x08011ec0   0x08011ec0   0x000000b4   Code   RO         2497    i.dorequestSend123  app_instructioncmd.o
    0x08011f74   0x08011f74   0x00000034   Code   RO          807    i.eepromWriteByte   app_param.o
    0x08011fa8   0x08011fa8   0x00000034   Code   RO          808    i.eepromWriteTwoBytes  app_param.o
    0x08011fdc   0x08011fdc   0x00000034   Code   RO          809    i.eepromWriteWord   app_param.o
    0x08012010   0x08012010   0x00000140   Code   RO         2816    i.encrypt           app_sn.o
    0x08012150   0x08012150   0x00000078   Code   RO         1634    i.exitNetCtl        app_task.o
    0x080121c8   0x080121c8   0x0000002a   Code   RO         2817    i.expand            app_sn.o
    0x080121f2   0x080121f2   0x00000002   PAD
    0x080121f4   0x080121f4   0x00000054   Code   RO         6609    i.free              mc_p.l(malloc.o)
    0x08012248   0x08012248   0x00000050   Code   RO         1635    i.getBatVoltage     app_task.o
    0x08012298   0x08012298   0x0000005c   Code   RO         1935    i.getBatteryLevel   app_serverprotocol.o
    0x080122f4   0x080122f4   0x0000001a   Code   RO          561    i.getCharIndex      app_sys.o
    0x0801230e   0x0801230e   0x00000028   Code   RO          562    i.getCharIndexWithNum  app_sys.o
    0x08012336   0x08012336   0x00000002   PAD
    0x08012338   0x08012338   0x00000008   Code   RO         2133    i.getCurrentGPSInfo  app_gps.o
    0x08012340   0x08012340   0x00000008   Code   RO         2134    i.getGSPfifo        app_gps.o
    0x08012348   0x08012348   0x00000008   Code   RO         2135    i.getLastFixedGPSInfo  app_gps.o
    0x08012350   0x08012350   0x00000008   Code   RO         1214    i.getModuleICCID    app_net.o
    0x08012358   0x08012358   0x00000008   Code   RO         1215    i.getModuleIMEI     app_net.o
    0x08012360   0x08012360   0x00000008   Code   RO         1216    i.getModuleIMSI     app_net.o
    0x08012368   0x08012368   0x0000000c   Code   RO         1217    i.getModuleRssi     app_net.o
    0x08012374   0x08012374   0x0000001a   Code   RO         2934    i.getStep           app_mir3da.o
    0x0801238e   0x0801238e   0x00000002   PAD
    0x08012390   0x08012390   0x00000010   Code   RO          563    i.getTerminalAccState  app_sys.o
    0x080123a0   0x080123a0   0x00000010   Code   RO          564    i.getTerminalChargeState  app_sys.o
    0x080123b0   0x080123b0   0x0000000c   Code   RO         1636    i.gpsChangeFsmState  app_task.o
    0x080123bc   0x080123bc   0x00000028   Code   RO         2136    i.gpsClearCurrentGPSInfo  app_gps.o
    0x080123e4   0x080123e4   0x00000016   Code   RO         2137    i.gpsFilter         app_gps.o
    0x080123fa   0x080123fa   0x00000002   PAD
    0x080123fc   0x080123fc   0x00000014   Code   RO         2208    i.gpsIsRun          app_gpsrestore.o
    0x08012410   0x08012410   0x0000005c   Code   RO         1637    i.gpsLedTask        app_task.o
    0x0801246c   0x0801246c   0x0000000c   Code   RO         2209    i.gpsNoRestoreFileToRead  app_gpsrestore.o
    0x08012478   0x08012478   0x0000005c   Code   RO         1638    i.gpsOutputCheckTask  app_task.o
    0x080124d4   0x080124d4   0x000000f0   Code   RO         2210    i.gpsReadFromModuleAndSendtoServe  app_gpsrestore.o
    0x080125c4   0x080125c4   0x00000010   Code   RO         2211    i.gpsReadRestoreReset  app_gpsrestore.o
    0x080125d4   0x080125d4   0x00000044   Code   RO         1639    i.gpsRequestClear   app_task.o
    0x08012618   0x08012618   0x00000054   Code   RO         1640    i.gpsRequestClose   app_task.o
    0x0801266c   0x0801266c   0x00000010   Code   RO         1641    i.gpsRequestGet     app_task.o
    0x0801267c   0x0801267c   0x00000074   Code   RO         1642    i.gpsRequestOpen    app_task.o
    0x080126f0   0x080126f0   0x00000040   Code   RO         1643    i.gpsRequestSet     app_task.o
    0x08012730   0x08012730   0x000000a4   Code   RO         1644    i.gpsRequestTask    app_task.o
    0x080127d4   0x080127d4   0x000000f8   Code   RO         1936    i.gpsRestoreDataSend  app_serverprotocol.o
    0x080128cc   0x080128cc   0x0000006c   Code   RO         2212    i.gpsRestoreWriteData  app_gpsrestore.o
    0x08012938   0x08012938   0x00000010   Code   RO         1645    i.gpsStartBD        app_task.o
    0x08012948   0x08012948   0x00000028   Code   RO         2213    i.gpsUpdateRestoreFileNameAndTotalSize  app_gpsrestore.o
    0x08012970   0x08012970   0x0000009c   Code   RO         2888    i.gpsUploadPointToServer  app_gpsarithmetic.o
    0x08012a0c   0x08012a0c   0x00000078   Code   RO         1646    i.gpsUplodOnePointTask  app_task.o
    0x08012a84   0x08012a84   0x000000b4   Code   RO         1647    i.gsensorIntervalCheck  app_task.o
    0x08012b38   0x08012b38   0x000001e8   Code   RO         1648    i.gsensorTapTask    app_task.o
    0x08012d20   0x08012d20   0x00000094   Code   RO          246    i.halGetInDma       app_port.o
    0x08012db4   0x08012db4   0x00000014   Code   RO          247    i.halRecvInIdle     app_port.o
    0x08012dc8   0x08012dc8   0x00000018   Code   RO          248    i.halUartRecvPushOut  app_port.o
    0x08012de0   0x08012de0   0x00000084   Code   RO         1649    i.hearbeatRequest   app_task.o
    0x08012e64   0x08012e64   0x0000005e   Code   RO          249    i.iicReadData       app_port.o
    0x08012ec2   0x08012ec2   0x0000002a   Code   RO          250    i.iicWriteData      app_port.o
    0x08012eec   0x08012eec   0x00000050   Code   RO         2889    i.initLastPoint     app_gpsarithmetic.o
    0x08012f3c   0x08012f3c   0x0000004c   Code   RO         2357    i.instructionParser  app_atcmd.o
    0x08012f88   0x08012f88   0x0000000c   Code   RO         1218    i.isModulePowerOn   app_net.o
    0x08012f94   0x08012f94   0x00000014   Code   RO         1219    i.isModuleRunNormal  app_net.o
    0x08012fa8   0x08012fa8   0x00000020   Code   RO         1937    i.isProtocolReday   app_serverprotocol.o
    0x08012fc8   0x08012fc8   0x000000b0   Code   RO            6    i.kernalRun         app_kernal.o
    0x08013078   0x08013078   0x000000a8   Code   RO         2261    i.latitude_to_double  app_nmea.o
    0x08013120   0x08013120   0x00000058   Code   RO         1650    i.lbsUploadRequestTask  app_task.o
    0x08013178   0x08013178   0x0000000c   Code   RO         1651    i.ledRunTask        app_task.o
    0x08013184   0x08013184   0x00000018   Code   RO         1652    i.ledSetPeriod      app_task.o
    0x0801319c   0x0801319c   0x000000a8   Code   RO         2262    i.longitude_to_double  app_nmea.o
    0x08013244   0x08013244   0x00000026   Code   RO         3097    i.main              main.o
    0x0801326a   0x0801326a   0x00000002   PAD
    0x0801326c   0x0801326c   0x0000006c   Code   RO         6610    i.malloc            mc_p.l(malloc.o)
    0x080132d8   0x080132d8   0x00000114   Code   RO         2936    i.mir3da_init       app_mir3da.o
    0x080133ec   0x080133ec   0x00000026   Code   RO         2937    i.mir3da_open_interrupt  app_mir3da.o
    0x08013412   0x08013412   0x00000002   PAD
    0x08013414   0x08013414   0x00000020   Code   RO         2939    i.mir3da_register_read  app_mir3da.o
    0x08013434   0x08013434   0x0000001c   Code   RO         2940    i.mir3da_register_write  app_mir3da.o
    0x08013450   0x08013450   0x00000014   Code   RO         2941    i.mir3da_set_enable  app_mir3da.o
    0x08013464   0x08013464   0x0000001c   Code   RO         1220    i.mode4Callback     app_net.o
    0x08013480   0x08013480   0x0000008c   Code   RO         1653    i.modeRun           app_task.o
    0x0801350c   0x0801350c   0x0000009c   Code   RO         1654    i.modeShutDownQuickly  app_task.o
    0x080135a8   0x080135a8   0x000000a8   Code   RO         1655    i.modeStart         app_task.o
    0x08013650   0x08013650   0x00000068   Code   RO         1656    i.modeStop          app_task.o
    0x080136b8   0x080136b8   0x0000001c   Code   RO         1221    i.moduleInfoInit    app_net.o
    0x080136d4   0x080136d4   0x00000054   Code   RO         1222    i.modulePowerOff    app_net.o
    0x08013728   0x08013728   0x0000006c   Code   RO         1223    i.modulePowerOn     app_net.o
    0x08013794   0x08013794   0x00000064   Code   RO         1224    i.moduleReset       app_net.o
    0x080137f8   0x080137f8   0x00000014   Code   RO         1938    i.moduleResetProcess  app_serverprotocol.o
    0x0801380c   0x0801380c   0x00000040   Code   RO         1225    i.moduleResetProcessA  app_net.o
    0x0801384c   0x0801384c   0x00000284   Code   RO         1226    i.moduleResponParaser  app_net.o
    0x08013ad0   0x08013ad0   0x00000060   Code   RO          756    i.myAppConfig       app_user.o
    0x08013b30   0x08013b30   0x00000014   Code   RO          757    i.myAppRun          app_user.o
    0x08013b44   0x08013b44   0x00000058   Code   RO          565    i.my_getstrindex    app_sys.o
    0x08013b9c   0x08013b9c   0x0000002e   Code   RO          566    i.my_strpach        app_sys.o
    0x08013bca   0x08013bca   0x00000036   Code   RO          567    i.my_strstr         app_sys.o
    0x08013c00   0x08013c00   0x0000003a   Code   RO         2358    i.mycmdPatch        app_atcmd.o
    0x08013c3a   0x08013c3a   0x00000002   PAD
    0x08013c3c   0x08013c3c   0x00000018   Code   RO         1227    i.n58ATA            app_net.o
    0x08013c54   0x08013c54   0x00000048   Code   RO         1228    i.n58AtaParser      app_net.o
    0x08013c9c   0x08013c9c   0x000000a4   Code   RO         1229    i.n58AudplayParser  app_net.o
    0x08013d40   0x08013d40   0x00000088   Code   RO         1230    i.n58CCIDParser     app_net.o
    0x08013dc8   0x08013dc8   0x0000005c   Code   RO         1231    i.n58CGSNParser     app_net.o
    0x08013e24   0x08013e24   0x000000e4   Code   RO         1232    i.n58CIMIParser     app_net.o
    0x08013f08   0x08013f08   0x000000e0   Code   RO         1233    i.n58CMGRParser     app_net.o
    0x08013fe8   0x08013fe8   0x00000088   Code   RO         1234    i.n58CMTIParser     app_net.o
    0x08014070   0x08014070   0x000000a4   Code   RO         1235    i.n58CREGParser     app_net.o
    0x08014114   0x08014114   0x00000090   Code   RO         1236    i.n58CSQParser      app_net.o
    0x080141a4   0x080141a4   0x00000198   Code   RO         1237    i.n58FSLISTParser   app_net.o
    0x0801433c   0x0801433c   0x0000014c   Code   RO         1238    i.n58FswrParser     app_net.o
    0x08014488   0x08014488   0x00000064   Code   RO         1239    i.n58GmrParser      app_net.o
    0x080144ec   0x080144ec   0x0000002c   Code   RO         1240    i.n58MygpsposParser  app_net.o
    0x08014518   0x08014518   0x00000080   Code   RO         1241    i.n58MygpsstateParser  app_net.o
    0x08014598   0x08014598   0x000000e8   Code   RO         1242    i.n58MylacidParser  app_net.o
    0x08014680   0x08014680   0x00000060   Code   RO         1243    i.n58NwblecconParser  app_net.o
    0x080146e0   0x080146e0   0x00000080   Code   RO         1244    i.n58NwbleroleParser  app_net.o
    0x08014760   0x08014760   0x0000007c   Code   RO         1245    i.n58NwbtblepwrParser  app_net.o
    0x080147dc   0x080147dc   0x0000007c   Code   RO         1246    i.n58NwurcblestatParser  app_net.o
    0x08014858   0x08014858   0x000000e0   Code   RO         1247    i.n58TCPRecvParser  app_net.o
    0x08014938   0x08014938   0x00000090   Code   RO         1248    i.n58TCPcloseParser  app_net.o
    0x080149c8   0x080149c8   0x00000178   Code   RO         1249    i.n58TCPsetupParser  app_net.o
    0x08014b40   0x08014b40   0x00000088   Code   RO         1250    i.n58TcpsendParase  app_net.o
    0x08014bc8   0x08014bc8   0x000000d0   Code   RO         1251    i.n58WIFISCANParser  app_net.o
    0x08014c98   0x08014c98   0x0000004c   Code   RO         1252    i.n58cgattParser    app_net.o
    0x08014ce4   0x08014ce4   0x0000001c   Code   RO         1253    i.n58cgdcontParser  app_net.o
    0x08014d00   0x08014d00   0x0000003c   Code   RO         1254    i.n58mysysteminfoParser  app_net.o
    0x08014d3c   0x08014d3c   0x0000002c   Code   RO         1255    i.n58setAPN         app_net.o
    0x08014d68   0x08014d68   0x00000034   Code   RO         1256    i.n58setXGAUTH      app_net.o
    0x08014d9c   0x08014d9c   0x0000001c   Code   RO         1257    i.n58xgauthParser   app_net.o
    0x08014db8   0x08014db8   0x0000001c   Code   RO         1258    i.n58xiicParser     app_net.o
    0x08014dd4   0x08014dd4   0x000000a4   Code   RO         1259    i.n58xiicqueryParser  app_net.o
    0x08014e78   0x08014e78   0x00000010   Code   RO         1939    i.netConnectReset   app_serverprotocol.o
    0x08014e88   0x08014e88   0x00000054   Code   RO         1260    i.netEnterStopMode  app_net.o
    0x08014edc   0x08014edc   0x0000003c   Code   RO         1261    i.netExitStopMode   app_net.o
    0x08014f18   0x08014f18   0x0000004c   Code   RO         1657    i.netModuleShutdown  app_task.o
    0x08014f64   0x08014f64   0x0000008c   Code   RO         1658    i.netModuleStartup  app_task.o
    0x08014ff0   0x08014ff0   0x00000014   Code   RO         1262    i.netWorkModuleRunOk  app_net.o
    0x08015004   0x08015004   0x000004f0   Code   RO         1263    i.networkConnectProcess  app_net.o
    0x080154f4   0x080154f4   0x00000050   Code   RO         2263    i.nmeaParse         app_nmea.o
    0x08015544   0x08015544   0x0000000c   Code   RO         1659    i.noNetWakeUpGapInit  app_task.o
    0x08015550   0x08015550   0x00000048   Code   RO         1660    i.noNetWakeUpGapUpdate  app_task.o
    0x08015598   0x08015598   0x0000001c   Code   RO         1264    i.openModuleGPS     app_net.o
    0x080155b4   0x080155b4   0x00000058   Code   RO         1265    i.outPutNodeCmd     app_net.o
    0x0801560c   0x0801560c   0x00000084   Code   RO         1940    i.packIMEI          app_serverprotocol.o
    0x08015690   0x08015690   0x00000238   Code   RO          810    i.paramDefaultInit  app_param.o
    0x080158c8   0x080158c8   0x00000020   Code   RO          811    i.paramGetAdcCal    app_param.o
    0x080158e8   0x080158e8   0x00000014   Code   RO          812    i.paramGetAgpsPort  app_param.o
    0x080158fc   0x080158fc   0x0000002c   Code   RO          813    i.paramGetAgpsPswd  app_param.o
    0x08015928   0x08015928   0x0000002c   Code   RO          814    i.paramGetAgpsServer  app_param.o
    0x08015954   0x08015954   0x0000002c   Code   RO          815    i.paramGetAgpsUser  app_param.o
    0x08015980   0x08015980   0x0000001c   Code   RO          816    i.paramGetApnName   app_param.o
    0x0801599c   0x0801599c   0x0000001c   Code   RO          817    i.paramGetApnPswd   app_param.o
    0x080159b8   0x080159b8   0x0000001c   Code   RO          818    i.paramGetApnUser   app_param.o
    0x080159d4   0x080159d4   0x00000014   Code   RO          819    i.paramGetAutoParam  app_param.o
    0x080159e8   0x080159e8   0x00000020   Code   RO          820    i.paramGetBleMac    app_param.o
    0x08015a08   0x08015a08   0x0000000c   Code   RO          821    i.paramGetCM        app_param.o
    0x08015a14   0x08015a14   0x0000001c   Code   RO          822    i.paramGetCodeVersion  app_param.o
    0x08015a30   0x08015a30   0x0000000c   Code   RO          823    i.paramGetGPSUploadInterval  app_param.o
    0x08015a3c   0x08015a3c   0x0000000c   Code   RO          824    i.paramGetHeartbeatInterval  app_param.o
    0x08015a48   0x08015a48   0x0000000c   Code   RO          825    i.paramGetLoww      app_param.o
    0x08015a54   0x08015a54   0x00000014   Code   RO          826    i.paramGetMode2cnt  app_param.o
    0x08015a68   0x08015a68   0x0000002c   Code   RO          827    i.paramGetServer    app_param.o
    0x08015a94   0x08015a94   0x00000020   Code   RO          828    i.paramGetSnNumber  app_param.o
    0x08015ab4   0x08015ab4   0x00000014   Code   RO          829    i.paramGetStaticTime  app_param.o
    0x08015ac8   0x08015ac8   0x00000014   Code   RO          830    i.paramGetStep      app_param.o
    0x08015adc   0x08015adc   0x00000028   Code   RO          831    i.paramGetUPSServer  app_param.o
    0x08015b04   0x08015b04   0x00000014   Code   RO          833    i.paramGetVibrange  app_param.o
    0x08015b18   0x08015b18   0x000002c8   Code   RO          834    i.paramInit         app_param.o
    0x08015de0   0x08015de0   0x00000018   Code   RO          835    i.paramSaveACCCTLGNSS  app_param.o
    0x08015df8   0x08015df8   0x00000020   Code   RO          836    i.paramSaveAdcCal   app_param.o
    0x08015e18   0x08015e18   0x00000018   Code   RO          837    i.paramSaveAgpsPort  app_param.o
    0x08015e30   0x08015e30   0x00000028   Code   RO          838    i.paramSaveAgpsPswd  app_param.o
    0x08015e58   0x08015e58   0x00000028   Code   RO          839    i.paramSaveAgpsServer  app_param.o
    0x08015e80   0x08015e80   0x00000028   Code   RO          840    i.paramSaveAgpsUser  app_param.o
    0x08015ea8   0x08015ea8   0x00000028   Code   RO          841    i.paramSaveAlarmTime  app_param.o
    0x08015ed0   0x08015ed0   0x0000003c   Code   RO          842    i.paramSaveApnName  app_param.o
    0x08015f0c   0x08015f0c   0x0000003c   Code   RO          843    i.paramSaveApnPswd  app_param.o
    0x08015f48   0x08015f48   0x0000003c   Code   RO          844    i.paramSaveApnUser  app_param.o
    0x08015f84   0x08015f84   0x00000018   Code   RO          845    i.paramSaveAutoAnswer  app_param.o
    0x08015f9c   0x08015f9c   0x0000000e   Code   RO          846    i.paramSaveAutoParam  app_param.o
    0x08015faa   0x08015faa   0x00000002   PAD
    0x08015fac   0x08015fac   0x00000018   Code   RO          847    i.paramSaveBF       app_param.o
    0x08015fc4   0x08015fc4   0x0000003e   Code   RO          848    i.paramSaveBleMac   app_param.o
    0x08016002   0x08016002   0x0000000e   Code   RO          849    i.paramSaveCM       app_param.o
    0x08016010   0x08016010   0x00000026   Code   RO          850    i.paramSaveCodeVersion  app_param.o
    0x08016036   0x08016036   0x00000002   PAD
    0x08016038   0x08016038   0x00000018   Code   RO          851    i.paramSaveFence    app_param.o
    0x08016050   0x08016050   0x00000010   Code   RO          852    i.paramSaveGPSUploadInterval  app_param.o
    0x08016060   0x08016060   0x00000014   Code   RO          853    i.paramSaveHardFault  app_param.o
    0x08016074   0x08016074   0x00000010   Code   RO          854    i.paramSaveHeartbeatInterval  app_param.o
    0x08016084   0x08016084   0x00000018   Code   RO          855    i.paramSaveInterval  app_param.o
    0x0801609c   0x0801609c   0x00000018   Code   RO          856    i.paramSaveLedCtl   app_param.o
    0x080160b4   0x080160b4   0x00000018   Code   RO          857    i.paramSaveLightAlarmMode  app_param.o
    0x080160cc   0x080160cc   0x0000000e   Code   RO          858    i.paramSaveLoww     app_param.o
    0x080160da   0x080160da   0x00000002   PAD
    0x080160dc   0x080160dc   0x00000014   Code   RO          859    i.paramSaveMallocFault  app_param.o
    0x080160f0   0x080160f0   0x00000018   Code   RO          860    i.paramSaveMode     app_param.o
    0x08016108   0x08016108   0x00000018   Code   RO          861    i.paramSaveMode1GapDay  app_param.o
    0x08016120   0x08016120   0x00000018   Code   RO          862    i.paramSaveMode1Timer  app_param.o
    0x08016138   0x08016138   0x00000018   Code   RO          863    i.paramSaveMode2cnt  app_param.o
    0x08016150   0x08016150   0x00000018   Code   RO          864    i.paramSaveNoNetWakeUpMinutes  app_param.o
    0x08016168   0x08016168   0x00000018   Code   RO          865    i.paramSavePdop     app_param.o
    0x08016180   0x08016180   0x00000018   Code   RO          866    i.paramSavePoitype  app_param.o
    0x08016198   0x08016198   0x0000004a   Code   RO          867    i.paramSaveServer   app_param.o
    0x080161e2   0x080161e2   0x0000000e   Code   RO          869    i.paramSaveSmsreply  app_param.o
    0x080161f0   0x080161f0   0x0000001e   Code   RO          870    i.paramSaveSnNumber  app_param.o
    0x0801620e   0x0801620e   0x00000002   PAD
    0x08016210   0x08016210   0x00000018   Code   RO          871    i.paramSaveStaticTime  app_param.o
    0x08016228   0x08016228   0x00000014   Code   RO          872    i.paramSaveStep     app_param.o
    0x0801623c   0x0801623c   0x00000018   Code   RO          873    i.paramSaveTurnalg  app_param.o
    0x08016254   0x08016254   0x00000046   Code   RO          874    i.paramSaveUPSServer  app_param.o
    0x0801629a   0x0801629a   0x00000002   PAD
    0x0801629c   0x0801629c   0x00000018   Code   RO          875    i.paramSaveUTC      app_param.o
    0x080162b4   0x080162b4   0x00000014   Code   RO          876    i.paramSaveUpdateStatus  app_param.o
    0x080162c8   0x080162c8   0x00000014   Code   RO          877    i.paramSaveVibrange  app_param.o
    0x080162dc   0x080162dc   0x00000138   Code   RO         2264    i.parseGPS          app_nmea.o
    0x08016414   0x08016414   0x0000001c   Code   RO         2265    i.parse_GGA         app_nmea.o
    0x08016430   0x08016430   0x0000003c   Code   RO         2266    i.parse_GSA         app_nmea.o
    0x0801646c   0x0801646c   0x000001c4   Code   RO         2267    i.parse_GSV         app_nmea.o
    0x08016630   0x08016630   0x00000158   Code   RO         2268    i.parse_RMC         app_nmea.o
    0x08016788   0x08016788   0x00000038   Code   RO         1266    i.playAudio         app_net.o
    0x080167c0   0x080167c0   0x00000034   Code   RO          251    i.portClearStep     app_port.o
    0x080167f4   0x080167f4   0x00000038   Code   RO          252    i.portGetAdc        app_port.o
    0x0801682c   0x0801682c   0x00000036   Code   RO          253    i.portGetDateTimeOfSeconds  app_port.o
    0x08016862   0x08016862   0x00000002   PAD
    0x08016864   0x08016864   0x00000058   Code   RO          254    i.portGetSystemDateTime  app_port.o
    0x080168bc   0x080168bc   0x000000b4   Code   RO          255    i.portGsensorCfg    app_port.o
    0x08016970   0x08016970   0x00000010   Code   RO          256    i.portGsensorInt    app_port.o
    0x08016980   0x08016980   0x00000050   Code   RO          257    i.portGsensorSdaSclCtl  app_port.o
    0x080169d0   0x080169d0   0x00000088   Code   RO          258    i.portLdrInt        app_port.o
    0x08016a58   0x08016a58   0x0000001c   Code   RO          259    i.portLowPowerCfg   app_port.o
    0x08016a74   0x08016a74   0x000000c0   Code   RO          260    i.portModuleCfg     app_port.o
    0x08016b34   0x08016b34   0x00000020   Code   RO          261    i.portPollUart      app_port.o
    0x08016b54   0x08016b54   0x00000054   Code   RO          262    i.portRingSignal    app_port.o
    0x08016ba8   0x08016ba8   0x0000003c   Code   RO          263    i.portSaveStep      app_port.o
    0x08016be4   0x08016be4   0x00000144   Code   RO          264    i.portSetNextAlarmTime  app_port.o
    0x08016d28   0x08016d28   0x000000d8   Code   RO          265    i.portSetNextWakeUpTime  app_port.o
    0x08016e00   0x08016e00   0x00000150   Code   RO          266    i.portSetSystemDateTime  app_port.o
    0x08016f50   0x08016f50   0x00000028   Code   RO          267    i.portSystemReset   app_port.o
    0x08016f78   0x08016f78   0x00000140   Code   RO          268    i.portUartCfg       app_port.o
    0x080170b8   0x080170b8   0x00000014   Code   RO          269    i.portUartSend      app_port.o
    0x080170cc   0x080170cc   0x0000001c   Code   RO          270    i.portUpdateStep    app_port.o
    0x080170e8   0x080170e8   0x00000010   Code   RO          271    i.portWdtFeed       app_port.o
    0x080170f8   0x080170f8   0x000009fc   Code   RO         6297    i.pow               m_ps.l(pow.o)
    0x08017af4   0x08017af4   0x000000bc   Code   RO         1941    i.protoclparser51   app_serverprotocol.o
    0x08017bb0   0x08017bb0   0x000000c8   Code   RO         1942    i.protoclparser52   app_serverprotocol.o
    0x08017c78   0x08017c78   0x000001d0   Code   RO         1944    i.protocolGPSpack   app_serverprotocol.o
    0x08017e48   0x08017e48   0x0000010c   Code   RO         1945    i.protocolReceivePush  app_serverprotocol.o
    0x08017f54   0x08017f54   0x00000128   Code   RO         1946    i.protocolRunFsm    app_serverprotocol.o
    0x0801807c   0x0801807c   0x00000134   Code   RO         1947    i.protocolRxParser  app_serverprotocol.o
    0x080181b0   0x080181b0   0x0000000a   Code   RO         1267    i.reConnectServer   app_net.o
    0x080181ba   0x080181ba   0x00000002   PAD
    0x080181bc   0x080181bc   0x0000001c   Code   RO         1948    i.reCover123InstructionId  app_serverprotocol.o
    0x080181d8   0x080181d8   0x00000048   Code   RO         2942    i.readInterruptConfig  app_mir3da.o
    0x08018220   0x08018220   0x000000b0   Code   RO         2943    i.read_gsensor_id   app_mir3da.o
    0x080182d0   0x080182d0   0x00000008   Code   RO         2715    i.recGetRecStruct   app_rec.o
    0x080182d8   0x080182d8   0x00000014   Code   RO         2716    i.recIsRun          app_rec.o
    0x080182ec   0x080182ec   0x00000028   Code   RO         2717    i.recNoFileToread   app_rec.o
    0x08018314   0x08018314   0x0000000c   Code   RO         2718    i.recReadFileOk     app_rec.o
    0x08018320   0x08018320   0x000000bc   Code   RO         2719    i.recRecordUploadTask  app_rec.o
    0x080183dc   0x080183dc   0x000000a4   Code   RO         2720    i.recStart          app_rec.o
    0x08018480   0x08018480   0x00000038   Code   RO         2721    i.recStop           app_rec.o
    0x080184b8   0x080184b8   0x00000014   Code   RO         2722    i.recStopAndUpload  app_rec.o
    0x080184cc   0x080184cc   0x00000014   Code   RO         2723    i.recUpdateFileName  app_rec.o
    0x080184e0   0x080184e0   0x0000004c   Code   RO         2724    i.recUpdateFileSize  app_rec.o
    0x0801852c   0x0801852c   0x0000000a   Code   RO         1661    i.repairGsensor     app_task.o
    0x08018536   0x08018536   0x00000004   Code   RO         2725    i.resIsCycleRuning  app_rec.o
    0x0801853a   0x0801853a   0x00000002   PAD
    0x0801853c   0x0801853c   0x00000048   Code   RO         1662    i.runTimeCount      app_task.o
    0x08018584   0x08018584   0x0000001c   Code   RO         1949    i.save123InstructionId  app_serverprotocol.o
    0x080185a0   0x080185a0   0x0000002c   Code   RO         1268    i.sendDataToServer  app_net.o
    0x080185cc   0x080185cc   0x0000004c   Code   RO         1269    i.sendMessage       app_net.o
    0x08018618   0x08018618   0x000000f8   Code   RO         2498    i.sendMessageWithDifMode  app_instructioncmd.o
    0x08018710   0x08018710   0x000000c8   Code   RO         1270    i.sendModuleCmd     app_net.o
    0x080187d8   0x080187d8   0x00000188   Code   RO         1950    i.sendProtocolToServer  app_serverprotocol.o
    0x08018960   0x08018960   0x00000074   Code   RO         1663    i.setAgps           app_task.o
    0x080189d4   0x080189d4   0x0000001c   Code   RO         1271    i.setModuleVol      app_net.o
    0x080189f0   0x080189f0   0x000000b8   Code   RO         2818    i.setkey            app_sn.o
    0x08018aa8   0x08018aa8   0x000001ec   Code   RO         2269    i.showgpsinfo       app_nmea.o
    0x08018c94   0x08018c94   0x00000084   Code   RO         1664    i.signalLedTask     app_task.o
    0x08018d18   0x08018d18   0x0000009c   Code   RO         6307    i.sin               m_ps.l(sin.o)
    0x08018db4   0x08018db4   0x00000048   Code   RO         6315    i.sqrt              m_ps.l(sqrt.o)
    0x08018dfc   0x08018dfc   0x00000054   Code   RO         2944    i.startStep         app_mir3da.o
    0x08018e50   0x08018e50   0x00000070   Code   RO            7    i.startTimer        app_kernal.o
    0x08018ec0   0x08018ec0   0x00000068   Code   RO            8    i.stopTimer         app_kernal.o
    0x08018f28   0x08018f28   0x0000012c   Code   RO          568    i.stringToItem      app_sys.o
    0x08019054   0x08019054   0x00000050   Code   RO         1665    i.systemModeRunStart  app_task.o
    0x080190a4   0x080190a4   0x00000054   Code   RO         1666    i.systemModeTask    app_task.o
    0x080190f8   0x080190f8   0x00000010   Code   RO         1667    i.systemRequestClear  app_task.o
    0x08019108   0x08019108   0x00000010   Code   RO         1668    i.systemRequestSet  app_task.o
    0x08019118   0x08019118   0x0000016c   Code   RO         1669    i.systemRequestTask  app_task.o
    0x08019284   0x08019284   0x00000090   Code   RO         1670    i.systemShutDown    app_task.o
    0x08019314   0x08019314   0x00000050   Code   RO           10    i.systemTaskResume  app_kernal.o
    0x08019364   0x08019364   0x00000050   Code   RO           11    i.systemTaskSuspend  app_kernal.o
    0x080193b4   0x080193b4   0x000000b8   Code   RO          758    i.tapInt            app_user.o
    0x0801946c   0x0801946c   0x00000044   Code   RO         1671    i.taskRunInOneSecond  app_task.o
    0x080194b0   0x080194b0   0x00000010   Code   RO          569    i.terminalAccoff    app_sys.o
    0x080194c0   0x080194c0   0x00000010   Code   RO          570    i.terminalAccon     app_sys.o
    0x080194d0   0x080194d0   0x00000014   Code   RO          571    i.terminalAlarmSet  app_sys.o
    0x080194e4   0x080194e4   0x00000010   Code   RO          572    i.terminalCharge    app_sys.o
    0x080194f4   0x080194f4   0x00000010   Code   RO          575    i.terminalGPSFixed  app_sys.o
    0x08019504   0x08019504   0x00000010   Code   RO          576    i.terminalGPSUnFixed  app_sys.o
    0x08019514   0x08019514   0x00000010   Code   RO          577    i.terminalunCharge  app_sys.o
    0x08019524   0x08019524   0x0000008c   Code   RO          272    i.updateAlarmA      app_port.o
    0x080195b0   0x080195b0   0x0000006c   Code   RO         2138    i.updateLocalRTCTime  app_gps.o
    0x0801961c   0x0801961c   0x00000010   Code   RO          578    i.updateRTCtimeRequest  app_sys.o
    0x0801962c   0x0801962c   0x00000030   Code   RO         2946    i.updateRange       app_mir3da.o
    0x0801965c   0x0801965c   0x00000070   Code   RO         1672    i.updateSystemLedStatus  app_task.o
    0x080196cc   0x080196cc   0x0000000c   Code   RO          579    i.updateSystemStartTime  app_sys.o
    0x080196d8   0x080196d8   0x00000034   Code   RO         1951    i.uploadGpsRestoreData  app_serverprotocol.o
    0x0801970c   0x0801970c   0x000000b8   Code   RO         1673    i.uploadRequestInMode4  app_task.o
    0x080197c4   0x080197c4   0x0000035c   Code   RO         1674    i.voltageCheckTask  app_task.o
    0x08019b20   0x08019b20   0x000000fc   Code   RO         1675    i.wdtProcess        app_task.o
    0x08019c1c   0x08019c1c   0x00000020   Code   RO         1676    i.wifiUploadRequestTask  app_task.o
    0x08019c3c   0x08019c3c   0x00000056   Code   RO         2819    i.ztvm_encrypt_des  app_sn.o
    0x08019c92   0x08019c92   0x00000058   Code   RO         2820    i.ztvm_encrypt_undes  app_sn.o
    0x08019cea   0x08019cea   0x00000028   Code   RO         2821    i.ztvm_encrypt_untrides  app_sn.o
    0x08019d12   0x08019d12   0x0000020d   Data   RO          581    .constdata          app_sys.o
    0x08019f1f   0x08019f1f   0x00000001   PAD
    0x08019f20   0x08019f20   0x000001d0   Data   RO         1273    .constdata          app_net.o
    0x0801a0f0   0x0801a0f0   0x00000015   Data   RO         1678    .constdata          app_task.o
    0x0801a105   0x0801a105   0x00000003   PAD
    0x0801a108   0x0801a108   0x000001e2   Data   RO         2359    .constdata          app_atcmd.o
    0x0801a2ea   0x0801a2ea   0x00000348   Data   RO         2823    .constdata          app_sn.o
    0x0801a632   0x0801a632   0x00000019   Data   RO         6237    .constdata          system_stm32l0xx.o
    0x0801a64b   0x0801a64b   0x00000008   Data   RO         6238    .constdata          system_stm32l0xx.o
    0x0801a653   0x0801a653   0x00000005   PAD
    0x0801a658   0x0801a658   0x00000050   Data   RO         6276    .constdata          m_ps.l(asin.o)
    0x0801a6a8   0x0801a6a8   0x00000088   Data   RO         6298    .constdata          m_ps.l(pow.o)
    0x0801a730   0x0801a730   0x0000000c   Data   RO         6332    .constdata          mc_p.l(mktime.o)
    0x0801a73c   0x0801a73c   0x00000004   PAD
    0x0801a740   0x0801a740   0x00000030   Data   RO         6678    .constdata          m_ps.l(cos_i.o)
    0x0801a770   0x0801a770   0x00000008   Data   RO         6698    .constdata          m_ps.l(qnan.o)
    0x0801a778   0x0801a778   0x000000c8   Data   RO         6701    .constdata          m_ps.l(rred.o)
    0x0801a840   0x0801a840   0x00000028   Data   RO         6705    .constdata          m_ps.l(sin_i.o)
    0x0801a868   0x0801a868   0x00000081   Data   RO         6734    .constdata          mc_p.l(ctype_o.o)
    0x0801a8e9   0x0801a8e9   0x00000003   PAD
    0x0801a8ec   0x0801a8ec   0x00000004   Data   RO         6735    .constdata          mc_p.l(ctype_o.o)
    0x0801a8f0   0x0801a8f0   0x0000000c   Data   RO         6765    .constdata          mc_p.l(localtime_i.o)
    0x0801a8fc   0x0801a8fc   0x00000283   Data   RO         1274    .conststring        app_net.o
    0x0801ab7f   0x0801ab7f   0x00000001   PAD
    0x0801ab80   0x0801ab80   0x000001d8   Data   RO         2360    .conststring        app_atcmd.o
    0x0801ad58   0x0801ad58   0x0000020d   Data   RO         2500    .conststring        app_instructioncmd.o
    0x0801af65   0x0801af65   0x00000003   PAD
    0x0801af68   0x0801af68   0x00000020   Data   RO         6816    Region$$Table       anon$$obj.o


    Execution Region RW_IRAM1 (Exec base: 0x20000000, Load base: 0x0801af88, Size: 0x00004350, Max: 0x00005000, ABSOLUTE)

    Exec Addr    Load Addr    Size         Type   Attr      Idx    E Section Name        Object

    0x20000000   0x0801af88   0x00000004   Data   RW           14    .data               app_kernal.o
    0x20000004   0x0801af8c   0x00000008   Data   RW          274    .data               app_port.o
    0x2000000c   0x0801af94   0x00000001   Data   RW          760    .data               app_user.o
    0x2000000d   0x0801af95   0x00000003   PAD
    0x20000010   0x0801af98   0x00000008   Data   RW         1275    .data               app_net.o
    0x20000018   0x0801afa0   0x0000002c   Data   RW         1679    .data               app_task.o
    0x20000044   0x0801afcc   0x0000000e   Data   RW         1953    .data               app_serverprotocol.o
    0x20000052   0x0801afda   0x00000001   Data   RW         2271    .data               app_nmea.o
    0x20000053   0x0801afdb   0x00000001   Data   RW         2501    .data               app_instructioncmd.o
    0x20000054   0x0801afdc   0x00000012   Data   RW         2824    .data               app_sn.o
    0x20000066   0x0801afee   0x00000002   PAD
    0x20000068   0x0801aff0   0x00000008   Data   RW         2891    .data               app_gpsarithmetic.o
    0x20000070   0x0801aff8   0x00000001   Data   RW         2947    .data               app_mir3da.o
    0x20000071   0x0801aff9   0x00000003   PAD
    0x20000074   0x0801affc   0x0000000c   Data   RW         3745    .data               stm32l0xx_hal.o
    0x20000080   0x0801b008   0x00000004   Data   RW         6239    .data               system_stm32l0xx.o
    0x20000084   0x0801b00c   0x00000004   Data   RW         6767    .data               mc_p.l(mvars.o)
    0x20000088   0x0801b010   0x00000004   Data   RW         6768    .data               mc_p.l(mvars.o)
    0x2000008c   0x0801b014   0x00000004   Data   RW         6772    .data               mc_p.l(errno.o)
    0x20000090        -       0x00000010   Zero   RW           13    .bss                app_kernal.o
    0x200000a0        -       0x000009bc   Zero   RW          273    .bss                app_port.o
    0x20000a5c        -       0x00000184   Zero   RW          580    .bss                app_sys.o
    0x20000be0        -       0x00000028   Zero   RW          759    .bss                app_user.o
    0x20000c08        -       0x000001e2   Zero   RW          878    .bss                app_param.o
    0x20000dea   0x0801b018   0x00000002   PAD
    0x20000dec        -       0x000000a1   Zero   RW         1272    .bss                app_net.o
    0x20000e8d   0x0801b018   0x00000003   PAD
    0x20000e90        -       0x00000020   Zero   RW         1677    .bss                app_task.o
    0x20000eb0        -       0x00000848   Zero   RW         1952    .bss                app_serverprotocol.o
    0x200016f8        -       0x00000438   Zero   RW         2139    .bss                app_gps.o
    0x20001b30        -       0x0000003c   Zero   RW         2214    .bss                app_gpsrestore.o
    0x20001b6c   0x0801b018   0x00000004   PAD
    0x20001b70        -       0x00000070   Zero   RW         2270    .bss                app_nmea.o
    0x20001be0        -       0x0000001e   Zero   RW         2499    .bss                app_instructioncmd.o
    0x20001bfe   0x0801b018   0x00000002   PAD
    0x20001c00        -       0x00000044   Zero   RW         2726    .bss                app_rec.o
    0x20001c44        -       0x000003c0   Zero   RW         2822    .bss                app_sn.o
    0x20002004   0x0801b018   0x00000004   PAD
    0x20002008        -       0x00000020   Zero   RW         2890    .bss                app_gpsarithmetic.o
    0x20002028        -       0x00000017   Zero   RW         3040    .bss                app_ble.o
    0x2000203f   0x0801b018   0x00000001   PAD
    0x20002040        -       0x0000005c   Zero   RW         3160    .bss                adc.o
    0x2000209c        -       0x00000010   Zero   RW         3254    .bss                iwdg.o
    0x200020ac        -       0x00000264   Zero   RW         3284    .bss                usart.o
    0x20002310        -       0x00000024   Zero   RW         3332    .bss                rtc.o
    0x20002334        -       0x00000018   Zero   RW         4658    .bss                stm32l0xx_hal_flash.o
    0x2000234c   0x0801b018   0x00000004   PAD
    0x20002350        -       0x00001000   Zero   RW         6268    HEAP                startup_stm32l071xx.o
    0x20003350        -       0x00001000   Zero   RW         6267    STACK               startup_stm32l071xx.o


==============================================================================

Image component sizes


      Code (inc. data)   RO Data    RW Data    ZI Data      Debug   Object Name

       192         20          0          0         92       1519   adc.o
      3066        972        954          0          0      12456   app_atcmd.o
       412         66          0          0         23       3864   app_ble.o
       354         42          0          0       1080       3934   app_gps.o
       976        176          0          8         32       4268   app_gpsarithmetic.o
       436        154          0          0         60       3709   app_gpsrestore.o
     10140       3966        525          1         30      30886   app_instructioncmd.o
       820        256          0          4         16     365825   app_kernal.o
       836        246          0          1          0       6322   app_mir3da.o
      8296       1970       1107          8        161      44737   app_net.o
      2252        308          0          1        112       9188   app_nmea.o
      3294        628          0          0        482      38786   app_param.o
      4136        928          0          8       2492      33209   app_port.o
       608        180          0          0         68       5783   app_rec.o
      4400        520          0         14       2120      24562   app_serverprotocol.o
      1136         36        840         18        960       8359   app_sn.o
      1560        182        525          0        388      19078   app_sys.o
      6414       1908         21         44         32      27189   app_task.o
       338         58          0          1         40       7203   app_user.o
        56          4          0          0          0        686   dma.o
       284         38          0          0          0        911   gpio.o
        44         12          0          0         16        615   iwdg.o
       184         10          0          0          0       1800   main.o
       116         16          0          0         36       1339   rtc.o
        28          8        192          0       8192        580   startup_stm32l071xx.o
       204         36          0         12          0       9924   stm32l0xx_hal.o
      1274         36          0          0          0       8392   stm32l0xx_hal_adc.o
       170          0          0          0          0       1382   stm32l0xx_hal_adc_ex.o
       208         40          0          0          0      13214   stm32l0xx_hal_cortex.o
       712         22          0          0          0       6006   stm32l0xx_hal_dma.o
       256         16          0          0         24       4110   stm32l0xx_hal_flash.o
       156         26          0          0          0       2211   stm32l0xx_hal_flash_ex.o
       674         66          0          0          0       4236   stm32l0xx_hal_gpio.o
       116         20          0          0          0       1691   stm32l0xx_hal_iwdg.o
        24          4          0          0          0        410   stm32l0xx_hal_msp.o
       116         16          0          0          0       1219   stm32l0xx_hal_pwr.o
        32          8          0          0          0       1001   stm32l0xx_hal_pwr_ex.o
      1718         90          0          0          0       5580   stm32l0xx_hal_rcc.o
       376         14          0          0          0       1408   stm32l0xx_hal_rcc_ex.o
      1744         42          0          0          0      10609   stm32l0xx_hal_rtc.o
       306         18          0          0          0       3120   stm32l0xx_hal_rtc_ex.o
      2566        100          0          0          0      15805   stm32l0xx_hal_uart.o
         2          0          0          0          0        956   stm32l0xx_hal_uart_ex.o
       182         36          0          0          0       5109   stm32l0xx_it.o
        88         22         33          4          0       1151   system_stm32l0xx.o
       696         78          0          0        612       3494   usart.o

    ----------------------------------------------------------------------
     62068      13394       4242        132      17088     757836   Object Totals
         0          0         32          0          0          0   (incl. Generated)
        70          0         13          8         20          0   (incl. Padding)

    ----------------------------------------------------------------------

      Code (inc. data)   RO Data    RW Data    ZI Data      Debug   Library Member Name

       628         54         80          0          0        104   asin.o
        42          0          0          0          0         76   atof.o
       152         10          0          0          0        104   cos.o
       244         20         48          0          0         92   cos_i.o
        94         14          0          0          0        408   dunder.o
        44          4          0          0          0         60   fpclassify.o
       172          0          0          0          0         76   poly.o
      2556        196        136          0          0        240   pow.o
         0          0          8          0          0          0   qnan.o
       924         86        200          0          0        120   rred.o
       156         10          0          0          0        104   sin.o
       236         14         40          0          0        100   sin_i.o
        72          6          0          0          0         76   sqrt.o
        30          0          0          0          0         60   _chval.o
        68          0          0          0          0         76   _sgetc.o
       166          0          0          0          0         84   _strtoul.o
        26          0          0          0          0         72   atoi.o
        26          0          0          0          0         72   atol.o
         8          4        133          0          0         60   ctype_o.o
         0          0          0          0          0          0   entry.o
         0          0          0          0          0          0   entry10a.o
         0          0          0          0          0          0   entry11a.o
         8          4          0          0          0          0   entry2.o
         4          0          0          0          0          0   entry5.o
         0          0          0          0          0          0   entry7b.o
         0          0          0          0          0          0   entry8b.o
         8          4          0          0          0          0   entry9a.o
        32         16          0          4          0        180   errno.o
        30          0          0          0          0          0   handlers.o
        40          0          0          0          0         72   idiv.o
        36          8          0          0          0         68   init.o
        18          0          0          0          0         68   isspace_o.o
         0          0          0          0          0          0   iusefp.o
       122          0          0          0          0         84   llmul.o
        32          0          0          0          0         68   llshl.o
        38          0          0          0          0         68   llsshr.o
        34          0          0          0          0         68   llushr.o
       116         12         12          0          0         72   localtime_i.o
       192         20          0          0          0        144   malloc.o
        36          0          0          0          0         60   memcpya.o
        36          0          0          0          0        100   memseta.o
       140         16         12          0          0         72   mktime.o
         0          0          0          8          0          0   mvars.o
      2306        100          0          0          0        544   printfa.o
       898         12          0          0          0        184   scanf_fp.o
        18          0          0          0          0         60   strcpy.o
        14          0          0          0          0         60   strlen.o
        26          0          0          0          0         68   strncpy.o
        40          0          0          0          0         72   strstr.o
       164         16          0          0          0        120   strtod.o
       112          4          0          0          0         76   strtol.o
       118          0          0          0          0         84   strtoul.o
        44          0          0          0          0         72   uidiv.o
        96          0          0          0          0         84   uldiv.o
        40          2          0          0          0         68   cdcmple.o
        40          2          0          0          0         68   cdrcmple.o
        20          0          0          0          0         68   cfcmple.o
        56          0          0          0          0         68   d2f.o
       356          4          0          0          0        140   dadd.o
       240          6          0          0          0         84   ddiv.o
       236          0          0          0          0        216   depilogue.o
        72         10          0          0          0         72   dfixi.o
        60         10          0          0          0         68   dfixui.o
        64         10          0          0          0         68   dfixul.o
        40          6          0          0          0         68   dflti.o
        28          4          0          0          0         68   dfltui.o
        28          6          0          0          0         68   dfltul.o
       208          6          0          0          0         88   dmul.o
        44          0          0          0          0         72   dscalb.o
       162          0          0          0          0         80   dsqrt.o
        40          0          0          0          0         60   f2d.o
       178          0          0          0          0        108   fadd.o
       124          0          0          0          0         72   fdiv.o
       130          0          0          0          0        144   fepilogue.o
        40          0          0          0          0         60   ffixui.o
        14          0          0          0          0         68   ffltui.o
       122          0          0          0          0         72   fmul.o

    ----------------------------------------------------------------------
     12766        696        676         12          0       6480   Library Totals
        22          0          7          0          0          0   (incl. Padding)

    ----------------------------------------------------------------------

      Code (inc. data)   RO Data    RW Data    ZI Data      Debug   Library Name

      5320        414        512          0          0       1560   m_ps.l
      5082        216        157         12          0       2972   mc_p.l
      2342         66          0          0          0       1948   mf_p.l

    ----------------------------------------------------------------------
     12766        696        676         12          0       6480   Library Totals

    ----------------------------------------------------------------------

==============================================================================


      Code (inc. data)   RO Data    RW Data    ZI Data      Debug   

     74834      14090       4918        144      17088     737296   Grand Totals
     74834      14090       4918        144      17088     737296   ELF Image Totals
     74834      14090       4918        144          0          0   ROM Totals

==============================================================================

    Total RO  Size (Code + RO Data)                79752 (  77.88kB)
    Total RW  Size (RW Data + ZI Data)             17232 (  16.83kB)
    Total ROM Size (Code + RO Data + RW Data)      79896 (  78.02kB)

==============================================================================

