Component: ARM Compiler 5.06 update 7 (build 960) Tool: armlink [4d3601]

==============================================================================

Image Symbol Table

    Local Symbols

    Symbol Name                              Value     Ov Type        Size  Object(Section)

    ../Drivers/STM32L0xx_HAL_Driver/Src/stm32l0xx_hal.c 0x00000000   Number         0  stm32l0xx_hal.o ABSOLUTE
    ../Drivers/STM32L0xx_HAL_Driver/Src/stm32l0xx_hal_adc.c 0x00000000   Number         0  stm32l0xx_hal_adc.o ABSOLUTE
    ../Drivers/STM32L0xx_HAL_Driver/Src/stm32l0xx_hal_adc_ex.c 0x00000000   Number         0  stm32l0xx_hal_adc_ex.o ABSOLUTE
    ../Drivers/STM32L0xx_HAL_Driver/Src/stm32l0xx_hal_cortex.c 0x00000000   Number         0  stm32l0xx_hal_cortex.o ABSOLUTE
    ../Drivers/STM32L0xx_HAL_Driver/Src/stm32l0xx_hal_dma.c 0x00000000   Number         0  stm32l0xx_hal_dma.o ABSOLUTE
    ../Drivers/STM32L0xx_HAL_Driver/Src/stm32l0xx_hal_exti.c 0x00000000   Number         0  stm32l0xx_hal_exti.o ABSOLUTE
    ../Drivers/STM32L0xx_HAL_Driver/Src/stm32l0xx_hal_flash.c 0x00000000   Number         0  stm32l0xx_hal_flash.o ABSOLUTE
    ../Drivers/STM32L0xx_HAL_Driver/Src/stm32l0xx_hal_flash_ex.c 0x00000000   Number         0  stm32l0xx_hal_flash_ex.o ABSOLUTE
    ../Drivers/STM32L0xx_HAL_Driver/Src/stm32l0xx_hal_flash_ramfunc.c 0x00000000   Number         0  stm32l0xx_hal_flash_ramfunc.o ABSOLUTE
    ../Drivers/STM32L0xx_HAL_Driver/Src/stm32l0xx_hal_gpio.c 0x00000000   Number         0  stm32l0xx_hal_gpio.o ABSOLUTE
    ../Drivers/STM32L0xx_HAL_Driver/Src/stm32l0xx_hal_i2c.c 0x00000000   Number         0  stm32l0xx_hal_i2c.o ABSOLUTE
    ../Drivers/STM32L0xx_HAL_Driver/Src/stm32l0xx_hal_i2c_ex.c 0x00000000   Number         0  stm32l0xx_hal_i2c_ex.o ABSOLUTE
    ../Drivers/STM32L0xx_HAL_Driver/Src/stm32l0xx_hal_iwdg.c 0x00000000   Number         0  stm32l0xx_hal_iwdg.o ABSOLUTE
    ../Drivers/STM32L0xx_HAL_Driver/Src/stm32l0xx_hal_pwr.c 0x00000000   Number         0  stm32l0xx_hal_pwr.o ABSOLUTE
    ../Drivers/STM32L0xx_HAL_Driver/Src/stm32l0xx_hal_pwr_ex.c 0x00000000   Number         0  stm32l0xx_hal_pwr_ex.o ABSOLUTE
    ../Drivers/STM32L0xx_HAL_Driver/Src/stm32l0xx_hal_rcc.c 0x00000000   Number         0  stm32l0xx_hal_rcc.o ABSOLUTE
    ../Drivers/STM32L0xx_HAL_Driver/Src/stm32l0xx_hal_rcc_ex.c 0x00000000   Number         0  stm32l0xx_hal_rcc_ex.o ABSOLUTE
    ../Drivers/STM32L0xx_HAL_Driver/Src/stm32l0xx_hal_rtc.c 0x00000000   Number         0  stm32l0xx_hal_rtc.o ABSOLUTE
    ../Drivers/STM32L0xx_HAL_Driver/Src/stm32l0xx_hal_rtc_ex.c 0x00000000   Number         0  stm32l0xx_hal_rtc_ex.o ABSOLUTE
    ../Drivers/STM32L0xx_HAL_Driver/Src/stm32l0xx_hal_tim.c 0x00000000   Number         0  stm32l0xx_hal_tim.o ABSOLUTE
    ../Drivers/STM32L0xx_HAL_Driver/Src/stm32l0xx_hal_tim_ex.c 0x00000000   Number         0  stm32l0xx_hal_tim_ex.o ABSOLUTE
    ../Drivers/STM32L0xx_HAL_Driver/Src/stm32l0xx_hal_uart.c 0x00000000   Number         0  stm32l0xx_hal_uart.o ABSOLUTE
    ../Drivers/STM32L0xx_HAL_Driver/Src/stm32l0xx_hal_uart_ex.c 0x00000000   Number         0  stm32l0xx_hal_uart_ex.o ABSOLUTE
    ../Src/adc.c                             0x00000000   Number         0  adc.o ABSOLUTE
    ../Src/dma.c                             0x00000000   Number         0  dma.o ABSOLUTE
    ../Src/gpio.c                            0x00000000   Number         0  gpio.o ABSOLUTE
    ../Src/i2c.c                             0x00000000   Number         0  i2c.o ABSOLUTE
    ../Src/iwdg.c                            0x00000000   Number         0  iwdg.o ABSOLUTE
    ../Src/main.c                            0x00000000   Number         0  main.o ABSOLUTE
    ../Src/rtc.c                             0x00000000   Number         0  rtc.o ABSOLUTE
    ../Src/stm32l0xx_hal_msp.c               0x00000000   Number         0  stm32l0xx_hal_msp.o ABSOLUTE
    ../Src/stm32l0xx_it.c                    0x00000000   Number         0  stm32l0xx_it.o ABSOLUTE
    ../Src/system_stm32l0xx.c                0x00000000   Number         0  system_stm32l0xx.o ABSOLUTE
    ../Src/usart.c                           0x00000000   Number         0  usart.o ABSOLUTE
    ../clib/microlib/ctype/ctype.c           0x00000000   Number         0  ctype_o.o ABSOLUTE
    ../clib/microlib/ctype/ctype.c           0x00000000   Number         0  isalnum_o.o ABSOLUTE
    ../clib/microlib/ctype/ctype.c           0x00000000   Number         0  isalpha_o.o ABSOLUTE
    ../clib/microlib/ctype/ctype.c           0x00000000   Number         0  isupper_o.o ABSOLUTE
    ../clib/microlib/ctype/ctype.c           0x00000000   Number         0  isxdigit_o.o ABSOLUTE
    ../clib/microlib/ctype/ctype.c           0x00000000   Number         0  ctype_c.o ABSOLUTE
    ../clib/microlib/ctype/ctype.c           0x00000000   Number         0  isspace_c.o ABSOLUTE
    ../clib/microlib/ctype/ctype.c           0x00000000   Number         0  isspace_o.o ABSOLUTE
[...]
    terminalGPSFixed                         0x08019435   Thumb Code    12  app_sys.o(i.terminalGPSFixed)
    terminalGPSUnFixed                       0x08019445   Thumb Code    12  app_sys.o(i.terminalGPSUnFixed)
    terminalunCharge                         0x08019455   Thumb Code    12  app_sys.o(i.terminalunCharge)
    updateLocalRTCTime                       0x080194f1   Thumb Code    98  app_gps.o(i.updateLocalRTCTime)
    updateRTCtimeRequest                     0x0801955d   Thumb Code    12  app_sys.o(i.updateRTCtimeRequest)
    updateSystemLedStatus                    0x0801956d   Thumb Code   108  app_task.o(i.updateSystemLedStatus)
    updateSystemStartTime                    0x080195dd   Thumb Code     8  app_sys.o(i.updateSystemStartTime)
    uploadGpsRestoreData                     0x080195e9   Thumb Code    44  app_serverprotocol.o(i.uploadGpsRestoreData)
    uploadRequestInMode4                     0x0801961d   Thumb Code   138  app_task.o(i.uploadRequestInMode4)
    voltageCheckTask                         0x080196d5   Thumb Code   542  app_task.o(i.voltageCheckTask)
    wdtProcess                               0x08019a31   Thumb Code   178  app_task.o(i.wdtProcess)
    wifiUploadRequestTask                    0x08019b69   Thumb Code    38  app_task.o(i.wifiUploadRequestTask)
    ztvm_encrypt_des                         0x08019b9d   Thumb Code    86  app_sn.o(i.ztvm_encrypt_des)
    ztvm_encrypt_undes                       0x08019bf3   Thumb Code    88  app_sn.o(i.ztvm_encrypt_undes)
    ztvm_encrypt_untrides                    0x08019c4b   Thumb Code    40  app_sn.o(i.ztvm_encrypt_untrides)
    n58_cmd_table                            0x08019e8c   Data         464  app_net.o(.constdata)
    atcmdtable                               0x0801a05c   Data         152  app_atcmd.o(.constdata)
    instructiontable                         0x0801a0f4   Data         280  app_atcmd.o(.constdata)
    AHBPrescTable                            0x0801a576   Data          16  system_stm32l0xx.o(.constdata)
    PLLMulTable                              0x0801a586   Data           9  system_stm32l0xx.o(.constdata)
    APBPrescTable                            0x0801a58f   Data           8  system_stm32l0xx.o(.constdata)
    __mathlib_zero                           0x0801a6b0   Data           8  qnan.o(.constdata)
    __ctype_table                            0x0801a7a8   Data         129  ctype_o.o(.constdata)
    Region$$Table$$Base                      0x0801ae90   Number         0  anon$$obj.o(Region$$Table)
    Region$$Table$$Limit                     0x0801aeb0   Number         0  anon$$obj.o(Region$$Table)
    ringTimerId                              0x20000004   Data           1  app_port.o(.data)
    i2c_addr                                 0x20000068   Data           1  app_mir3da.o(.data)
    uwTickFreq                               0x2000006c   Data           1  stm32l0xx_hal.o(.data)
    uwTickPrio                               0x20000070   Data           4  stm32l0xx_hal.o(.data)
    uwTick                                   0x20000074   Data           4  stm32l0xx_hal.o(.data)
    SystemCoreClock                          0x20000078   Data           4  system_stm32l0xx.o(.data)
    __microlib_freelist                      0x2000007c   Data           4  mvars.o(.data)
    __microlib_freelist_initialised          0x20000080   Data           4  mvars.o(.data)
    usart1_ctl                               0x20000098   Data          20  app_port.o(.bss)
    usart2_ctl                               0x200000ac   Data          20  app_port.o(.bss)
    usart3_ctl                               0x200000c0   Data          20  app_port.o(.bss)
    usart1rxbuf                              0x200000d4   Data         256  app_port.o(.bss)
    usart2rxbuf                              0x200001d4   Data        2048  app_port.o(.bss)
    usart3rxbuf                              0x200009d4   Data         128  app_port.o(.bss)
    sysinfo                                  0x20000a54   Data         128  app_sys.o(.bss)
    sysparam                                 0x20000bd4   Data         448  app_param.o(.bss)
    CODEVERSION                              0x20000d94   Data          30  app_param.o(.bss)
    n58_invoke_status                        0x20000db4   Data          12  app_net.o(.bss)
    n58_lte_status                           0x20000dc0   Data         149  app_net.o(.bss)
    netconnect                               0x20001678   Data          16  app_serverprotocol.o(.bss)
    rf                                       0x20001bc8   Data          68  app_rec.o(.bss)
    lastuploadgpsinfo                        0x20001fd0   Data          32  app_gpsarithmetic.o(.bss)
    ble_info                                 0x20001ff0   Data          23  app_ble.o(.bss)
    hadc                                     0x20002008   Data          92  adc.o(.bss)
    hi2c1                                    0x20002064   Data          76  i2c.o(.bss)
    hiwdg                                    0x200020b0   Data          16  iwdg.o(.bss)
    hlpuart1                                 0x200020c0   Data         132  usart.o(.bss)
    huart1                                   0x20002144   Data         132  usart.o(.bss)
    huart2                                   0x200021c8   Data         132  usart.o(.bss)
    hdma_lpuart1_rx                          0x2000224c   Data          72  usart.o(.bss)
    hdma_usart1_rx                           0x20002294   Data          72  usart.o(.bss)
    hdma_usart2_rx                           0x200022dc   Data          72  usart.o(.bss)
    hrtc                                     0x20002324   Data          36  rtc.o(.bss)
    pFlash                                   0x20002348   Data          24  stm32l0xx_hal_flash.o(.bss)
    __heap_base                              0x20002360   Data           0  startup_stm32l071xx.o(HEAP)
    __heap_limit                             0x20003360   Data           0  startup_stm32l071xx.o(HEAP)
    __initial_sp                             0x20004360   Data           0  startup_stm32l071xx.o(STACK)



==============================================================================

Memory Map of the image

  Image Entry point : 0x080078c1

  Load Region LR_IROM1 (Base: 0x08007800, Size: 0x00013738, Max: 0x00020000, ABSOLUTE)

    Execution Region ER_IROM1 (Exec base: 0x08007800, Load base: 0x08007800, Size: 0x000136b0, Max: 0x00020000, ABSOLUTE)

    Exec Addr    Load Addr    Size         Type   Attr      Idx    E Section Name        Object

    0x08007800   0x08007800   0x000000c0   Data   RO         6112    RESET               startup_stm32l071xx.o
    0x080078c0   0x080078c0   0x00000000   Code   RO         6165  * .ARM.Collect$$$$00000000  mc_p.l(entry.o)
    0x080078c0   0x080078c0   0x00000004   Code   RO         6553    .ARM.Collect$$$$00000001  mc_p.l(entry2.o)
    0x080078c4   0x080078c4   0x00000004   Code   RO         6556    .ARM.Collect$$$$00000004  mc_p.l(entry5.o)
    0x080078c8   0x080078c8   0x00000000   Code   RO         6558    .ARM.Collect$$$$00000008  mc_p.l(entry7b.o)
    0x080078c8   0x080078c8   0x00000000   Code   RO         6560    .ARM.Collect$$$$0000000A  mc_p.l(entry8b.o)
    0x080078c8   0x080078c8   0x00000008   Code   RO         6561    .ARM.Collect$$$$0000000B  mc_p.l(entry9a.o)
    0x080078d0   0x080078d0   0x00000004   Code   RO         6568    .ARM.Collect$$$$0000000E  mc_p.l(entry12b.o)
    0x080078d4   0x080078d4   0x00000000   Code   RO         6563    .ARM.Collect$$$$0000000F  mc_p.l(entry10a.o)
    0x080078d4   0x080078d4   0x00000000   Code   RO         6565    .ARM.Collect$$$$00000011  mc_p.l(entry11a.o)
    0x080078d4   0x080078d4   0x00000004   Code   RO         6554    .ARM.Collect$$$$00002712  mc_p.l(entry2.o)
    0x080078d8   0x080078d8   0x0000001c   Code   RO         6113    .text               startup_stm32l071xx.o
    0x080078f4   0x080078f4   0x0000002c   Code   RO         6168    .text               mc_p.l(uidiv.o)
    0x08007920   0x08007920   0x00000028   Code   RO         6170    .text               mc_p.l(idiv.o)
    0x08007948   0x08007948   0x00000060   Code   RO         6172    .text               mc_p.l(uldiv.o)
    0x080079a8   0x080079a8   0x0000008c   Code   RO         6174    .text               mc_p.l(mktime.o)
    0x08007a34   0x08007a34   0x00000024   Code   RO         6177    .text               mc_p.l(memcpya.o)
    0x08007a58   0x08007a58   0x00000024   Code   RO         6179    .text               mc_p.l(memseta.o)
    0x08007a7c   0x08007a7c   0x00000028   Code   RO         6181    .text               mc_p.l(strstr.o)
    0x08007aa4   0x08007aa4   0x0000001a   Code   RO         6183    .text               mc_p.l(strncpy.o)
    0x08007abe   0x08007abe   0x0000000e   Code   RO         6185    .text               mc_p.l(strlen.o)
    0x08007acc   0x08007acc   0x00000012   Code   RO         6187    .text               mc_p.l(strcpy.o)
    0x08007ade   0x08007ade   0x00000076   Code   RO         6480    .text               mc_p.l(strtoul.o)
    0x08007b54   0x08007b54   0x0000001a   Code   RO         6482    .text               mc_p.l(atoi.o)
    0x08007b6e   0x08007b6e   0x0000001a   Code   RO         6484    .text               mc_p.l(atol.o)
    0x08007b88   0x08007b88   0x000000b2   Code   RO         6486    .text               mf_p.l(fadd.o)
    0x08007c3a   0x08007c3a   0x0000007a   Code   RO         6488    .text               mf_p.l(fmul.o)
    0x08007cb4   0x08007cb4   0x0000007c   Code   RO         6490    .text               mf_p.l(fdiv.o)
    0x08007d30   0x08007d30   0x00000168   Code   RO         6492    .text               mf_p.l(dadd.o)
    0x08007e98   0x08007e98   0x000000d0   Code   RO         6494    .text               mf_p.l(dmul.o)
    0x08007f68   0x08007f68   0x000000f0   Code   RO         6496    .text               mf_p.l(ddiv.o)
    0x08008058   0x08008058   0x0000002c   Code   RO         6498    .text               mf_p.l(dscalb.o)
    0x08008084   0x08008084   0x0000000e   Code   RO         6500    .text               mf_p.l(ffltui.o)
    0x08008092   0x08008092   0x00000002   PAD
    0x08008094   0x08008094   0x00000028   Code   RO         6502    .text               mf_p.l(dflti.o)
    0x080080bc   0x080080bc   0x0000001c   Code   RO         6504    .text               mf_p.l(dfltui.o)
    0x080080d8   0x080080d8   0x00000028   Code   RO         6506    .text               mf_p.l(ffixui.o)
    0x08008100   0x08008100   0x0000003c   Code   RO         6508    .text               mf_p.l(dfixui.o)
    0x0800813c   0x0800813c   0x00000028   Code   RO         6510    .text               mf_p.l(f2d.o)
    0x08008164   0x08008164   0x00000028   Code   RO         6512    .text               mf_p.l(cdcmple.o)
    0x0800818c   0x0800818c   0x00000028   Code   RO         6514    .text               mf_p.l(cdrcmple.o)
    0x080081b4   0x080081b4   0x00000038   Code   RO         6516    .text               mf_p.l(d2f.o)
    0x080081ec   0x080081ec   0x00000014   Code   RO         6518    .text               mf_p.l(cfcmple.o)
    0x08008200   0x08008200   0x00000020   Code   RO         6572    .text               mc_p.l(llshl.o)
    0x08008220   0x08008220   0x00000022   Code   RO         6574    .text               mc_p.l(llushr.o)
    0x08008242   0x08008242   0x00000026   Code   RO         6576    .text               mc_p.l(llsshr.o)
    0x08008268   0x08008268   0x00000008   Code   RO         6578    .text               mc_p.l(ctype_o.o)
    0x08008270   0x08008270   0x00000012   Code   RO         6600    .text               mc_p.l(isspace_o.o)
    0x08008282   0x08008282   0x00000002   PAD
    0x08008284   0x08008284   0x00000074   Code   RO         6609    .text               mc_p.l(localtime_i.o)
    0x080082f8   0x080082f8   0x000000a6   Code   RO         6621    .text               mc_p.l(_strtoul.o)
    0x0800839e   0x0800839e   0x00000002   PAD
    0x080083a0   0x080083a0   0x000000a4   Code   RO         6623    .text               mc_p.l(strtod.o)
    0x08008444   0x08008444   0x00000070   Code   RO         6625    .text               mc_p.l(strtol.o)
    0x080084b4   0x080084b4   0x00000000   Code   RO         6627    .text               mc_p.l(iusefp.o)
    0x080084b4   0x080084b4   0x00000082   Code   RO         6628    .text               mf_p.l(fepilogue.o)
    0x08008536   0x08008536   0x000000be   Code   RO         6630    .text               mf_p.l(depilogue.o)
    0x080085f4   0x080085f4   0x000000a2   Code   RO         6634    .text               mf_p.l(dsqrt.o)
    0x08008696   0x08008696   0x00000002   PAD
    0x08008698   0x08008698   0x00000040   Code   RO         6636    .text               mf_p.l(dfixul.o)
    0x080086d8   0x080086d8   0x00000024   Code   RO         6638    .text               mc_p.l(init.o)
    0x080086fc   0x080086fc   0x0000001e   Code   RO         6643    .text               mc_p.l(_chval.o)
    0x0800871a   0x0800871a   0x00000002   PAD
    0x0800871c   0x0800871c   0x00000374   Code   RO         6645    .text               mc_p.l(scanf_fp.o)
    0x08008a90   0x08008a90   0x00000044   Code   RO         6649    .text               mc_p.l(_sgetc.o)
    0x08008ad4   0x08008ad4   0x00000048   Code   RO         6652    .text               mf_p.l(dfixi.o)
    0x08008b1c   0x08008b1c   0x0000007a   Code   RO         6654    .text               mc_p.l(llmul.o)
    0x08008b96   0x08008b96   0x00000002   PAD
    0x08008b98   0x08008b98   0x0000001c   Code   RO         6659    .text               mf_p.l(dfltul.o)
    0x08008bb4   0x08008bb4   0x00000052   Code   RO         3320    i.ADC_ConversionStop  stm32l0xx_hal_adc.o
    0x08008c06   0x08008c06   0x00000002   PAD
    0x08008c08   0x08008c08   0x00000024   Code   RO         3324    i.ADC_DelayMicroSecond  stm32l0xx_hal_adc.o
    0x08008c2c   0x08008c2c   0x00000060   Code   RO         3325    i.ADC_Disable       stm32l0xx_hal_adc.o
    0x08008c8c   0x08008c8c   0x00000064   Code   RO         3326    i.ADC_Enable        stm32l0xx_hal_adc.o
    0x08008cf0   0x08008cf0   0x000000e4   Code   RO         1088    i.CreateNodeCmd     app_net.o
    0x08008dd4   0x08008dd4   0x000000fc   Code   RO            3    i.Create_Timer      app_kernal.o
    0x08008ed0   0x08008ed0   0x00000010   Code   RO         3210    i.DMA1_Channel2_3_IRQHandler  stm32l0xx_it.o
    0x08008ee0   0x08008ee0   0x00000018   Code   RO         3211    i.DMA1_Channel4_5_6_7_IRQHandler  stm32l0xx_it.o
    0x08008ef8   0x08008ef8   0x0000002c   Code   RO         4756    i.DMA_SetConfig     stm32l0xx_hal_dma.o
    0x08008f24   0x08008f24   0x00000018   Code   RO         3212    i.EXTI4_15_IRQHandler  stm32l0xx_it.o
    0x08008f3c   0x08008f3c   0x00000002   Code   RO         2942    i.Error_Handler     main.o
    0x08008f3e   0x08008f3e   0x00000002   PAD
    0x08008f40   0x08008f40   0x00000090   Code   RO         4488    i.FLASH_SetErrorCode  stm32l0xx_hal_flash.o
    0x08008fd0   0x08008fd0   0x00000070   Code   RO         4489    i.FLASH_WaitForLastOperation  stm32l0xx_hal_flash.o
    0x08009040   0x08009040   0x0000002c   Code   RO          462    i.GetCrc16          app_sys.o
    0x0800906c   0x0800906c   0x000000aa   Code   RO         3503    i.HAL_ADCEx_Calibration_Start  stm32l0xx_hal_adc_ex.o
    0x08009116   0x08009116   0x00000002   PAD
    0x08009118   0x08009118   0x00000094   Code   RO         3328    i.HAL_ADC_ConfigChannel  stm32l0xx_hal_adc.o
    0x080091ac   0x080091ac   0x00000004   Code   RO         3334    i.HAL_ADC_GetState  stm32l0xx_hal_adc.o
    0x080091b0   0x080091b0   0x00000006   Code   RO         3335    i.HAL_ADC_GetValue  stm32l0xx_hal_adc.o
    0x080091b6   0x080091b6   0x00000002   PAD
    0x080091b8   0x080091b8   0x000001c8   Code   RO         3337    i.HAL_ADC_Init      stm32l0xx_hal_adc.o
    0x08009380   0x08009380   0x00000050   Code   RO         3001    i.HAL_ADC_MspInit   adc.o
    0x080093d0   0x080093d0   0x000000c0   Code   RO         3341    i.HAL_ADC_PollForConversion  stm32l0xx_hal_adc.o
    0x08009490   0x08009490   0x0000005c   Code   RO         3343    i.HAL_ADC_Start     stm32l0xx_hal_adc.o
    0x080094ec   0x080094ec   0x0000003e   Code   RO         3346    i.HAL_ADC_Stop      stm32l0xx_hal_adc.o
    0x0800952a   0x0800952a   0x00000044   Code   RO         4757    i.HAL_DMA_Abort     stm32l0xx_hal_dma.o
    0x0800956e   0x0800956e   0x0000004c   Code   RO         4758    i.HAL_DMA_Abort_IT  stm32l0xx_hal_dma.o
    0x080095ba   0x080095ba   0x00000002   PAD
    0x080095bc   0x080095bc   0x00000068   Code   RO         4759    i.HAL_DMA_DeInit    stm32l0xx_hal_dma.o
    0x08009624   0x08009624   0x00000004   Code   RO         4760    i.HAL_DMA_GetError  stm32l0xx_hal_dma.o
    0x08009628   0x08009628   0x000000a8   Code   RO         4762    i.HAL_DMA_IRQHandler  stm32l0xx_hal_dma.o
    0x080096d0   0x080096d0   0x00000090   Code   RO         4763    i.HAL_DMA_Init      stm32l0xx_hal_dma.o
    0x08009760   0x08009760   0x00000068   Code   RO         4767    i.HAL_DMA_Start_IT  stm32l0xx_hal_dma.o
    0x080097c8   0x080097c8   0x00000024   Code   RO         3566    i.HAL_Delay         stm32l0xx_hal.o
    0x080097ec   0x080097ec   0x00000014   Code   RO         4592    i.HAL_FLASHEx_DATAEEPROM_Lock  stm32l0xx_hal_flash_ex.o
    0x08009800   0x08009800   0x00000054   Code   RO         4593    i.HAL_FLASHEx_DATAEEPROM_Program  stm32l0xx_hal_flash_ex.o
    0x08009854   0x08009854   0x00000034   Code   RO         4594    i.HAL_FLASHEx_DATAEEPROM_Unlock  stm32l0xx_hal_flash_ex.o
    0x08009888   0x08009888   0x000000f0   Code   RO         4694    i.HAL_GPIO_DeInit   stm32l0xx_hal_gpio.o
    0x08009978   0x08009978   0x00000022   Code   RO          666    i.HAL_GPIO_EXTI_Callback  app_user.o
    0x0800999a   0x0800999a   0x00000002   PAD
    0x0800999c   0x0800999c   0x00000018   Code   RO         4696    i.HAL_GPIO_EXTI_IRQHandler  stm32l0xx_hal_gpio.o
    0x080099b4   0x080099b4   0x00000184   Code   RO         4697    i.HAL_GPIO_Init     stm32l0xx_hal_gpio.o
    0x08009b38   0x08009b38   0x0000000a   Code   RO         4699    i.HAL_GPIO_ReadPin  stm32l0xx_hal_gpio.o
    0x08009b42   0x08009b42   0x0000000c   Code   RO         4701    i.HAL_GPIO_WritePin  stm32l0xx_hal_gpio.o
    0x08009b4e   0x08009b4e   0x00000002   PAD
    0x08009b50   0x08009b50   0x0000000c   Code   RO         3570    i.HAL_GetTick       stm32l0xx_hal.o
    0x08009b5c   0x08009b5c   0x0000004a   Code   RO         4221    i.HAL_I2CEx_ConfigAnalogFilter  stm32l0xx_hal_i2c_ex.o
    0x08009ba6   0x08009ba6   0x00000048   Code   RO         4222    i.HAL_I2CEx_ConfigDigitalFilter  stm32l0xx_hal_i2c_ex.o
    0x08009bee   0x08009bee   0x00000034   Code   RO         3765    i.HAL_I2C_DeInit    stm32l0xx_hal_i2c.o
    0x08009c22   0x08009c22   0x00000002   PAD
    0x08009c24   0x08009c24   0x000000b4   Code   RO         3774    i.HAL_I2C_Init      stm32l0xx_hal_i2c.o
    0x08009cd8   0x08009cd8   0x00000154   Code   RO         3792    i.HAL_I2C_Mem_Read  stm32l0xx_hal_i2c.o
    0x08009e2c   0x08009e2c   0x0000014c   Code   RO         3795    i.HAL_I2C_Mem_Write  stm32l0xx_hal_i2c.o
    0x08009f78   0x08009f78   0x00000038   Code   RO         3058    i.HAL_I2C_MspDeInit  i2c.o
    0x08009fb0   0x08009fb0   0x0000005c   Code   RO         3059    i.HAL_I2C_MspInit   i2c.o
    0x0800a00c   0x0800a00c   0x00000064   Code   RO         5199    i.HAL_IWDG_Init     stm32l0xx_hal_iwdg.o
    0x0800a070   0x0800a070   0x00000010   Code   RO         5200    i.HAL_IWDG_Refresh  stm32l0xx_hal_iwdg.o
    0x0800a080   0x0800a080   0x00000010   Code   RO         3576    i.HAL_IncTick       stm32l0xx_hal.o
    0x0800a090   0x0800a090   0x00000028   Code   RO         3577    i.HAL_Init          stm32l0xx_hal.o
    0x0800a0b8   0x0800a0b8   0x00000044   Code   RO         3578    i.HAL_InitTick      stm32l0xx_hal.o
    0x0800a0fc   0x0800a0fc   0x00000018   Code   RO         3300    i.HAL_MspInit       stm32l0xx_hal_msp.o
    0x0800a114   0x0800a114   0x00000020   Code   RO         5023    i.HAL_NVIC_DisableIRQ  stm32l0xx_hal_cortex.o
    0x0800a134   0x0800a134   0x00000018   Code   RO         5024    i.HAL_NVIC_EnableIRQ  stm32l0xx_hal_cortex.o
    0x0800a14c   0x0800a14c   0x00000008   Code   RO         5028    i.HAL_NVIC_SetPriority  stm32l0xx_hal_cortex.o
    0x0800a154   0x0800a154   0x0000001c   Code   RO         5029    i.HAL_NVIC_SystemReset  stm32l0xx_hal_cortex.o
    0x0800a170   0x0800a170   0x00000010   Code   RO         4966    i.HAL_PWREx_EnableFastWakeUp  stm32l0xx_hal_pwr_ex.o
    0x0800a180   0x0800a180   0x00000010   Code   RO         4968    i.HAL_PWREx_EnableUltraLowPower  stm32l0xx_hal_pwr_ex.o
    0x0800a190   0x0800a190   0x00000010   Code   RO         4854    i.HAL_PWR_EnableBkUpAccess  stm32l0xx_hal_pwr.o
    0x0800a1a0   0x0800a1a0   0x00000064   Code   RO         4861    i.HAL_PWR_EnterSTOPMode  stm32l0xx_hal_pwr.o
    0x0800a204   0x0800a204   0x00000178   Code   RO         4372    i.HAL_RCCEx_PeriphCLKConfig  stm32l0xx_hal_rcc_ex.o
    0x0800a37c   0x0800a37c   0x0000019c   Code   RO         4272    i.HAL_RCC_ClockConfig  stm32l0xx_hal_rcc.o
    0x0800a518   0x0800a518   0x00000020   Code   RO         4278    i.HAL_RCC_GetPCLK1Freq  stm32l0xx_hal_rcc.o
    0x0800a538   0x0800a538   0x00000020   Code   RO         4279    i.HAL_RCC_GetPCLK2Freq  stm32l0xx_hal_rcc.o
    0x0800a558   0x0800a558   0x00000078   Code   RO         4280    i.HAL_RCC_GetSysClockFreq  stm32l0xx_hal_rcc.o
    0x0800a5d0   0x0800a5d0   0x00000432   Code   RO         4283    i.HAL_RCC_OscConfig  stm32l0xx_hal_rcc.o
    0x0800aa02   0x0800aa02   0x00000002   Code   RO         5826    i.HAL_RTCEx_AlarmBEventCallback  stm32l0xx_hal_rtc_ex.o
    0x0800aa04   0x0800aa04   0x000000f8   Code   RO         5853    i.HAL_RTCEx_SetWakeUpTimer_IT  stm32l0xx_hal_rtc_ex.o
    0x0800aafc   0x0800aafc   0x0000000a   Code   RO          227    i.HAL_RTCEx_WakeUpTimerEventCallback  app_port.o
    0x0800ab06   0x0800ab06   0x00000002   PAD
    0x0800ab08   0x0800ab08   0x00000038   Code   RO         5860    i.HAL_RTCEx_WakeUpTimerIRQHandler  stm32l0xx_hal_rtc_ex.o
    0x0800ab40   0x0800ab40   0x00000054   Code   RO          228    i.HAL_RTC_AlarmAEventCallback  app_port.o
    0x0800ab94   0x0800ab94   0x00000060   Code   RO         5694    i.HAL_RTC_AlarmIRQHandler  stm32l0xx_hal_rtc.o
    0x0800abf4   0x0800abf4   0x000000b8   Code   RO         5696    i.HAL_RTC_DeactivateAlarm  stm32l0xx_hal_rtc.o
    0x0800acac   0x0800acac   0x0000008c   Code   RO         5697    i.HAL_RTC_GetAlarm  stm32l0xx_hal_rtc.o
    0x0800ad38   0x0800ad38   0x00000044   Code   RO         5698    i.HAL_RTC_GetDate   stm32l0xx_hal_rtc.o
    0x0800ad7c   0x0800ad7c   0x0000005c   Code   RO         5700    i.HAL_RTC_GetTime   stm32l0xx_hal_rtc.o
    0x0800add8   0x0800add8   0x000000bc   Code   RO         5701    i.HAL_RTC_Init      stm32l0xx_hal_rtc.o
    0x0800ae94   0x0800ae94   0x00000030   Code   RO         3173    i.HAL_RTC_MspInit   rtc.o
    0x0800aec4   0x0800aec4   0x00000190   Code   RO         5706    i.HAL_RTC_SetAlarm_IT  stm32l0xx_hal_rtc.o
    0x0800b054   0x0800b054   0x000000c4   Code   RO         5707    i.HAL_RTC_SetDate   stm32l0xx_hal_rtc.o
    0x0800b118   0x0800b118   0x000000e8   Code   RO         5708    i.HAL_RTC_SetTime   stm32l0xx_hal_rtc.o
    0x0800b200   0x0800b200   0x00000034   Code   RO         5709    i.HAL_RTC_WaitForSynchro  stm32l0xx_hal_rtc.o
    0x0800b234   0x0800b234   0x00000010   Code   RO         3581    i.HAL_ResumeTick    stm32l0xx_hal.o
    0x0800b244   0x0800b244   0x00000030   Code   RO         5032    i.HAL_SYSTICK_Config  stm32l0xx_hal_cortex.o
    0x0800b274   0x0800b274   0x00000010   Code   RO         3587    i.HAL_SuspendTick   stm32l0xx_hal.o
    0x0800b284   0x0800b284   0x00000002   Code   RO         5234    i.HAL_UARTEx_RxEventCallback  stm32l0xx_hal_uart.o
    0x0800b286   0x0800b286   0x00000002   Code   RO         5623    i.HAL_UARTEx_WakeupCallback  stm32l0xx_hal_uart_ex.o
    0x0800b288   0x0800b288   0x0000007e   Code   RO         5246    i.HAL_UART_DMAStop  stm32l0xx_hal_uart.o
    0x0800b306   0x0800b306   0x0000003e   Code   RO         5247    i.HAL_UART_DeInit   stm32l0xx_hal_uart.o
    0x0800b344   0x0800b344   0x000000c8   Code   RO          229    i.HAL_UART_ErrorCallback  app_port.o
    0x0800b40c   0x0800b40c   0x00000220   Code   RO         5253    i.HAL_UART_IRQHandler  stm32l0xx_hal_uart.o
    0x0800b62c   0x0800b62c   0x0000006a   Code   RO         5254    i.HAL_UART_Init     stm32l0xx_hal_uart.o
    0x0800b696   0x0800b696   0x00000002   PAD
    0x0800b698   0x0800b698   0x00000090   Code   RO         3122    i.HAL_UART_MspDeInit  usart.o
    0x0800b728   0x0800b728   0x00000180   Code   RO         3123    i.HAL_UART_MspInit  usart.o
    0x0800b8a8   0x0800b8a8   0x00000060   Code   RO         5258    i.HAL_UART_Receive_DMA  stm32l0xx_hal_uart.o
    0x0800b908   0x0800b908   0x00000090   Code   RO          230    i.HAL_UART_RxCpltCallback  app_port.o
    0x0800b998   0x0800b998   0x00000002   Code   RO         5262    i.HAL_UART_RxHalfCpltCallback  stm32l0xx_hal_uart.o
    0x0800b99a   0x0800b99a   0x000000d2   Code   RO         5263    i.HAL_UART_Transmit  stm32l0xx_hal_uart.o
    0x0800ba6c   0x0800ba6c   0x00000002   Code   RO         5266    i.HAL_UART_TxCpltCallback  stm32l0xx_hal_uart.o
    0x0800ba6e   0x0800ba6e   0x00000002   PAD
    0x0800ba70   0x0800ba70   0x00000018   Code   RO         3213    i.HardFault_Handler  stm32l0xx_it.o
    0x0800ba88   0x0800ba88   0x00000022   Code   RO         3821    i.I2C_Flush_TXDR    stm32l0xx_hal_i2c.o
    0x0800baaa   0x0800baaa   0x00000002   PAD
    0x0800baac   0x0800baac   0x00000070   Code   RO         3829    i.I2C_IsAcknowledgeFailed  stm32l0xx_hal_i2c.o
    0x0800bb1c   0x0800bb1c   0x00000060   Code   RO         3832    i.I2C_RequestMemoryRead  stm32l0xx_hal_i2c.o
    0x0800bb7c   0x0800bb7c   0x00000060   Code   RO         3833    i.I2C_RequestMemoryWrite  stm32l0xx_hal_i2c.o
    0x0800bbdc   0x0800bbdc   0x00000028   Code   RO         3836    i.I2C_TransferConfig  stm32l0xx_hal_i2c.o
    0x0800bc04   0x0800bc04   0x0000004e   Code   RO         3838    i.I2C_WaitOnFlagUntilTimeout  stm32l0xx_hal_i2c.o
    0x0800bc52   0x0800bc52   0x0000004c   Code   RO         3840    i.I2C_WaitOnSTOPFlagUntilTimeout  stm32l0xx_hal_i2c.o
    0x0800bc9e   0x0800bc9e   0x00000050   Code   RO         3841    i.I2C_WaitOnTXISFlagUntilTimeout  stm32l0xx_hal_i2c.o
    0x0800bcee   0x0800bcee   0x00000002   PAD
    0x0800bcf0   0x0800bcf0   0x00000014   Code   RO         3214    i.LPUART1_IRQHandler  stm32l0xx_it.o
    0x0800bd04   0x0800bd04   0x00000028   Code   RO          463    i.LogMessage        app_sys.o
    0x0800bd2c   0x0800bd2c   0x0000001c   Code   RO          464    i.LogMessageWL      app_sys.o
    0x0800bd48   0x0800bd48   0x00000070   Code   RO          465    i.LogPrintf         app_sys.o
    0x0800bdb8   0x0800bdb8   0x00000070   Code   RO         3002    i.MX_ADC_Init       adc.o
    0x0800be28   0x0800be28   0x00000038   Code   RO         3038    i.MX_DMA_Init       dma.o
    0x0800be60   0x0800be60   0x0000010c   Code   RO         2980    i.MX_GPIO_Init      gpio.o
    0x0800bf6c   0x0800bf6c   0x00000058   Code   RO         3060    i.MX_I2C1_Init      i2c.o
    0x0800bfc4   0x0800bfc4   0x0000002c   Code   RO         3096    i.MX_IWDG_Init      iwdg.o
    0x0800bff0   0x0800bff0   0x00000038   Code   RO         3124    i.MX_LPUART1_UART_Init  usart.o
    0x0800c028   0x0800c028   0x00000044   Code   RO         3174    i.MX_RTC_Init       rtc.o
    0x0800c06c   0x0800c06c   0x00000038   Code   RO         3125    i.MX_USART1_UART_Init  usart.o
    0x0800c0a4   0x0800c0a4   0x00000038   Code   RO         3126    i.MX_USART2_UART_Init  usart.o
    0x0800c0dc   0x0800c0dc   0x0000001c   Code   RO         1089    i.N58_ChangeInvokeStatus  app_net.o
    0x0800c0f8   0x0800c0f8   0x0000002c   Code   RO         1091    i.N58_CreateSocket  app_net.o
    0x0800c124   0x0800c124   0x00000044   Code   RO         1092    i.N58enterFlightMode  app_net.o
    0x0800c168   0x0800c168   0x00000044   Code   RO         1093    i.N58enterNormalMode  app_net.o
    0x0800c1ac   0x0800c1ac   0x00000002   Code   RO         3215    i.NMI_Handler       stm32l0xx_it.o
    0x0800c1ae   0x0800c1ae   0x00000002   Code   RO         3216    i.PendSV_Handler    stm32l0xx_it.o
    0x0800c1b0   0x0800c1b0   0x00000010   Code   RO         5710    i.RTC_Bcd2ToByte    stm32l0xx_hal_rtc.o
    0x0800c1c0   0x0800c1c0   0x00000018   Code   RO         5711    i.RTC_ByteToBcd2    stm32l0xx_hal_rtc.o
    0x0800c1d8   0x0800c1d8   0x00000038   Code   RO         5712    i.RTC_EnterInitMode  stm32l0xx_hal_rtc.o
    0x0800c210   0x0800c210   0x00000014   Code   RO         3217    i.RTC_IRQHandler    stm32l0xx_it.o
    0x0800c224   0x0800c224   0x00000002   Code   RO         3218    i.SVC_Handler       stm32l0xx_it.o
    0x0800c226   0x0800c226   0x00000008   Code   RO         3219    i.SysTick_Handler   stm32l0xx_it.o
    0x0800c22e   0x0800c22e   0x00000002   PAD
    0x0800c230   0x0800c230   0x00000090   Code   RO         2943    i.SystemClock_Config  main.o
    0x0800c2c0   0x0800c2c0   0x00000058   Code   RO         6079    i.SystemInit        system_stm32l0xx.o
    0x0800c318   0x0800c318   0x000000ca   Code   RO         5268    i.UART_AdvFeatureConfig  stm32l0xx_hal_uart.o
    0x0800c3e2   0x0800c3e2   0x00000002   PAD
    0x0800c3e4   0x0800c3e4   0x00000064   Code   RO         5269    i.UART_CheckIdleState  stm32l0xx_hal_uart.o
    0x0800c448   0x0800c448   0x00000014   Code   RO         5270    i.UART_DMAAbortOnError  stm32l0xx_hal_uart.o
    0x0800c45c   0x0800c45c   0x0000004c   Code   RO         5271    i.UART_DMAError     stm32l0xx_hal_uart.o
    0x0800c4a8   0x0800c4a8   0x0000005e   Code   RO         5272    i.UART_DMAReceiveCplt  stm32l0xx_hal_uart.o
    0x0800c506   0x0800c506   0x0000001c   Code   RO         5274    i.UART_DMARxHalfCplt  stm32l0xx_hal_uart.o
    0x0800c522   0x0800c522   0x00000032   Code   RO         5280    i.UART_EndRxTransfer  stm32l0xx_hal_uart.o
    0x0800c554   0x0800c554   0x00000010   Code   RO         5281    i.UART_EndTxTransfer  stm32l0xx_hal_uart.o
    0x0800c564   0x0800c564   0x00000214   Code   RO         5284    i.UART_SetConfig    stm32l0xx_hal_uart.o
    0x0800c778   0x0800c778   0x0000008c   Code   RO         5285    i.UART_Start_Receive_DMA  stm32l0xx_hal_uart.o
    0x0800c804   0x0800c804   0x0000009e   Code   RO         5289    i.UART_WaitOnFlagUntilTimeout  stm32l0xx_hal_uart.o
    0x0800c8a2   0x0800c8a2   0x00000002   PAD
    0x0800c8a4   0x0800c8a4   0x00000014   Code   RO         3220    i.USART1_IRQHandler  stm32l0xx_it.o
    0x0800c8b8   0x0800c8b8   0x00000014   Code   RO         3221    i.USART2_IRQHandler  stm32l0xx_it.o
    0x0800c8cc   0x0800c8cc   0x00000026   Code   RO         2665    i.XINGSHENG_ID_ASCII_Decoding  app_sn.o
    0x0800c8f2   0x0800c8f2   0x00000084   Code   RO         2666    i.XINGSHENG_ID_Decoder  app_sn.o
    0x0800c976   0x0800c976   0x00000002   PAD
    0x0800c978   0x0800c978   0x00000028   Code   RO         6426    i.__0sprintf        mc_p.l(printfa.o)
    0x0800c9a0   0x0800c9a0   0x00000024   Code   RO         6430    i.__0vsprintf       mc_p.l(printfa.o)
    0x0800c9c4   0x0800c9c4   0x0000002e   Code   RO         6632    i.__ARM_clz         mf_p.l(depilogue.o)
    0x0800c9f2   0x0800c9f2   0x00000030   Code   RO         4357    i.__ARM_common_ll_muluu  stm32l0xx_hal_rcc.o
    0x0800ca22   0x0800ca22   0x0000001a   Code   RO         1484    i.__ARM_common_switch8  app_net.o
    0x0800ca3c   0x0800ca3c   0x0000002c   Code   RO         6537    i.__ARM_fpclassify  m_ps.l(fpclassify.o)
    0x0800ca68   0x0800ca68   0x00000044   Code   RO         5034    i.__NVIC_SetPriority  stm32l0xx_hal_cortex.o
    0x0800caac   0x0800caac   0x00000008   Code   RO         6614    i.__aeabi_errno_addr  mc_p.l(errno.o)
    0x0800cab4   0x0800cab4   0x0000039c   Code   RO         6542    i.__ieee754_rem_pio2  m_ps.l(rred.o)
    0x0800ce50   0x0800ce50   0x000000f4   Code   RO         6520    i.__kernel_cos      m_ps.l(cos_i.o)
    0x0800cf44   0x0800cf44   0x000000ac   Code   RO         6539    i.__kernel_poly     m_ps.l(poly.o)
    0x0800cff0   0x0800cff0   0x000000ec   Code   RO         6547    i.__kernel_sin      m_ps.l(sin_i.o)
    0x0800d0dc   0x0800d0dc   0x00000014   Code   RO         6523    i.__mathlib_dbl_divzero  m_ps.l(dunder.o)
    0x0800d0f0   0x0800d0f0   0x0000000a   Code   RO         6524    i.__mathlib_dbl_infnan  m_ps.l(dunder.o)
    0x0800d0fa   0x0800d0fa   0x00000008   Code   RO         6525    i.__mathlib_dbl_infnan2  m_ps.l(dunder.o)
    0x0800d102   0x0800d102   0x00000010   Code   RO         6526    i.__mathlib_dbl_invalid  m_ps.l(dunder.o)
    0x0800d112   0x0800d112   0x00000002   PAD
    0x0800d114   0x0800d114   0x00000014   Code   RO         6527    i.__mathlib_dbl_overflow  m_ps.l(dunder.o)
    0x0800d128   0x0800d128   0x00000014   Code   RO         6529    i.__mathlib_dbl_underflow  m_ps.l(dunder.o)
    0x0800d13c   0x0800d13c   0x0000000c   Code   RO         6615    i.__read_errno      mc_p.l(errno.o)
    0x0800d148   0x0800d148   0x0000000e   Code   RO         6663    i.__scatterload_copy  mc_p.l(handlers.o)
    0x0800d156   0x0800d156   0x00000002   Code   RO         6664    i.__scatterload_null  mc_p.l(handlers.o)
    0x0800d158   0x0800d158   0x0000000e   Code   RO         6665    i.__scatterload_zeroinit  mc_p.l(handlers.o)
    0x0800d166   0x0800d166   0x00000002   PAD
    0x0800d168   0x0800d168   0x0000000c   Code   RO         6616    i.__set_errno       mc_p.l(errno.o)
    0x0800d174   0x0800d174   0x00000174   Code   RO         6431    i._fp_digits        mc_p.l(printfa.o)
    0x0800d2e8   0x0800d2e8   0x0000000e   Code   RO         6647    i._is_digit         mc_p.l(scanf_fp.o)
    0x0800d2f6   0x0800d2f6   0x00000002   PAD
    0x0800d2f8   0x0800d2f8   0x000006f0   Code   RO         6432    i._printf_core      mc_p.l(printfa.o)
    0x0800d9e8   0x0800d9e8   0x00000020   Code   RO         6433    i._printf_post_padding  mc_p.l(printfa.o)
    0x0800da08   0x0800da08   0x0000002c   Code   RO         6434    i._printf_pre_padding  mc_p.l(printfa.o)
    0x0800da34   0x0800da34   0x0000000a   Code   RO         6436    i._sputc            mc_p.l(printfa.o)
    0x0800da3e   0x0800da3e   0x00000002   PAD
    0x0800da40   0x0800da40   0x000000a0   Code   RO         1994    i.addNewGPSInfo     app_gps.o
    0x0800dae0   0x0800dae0   0x00000010   Code   RO         1504    i.alarmRequestClear  app_task.o
    0x0800daf0   0x0800daf0   0x00000010   Code   RO         1505    i.alarmRequestSet   app_task.o
    0x0800db00   0x0800db00   0x00000244   Code   RO         1506    i.alarmUploadRequest  app_task.o
    0x0800dd44   0x0800dd44   0x000000ac   Code   RO         2880    i.appBleCRecvParser  app_ble.o
    0x0800ddf0   0x0800ddf0   0x00000010   Code   RO         2882    i.appBleInfoReset   app_ble.o
    0x0800de00   0x0800de00   0x000000a0   Code   RO         2884    i.appBlePRecvParser  app_ble.o
    0x0800dea0   0x0800dea0   0x00000040   Code   RO         2885    i.appBleSendData    app_ble.o
    0x0800dee0   0x0800dee0   0x0000002a   Code   RO          466    i.asciiToHex        app_sys.o
    0x0800df0a   0x0800df0a   0x00000002   PAD
    0x0800df0c   0x0800df0c   0x00000274   Code   RO         6118    i.asin              m_ps.l(asin.o)
    0x0800e180   0x0800e180   0x0000002c   Code   RO         2206    i.atCmdCmGetParser  app_atcmd.o
    0x0800e1ac   0x0800e1ac   0x0000003c   Code   RO         2207    i.atCmdDebugLevelParser  app_atcmd.o
    0x0800e1e8   0x0800e1e8   0x00000288   Code   RO         2208    i.atCmdDebugParase  app_atcmd.o
    0x0800e470   0x0800e470   0x0000008c   Code   RO         2210    i.atCmdFMPCnmeaParase  app_atcmd.o
    0x0800e4fc   0x0800e4fc   0x000000b8   Code   RO         2211    i.atCmdFmpcAdccalParase  app_atcmd.o
    0x0800e5b4   0x0800e5b4   0x00000020   Code   RO         2212    i.atCmdFmpcAllParse  app_atcmd.o
    0x0800e5d4   0x0800e5d4   0x00000034   Code   RO         2213    i.atCmdFmpcCMParse  app_atcmd.o
    0x0800e608   0x0800e608   0x00000038   Code   RO         2214    i.atCmdFmpcChkpParse  app_atcmd.o
    0x0800e640   0x0800e640   0x00000034   Code   RO         2215    i.atCmdFmpcIMSIParse  app_atcmd.o
    0x0800e674   0x0800e674   0x00000044   Code   RO         2216    i.atCmdFmpcIMSIParseRespon  app_atcmd.o
    0x0800e6b8   0x0800e6b8   0x00000034   Code   RO         2217    i.atCmdIMEIParse    app_atcmd.o
    0x0800e6ec   0x0800e6ec   0x00000034   Code   RO         2218    i.atCmdIMEIParseRespon  app_atcmd.o
    0x0800e720   0x0800e720   0x00000300   Code   RO         2219    i.atCmdParserFunction  app_atcmd.o
    0x0800ea20   0x0800ea20   0x0000005c   Code   RO         2220    i.atCmdZTSNParse    app_atcmd.o
    0x0800ea7c   0x0800ea7c   0x0000002a   Code   RO         6128    i.atof              m_ps.l(atof.o)
    0x0800eaa6   0x0800eaa6   0x00000002   PAD
    0x0800eaa8   0x0800eaa8   0x00000114   Code   RO         1507    i.autoSleepTask     app_task.o
    0x0800ebbc   0x0800ebbc   0x000000a8   Code   RO         2738    i.calculateDistanceOfPoint  app_gpsarithmetic.o
    0x0800ec64   0x0800ec64   0x0000010c   Code   RO         2739    i.calculateTheDistanceBetweenTwoPonits  app_gpsarithmetic.o
    0x0800ed70   0x0800ed70   0x00000130   Code   RO         2740    i.calculateTheGPSCornerPoint  app_gpsarithmetic.o
    0x0800eea0   0x0800eea0   0x0000003c   Code   RO          467    i.changeByteArrayToHexString  app_sys.o
    0x0800eedc   0x0800eedc   0x00000048   Code   RO          468    i.changeHexStringToByteArray  app_sys.o
    0x0800ef24   0x0800ef24   0x0000004c   Code   RO          469    i.changeHexStringToByteArray_10in  app_sys.o
    0x0800ef70   0x0800ef70   0x00000150   Code   RO          470    i.changeUTCTimeToLocalTime  app_sys.o
    0x0800f0c0   0x0800f0c0   0x00000094   Code   RO         2125    i.charstrToHexValue  app_nmea.o
    0x0800f154   0x0800f154   0x00000020   Code   RO         1782    i.clearHbtTimer     app_serverprotocol.o
    0x0800f174   0x0800f174   0x0000001c   Code   RO          231    i.clearRingWakeUp   app_port.o
    0x0800f190   0x0800f190   0x00000024   Code   RO         2786    i.clearStep         app_mir3da.o
    0x0800f1b4   0x0800f1b4   0x00000010   Code   RO         1094    i.closeModuleGPS    app_net.o
    0x0800f1c4   0x0800f1c4   0x0000002a   Code   RO         2667    i.compress          app_sn.o
    0x0800f1ee   0x0800f1ee   0x00000002   PAD
    0x0800f1f0   0x0800f1f0   0x00000098   Code   RO         6132    i.cos               m_ps.l(cos.o)
    0x0800f288   0x0800f288   0x000000b4   Code   RO         1783    i.createProtocol16  app_serverprotocol.o
    0x0800f33c   0x0800f33c   0x000000bc   Code   RO         1784    i.createProtocol19  app_serverprotocol.o
    0x0800f3f8   0x0800f3f8   0x00000068   Code   RO         1785    i.createProtocol53  app_serverprotocol.o
    0x0800f460   0x0800f460   0x00000094   Code   RO         1787    i.createProtocol62  app_serverprotocol.o
    0x0800f4f4   0x0800f4f4   0x00000050   Code   RO         1788    i.createProtocolF1  app_serverprotocol.o
    0x0800f544   0x0800f544   0x000000f8   Code   RO         1789    i.createProtocolF3  app_serverprotocol.o
    0x0800f63c   0x0800f63c   0x00000014   Code   RO         1790    i.createProtocolHead  app_serverprotocol.o
    0x0800f650   0x0800f650   0x00000010   Code   RO         1791    i.createProtocolSerial  app_serverprotocol.o
    0x0800f660   0x0800f660   0x00000036   Code   RO         1792    i.createProtocolTail  app_serverprotocol.o
    0x0800f696   0x0800f696   0x00000040   Code   RO         1793    i.createProtocolTail_7979  app_serverprotocol.o
    0x0800f6d6   0x0800f6d6   0x00000038   Code   RO         1794    i.createProtocol_01  app_serverprotocol.o
    0x0800f70e   0x0800f70e   0x00000002   PAD
    0x0800f710   0x0800f710   0x0000008c   Code   RO         1795    i.createProtocol_12  app_serverprotocol.o
    0x0800f79c   0x0800f79c   0x000000c4   Code   RO         1796    i.createProtocol_13  app_serverprotocol.o
    0x0800f860   0x0800f860   0x0000004c   Code   RO         1797    i.createProtocol_21  app_serverprotocol.o
    0x0800f8ac   0x0800f8ac   0x00000022   Code   RO         1798    i.createProtocol_8A  app_serverprotocol.o
    0x0800f8ce   0x0800f8ce   0x00000010   Code   RO            4    i.createSystemTask  app_kernal.o
    0x0800f8de   0x0800f8de   0x0000000c   Code   RO         1095    i.csqRequest        app_net.o
    0x0800f8ea   0x0800f8ea   0x00000002   PAD
    0x0800f8ec   0x0800f8ec   0x000000a4   Code   RO         2668    i.decryptSN         app_sn.o
    0x0800f990   0x0800f990   0x00000024   Code   RO         1508    i.delSmsOndDay      app_task.o
    0x0800f9b4   0x0800f9b4   0x00000010   Code   RO         1096    i.deleteMessage     app_net.o
    0x0800f9c4   0x0800f9c4   0x00000090   Code   RO          232    i.disPlaySystemTime  app_port.o
    0x0800fa54   0x0800fa54   0x00000014   Code   RO          471    i.distinguishOK     app_sys.o
    0x0800fa68   0x0800fa68   0x000000c0   Code   RO         2325    i.do123Instruction  app_instructioncmd.o
    0x0800fb28   0x0800fb28   0x00000120   Code   RO         2326    i.doACCCTLGNSSInstrucion  app_instructioncmd.o
    0x0800fc48   0x0800fc48   0x00000138   Code   RO         2327    i.doAPNInstruction  app_instructioncmd.o
    0x0800fd80   0x0800fd80   0x00000110   Code   RO         2328    i.doAdccalInstrucion  app_instructioncmd.o
    0x0800fe90   0x0800fe90   0x00000170   Code   RO         2329    i.doAlarmModeInstrucion  app_instructioncmd.o
    0x08010000   0x08010000   0x000000c8   Code   RO         2330    i.doAnswerInstrucion  app_instructioncmd.o
    0x080100c8   0x080100c8   0x000000ec   Code   RO         2331    i.doAudioInstrucion  app_instructioncmd.o
    0x080101b4   0x080101b4   0x00000034   Code   RO         2332    i.doBFInstruction   app_instructioncmd.o
    0x080101e8   0x080101e8   0x00000034   Code   RO         2333    i.doCFInstruction   app_instructioncmd.o
    0x0801021c   0x0801021c   0x0000036c   Code   RO         2334    i.doDebugInstrucion  app_instructioncmd.o
    0x08010588   0x08010588   0x00000094   Code   RO         2335    i.doFactoryInstrucion  app_instructioncmd.o
    0x0801061c   0x0801061c   0x000001d8   Code   RO         2336    i.doFactoryTestInstruction  app_instructioncmd.o
    0x080107f4   0x080107f4   0x0000009c   Code   RO         2337    i.doFenceInstrucion  app_instructioncmd.o
    0x08010890   0x08010890   0x000000c8   Code   RO         2338    i.doHbtInstruction  app_instructioncmd.o
    0x08010958   0x08010958   0x00000118   Code   RO         2339    i.doJTCYCLEInstrucion  app_instructioncmd.o
    0x08010a70   0x08010a70   0x00000124   Code   RO         2340    i.doJtInstruction   app_instructioncmd.o
    0x08010b94   0x08010b94   0x00000090   Code   RO         2341    i.doLEDInstruction  app_instructioncmd.o
    0x08010c24   0x08010c24   0x000000c8   Code   RO         2342    i.doLOWWInstruction  app_instructioncmd.o
    0x08010cec   0x08010cec   0x00000440   Code   RO         2343    i.doModeInstruction  app_instructioncmd.o
    0x0801112c   0x0801112c   0x00000130   Code   RO         2344    i.doPOITYPEInstruction  app_instructioncmd.o
    0x0801125c   0x0801125c   0x0000027c   Code   RO         2345    i.doParamInstruction  app_instructioncmd.o
    0x080114d8   0x080114d8   0x000000ac   Code   RO         2346    i.doPdopInstrucion  app_instructioncmd.o
    0x08011584   0x08011584   0x00000070   Code   RO         1509    i.doPoitypeRequest  app_task.o
    0x080115f4   0x080115f4   0x00000068   Code   RO         2347    i.doResetInstruction  app_instructioncmd.o
    0x0801165c   0x0801165c   0x000000b0   Code   RO         2348    i.doSNInstruction   app_instructioncmd.o
    0x0801170c   0x0801170c   0x0000007c   Code   RO         2349    i.doServerInstruction  app_instructioncmd.o
    0x08011788   0x08011788   0x000000e0   Code   RO         2350    i.doSetAgpsInstruction  app_instructioncmd.o
    0x08011868   0x08011868   0x00000174   Code   RO         2351    i.doSetblemacInstrucion  app_instructioncmd.o
    0x080119dc   0x080119dc   0x000000a8   Code   RO         2352    i.doSmsreplyInstrucion  app_instructioncmd.o
    0x08011a84   0x08011a84   0x00000184   Code   RO         2353    i.doStatusInstruction  app_instructioncmd.o
    0x08011c08   0x08011c08   0x000000e4   Code   RO         2354    i.doTTSInstruction  app_instructioncmd.o
    0x08011cec   0x08011cec   0x000000c4   Code   RO         2355    i.doTurnAlgInstrucion  app_instructioncmd.o
    0x08011db0   0x08011db0   0x000000b4   Code   RO         2356    i.doUPSInstruction  app_instructioncmd.o
    0x08011e64   0x08011e64   0x000000e4   Code   RO         2357    i.doUTCInstruction  app_instructioncmd.o
    0x08011f48   0x08011f48   0x00000068   Code   RO         2358    i.doVersionInstruction  app_instructioncmd.o
    0x08011fb0   0x08011fb0   0x00000080   Code   RO         2359    i.doVolInstrucion   app_instructioncmd.o
    0x08012030   0x08012030   0x00000210   Code   RO         2221    i.doinstruction     app_atcmd.o
    0x08012240   0x08012240   0x000000b4   Code   RO         2360    i.dorequestSend123  app_instructioncmd.o
    0x080122f4   0x080122f4   0x00000034   Code   RO          710    i.eepromWriteByte   app_param.o
    0x08012328   0x08012328   0x00000034   Code   RO          711    i.eepromWriteTwoBytes  app_param.o
    0x0801235c   0x0801235c   0x00000034   Code   RO          712    i.eepromWriteWord   app_param.o
    0x08012390   0x08012390   0x00000140   Code   RO         2669    i.encrypt           app_sn.o
    0x080124d0   0x080124d0   0x00000050   Code   RO         1510    i.exitNetCtl        app_task.o
    0x08012520   0x08012520   0x0000002a   Code   RO         2670    i.expand            app_sn.o
    0x0801254a   0x0801254a   0x00000002   PAD
    0x0801254c   0x0801254c   0x00000054   Code   RO         6452    i.free              mc_p.l(malloc.o)
    0x080125a0   0x080125a0   0x00000050   Code   RO         1511    i.getBatVoltage     app_task.o
    0x080125f0   0x080125f0   0x0000005c   Code   RO         1799    i.getBatteryLevel   app_serverprotocol.o
    0x0801264c   0x0801264c   0x0000001a   Code   RO          472    i.getCharIndex      app_sys.o
    0x08012666   0x08012666   0x00000028   Code   RO          473    i.getCharIndexWithNum  app_sys.o
    0x0801268e   0x0801268e   0x00000002   PAD
    0x08012690   0x08012690   0x00000008   Code   RO         1997    i.getCurrentGPSInfo  app_gps.o
    0x08012698   0x08012698   0x00000008   Code   RO         1998    i.getGSPfifo        app_gps.o
    0x080126a0   0x080126a0   0x00000008   Code   RO         1999    i.getLastFixedGPSInfo  app_gps.o
    0x080126a8   0x080126a8   0x00000008   Code   RO         1097    i.getModuleICCID    app_net.o
    0x080126b0   0x080126b0   0x00000008   Code   RO         1098    i.getModuleIMEI     app_net.o
    0x080126b8   0x080126b8   0x00000008   Code   RO         1099    i.getModuleIMSI     app_net.o
    0x080126c0   0x080126c0   0x0000000c   Code   RO         1100    i.getModuleRssi     app_net.o
    0x080126cc   0x080126cc   0x0000001a   Code   RO         2787    i.getStep           app_mir3da.o
    0x080126e6   0x080126e6   0x00000002   PAD
    0x080126e8   0x080126e8   0x00000010   Code   RO          474    i.getTerminalAccState  app_sys.o
    0x080126f8   0x080126f8   0x00000010   Code   RO          475    i.getTerminalChargeState  app_sys.o
    0x08012708   0x08012708   0x0000000c   Code   RO         1512    i.gpsChangeFsmState  app_task.o
    0x08012714   0x08012714   0x00000028   Code   RO         2000    i.gpsClearCurrentGPSInfo  app_gps.o
    0x0801273c   0x0801273c   0x00000048   Code   RO         2001    i.gpsFilter         app_gps.o
    0x08012784   0x08012784   0x00000014   Code   RO         2073    i.gpsIsRun          app_gpsrestore.o
    0x08012798   0x08012798   0x0000005c   Code   RO         1513    i.gpsLedTask        app_task.o
    0x080127f4   0x080127f4   0x0000000c   Code   RO         2074    i.gpsNoRestoreFileToRead  app_gpsrestore.o
    0x08012800   0x08012800   0x0000005c   Code   RO         1514    i.gpsOutputCheckTask  app_task.o
    0x0801285c   0x0801285c   0x000000f0   Code   RO         2075    i.gpsReadFromModuleAndSendtoServe  app_gpsrestore.o
    0x0801294c   0x0801294c   0x00000010   Code   RO         2076    i.gpsReadRestoreReset  app_gpsrestore.o
    0x0801295c   0x0801295c   0x00000044   Code   RO         1515    i.gpsRequestClear   app_task.o
    0x080129a0   0x080129a0   0x00000054   Code   RO         1516    i.gpsRequestClose   app_task.o
    0x080129f4   0x080129f4   0x00000010   Code   RO         1517    i.gpsRequestGet     app_task.o
    0x08012a04   0x08012a04   0x00000074   Code   RO         1518    i.gpsRequestOpen    app_task.o
    0x08012a78   0x08012a78   0x00000040   Code   RO         1519    i.gpsRequestSet     app_task.o
    0x08012ab8   0x08012ab8   0x000000a4   Code   RO         1520    i.gpsRequestTask    app_task.o
    0x08012b5c   0x08012b5c   0x000000f8   Code   RO         1800    i.gpsRestoreDataSend  app_serverprotocol.o
    0x08012c54   0x08012c54   0x0000006c   Code   RO         2077    i.gpsRestoreWriteData  app_gpsrestore.o
    0x08012cc0   0x08012cc0   0x00000010   Code   RO         1521    i.gpsStartBD        app_task.o
    0x08012cd0   0x08012cd0   0x00000028   Code   RO         2078    i.gpsUpdateRestoreFileNameAndTotalSize  app_gpsrestore.o
    0x08012cf8   0x08012cf8   0x00000090   Code   RO         2741    i.gpsUploadPointToServer  app_gpsarithmetic.o
    0x08012d88   0x08012d88   0x00000078   Code   RO         1522    i.gpsUplodOnePointTask  app_task.o
    0x08012e00   0x08012e00   0x000000b4   Code   RO         1523    i.gsensorIntervalCheck  app_task.o
    0x08012eb4   0x08012eb4   0x00000184   Code   RO         1524    i.gsensorTapTask    app_task.o
    0x08013038   0x08013038   0x00000094   Code   RO          233    i.halGetInDma       app_port.o
    0x080130cc   0x080130cc   0x00000014   Code   RO          234    i.halRecvInIdle     app_port.o
    0x080130e0   0x080130e0   0x00000018   Code   RO          235    i.halUartRecvPushOut  app_port.o
    0x080130f8   0x080130f8   0x00000084   Code   RO         1525    i.hearbeatRequest   app_task.o
    0x0801317c   0x0801317c   0x00000050   Code   RO         2742    i.initLastPoint     app_gpsarithmetic.o
    0x080131cc   0x080131cc   0x0000004c   Code   RO         2222    i.instructionParase  app_atcmd.o
    0x08013218   0x08013218   0x0000000c   Code   RO         1101    i.isModulePowerOn   app_net.o
    0x08013224   0x08013224   0x00000014   Code   RO         1102    i.isModuleRunNormal  app_net.o
    0x08013238   0x08013238   0x00000020   Code   RO         1801    i.isProtocolReday   app_serverprotocol.o
    0x08013258   0x08013258   0x000000b0   Code   RO            6    i.kernalRun         app_kernal.o
    0x08013308   0x08013308   0x000000a8   Code   RO         2126    i.latitude_to_double  app_nmea.o
    0x080133b0   0x080133b0   0x00000058   Code   RO         1526    i.lbsUploadRequestTask  app_task.o
    0x08013408   0x08013408   0x0000000c   Code   RO         1527    i.ledRunTask        app_task.o
    0x08013414   0x08013414   0x00000018   Code   RO         1528    i.ledSetPeriod      app_task.o
    0x0801342c   0x0801342c   0x000000a8   Code   RO         2127    i.longitude_to_double  app_nmea.o
    0x080134d4   0x080134d4   0x0000002a   Code   RO         2944    i.main              main.o
    0x080134fe   0x080134fe   0x00000002   PAD
    0x08013500   0x08013500   0x0000006c   Code   RO         6453    i.malloc            mc_p.l(malloc.o)
    0x0801356c   0x0801356c   0x00000114   Code   RO         2789    i.mir3da_init       app_mir3da.o
    0x08013680   0x08013680   0x00000026   Code   RO         2790    i.mir3da_open_interrupt  app_mir3da.o
    0x080136a6   0x080136a6   0x00000002   PAD
    0x080136a8   0x080136a8   0x00000028   Code   RO         2792    i.mir3da_register_read  app_mir3da.o
    0x080136d0   0x080136d0   0x00000030   Code   RO         2793    i.mir3da_register_write  app_mir3da.o
    0x08013700   0x08013700   0x00000014   Code   RO         2794    i.mir3da_set_enable  app_mir3da.o
    0x08013714   0x08013714   0x00000094   Code   RO         1529    i.modeRun           app_task.o
    0x080137a8   0x080137a8   0x00000094   Code   RO         1530    i.modeShutDownQuickly  app_task.o
    0x0801383c   0x0801383c   0x0000007c   Code   RO         1531    i.modeStart         app_task.o
    0x080138b8   0x080138b8   0x0000001c   Code   RO         1103    i.moduleInfoInit    app_net.o
    0x080138d4   0x080138d4   0x00000054   Code   RO         1104    i.modulePowerOff    app_net.o
    0x08013928   0x08013928   0x00000060   Code   RO         1105    i.modulePowerOn     app_net.o
    0x08013988   0x08013988   0x00000064   Code   RO         1106    i.moduleReset       app_net.o
    0x080139ec   0x080139ec   0x00000014   Code   RO         1802    i.moduleResetProcess  app_serverprotocol.o
    0x08013a00   0x08013a00   0x00000040   Code   RO         1107    i.moduleResetProcessA  app_net.o
    0x08013a40   0x08013a40   0x00000284   Code   RO         1108    i.moduleResponParaser  app_net.o
    0x08013cc4   0x08013cc4   0x00000054   Code   RO          667    i.myAppConfig       app_user.o
    0x08013d18   0x08013d18   0x00000014   Code   RO          668    i.myAppRun          app_user.o
    0x08013d2c   0x08013d2c   0x00000058   Code   RO          476    i.my_getstrindex    app_sys.o
    0x08013d84   0x08013d84   0x0000002e   Code   RO          477    i.my_strpach        app_sys.o
    0x08013db2   0x08013db2   0x00000036   Code   RO          478    i.my_strstr         app_sys.o
    0x08013de8   0x08013de8   0x0000003a   Code   RO         2223    i.mycmdPatch        app_atcmd.o
    0x08013e22   0x08013e22   0x00000002   PAD
    0x08013e24   0x08013e24   0x00000018   Code   RO         1109    i.n58ATA            app_net.o
    0x08013e3c   0x08013e3c   0x00000048   Code   RO         1110    i.n58AtaParser      app_net.o
    0x08013e84   0x08013e84   0x000000a4   Code   RO         1111    i.n58AudplayParser  app_net.o
    0x08013f28   0x08013f28   0x00000088   Code   RO         1112    i.n58CCIDParser     app_net.o
    0x08013fb0   0x08013fb0   0x0000005c   Code   RO         1113    i.n58CGSNParser     app_net.o
    0x0801400c   0x0801400c   0x000000e4   Code   RO         1114    i.n58CIMIParser     app_net.o
    0x080140f0   0x080140f0   0x000000e0   Code   RO         1115    i.n58CMGRParser     app_net.o
    0x080141d0   0x080141d0   0x00000088   Code   RO         1116    i.n58CMTIParser     app_net.o
    0x08014258   0x08014258   0x000000a4   Code   RO         1117    i.n58CREGParser     app_net.o
    0x080142fc   0x080142fc   0x00000090   Code   RO         1118    i.n58CSQParser      app_net.o
    0x0801438c   0x0801438c   0x00000198   Code   RO         1119    i.n58FSLISTParser   app_net.o
    0x08014524   0x08014524   0x0000014c   Code   RO         1120    i.n58FswrParser     app_net.o
    0x08014670   0x08014670   0x00000064   Code   RO         1121    i.n58GmrParser      app_net.o
    0x080146d4   0x080146d4   0x0000002c   Code   RO         1122    i.n58MygpsposParser  app_net.o
    0x08014700   0x08014700   0x00000080   Code   RO         1123    i.n58MygpsstateParser  app_net.o
    0x08014780   0x08014780   0x000000e8   Code   RO         1124    i.n58MylacidParser  app_net.o
    0x08014868   0x08014868   0x00000060   Code   RO         1125    i.n58NwblecconParser  app_net.o
    0x080148c8   0x080148c8   0x00000080   Code   RO         1126    i.n58NwbleroleParser  app_net.o
    0x08014948   0x08014948   0x0000007c   Code   RO         1127    i.n58NwbtblepwrParser  app_net.o
    0x080149c4   0x080149c4   0x0000007c   Code   RO         1128    i.n58NwurcblestatParser  app_net.o
    0x08014a40   0x08014a40   0x000000e0   Code   RO         1129    i.n58TCPRecvParser  app_net.o
    0x08014b20   0x08014b20   0x00000090   Code   RO         1130    i.n58TCPcloseParser  app_net.o
    0x08014bb0   0x08014bb0   0x00000178   Code   RO         1131    i.n58TCPsetupParser  app_net.o
    0x08014d28   0x08014d28   0x00000088   Code   RO         1132    i.n58TcpsendParase  app_net.o
    0x08014db0   0x08014db0   0x000000d0   Code   RO         1133    i.n58WIFISCANParser  app_net.o
    0x08014e80   0x08014e80   0x0000004c   Code   RO         1134    i.n58cgattParser    app_net.o
    0x08014ecc   0x08014ecc   0x0000001c   Code   RO         1135    i.n58cgdcontParser  app_net.o
    0x08014ee8   0x08014ee8   0x0000003c   Code   RO         1136    i.n58mysysteminfoParser  app_net.o
    0x08014f24   0x08014f24   0x0000002c   Code   RO         1137    i.n58setAPN         app_net.o
    0x08014f50   0x08014f50   0x00000034   Code   RO         1138    i.n58setXGAUTH      app_net.o
    0x08014f84   0x08014f84   0x0000001c   Code   RO         1139    i.n58xgauthParser   app_net.o
    0x08014fa0   0x08014fa0   0x0000001c   Code   RO         1140    i.n58xiicParser     app_net.o
    0x08014fbc   0x08014fbc   0x000000a4   Code   RO         1141    i.n58xiicqueryParser  app_net.o
    0x08015060   0x08015060   0x00000010   Code   RO         1803    i.netConnectReset   app_serverprotocol.o
    0x08015070   0x08015070   0x00000054   Code   RO         1142    i.netEnterStopMode  app_net.o
    0x080150c4   0x080150c4   0x0000003c   Code   RO         1143    i.netExitStopMode   app_net.o
    0x08015100   0x08015100   0x0000004c   Code   RO         1532    i.netModuleShutdown  app_task.o
    0x0801514c   0x0801514c   0x0000008c   Code   RO         1533    i.netModuleStartup  app_task.o
    0x080151d8   0x080151d8   0x00000014   Code   RO         1144    i.netWorkModuleRunOk  app_net.o
    0x080151ec   0x080151ec   0x000004bc   Code   RO         1145    i.networkConnectProcess  app_net.o
    0x080156a8   0x080156a8   0x00000050   Code   RO         2128    i.nmeaParse         app_nmea.o
    0x080156f8   0x080156f8   0x0000001c   Code   RO         1146    i.openModuleGPS     app_net.o
    0x08015714   0x08015714   0x0000005c   Code   RO         1147    i.outPutNodeCmd     app_net.o
    0x08015770   0x08015770   0x00000084   Code   RO         1804    i.packIMEI          app_serverprotocol.o
    0x080157f4   0x080157f4   0x000001f4   Code   RO          713    i.paramDefaultInit  app_param.o
    0x080159e8   0x080159e8   0x00000020   Code   RO          714    i.paramGetAdcCal    app_param.o
    0x08015a08   0x08015a08   0x00000014   Code   RO          715    i.paramGetAgpsPort  app_param.o
    0x08015a1c   0x08015a1c   0x0000002c   Code   RO          716    i.paramGetAgpsPswd  app_param.o
    0x08015a48   0x08015a48   0x0000002c   Code   RO          717    i.paramGetAgpsServer  app_param.o
    0x08015a74   0x08015a74   0x0000002c   Code   RO          718    i.paramGetAgpsUser  app_param.o
    0x08015aa0   0x08015aa0   0x0000001c   Code   RO          719    i.paramGetApnName   app_param.o
    0x08015abc   0x08015abc   0x0000001c   Code   RO          720    i.paramGetApnPswd   app_param.o
    0x08015ad8   0x08015ad8   0x0000001c   Code   RO          721    i.paramGetApnUser   app_param.o
    0x08015af4   0x08015af4   0x00000014   Code   RO          722    i.paramGetAutoParam  app_param.o
    0x08015b08   0x08015b08   0x00000020   Code   RO          723    i.paramGetBleMac    app_param.o
    0x08015b28   0x08015b28   0x0000000c   Code   RO          724    i.paramGetCM        app_param.o
    0x08015b34   0x08015b34   0x0000001c   Code   RO          725    i.paramGetCodeVersion  app_param.o
    0x08015b50   0x08015b50   0x0000000c   Code   RO          726    i.paramGetGPSUploadInterval  app_param.o
    0x08015b5c   0x08015b5c   0x0000000c   Code   RO          727    i.paramGetHeartbeatInterval  app_param.o
    0x08015b68   0x08015b68   0x0000000c   Code   RO          728    i.paramGetLoww      app_param.o
    0x08015b74   0x08015b74   0x00000014   Code   RO          729    i.paramGetMode2cnt  app_param.o
    0x08015b88   0x08015b88   0x0000002c   Code   RO          730    i.paramGetServer    app_param.o
    0x08015bb4   0x08015bb4   0x00000020   Code   RO          731    i.paramGetSnNumber  app_param.o
    0x08015bd4   0x08015bd4   0x00000014   Code   RO          732    i.paramGetStep      app_param.o
    0x08015be8   0x08015be8   0x00000028   Code   RO          733    i.paramGetUPSServer  app_param.o
    0x08015c10   0x08015c10   0x00000230   Code   RO          735    i.paramInit         app_param.o
    0x08015e40   0x08015e40   0x00000018   Code   RO          736    i.paramSaveACCCTLGNSS  app_param.o
    0x08015e58   0x08015e58   0x00000020   Code   RO          737    i.paramSaveAdcCal   app_param.o
    0x08015e78   0x08015e78   0x00000018   Code   RO          738    i.paramSaveAgpsPort  app_param.o
    0x08015e90   0x08015e90   0x00000028   Code   RO          739    i.paramSaveAgpsPswd  app_param.o
    0x08015eb8   0x08015eb8   0x00000028   Code   RO          740    i.paramSaveAgpsServer  app_param.o
    0x08015ee0   0x08015ee0   0x00000028   Code   RO          741    i.paramSaveAgpsUser  app_param.o
    0x08015f08   0x08015f08   0x00000028   Code   RO          742    i.paramSaveAlarmTime  app_param.o
    0x08015f30   0x08015f30   0x0000003c   Code   RO          743    i.paramSaveApnName  app_param.o
    0x08015f6c   0x08015f6c   0x0000003c   Code   RO          744    i.paramSaveApnPswd  app_param.o
    0x08015fa8   0x08015fa8   0x0000003c   Code   RO          745    i.paramSaveApnUser  app_param.o
    0x08015fe4   0x08015fe4   0x00000018   Code   RO          746    i.paramSaveAutoAnswer  app_param.o
    0x08015ffc   0x08015ffc   0x0000000e   Code   RO          747    i.paramSaveAutoParam  app_param.o
    0x0801600a   0x0801600a   0x00000002   PAD
    0x0801600c   0x0801600c   0x00000018   Code   RO          748    i.paramSaveBF       app_param.o
    0x08016024   0x08016024   0x0000003e   Code   RO          749    i.paramSaveBleMac   app_param.o
    0x08016062   0x08016062   0x0000000e   Code   RO          750    i.paramSaveCM       app_param.o
    0x08016070   0x08016070   0x00000026   Code   RO          751    i.paramSaveCodeVersion  app_param.o
    0x08016096   0x08016096   0x00000002   PAD
    0x08016098   0x08016098   0x00000018   Code   RO          752    i.paramSaveFence    app_param.o
    0x080160b0   0x080160b0   0x00000010   Code   RO          753    i.paramSaveGPSUploadInterval  app_param.o
    0x080160c0   0x080160c0   0x00000014   Code   RO          754    i.paramSaveHardFault  app_param.o
    0x080160d4   0x080160d4   0x00000010   Code   RO          755    i.paramSaveHeartbeatInterval  app_param.o
    0x080160e4   0x080160e4   0x00000018   Code   RO          756    i.paramSaveInterval  app_param.o
    0x080160fc   0x080160fc   0x00000018   Code   RO          757    i.paramSaveLedCtl   app_param.o
    0x08016114   0x08016114   0x00000018   Code   RO          758    i.paramSaveLightAlarmMode  app_param.o
    0x0801612c   0x0801612c   0x0000000e   Code   RO          759    i.paramSaveLoww     app_param.o
    0x0801613a   0x0801613a   0x00000002   PAD
    0x0801613c   0x0801613c   0x00000014   Code   RO          760    i.paramSaveMallocFault  app_param.o
    0x08016150   0x08016150   0x00000018   Code   RO          761    i.paramSaveMode     app_param.o
    0x08016168   0x08016168   0x00000018   Code   RO          762    i.paramSaveMode1GapDay  app_param.o
    0x08016180   0x08016180   0x00000018   Code   RO          763    i.paramSaveMode1Timer  app_param.o
    0x08016198   0x08016198   0x00000018   Code   RO          764    i.paramSaveMode2cnt  app_param.o
    0x080161b0   0x080161b0   0x00000018   Code   RO          765    i.paramSaveNoNetWakeUpMinutes  app_param.o
    0x080161c8   0x080161c8   0x00000018   Code   RO          766    i.paramSavePdop     app_param.o
    0x080161e0   0x080161e0   0x00000018   Code   RO          767    i.paramSavePoitype  app_param.o
    0x080161f8   0x080161f8   0x0000004a   Code   RO          768    i.paramSaveServer   app_param.o
    0x08016242   0x08016242   0x0000000e   Code   RO          770    i.paramSaveSmsreply  app_param.o
    0x08016250   0x08016250   0x0000001e   Code   RO          771    i.paramSaveSnNumber  app_param.o
    0x0801626e   0x0801626e   0x00000002   PAD
    0x08016270   0x08016270   0x00000014   Code   RO          772    i.paramSaveStep     app_param.o
    0x08016284   0x08016284   0x00000018   Code   RO          773    i.paramSaveTurnalg  app_param.o
    0x0801629c   0x0801629c   0x00000046   Code   RO          774    i.paramSaveUPSServer  app_param.o
    0x080162e2   0x080162e2   0x00000002   PAD
    0x080162e4   0x080162e4   0x00000018   Code   RO          775    i.paramSaveUTC      app_param.o
    0x080162fc   0x080162fc   0x00000014   Code   RO          776    i.paramSaveUpdateStatus  app_param.o
    0x08016310   0x08016310   0x0000012c   Code   RO          479    i.paraseInstructionToItem  app_sys.o
    0x0801643c   0x0801643c   0x00000138   Code   RO         2129    i.parseGPS          app_nmea.o
    0x08016574   0x08016574   0x0000001c   Code   RO         2130    i.parse_GGA         app_nmea.o
    0x08016590   0x08016590   0x0000003c   Code   RO         2131    i.parse_GSA         app_nmea.o
    0x080165cc   0x080165cc   0x000001c4   Code   RO         2132    i.parse_GSV         app_nmea.o
    0x08016790   0x08016790   0x00000158   Code   RO         2133    i.parse_RMC         app_nmea.o
    0x080168e8   0x080168e8   0x00000038   Code   RO         1148    i.playAudio         app_net.o
    0x08016920   0x08016920   0x00000034   Code   RO          236    i.portClearStep     app_port.o
    0x08016954   0x08016954   0x00000038   Code   RO          237    i.portGetAdc        app_port.o
    0x0801698c   0x0801698c   0x00000036   Code   RO          238    i.portGetDateTimeOfSeconds  app_port.o
    0x080169c2   0x080169c2   0x00000002   PAD
    0x080169c4   0x080169c4   0x00000058   Code   RO          239    i.portGetSystemDateTime  app_port.o
    0x08016a1c   0x08016a1c   0x00000094   Code   RO          240    i.portGsensorCfg    app_port.o
    0x08016ab0   0x08016ab0   0x00000010   Code   RO          241    i.portGsensorInt    app_port.o
    0x08016ac0   0x08016ac0   0x00000088   Code   RO          242    i.portLdrInt        app_port.o
    0x08016b48   0x08016b48   0x0000001c   Code   RO          243    i.portLowPowerCfg   app_port.o
    0x08016b64   0x08016b64   0x000000c0   Code   RO          244    i.portModuleCfg     app_port.o
    0x08016c24   0x08016c24   0x00000020   Code   RO          245    i.portPollUart      app_port.o
    0x08016c44   0x08016c44   0x00000054   Code   RO          246    i.portRingSignal    app_port.o
    0x08016c98   0x08016c98   0x0000003c   Code   RO          247    i.portSaveStep      app_port.o
    0x08016cd4   0x08016cd4   0x00000140   Code   RO          248    i.portSetNextAlarmTime  app_port.o
    0x08016e14   0x08016e14   0x000000d8   Code   RO          249    i.portSetNextWakeUpTime  app_port.o
    0x08016eec   0x08016eec   0x000000bc   Code   RO          250    i.portSetSystemDateTime  app_port.o
    0x08016fa8   0x08016fa8   0x00000028   Code   RO          251    i.portSystemReset   app_port.o
    0x08016fd0   0x08016fd0   0x00000140   Code   RO          252    i.portUartCfg       app_port.o
    0x08017110   0x08017110   0x00000014   Code   RO          253    i.portUartSend      app_port.o
    0x08017124   0x08017124   0x0000001c   Code   RO          254    i.portUpdateStep    app_port.o
    0x08017140   0x08017140   0x00000010   Code   RO          255    i.portWdtFeed       app_port.o
    0x08017150   0x08017150   0x000009fc   Code   RO         6140    i.pow               m_ps.l(pow.o)
    0x08017b4c   0x08017b4c   0x000000bc   Code   RO         1805    i.protoclparser51   app_serverprotocol.o
    0x08017c08   0x08017c08   0x000000c8   Code   RO         1806    i.protoclparser52   app_serverprotocol.o
    0x08017cd0   0x08017cd0   0x000001d0   Code   RO         1808    i.protocolGPSpack   app_serverprotocol.o
    0x08017ea0   0x08017ea0   0x0000010c   Code   RO         1809    i.protocolReceivePush  app_serverprotocol.o
    0x08017fac   0x08017fac   0x00000128   Code   RO         1810    i.protocolRunFsm    app_serverprotocol.o
    0x080180d4   0x080180d4   0x00000134   Code   RO         1811    i.protocolRxParser  app_serverprotocol.o
    0x08018208   0x08018208   0x0000000a   Code   RO         1149    i.reConnectServer   app_net.o
    0x08018212   0x08018212   0x00000002   PAD
    0x08018214   0x08018214   0x0000001c   Code   RO         1812    i.reCover123InstructionId  app_serverprotocol.o
    0x08018230   0x08018230   0x00000048   Code   RO         2795    i.readInterruptConfig  app_mir3da.o
    0x08018278   0x08018278   0x000000b0   Code   RO         2796    i.read_gsensor_id   app_mir3da.o
    0x08018328   0x08018328   0x0000000c   Code   RO         2565    i.recCycleStart     app_rec.o
    0x08018334   0x08018334   0x00000018   Code   RO         2566    i.recCycleStop      app_rec.o
    0x0801834c   0x0801834c   0x00000074   Code   RO         2567    i.recCycleTask      app_rec.o
    0x080183c0   0x080183c0   0x00000008   Code   RO         2568    i.recGetRecStruct   app_rec.o
    0x080183c8   0x080183c8   0x00000014   Code   RO         2569    i.recIsRun          app_rec.o
    0x080183dc   0x080183dc   0x00000028   Code   RO         2570    i.recNoFileToread   app_rec.o
    0x08018404   0x08018404   0x0000000c   Code   RO         2571    i.recReadFileOk     app_rec.o
    0x08018410   0x08018410   0x000000bc   Code   RO         2572    i.recRecordUploadTask  app_rec.o
    0x080184cc   0x080184cc   0x000000a4   Code   RO         2573    i.recStart          app_rec.o
    0x08018570   0x08018570   0x00000038   Code   RO         2574    i.recStop           app_rec.o
    0x080185a8   0x080185a8   0x00000014   Code   RO         2575    i.recStopAndUpload  app_rec.o
    0x080185bc   0x080185bc   0x00000014   Code   RO         2576    i.recUpdateFileName  app_rec.o
    0x080185d0   0x080185d0   0x0000004c   Code   RO         2577    i.recUpdateFileSize  app_rec.o
    0x0801861c   0x0801861c   0x0000000a   Code   RO         1534    i.repairGsensor     app_task.o
    0x08018626   0x08018626   0x00000002   PAD
    0x08018628   0x08018628   0x0000000c   Code   RO         2578    i.resIsCycleRuning  app_rec.o
    0x08018634   0x08018634   0x00000048   Code   RO         1535    i.runTimeCount      app_task.o
    0x0801867c   0x0801867c   0x0000001c   Code   RO         1813    i.save123InstructionId  app_serverprotocol.o
    0x08018698   0x08018698   0x0000002c   Code   RO         1150    i.sendDataToServer  app_net.o
    0x080186c4   0x080186c4   0x0000004c   Code   RO         1151    i.sendMessage       app_net.o
    0x08018710   0x08018710   0x000000f8   Code   RO         2361    i.sendMessageWithDifMode  app_instructioncmd.o
    0x08018808   0x08018808   0x000000c8   Code   RO         1152    i.sendModuleCmd     app_net.o
    0x080188d0   0x080188d0   0x00000188   Code   RO         1814    i.sendProtocolToServer  app_serverprotocol.o
    0x08018a58   0x08018a58   0x00000074   Code   RO         1536    i.setAgps           app_task.o
    0x08018acc   0x08018acc   0x0000001c   Code   RO         1153    i.setModuleVol      app_net.o
    0x08018ae8   0x08018ae8   0x000000b8   Code   RO         2671    i.setkey            app_sn.o
    0x08018ba0   0x08018ba0   0x000001ec   Code   RO         2134    i.showgpsinfo       app_nmea.o
    0x08018d8c   0x08018d8c   0x00000084   Code   RO         1537    i.signalLedTask     app_task.o
    0x08018e10   0x08018e10   0x0000009c   Code   RO         6150    i.sin               m_ps.l(sin.o)
    0x08018eac   0x08018eac   0x00000048   Code   RO         6158    i.sqrt              m_ps.l(sqrt.o)
    0x08018ef4   0x08018ef4   0x00000054   Code   RO         2797    i.startStep         app_mir3da.o
    0x08018f48   0x08018f48   0x00000070   Code   RO            7    i.startTimer        app_kernal.o
    0x08018fb8   0x08018fb8   0x00000068   Code   RO            8    i.stopTimer         app_kernal.o
    0x08019020   0x08019020   0x00000050   Code   RO         1538    i.systemModeRunStart  app_task.o
    0x08019070   0x08019070   0x0000007c   Code   RO         1539    i.systemModeTask    app_task.o
    0x080190ec   0x080190ec   0x00000010   Code   RO         1540    i.systemRequestClear  app_task.o
    0x080190fc   0x080190fc   0x00000010   Code   RO         1541    i.systemRequestSet  app_task.o
    0x0801910c   0x0801910c   0x0000016c   Code   RO         1542    i.systemRequestTask  app_task.o
    0x08019278   0x08019278   0x00000090   Code   RO         1543    i.systemShutDown    app_task.o
    0x08019308   0x08019308   0x00000050   Code   RO           10    i.systemTaskResume  app_kernal.o
    0x08019358   0x08019358   0x00000050   Code   RO           11    i.systemTaskSuspend  app_kernal.o
    0x080193a8   0x080193a8   0x00000048   Code   RO         1544    i.taskRunInOneSecond  app_task.o
    0x080193f0   0x080193f0   0x00000010   Code   RO          480    i.terminalAccoff    app_sys.o
    0x08019400   0x08019400   0x00000010   Code   RO          481    i.terminalAccon     app_sys.o
    0x08019410   0x08019410   0x00000014   Code   RO          482    i.terminalAlarmSet  app_sys.o
    0x08019424   0x08019424   0x00000010   Code   RO          483    i.terminalCharge    app_sys.o
    0x08019434   0x08019434   0x00000010   Code   RO          486    i.terminalGPSFixed  app_sys.o
    0x08019444   0x08019444   0x00000010   Code   RO          487    i.terminalGPSUnFixed  app_sys.o
    0x08019454   0x08019454   0x00000010   Code   RO          488    i.terminalunCharge  app_sys.o
    0x08019464   0x08019464   0x0000008c   Code   RO          256    i.updateAlarmA      app_port.o
    0x080194f0   0x080194f0   0x0000006c   Code   RO         2002    i.updateLocalRTCTime  app_gps.o
    0x0801955c   0x0801955c   0x00000010   Code   RO          489    i.updateRTCtimeRequest  app_sys.o
    0x0801956c   0x0801956c   0x00000070   Code   RO         1545    i.updateSystemLedStatus  app_task.o
    0x080195dc   0x080195dc   0x0000000c   Code   RO          490    i.updateSystemStartTime  app_sys.o
    0x080195e8   0x080195e8   0x00000034   Code   RO         1815    i.uploadGpsRestoreData  app_serverprotocol.o
    0x0801961c   0x0801961c   0x000000b8   Code   RO         1546    i.uploadRequestInMode4  app_task.o
    0x080196d4   0x080196d4   0x0000035c   Code   RO         1547    i.voltageCheckTask  app_task.o
    0x08019a30   0x08019a30   0x00000120   Code   RO         1548    i.wdtProcess        app_task.o
    0x08019b50   0x08019b50   0x00000016   Code   RO         1549    i.wifiScanStart     app_task.o
    0x08019b66   0x08019b66   0x00000002   PAD
    0x08019b68   0x08019b68   0x00000034   Code   RO         1550    i.wifiUploadRequestTask  app_task.o
    0x08019b9c   0x08019b9c   0x00000056   Code   RO         2672    i.ztvm_encrypt_des  app_sn.o
    0x08019bf2   0x08019bf2   0x00000058   Code   RO         2673    i.ztvm_encrypt_undes  app_sn.o
    0x08019c4a   0x08019c4a   0x00000028   Code   RO         2674    i.ztvm_encrypt_untrides  app_sn.o
    0x08019c72   0x08019c72   0x00000218   Data   RO          492    .constdata          app_sys.o
    0x08019e8a   0x08019e8a   0x00000002   PAD
    0x08019e8c   0x08019e8c   0x000001d0   Data   RO         1155    .constdata          app_net.o
    0x0801a05c   0x0801a05c   0x000001d2   Data   RO         2224    .constdata          app_atcmd.o
    0x0801a22e   0x0801a22e   0x00000348   Data   RO         2676    .constdata          app_sn.o
    0x0801a576   0x0801a576   0x00000019   Data   RO         6080    .constdata          system_stm32l0xx.o
    0x0801a58f   0x0801a58f   0x00000008   Data   RO         6081    .constdata          system_stm32l0xx.o
    0x0801a597   0x0801a597   0x00000001   PAD
    0x0801a598   0x0801a598   0x00000050   Data   RO         6119    .constdata          m_ps.l(asin.o)
    0x0801a5e8   0x0801a5e8   0x00000088   Data   RO         6141    .constdata          m_ps.l(pow.o)
    0x0801a670   0x0801a670   0x0000000c   Data   RO         6175    .constdata          mc_p.l(mktime.o)
    0x0801a67c   0x0801a67c   0x00000004   PAD
    0x0801a680   0x0801a680   0x00000030   Data   RO         6521    .constdata          m_ps.l(cos_i.o)
    0x0801a6b0   0x0801a6b0   0x00000008   Data   RO         6541    .constdata          m_ps.l(qnan.o)
    0x0801a6b8   0x0801a6b8   0x000000c8   Data   RO         6544    .constdata          m_ps.l(rred.o)
    0x0801a780   0x0801a780   0x00000028   Data   RO         6548    .constdata          m_ps.l(sin_i.o)
    0x0801a7a8   0x0801a7a8   0x00000081   Data   RO         6579    .constdata          mc_p.l(ctype_o.o)
    0x0801a829   0x0801a829   0x00000003   PAD
    0x0801a82c   0x0801a82c   0x00000004   Data   RO         6580    .constdata          mc_p.l(ctype_o.o)
    0x0801a830   0x0801a830   0x0000000c   Data   RO         6610    .constdata          mc_p.l(localtime_i.o)
    0x0801a83c   0x0801a83c   0x00000283   Data   RO         1156    .conststring        app_net.o
    0x0801aabf   0x0801aabf   0x00000001   PAD
    0x0801aac0   0x0801aac0   0x000001c0   Data   RO         2225    .conststring        app_atcmd.o
    0x0801ac80   0x0801ac80   0x0000020d   Data   RO         2363    .conststring        app_instructioncmd.o
    0x0801ae8d   0x0801ae8d   0x00000003   PAD
    0x0801ae90   0x0801ae90   0x00000020   Data   RO         6661    Region$$Table       anon$$obj.o


    Execution Region RW_IRAM1 (Exec base: 0x20000000, Load base: 0x0801aeb0, Size: 0x00004360, Max: 0x00005000, ABSOLUTE)

    Exec Addr    Load Addr    Size         Type   Attr      Idx    E Section Name        Object

    0x20000000   0x0801aeb0   0x00000004   Data   RW           14    .data               app_kernal.o
    0x20000004   0x0801aeb4   0x00000008   Data   RW          258    .data               app_port.o
    0x2000000c   0x0801aebc   0x00000008   Data   RW         1157    .data               app_net.o
    0x20000014   0x0801aec4   0x00000028   Data   RW         1552    .data               app_task.o
    0x2000003c   0x0801aeec   0x0000000e   Data   RW         1817    .data               app_serverprotocol.o
    0x2000004a   0x0801aefa   0x00000001   Data   RW         2136    .data               app_nmea.o
    0x2000004b   0x0801aefb   0x00000001   Data   RW         2364    .data               app_instructioncmd.o
    0x2000004c   0x0801aefc   0x00000012   Data   RW         2677    .data               app_sn.o
    0x2000005e   0x0801af0e   0x00000002   PAD
    0x20000060   0x0801af10   0x00000008   Data   RW         2744    .data               app_gpsarithmetic.o
    0x20000068   0x0801af18   0x00000001   Data   RW         2799    .data               app_mir3da.o
    0x20000069   0x0801af19   0x00000003   PAD
    0x2000006c   0x0801af1c   0x0000000c   Data   RW         3588    .data               stm32l0xx_hal.o
    0x20000078   0x0801af28   0x00000004   Data   RW         6082    .data               system_stm32l0xx.o
    0x2000007c   0x0801af2c   0x00000004   Data   RW         6612    .data               mc_p.l(mvars.o)
    0x20000080   0x0801af30   0x00000004   Data   RW         6613    .data               mc_p.l(mvars.o)
    0x20000084   0x0801af34   0x00000004   Data   RW         6617    .data               mc_p.l(errno.o)
    0x20000088        -       0x00000010   Zero   RW           13    .bss                app_kernal.o
    0x20000098        -       0x000009bc   Zero   RW          257    .bss                app_port.o
    0x20000a54        -       0x00000180   Zero   RW          491    .bss                app_sys.o
    0x20000bd4        -       0x000001de   Zero   RW          777    .bss                app_param.o
    0x20000db2   0x0801af38   0x00000002   PAD
    0x20000db4        -       0x000000a1   Zero   RW         1154    .bss                app_net.o
    0x20000e55   0x0801af38   0x00000003   PAD
    0x20000e58        -       0x00000020   Zero   RW         1551    .bss                app_task.o
    0x20000e78        -       0x00000848   Zero   RW         1816    .bss                app_serverprotocol.o
    0x200016c0        -       0x00000438   Zero   RW         2003    .bss                app_gps.o
    0x20001af8        -       0x0000003c   Zero   RW         2079    .bss                app_gpsrestore.o
    0x20001b34   0x0801af38   0x00000004   PAD
    0x20001b38        -       0x00000070   Zero   RW         2135    .bss                app_nmea.o
    0x20001ba8        -       0x0000001e   Zero   RW         2362    .bss                app_instructioncmd.o
    0x20001bc6   0x0801af38   0x00000002   PAD
    0x20001bc8        -       0x00000044   Zero   RW         2579    .bss                app_rec.o
    0x20001c0c        -       0x000003c0   Zero   RW         2675    .bss                app_sn.o
    0x20001fcc   0x0801af38   0x00000004   PAD
    0x20001fd0        -       0x00000020   Zero   RW         2743    .bss                app_gpsarithmetic.o
    0x20001ff0        -       0x00000017   Zero   RW         2887    .bss                app_ble.o
    0x20002007   0x0801af38   0x00000001   PAD
    0x20002008        -       0x0000005c   Zero   RW         3003    .bss                adc.o
    0x20002064        -       0x0000004c   Zero   RW         3061    .bss                i2c.o
    0x200020b0        -       0x00000010   Zero   RW         3097    .bss                iwdg.o
    0x200020c0        -       0x00000264   Zero   RW         3127    .bss                usart.o
    0x20002324        -       0x00000024   Zero   RW         3175    .bss                rtc.o
    0x20002348        -       0x00000018   Zero   RW         4501    .bss                stm32l0xx_hal_flash.o
    0x20002360        -       0x00001000   Zero   RW         6111    HEAP                startup_stm32l071xx.o
    0x20003360        -       0x00001000   Zero   RW         6110    STACK               startup_stm32l071xx.o


==============================================================================

Image component sizes


      Code (inc. data)   RO Data    RW Data    ZI Data      Debug   Object Name

       192         20          0          0         92       1499   adc.o
      2962        952        914          0          0      12268   app_atcmd.o
       412         66          0          0         23       3836   app_ble.o
       404         52          0          0       1080       3936   app_gps.o
       964        176          0          8         32       4184   app_gpsarithmetic.o
       436        154          0          0         60       3665   app_gpsrestore.o
      9988       3952        525          1         30      29788   app_instructioncmd.o
       820        256          0          4         16     365673   app_kernal.o
       816        234          0          1          0       5832   app_mir3da.o
      8168       1930       1107          8        161      43833   app_net.o
      2252        308          0          1        112       9136   app_nmea.o
      2990        520          0          0        478      36608   app_param.o
      3036        846          0          8       2492      23814   app_port.o
       768        232          0          0         68       7001   app_rec.o
      4400        520          0         14       2120      24378   app_serverprotocol.o
      1136         36        840         18        960       8303   app_sn.o
      1560        182        536          0        384      18913   app_sys.o
      6164       1860          0         40         32      25787   app_task.o
       138         24          0          0          0       6450   app_user.o
        56          4          0          0          0        674   dma.o
       268         30          0          0          0        899   gpio.o
       236         40          0          0         76       1933   i2c.o
        44         12          0          0         16        603   iwdg.o
       188         10          0          0          0       1780   main.o
       116         16          0          0         36       1315   rtc.o
        28          8        192          0       8192        576   startup_stm32l071xx.o
       204         36          0         12          0       9872   stm32l0xx_hal.o
      1274         36          0          0          0       8328   stm32l0xx_hal_adc.o
       170          0          0          0          0       1366   stm32l0xx_hal_adc_ex.o
       208         40          0          0          0      13182   stm32l0xx_hal_cortex.o
       712         22          0          0          0       5958   stm32l0xx_hal_dma.o
       256         16          0          0         24       4086   stm32l0xx_hal_flash.o
       156         26          0          0          0       2199   stm32l0xx_hal_flash_ex.o
       674         66          0          0          0       4212   stm32l0xx_hal_gpio.o
      1516         36          0          0          0      11703   stm32l0xx_hal_i2c.o
       146          0          0          0          0       1827   stm32l0xx_hal_i2c_ex.o
       116         20          0          0          0       1675   stm32l0xx_hal_iwdg.o
        24          4          0          0          0        406   stm32l0xx_hal_msp.o
       116         16          0          0          0       1211   stm32l0xx_hal_pwr.o
        32          8          0          0          0        989   stm32l0xx_hal_pwr_ex.o
      1718         90          0          0          0       5556   stm32l0xx_hal_rcc.o
       376         14          0          0          0       1392   stm32l0xx_hal_rcc_ex.o
      1744         42          0          0          0      10545   stm32l0xx_hal_rtc.o
       306         18          0          0          0       3100   stm32l0xx_hal_rtc_ex.o
      2566        100          0          0          0      15697   stm32l0xx_hal_uart.o
         2          0          0          0          0        948   stm32l0xx_hal_uart_ex.o
       182         36          0          0          0       5049   stm32l0xx_it.o
        88         22         33          4          0       1139   system_stm32l0xx.o
       696         78          0          0        612       3466   usart.o

    ----------------------------------------------------------------------
     61896      13166       4186        124      17112     756590   Object Totals
         0          0         32          0          0          0   (incl. Generated)
        72          0          7          5         16          0   (incl. Padding)

    ----------------------------------------------------------------------

      Code (inc. data)   RO Data    RW Data    ZI Data      Debug   Library Member Name

       628         54         80          0          0        104   asin.o
        42          0          0          0          0         76   atof.o
       152         10          0          0          0        104   cos.o
       244         20         48          0          0         92   cos_i.o
        94         14          0          0          0        408   dunder.o
        44          4          0          0          0         60   fpclassify.o
       172          0          0          0          0         76   poly.o
      2556        196        136          0          0        240   pow.o
         0          0          8          0          0          0   qnan.o
       924         86        200          0          0        120   rred.o
       156         10          0          0          0        104   sin.o
       236         14         40          0          0        100   sin_i.o
        72          6          0          0          0         76   sqrt.o
        30          0          0          0          0         60   _chval.o
        68          0          0          0          0         76   _sgetc.o
       166          0          0          0          0         84   _strtoul.o
        26          0          0          0          0         72   atoi.o
        26          0          0          0          0         72   atol.o
         8          4        133          0          0         60   ctype_o.o
         0          0          0          0          0          0   entry.o
         0          0          0          0          0          0   entry10a.o
         0          0          0          0          0          0   entry11a.o
         4          0          0          0          0          0   entry12b.o
         8          4          0          0          0          0   entry2.o
         4          0          0          0          0          0   entry5.o
         0          0          0          0          0          0   entry7b.o
         0          0          0          0          0          0   entry8b.o
         8          4          0          0          0          0   entry9a.o
        32         16          0          4          0        180   errno.o
        30          0          0          0          0          0   handlers.o
        40          0          0          0          0         72   idiv.o
        36          8          0          0          0         68   init.o
        18          0          0          0          0         68   isspace_o.o
         0          0          0          0          0          0   iusefp.o
       122          0          0          0          0         84   llmul.o
        32          0          0          0          0         68   llshl.o
        38          0          0          0          0         68   llsshr.o
        34          0          0          0          0         68   llushr.o
       116         12         12          0          0         72   localtime_i.o
       192         20          0          0          0        144   malloc.o
        36          0          0          0          0         60   memcpya.o
        36          0          0          0          0        100   memseta.o
       140         16         12          0          0         72   mktime.o
         0          0          0          8          0          0   mvars.o
      2310        100          0          0          0        544   printfa.o
       898         12          0          0          0        184   scanf_fp.o
        18          0          0          0          0         60   strcpy.o
        14          0          0          0          0         60   strlen.o
        26          0          0          0          0         68   strncpy.o
        40          0          0          0          0         72   strstr.o
       164         16          0          0          0        120   strtod.o
       112          4          0          0          0         76   strtol.o
       118          0          0          0          0         84   strtoul.o
        44          0          0          0          0         72   uidiv.o
        96          0          0          0          0         84   uldiv.o
        40          2          0          0          0         68   cdcmple.o
        40          2          0          0          0         68   cdrcmple.o
        20          0          0          0          0         68   cfcmple.o
        56          0          0          0          0         68   d2f.o
       360          6          0          0          0        140   dadd.o
       240          6          0          0          0         84   ddiv.o
       236          0          0          0          0        216   depilogue.o
        72         10          0          0          0         72   dfixi.o
        60         10          0          0          0         68   dfixui.o
        64         10          0          0          0         68   dfixul.o
        40          6          0          0          0         68   dflti.o
        28          4          0          0          0         68   dfltui.o
        28          6          0          0          0         68   dfltul.o
       208          6          0          0          0         88   dmul.o
        44          0          0          0          0         72   dscalb.o
       162          0          0          0          0         80   dsqrt.o
        40          0          0          0          0         60   f2d.o
       178          0          0          0          0        108   fadd.o
       124          0          0          0          0         72   fdiv.o
       130          0          0          0          0        144   fepilogue.o
        40          0          0          0          0         60   ffixui.o
        14          0          0          0          0         68   ffltui.o
       122          0          0          0          0         72   fmul.o

    ----------------------------------------------------------------------
     12778        698        676         12          0       6480   Library Totals
        22          0          7          0          0          0   (incl. Padding)

    ----------------------------------------------------------------------

      Code (inc. data)   RO Data    RW Data    ZI Data      Debug   Library Name

      5320        414        512          0          0       1560   m_ps.l
      5090        216        157         12          0       2972   mc_p.l
      2346         68          0          0          0       1948   mf_p.l

    ----------------------------------------------------------------------
     12778        698        676         12          0       6480   Library Totals

    ----------------------------------------------------------------------

==============================================================================


      Code (inc. data)   RO Data    RW Data    ZI Data      Debug   

     74674      13864       4862        136      17112     736270   Grand Totals
     74674      13864       4862        136      17112     736270   ELF Image Totals
     74674      13864       4862        136          0          0   ROM Totals

==============================================================================

    Total RO  Size (Code + RO Data)                79536 (  77.67kB)
    Total RW  Size (RW Data + ZI Data)             17248 (  16.84kB)
    Total ROM Size (Code + RO Data + RW Data)      79672 (  77.80kB)

==============================================================================

