<html>
<body>
<pre>
<h1>µVision Build Log</h1>
<h2>Tool Versions:</h2>
IDE-Version: ¦ÌVision V5.33.0.0
Copyright (C) 2020 ARM Ltd and ARM Germany GmbH. All rights reserved.
License Information: 1 npx, 1, LIC=14HV2-93MMZ-TGH7T-RYRA1-6UJX1-AF4PE
 
Tool Versions:
Toolchain:       MDK-ARM Plus  Version: 5.33.0.0
Toolchain Path:  D:\aWinOS\KEIL\ARM\ARMCC\Bin
C Compiler:      Armcc.exe V5.06 update 7 (build 960)
Assembler:       Armasm.exe V5.06 update 7 (build 960)
Linker/Locator:  ArmLink.exe V5.06 update 7 (build 960)
Library Manager: ArmAr.exe V5.06 update 7 (build 960)
Hex Converter:   FromElf.exe V5.06 update 7 (build 960)
CPU DLL:         SARMCM3.DLL V5.33.0.0
Dialog DLL:      DARMCM1.DLL V1.19.4.0
Target DLL:      STLink\ST-LINKIII-KEIL_SWO.dll V3.0.8.0
Dialog DLL:      TARMCM1.DLL V1.14.3.0
 
<h2>Project:</h2>
D:\CODE\STcode\ZT09\application\MDK-ARM\STM32L.uvprojx
Project File Date:  01/21/2022

<h2>Output:</h2>
*** Using Compiler 'V5.06 update 7 (build 960)', folder: 'D:\aWinOS\KEIL\ARM\ARMCC\Bin'
Rebuild target 'STM32L'
compiling app_kernal.c...
compiling app_param.c...
compiling app_user.c...
compiling app_sys.c...
compiling app_port.c...
compiling app_net.c...
compiling app_gps.c...
compiling app_gpsrestore.c...
compiling app_nmea.c...
compiling app_atcmd.c...
compiling app_serverprotocol.c...
compiling app_task.c...
compiling app_sn.c...
compiling app_rec.c...
compiling app_gpsarithmetic.c...
compiling app_ble.c...
compiling app_mir3da.c...
compiling app_instructioncmd.c...
compiling main.c...
compiling gpio.c...
compiling dma.c...
compiling iwdg.c...
compiling adc.c...
compiling i2c.c...
compiling stm32l0xx_hal_adc_ex.c...
compiling stm32l0xx_hal_adc.c...
compiling usart.c...
compiling stm32l0xx_hal_msp.c...
compiling rtc.c...
compiling stm32l0xx_it.c...
compiling stm32l0xx_hal_rcc_ex.c...
compiling stm32l0xx_hal_i2c_ex.c...
compiling stm32l0xx_hal.c...
compiling stm32l0xx_hal_rcc.c...
compiling stm32l0xx_hal_flash_ramfunc.c...
compiling stm32l0xx_hal_i2c.c...
compiling stm32l0xx_hal_gpio.c...
compiling stm32l0xx_hal_pwr.c...
compiling stm32l0xx_hal_flash.c...
compiling stm32l0xx_hal_flash_ex.c...
compiling stm32l0xx_hal_dma.c...
compiling stm32l0xx_hal_pwr_ex.c...
compiling stm32l0xx_hal_exti.c...
compiling stm32l0xx_hal_cortex.c...
compiling stm32l0xx_hal_iwdg.c...
compiling stm32l0xx_hal_uart_ex.c...
compiling stm32l0xx_hal_rtc.c...
compiling stm32l0xx_hal_uart.c...
assembling startup_stm32l071xx.s...
compiling stm32l0xx_hal_tim_ex.c...
compiling stm32l0xx_hal_tim.c...
compiling system_stm32l0xx.c...
compiling stm32l0xx_hal_rtc_ex.c...
linking...
Program Size: Code=72710 RO-data=4934 RW-data=136 ZI-data=15536  
FromELF: creating hex file...
After Build - User command #1: fromelf --bin --output .\bin\K8_RI_V1.1.26.bin .\STM32L\STM32L.axf
"STM32L\STM32L.axf" - 0 Error(s), 0 Warning(s).

<h2>Software Packages used:</h2>

Package Vendor: ARM
                http://www.keil.com/pack/ARM.CMSIS.5.7.0.pack
                ARM.CMSIS.5.7.0
                CMSIS (Cortex Microcontroller Software Interface Standard)
   * Component: CORE Version: 5.4.0

Package Vendor: Keil
                http://www.keil.com/pack/Keil.STM32L0xx_DFP.2.0.1.pack
                Keil.STM32L0xx_DFP.2.0.1
                STMicroelectronics STM32L0 Series Device Support, Drivers and Examples

<h2>Collection of Component include folders:</h2>
  .\RTE\_STM32L
  D:\aWinOS\KEIL\pack\ARM\CMSIS\5.7.0\CMSIS\Core\Include
  D:\aWinOS\KEIL\pack\Keil\STM32L0xx_DFP\2.0.1\Drivers\CMSIS\Device\ST\STM32L0xx\Include

<h2>Collection of Component Files used:</h2>

   * Component: ARM::CMSIS:CORE:5.4.0
Build Time Elapsed:  00:00:13
</pre>
</body>
</html>
