Component: ARM Compiler 5.06 update 6 (build 750) Tool: armlink [4d35ed]

==============================================================================

Section Cross References

    startup_stm32l071xx.o(RESET) refers to startup_stm32l071xx.o(STACK) for __initial_sp
    startup_stm32l071xx.o(RESET) refers to startup_stm32l071xx.o(.text) for Reset_Handler
    startup_stm32l071xx.o(RESET) refers to stm32l0xx_it.o(i.NMI_Handler) for NMI_Handler
    startup_stm32l071xx.o(RESET) refers to stm32l0xx_it.o(i.HardFault_Handler) for HardFault_Handler
    startup_stm32l071xx.o(RESET) refers to stm32l0xx_it.o(i.SVC_Handler) for SVC_Handler
    startup_stm32l071xx.o(RESET) refers to stm32l0xx_it.o(i.PendSV_Handler) for PendSV_Handler
    startup_stm32l071xx.o(RESET) refers to stm32l0xx_it.o(i.SysTick_Handler) for SysTick_Handler
    startup_stm32l071xx.o(RESET) refers to stm32l0xx_it.o(i.RTC_IRQHandler) for RTC_IRQHandler
    startup_stm32l071xx.o(RESET) refers to stm32l0xx_it.o(i.DMA1_Channel2_3_IRQHandler) for DMA1_Channel2_3_IRQHandler
    startup_stm32l071xx.o(RESET) refers to stm32l0xx_it.o(i.DMA1_Channel4_5_6_7_IRQHandler) for DMA1_Channel4_5_6_7_IRQHandler
    startup_stm32l071xx.o(RESET) refers to stm32l0xx_it.o(i.USART1_IRQHandler) for USART1_IRQHandler
    startup_stm32l071xx.o(RESET) refers to stm32l0xx_it.o(i.USART2_IRQHandler) for USART2_IRQHandler
    startup_stm32l071xx.o(.text) refers to system_stm32l0xx.o(i.SystemInit) for SystemInit
    startup_stm32l071xx.o(.text) refers to entry.o(.ARM.Collect$$$$00000000) for __main
    app_common.o(i.GetCrc16) refers to app_common.o(.constdata) for .constdata
    app_common.o(i.JumpToApp) refers to stm32l0xx_hal_uart.o(i.HAL_UART_DeInit) for HAL_UART_DeInit
    app_common.o(i.JumpToApp) refers to usart.o(.bss) for huart1
    app_common.o(i.LogMessage) refers to strlen.o(.text) for strlen
    app_common.o(i.LogMessage) refers to stm32l0xx_hal_uart.o(i.HAL_UART_Transmit) for HAL_UART_Transmit
    app_common.o(i.LogMessage) refers to app_common.o(.data) for .data
    app_common.o(i.LogMessage) refers to usart.o(.bss) for huart1
    app_common.o(i.LogMessageNoBlock) refers to strlen.o(.text) for strlen
    app_common.o(i.LogMessageNoBlock) refers to stm32l0xx_hal_uart.o(i.HAL_UART_Transmit) for HAL_UART_Transmit
    app_common.o(i.LogMessageNoBlock) refers to app_common.o(.data) for .data
    app_common.o(i.LogMessageNoBlock) refers to usart.o(.bss) for huart1
    app_common.o(i.LogMessageWL) refers to stm32l0xx_hal_uart.o(i.HAL_UART_Transmit) for HAL_UART_Transmit
    app_common.o(i.LogMessageWL) refers to app_common.o(.data) for .data
    app_common.o(i.LogMessageWL) refers to usart.o(.bss) for huart1
    app_common.o(i.LogPrintf) refers to strlen.o(.text) for strlen
    app_common.o(i.LogPrintf) refers to app_common.o(i.LogMessage) for LogMessage
    app_common.o(i.LogPrintf) refers to printfa.o(i.__0vsprintf) for vsprintf
    app_common.o(i.LogPrintf) refers to app_common.o(i.LogMessageWL) for LogMessageWL
    app_common.o(i.LogPrintf) refers to app_common.o(.bss) for .bss
    app_common.o(i.changeHexStringToByteArray) refers to app_common.o(i.asciiToHex) for asciiToHex
    app_common.o(i.distinguishOK) refers to strstr.o(.text) for strstr
    app_common.o(i.fputc) refers to stm32l0xx_hal_uart.o(i.HAL_UART_Transmit) for HAL_UART_Transmit
    app_common.o(i.fputc) refers to app_common.o(.data) for .data
    app_common.o(i.fputc) refers to usart.o(.bss) for huart1
    app_common.o(i.my_getstrindex) refers to strlen.o(.text) for strlen
    app_common.o(i.my_getstrindex) refers to app_common.o(i.my_strpach) for my_strpach
    app_common.o(i.my_strpach) refers to strlen.o(.text) for strlen
    app_common.o(i.my_strstr) refers to strlen.o(.text) for strlen
    app_common.o(i.my_strstr) refers to app_common.o(i.my_strpach) for my_strpach
    app_common.o(i.startJumpToApp) refers to app_common.o(i.LogPrintf) for LogPrintf
    app_common.o(i.startJumpToApp) refers to app_common.o(i.JumpToApp) for JumpToApp
    app_common.o(i.startJumpToApp) refers to app_common.o(i.LogMessage) for LogMessage
    app_common.o(i.startJumpToApp) refers to app_eeprom.o(i.eepromParamSaveUpdateStatus) for eepromParamSaveUpdateStatus
    app_common.o(i.startJumpToApp) refers to stm32l0xx_hal_cortex.o(i.HAL_NVIC_SystemReset) for HAL_NVIC_SystemReset
    app_common.o(i.startJumpToApp) refers to app_common.o(.data) for .data
    app_uart.o(i.HAL_UART_ErrorCallback) refers to stm32l0xx_hal_uart.o(i.HAL_UART_Receive_DMA) for HAL_UART_Receive_DMA
    app_uart.o(i.HAL_UART_ErrorCallback) refers to printfa.o(i.__0sprintf) for __2sprintf
    app_uart.o(i.HAL_UART_ErrorCallback) refers to app_common.o(i.LogMessageNoBlock) for LogMessageNoBlock
    app_uart.o(i.HAL_UART_ErrorCallback) refers to app_uart.o(.bss) for .bss
    app_uart.o(i.HAL_UART_ErrorCallback) refers to usart.o(.bss) for huart1
    app_uart.o(i.UsartBufInit) refers to app_uart.o(.bss) for .bss
[...]
    i.HAL_RCC_GetPCLK2Freq                   0x080016a4   Section        0  stm32l0xx_hal_rcc.o(i.HAL_RCC_GetPCLK2Freq)
    i.HAL_RCC_GetSysClockFreq                0x080016c4   Section        0  stm32l0xx_hal_rcc.o(i.HAL_RCC_GetSysClockFreq)
    i.HAL_RCC_OscConfig                      0x0800173c   Section        0  stm32l0xx_hal_rcc.o(i.HAL_RCC_OscConfig)
    i.HAL_RTCEx_SetWakeUpTimer_IT            0x08001b68   Section        0  stm32l0xx_hal_rtc_ex.o(i.HAL_RTCEx_SetWakeUpTimer_IT)
    i.HAL_RTCEx_WakeUpTimerEventCallback     0x08001c60   Section        0  main.o(i.HAL_RTCEx_WakeUpTimerEventCallback)
    i.HAL_RTCEx_WakeUpTimerIRQHandler        0x08001c70   Section        0  stm32l0xx_hal_rtc_ex.o(i.HAL_RTCEx_WakeUpTimerIRQHandler)
    i.HAL_RTC_Init                           0x08001ca8   Section        0  stm32l0xx_hal_rtc.o(i.HAL_RTC_Init)
    i.HAL_RTC_MspInit                        0x08001d64   Section        0  rtc.o(i.HAL_RTC_MspInit)
    i.HAL_RTC_WaitForSynchro                 0x08001d94   Section        0  stm32l0xx_hal_rtc.o(i.HAL_RTC_WaitForSynchro)
    i.HAL_SYSTICK_Config                     0x08001dc8   Section        0  stm32l0xx_hal_cortex.o(i.HAL_SYSTICK_Config)
    i.HAL_UARTEx_WakeupCallback              0x08001df8   Section        0  stm32l0xx_hal_uart_ex.o(i.HAL_UARTEx_WakeupCallback)
    i.HAL_UART_DMAStop                       0x08001dfa   Section        0  stm32l0xx_hal_uart.o(i.HAL_UART_DMAStop)
    i.HAL_UART_DeInit                        0x08001e74   Section        0  stm32l0xx_hal_uart.o(i.HAL_UART_DeInit)
    i.HAL_UART_ErrorCallback                 0x08001eb0   Section        0  app_uart.o(i.HAL_UART_ErrorCallback)
    i.HAL_UART_IRQHandler                    0x08001f40   Section        0  stm32l0xx_hal_uart.o(i.HAL_UART_IRQHandler)
    i.HAL_UART_Init                          0x0800207c   Section        0  stm32l0xx_hal_uart.o(i.HAL_UART_Init)
    i.HAL_UART_MspDeInit                     0x080020e8   Section        0  usart.o(i.HAL_UART_MspDeInit)
    i.HAL_UART_MspInit                       0x0800214c   Section        0  usart.o(i.HAL_UART_MspInit)
    i.HAL_UART_Receive_DMA                   0x08002268   Section        0  stm32l0xx_hal_uart.o(i.HAL_UART_Receive_DMA)
    i.HAL_UART_RxCpltCallback                0x08002320   Section        0  stm32l0xx_hal_uart.o(i.HAL_UART_RxCpltCallback)
    i.HAL_UART_RxHalfCpltCallback            0x08002322   Section        0  stm32l0xx_hal_uart.o(i.HAL_UART_RxHalfCpltCallback)
    i.HAL_UART_Transmit                      0x08002324   Section        0  stm32l0xx_hal_uart.o(i.HAL_UART_Transmit)
    i.HAL_UART_TxCpltCallback                0x080023f2   Section        0  app_uart.o(i.HAL_UART_TxCpltCallback)
    i.HardFault_Handler                      0x080023f4   Section        0  stm32l0xx_it.o(i.HardFault_Handler)
    i.JumpToApp                              0x080023f8   Section        0  app_common.o(i.JumpToApp)
    i.LogMessage                             0x08002434   Section        0  app_common.o(i.LogMessage)
    i.LogMessageNoBlock                      0x0800245c   Section        0  app_common.o(i.LogMessageNoBlock)
    i.LogMessageWL                           0x08002484   Section        0  app_common.o(i.LogMessageWL)
    i.LogPrintf                              0x080024a4   Section        0  app_common.o(i.LogPrintf)
    i.MX_DMA_Init                            0x08002500   Section        0  dma.o(i.MX_DMA_Init)
    i.MX_GPIO_Init                           0x08002538   Section        0  gpio.o(i.MX_GPIO_Init)
    i.MX_IWDG_Init                           0x080025f4   Section        0  iwdg.o(i.MX_IWDG_Init)
    i.MX_RTC_Init                            0x08002620   Section        0  rtc.o(i.MX_RTC_Init)
    i.MX_USART1_UART_Init                    0x08002664   Section        0  usart.o(i.MX_USART1_UART_Init)
    i.MX_USART2_UART_Init                    0x0800269c   Section        0  usart.o(i.MX_USART2_UART_Init)
    i.N58_ChangeInvokeStatus                 0x080026d4   Section        0  app_n58.o(i.N58_ChangeInvokeStatus)
    i.N58_CreateSocket                       0x080026e4   Section        0  app_n58.o(i.N58_CreateSocket)
    i.N58_GetInvokeStatus                    0x08002710   Section        0  app_n58.o(i.N58_GetInvokeStatus)
    i.N58_SendDataToServer                   0x0800271c   Section        0  app_n58.o(i.N58_SendDataToServer)
    i.NMI_Handler                            0x08002748   Section        0  stm32l0xx_it.o(i.NMI_Handler)
    i.NVIC_SetPriority                       0x0800274c   Section        0  stm32l0xx_hal_cortex.o(i.NVIC_SetPriority)
    NVIC_SetPriority                         0x0800274d   Thumb Code    60  stm32l0xx_hal_cortex.o(i.NVIC_SetPriority)
    i.PendSV_Handler                         0x08002790   Section        0  stm32l0xx_it.o(i.PendSV_Handler)
    i.RTC_EnterInitMode                      0x08002792   Section        0  stm32l0xx_hal_rtc.o(i.RTC_EnterInitMode)
    i.RTC_IRQHandler                         0x080027cc   Section        0  stm32l0xx_it.o(i.RTC_IRQHandler)
    i.SVC_Handler                            0x080027dc   Section        0  stm32l0xx_it.o(i.SVC_Handler)
    i.SysTick_Handler                        0x080027de   Section        0  stm32l0xx_it.o(i.SysTick_Handler)
    i.SystemClock_Config                     0x080027e8   Section        0  main.o(i.SystemClock_Config)
    i.SystemInit                             0x08002880   Section        0  system_stm32l0xx.o(i.SystemInit)
    i.UART_AdvFeatureConfig                  0x080028d4   Section        0  stm32l0xx_hal_uart.o(i.UART_AdvFeatureConfig)
    i.UART_CheckIdleState                    0x080029a0   Section        0  stm32l0xx_hal_uart.o(i.UART_CheckIdleState)
    i.UART_DMAAbortOnError                   0x08002a00   Section        0  stm32l0xx_hal_uart.o(i.UART_DMAAbortOnError)
    UART_DMAAbortOnError                     0x08002a01   Thumb Code    20  stm32l0xx_hal_uart.o(i.UART_DMAAbortOnError)
    i.UART_DMAError                          0x08002a14   Section        0  stm32l0xx_hal_uart.o(i.UART_DMAError)
    UART_DMAError                            0x08002a15   Thumb Code    72  stm32l0xx_hal_uart.o(i.UART_DMAError)
    i.UART_DMAReceiveCplt                    0x08002a5c   Section        0  stm32l0xx_hal_uart.o(i.UART_DMAReceiveCplt)
    UART_DMAReceiveCplt                      0x08002a5d   Thumb Code    62  stm32l0xx_hal_uart.o(i.UART_DMAReceiveCplt)
    i.UART_DMARxHalfCplt                     0x08002a9a   Section        0  stm32l0xx_hal_uart.o(i.UART_DMARxHalfCplt)
    UART_DMARxHalfCplt                       0x08002a9b   Thumb Code    10  stm32l0xx_hal_uart.o(i.UART_DMARxHalfCplt)
    i.UART_EndRxTransfer                     0x08002aa4   Section        0  stm32l0xx_hal_uart.o(i.UART_EndRxTransfer)
    UART_EndRxTransfer                       0x08002aa5   Thumb Code    32  stm32l0xx_hal_uart.o(i.UART_EndRxTransfer)
    i.UART_EndTxTransfer                     0x08002ac4   Section        0  stm32l0xx_hal_uart.o(i.UART_EndTxTransfer)
    UART_EndTxTransfer                       0x08002ac5   Thumb Code    16  stm32l0xx_hal_uart.o(i.UART_EndTxTransfer)
    i.UART_SetConfig                         0x08002ad4   Section        0  stm32l0xx_hal_uart.o(i.UART_SetConfig)
    i.UART_WaitOnFlagUntilTimeout            0x08002d10   Section        0  stm32l0xx_hal_uart.o(i.UART_WaitOnFlagUntilTimeout)
    i.USART1_IRQHandler                      0x08002d74   Section        0  stm32l0xx_it.o(i.USART1_IRQHandler)
    i.USART2_IRQHandler                      0x08002d88   Section        0  stm32l0xx_it.o(i.USART2_IRQHandler)
    i.UsartBufInit                           0x08002d9c   Section        0  app_uart.o(i.UsartBufInit)
    i.UsartGetDataFromDMA                    0x08002de0   Section        0  app_uart.o(i.UsartGetDataFromDMA)
    UsartGetDataFromDMA                      0x08002de1   Thumb Code    82  app_uart.o(i.UsartGetDataFromDMA)
    i.UsartInterruptHandler                  0x08002e40   Section        0  app_uart.o(i.UsartInterruptHandler)
    i.__0sprintf                             0x08002e54   Section        0  printfa.o(i.__0sprintf)
    i.__0vsprintf                            0x08002e7c   Section        0  printfa.o(i.__0vsprintf)
    i.__ARM_clz                              0x08002ea0   Section        0  depilogue.o(i.__ARM_clz)
    i.__ARM_common_switch8                   0x08002ece   Section        0  app_n58.o(i.__ARM_common_switch8)
    i.__aeabi_errno_addr                     0x08002ee8   Section        0  errno.o(i.__aeabi_errno_addr)
    i.__scatterload_copy                     0x08002ef0   Section       14  handlers.o(i.__scatterload_copy)
    i.__scatterload_null                     0x08002efe   Section        2  handlers.o(i.__scatterload_null)
    i.__scatterload_zeroinit                 0x08002f00   Section       14  handlers.o(i.__scatterload_zeroinit)
    i._fp_digits                             0x08002f10   Section        0  printfa.o(i._fp_digits)
    _fp_digits                               0x08002f11   Thumb Code   344  printfa.o(i._fp_digits)
    i._printf_core                           0x08003084   Section        0  printfa.o(i._printf_core)
    _printf_core                             0x08003085   Thumb Code  1754  printfa.o(i._printf_core)
    i._printf_post_padding                   0x08003770   Section        0  printfa.o(i._printf_post_padding)
    _printf_post_padding                     0x08003771   Thumb Code    32  printfa.o(i._printf_post_padding)
    i._printf_pre_padding                    0x08003790   Section        0  printfa.o(i._printf_pre_padding)
    _printf_pre_padding                      0x08003791   Thumb Code    44  printfa.o(i._printf_pre_padding)
    i._sputc                                 0x080037bc   Section        0  printfa.o(i._sputc)
    _sputc                                   0x080037bd   Thumb Code    10  printfa.o(i._sputc)
    i.changeByteArrayToHexString             0x080037c6   Section        0  app_common.o(i.changeByteArrayToHexString)
    i.chargeDetProcess                       0x08003804   Section        0  main.o(i.chargeDetProcess)
    chargeDetProcess                         0x08003805   Thumb Code    62  main.o(i.chargeDetProcess)
    i.createProtocolSerial                   0x0800388c   Section        0  app_update.o(i.createProtocolSerial)
    createProtocolSerial                     0x0800388d   Thumb Code    10  app_update.o(i.createProtocolSerial)
    i.createProtocol_01                      0x0800389c   Section        0  app_update.o(i.createProtocol_01)
    createProtocol_01                        0x0800389d   Thumb Code   108  app_update.o(i.createProtocol_01)
    i.createProtocol_F3                      0x08003908   Section        0  app_update.o(i.createProtocol_F3)
    createProtocol_F3                        0x08003909   Thumb Code   400  app_update.o(i.createProtocol_F3)
    i.debuguartctrl                          0x08003a9c   Section        0  app_uart.o(i.debuguartctrl)
    i.distinguishOK                          0x08003ad4   Section        0  app_common.o(i.distinguishOK)
    i.eepromParamGetApnName                  0x08003ae8   Section        0  app_eeprom.o(i.eepromParamGetApnName)
    i.eepromParamGetApnPswd                  0x08003b04   Section        0  app_eeprom.o(i.eepromParamGetApnPswd)
    i.eepromParamGetApnUser                  0x08003b20   Section        0  app_eeprom.o(i.eepromParamGetApnUser)
    i.eepromParamGetCodeVersion              0x08003b3c   Section        0  app_eeprom.o(i.eepromParamGetCodeVersion)
    i.eepromParamGetServer                   0x08003b58   Section        0  app_eeprom.o(i.eepromParamGetServer)
    i.eepromParamGetSnNumber                 0x08003b80   Section        0  app_eeprom.o(i.eepromParamGetSnNumber)
    i.eepromParamSaveApnName                 0x08003ba0   Section        0  app_eeprom.o(i.eepromParamSaveApnName)
    i.eepromParamSaveApnPswd                 0x08003bd8   Section        0  app_eeprom.o(i.eepromParamSaveApnPswd)
    i.eepromParamSaveApnUser                 0x08003c10   Section        0  app_eeprom.o(i.eepromParamSaveApnUser)
    i.eepromParamSaveCodeVersion             0x08003c48   Section        0  app_eeprom.o(i.eepromParamSaveCodeVersion)
    i.eepromParamSaveServer                  0x08003c70   Section        0  app_eeprom.o(i.eepromParamSaveServer)
    i.eepromParamSaveSnNumber                0x08003cdc   Section        0  app_eeprom.o(i.eepromParamSaveSnNumber)
    i.eepromParamSaveUpdateStatus            0x08003cfc   Section        0  app_eeprom.o(i.eepromParamSaveUpdateStatus)
    i.eepromWriteByte                        0x08003d10   Section        0  app_eeprom.o(i.eepromWriteByte)
    eepromWriteByte                          0x08003d11   Thumb Code    48  app_eeprom.o(i.eepromWriteByte)
    i.flashEarse                             0x08003d44   Section        0  app_flash.o(i.flashEarse)
    i.flashEarseByFileSize                   0x08003df8   Section        0  app_flash.o(i.flashEarseByFileSize)
    i.flashWriteCode                         0x08003e78   Section        0  app_flash.o(i.flashWriteCode)
    i.free                                   0x08003fbc   Section        0  malloc.o(i.free)
    i.getCharIndex                           0x08004010   Section        0  app_common.o(i.getCharIndex)
    i.getCharIndexWithNum                    0x0800402a   Section        0  app_common.o(i.getCharIndexWithNum)
    i.getUpgradeFileSize                     0x08004054   Section        0  app_update.o(i.getUpgradeFileSize)
    i.ledtogg                                0x08004060   Section        0  main.o(i.ledtogg)
    i.main                                   0x08004074   Section        0  main.o(i.main)
    i.malloc                                 0x08004264   Section        0  malloc.o(i.malloc)
    i.mcuEEpromInit                          0x080042d0   Section        0  app_eeprom.o(i.mcuEEpromInit)
    i.mcuEEpromResetInit                     0x08004320   Section        0  app_eeprom.o(i.mcuEEpromResetInit)
    i.my_getstrindex                         0x080043bc   Section        0  app_common.o(i.my_getstrindex)
    i.my_strpach                             0x08004400   Section        0  app_common.o(i.my_strpach)
    i.my_strstr                              0x0800442e   Section        0  app_common.o(i.my_strstr)
    i.n58CIMIParase                          0x08004464   Section        0  app_n58.o(i.n58CIMIParase)
    i.n58CREGparase                          0x080044e4   Section        0  app_n58.o(i.n58CREGparase)
    i.n58CSQparase                           0x080045b8   Section        0  app_n58.o(i.n58CSQparase)
    i.n58Init                                0x08004638   Section        0  app_n58.o(i.n58Init)
    i.n58ModulePowerOn                       0x08004654   Section        0  app_n58.o(i.n58ModulePowerOn)
    i.n58ModuleReset                         0x080046c0   Section        0  app_n58.o(i.n58ModuleReset)
    i.n58NetworkConnectProcess               0x08004708   Section        0  app_n58.o(i.n58NetworkConnectProcess)
    i.n58PowerKeyProcessA                    0x08004a14   Section        0  app_n58.o(i.n58PowerKeyProcessA)
    n58PowerKeyProcessA                      0x08004a15   Thumb Code    34  app_n58.o(i.n58PowerKeyProcessA)
    i.n58PowerKeyProcessB                    0x08004a58   Section        0  app_n58.o(i.n58PowerKeyProcessB)
    n58PowerKeyProcessB                      0x08004a59   Thumb Code    16  app_n58.o(i.n58PowerKeyProcessB)
    i.n58ResetKeyProcessA                    0x08004a80   Section        0  app_n58.o(i.n58ResetKeyProcessA)
    n58ResetKeyProcessA                      0x08004a81   Thumb Code    26  app_n58.o(i.n58ResetKeyProcessA)
    i.n58TCPRecvparase                       0x08004ab4   Section        0  app_n58.o(i.n58TCPRecvparase)
    i.n58TCPsetupparase                      0x08004bac   Section        0  app_n58.o(i.n58TCPsetupparase)
    i.n58cgattparase                         0x08004d1c   Section        0  app_n58.o(i.n58cgattparase)
    i.n58cgdcontparase                       0x08004d68   Section        0  app_n58.o(i.n58cgdcontparase)
    i.n58mysysteminfoparase                  0x08004d80   Section        0  app_n58.o(i.n58mysysteminfoparase)
    i.n58responparase                        0x08004db8   Section        0  app_n58.o(i.n58responparase)
    i.n58setAPN                              0x08004f78   Section        0  app_n58.o(i.n58setAPN)
    i.n58setXGAUTH                           0x08004fa4   Section        0  app_n58.o(i.n58setXGAUTH)
    i.n58tcpcloseparase                      0x08004fd8   Section        0  app_n58.o(i.n58tcpcloseparase)
    i.n58xgauthparase                        0x08004ffc   Section        0  app_n58.o(i.n58xgauthparase)
    i.n58xiicparase                          0x08005014   Section        0  app_n58.o(i.n58xiicparase)
    i.n58xiicqueryparase                     0x0800502c   Section        0  app_n58.o(i.n58xiicqueryparase)
    i.netConnectReset                        0x08005100   Section        0  app_update.o(i.netConnectReset)
    i.outPutNodeCmd                          0x08005110   Section        0  app_uartfifo.o(i.outPutNodeCmd)
    i.packIMEI                               0x0800518c   Section        0  app_update.o(i.packIMEI)
    packIMEI                                 0x0800518d   Thumb Code   126  app_update.o(i.packIMEI)
    i.protoclparaseF3                        0x08005210   Section        0  app_update.o(i.protoclparaseF3)
    protoclparaseF3                          0x08005211   Thumb Code   460  app_update.o(i.protoclparaseF3)
    i.protocolFsmStateChange                 0x0800557c   Section        0  app_update.o(i.protocolFsmStateChange)
    i.protocolRunFsm                         0x080055c0   Section        0  app_update.o(i.protocolRunFsm)
    i.protocolRxParase                       0x080056f8   Section        0  app_update.o(i.protocolRxParase)
    i.sendN58Cmd                             0x08005760   Section        0  app_n58.o(i.sendN58Cmd)
    i.sendProtocolToServer                   0x08005838   Section        0  app_update.o(i.sendProtocolToServer)
    i.startJumpToApp                         0x080058c0   Section        0  app_common.o(i.startJumpToApp)
    i.startTimer                             0x08005928   Section        0  app_timer.o(i.startTimer)
    i.timerRun                               0x08005958   Section        0  app_timer.o(i.timerRun)
    i.uartReceiveCompleteCheck               0x080059fc   Section        0  app_uart.o(i.uartReceiveCompleteCheck)
    i.updateUIS                              0x08005a40   Section        0  app_update.o(i.updateUIS)
    .constdata                               0x08005a88   Section      512  app_common.o(.constdata)
    ztvm_crctab16                            0x08005a88   Data         512  app_common.o(.constdata)
    .constdata                               0x08005c88   Section     1836  app_n58.o(.constdata)
    .constdata                               0x080063b4   Section       21  app_flash.o(.constdata)
    __FUNCTION__                             0x080063b4   Data          21  app_flash.o(.constdata)
    .constdata                               0x080063c9   Section       25  system_stm32l0xx.o(.constdata)
    .constdata                               0x080063e2   Section        8  system_stm32l0xx.o(.constdata)
    .constdata                               0x080063ea   Section      129  ctype_o.o(.constdata)
    .constdata                               0x0800646c   Section        4  ctype_o.o(.constdata)
    table                                    0x0800646c   Data           4  ctype_o.o(.constdata)
    .data                                    0x20000000   Section        3  app_common.o(.data)
    tick                                     0x20000000   Data           1  app_common.o(.data)
    .data                                    0x20000004   Section        8  app_timer.o(.data)
    timer_head                               0x20000004   Data           4  app_timer.o(.data)
    .data                                    0x2000000c   Section        4  app_uartfifo.o(.data)
    .data                                    0x20000010   Section        6  app_update.o(.data)
    .data                                    0x20000016   Section        1  main.o(.data)
    chargestate                              0x20000016   Data           1  main.o(.data)
    .data                                    0x20000018   Section        4  stm32l0xx_hal.o(.data)
    .data                                    0x2000001c   Section        4  system_stm32l0xx.o(.data)
    .data                                    0x20000020   Section        4  mvars.o(.data)
    .data                                    0x20000024   Section        4  mvars.o(.data)
    .data                                    0x20000028   Section        4  errno.o(.data)
    _errno                                   0x20000028   Data           4  errno.o(.data)
    .bss                                     0x2000002c   Section      256  app_common.o(.bss)
    LOGDEBUG                                 0x2000002c   Data         256  app_common.o(.bss)
    .bss                                     0x2000012c   Section     2600  app_uart.o(.bss)
    .bss                                     0x20000b54   Section       16  app_timer.o(.bss)
    .bss                                     0x20000b68   Section       46  app_n58.o(.bss)
    .bss                                     0x20000b98   Section      224  app_update.o(.bss)
    uis                                      0x20000b98   Data         224  app_update.o(.bss)
    .bss                                     0x20000c78   Section      224  app_eeprom.o(.bss)
    .bss                                     0x20000d58   Section       30  app_eeprom.o(.bss)
    .bss                                     0x20000d78   Section       16  iwdg.o(.bss)
    .bss                                     0x20000d88   Section       36  rtc.o(.bss)
    .bss                                     0x20000dac   Section      400  usart.o(.bss)
    .bss                                     0x20000f3c   Section       24  stm32l0xx_hal_flash.o(.bss)
    HEAP                                     0x20000f58   Section     5120  startup_stm32l071xx.o(HEAP)
    STACK                                    0x20002358   Section     4096  startup_stm32l071xx.o(STACK)

    Global Symbols

    Symbol Name                              Value     Ov Type        Size  Object(Section)

    BuildAttributes$$THM_ISAv3M$S$PE$A:L22$X:L11$S22$IEEE1$IW$USESV6$~STKCKD$USESV7$~SHL$OSPACE$ROPI$EBA8$MICROLIB$REQ8$PRES8$EABIv2 0x00000000   Number         0  anon$$obj.o ABSOLUTE
    __ARM_use_no_argv                        0x00000000   Number         0  main.o ABSOLUTE
    _printf_a                                0x00000000   Number         0  stubs.o ABSOLUTE
    _printf_c                                0x00000000   Number         0  stubs.o ABSOLUTE
    _printf_charcount                        0x00000000   Number         0  stubs.o ABSOLUTE
    _printf_d                                0x00000000   Number         0  stubs.o ABSOLUTE
    _printf_e                                0x00000000   Number         0  stubs.o ABSOLUTE
    _printf_f                                0x00000000   Number         0  stubs.o ABSOLUTE
    _printf_flags                            0x00000000   Number         0  stubs.o ABSOLUTE
    _printf_fp_dec                           0x00000000   Number         0  stubs.o ABSOLUTE
    _printf_fp_hex                           0x00000000   Number         0  stubs.o ABSOLUTE
    _printf_g                                0x00000000   Number         0  stubs.o ABSOLUTE
    _printf_i                                0x00000000   Number         0  stubs.o ABSOLUTE
    _printf_int_dec                          0x00000000   Number         0  stubs.o ABSOLUTE
    _printf_l                                0x00000000   Number         0  stubs.o ABSOLUTE
    _printf_lc                               0x00000000   Number         0  stubs.o ABSOLUTE
    _printf_ll                               0x00000000   Number         0  stubs.o ABSOLUTE
    _printf_lld                              0x00000000   Number         0  stubs.o ABSOLUTE
    _printf_lli                              0x00000000   Number         0  stubs.o ABSOLUTE
    _printf_llo                              0x00000000   Number         0  stubs.o ABSOLUTE
    _printf_llu                              0x00000000   Number         0  stubs.o ABSOLUTE
    _printf_llx                              0x00000000   Number         0  stubs.o ABSOLUTE
    _printf_longlong_dec                     0x00000000   Number         0  stubs.o ABSOLUTE
    _printf_longlong_hex                     0x00000000   Number         0  stubs.o ABSOLUTE
    _printf_longlong_oct                     0x00000000   Number         0  stubs.o ABSOLUTE
    _printf_ls                               0x00000000   Number         0  stubs.o ABSOLUTE
    _printf_mbtowc                           0x00000000   Number         0  stubs.o ABSOLUTE
    _printf_n                                0x00000000   Number         0  stubs.o ABSOLUTE
    _printf_o                                0x00000000   Number         0  stubs.o ABSOLUTE
    _printf_p                                0x00000000   Number         0  stubs.o ABSOLUTE
    _printf_percent                          0x00000000   Number         0  stubs.o ABSOLUTE
    _printf_pre_padding                      0x00000000   Number         0  stubs.o ABSOLUTE
    _printf_return_value                     0x00000000   Number         0  stubs.o ABSOLUTE
    _printf_s                                0x00000000   Number         0  stubs.o ABSOLUTE
    _printf_sizespec                         0x00000000   Number         0  stubs.o ABSOLUTE
    _printf_str                              0x00000000   Number         0  stubs.o ABSOLUTE
    _printf_truncate_signed                  0x00000000   Number         0  stubs.o ABSOLUTE
    _printf_truncate_unsigned                0x00000000   Number         0  stubs.o ABSOLUTE
    _printf_u                                0x00000000   Number         0  stubs.o ABSOLUTE
    _printf_wc                               0x00000000   Number         0  stubs.o ABSOLUTE
    _printf_wctomb                           0x00000000   Number         0  stubs.o ABSOLUTE
    _printf_widthprec                        0x00000000   Number         0  stubs.o ABSOLUTE
    _printf_x                                0x00000000   Number         0  stubs.o ABSOLUTE
    __cpp_initialize__aeabi_                  - Undefined Weak Reference
    __cxa_finalize                            - Undefined Weak Reference
    __decompress                              - Undefined Weak Reference
    _clock_init                               - Undefined Weak Reference
    _microlib_exit                            - Undefined Weak Reference
    __Vectors_Size                           0x000000c0   Number         0  startup_stm32l071xx.o ABSOLUTE
    __Vectors                                0x08000000   Data           4  startup_stm32l071xx.o(RESET)
    __Vectors_End                            0x080000c0   Data           0  startup_stm32l071xx.o(RESET)
    __main                                   0x080000c1   Thumb Code     0  entry.o(.ARM.Collect$$$$00000000)
    _main_stk                                0x080000c1   Thumb Code     0  entry2.o(.ARM.Collect$$$$00000001)
    _main_scatterload                        0x080000c5   Thumb Code     0  entry5.o(.ARM.Collect$$$$00000004)
    __main_after_scatterload                 0x080000c9   Thumb Code     0  entry5.o(.ARM.Collect$$$$00000004)
    _main_clock                              0x080000c9   Thumb Code     0  entry7b.o(.ARM.Collect$$$$00000008)
    _main_cpp_init                           0x080000c9   Thumb Code     0  entry8b.o(.ARM.Collect$$$$0000000A)
    _main_init                               0x080000c9   Thumb Code     0  entry9a.o(.ARM.Collect$$$$0000000B)
    __rt_final_cpp                           0x080000d1   Thumb Code     0  entry10a.o(.ARM.Collect$$$$0000000D)
    __rt_final_exit                          0x080000d1   Thumb Code     0  entry11a.o(.ARM.Collect$$$$0000000F)
    Reset_Handler                            0x080000d5   Thumb Code     8  startup_stm32l071xx.o(.text)
    ADC1_COMP_IRQHandler                     0x080000e7   Thumb Code     0  startup_stm32l071xx.o(.text)
    DMA1_Channel1_IRQHandler                 0x080000e7   Thumb Code     0  startup_stm32l071xx.o(.text)
    EXTI0_1_IRQHandler                       0x080000e7   Thumb Code     0  startup_stm32l071xx.o(.text)
    EXTI2_3_IRQHandler                       0x080000e7   Thumb Code     0  startup_stm32l071xx.o(.text)
    EXTI4_15_IRQHandler                      0x080000e7   Thumb Code     0  startup_stm32l071xx.o(.text)
    FLASH_IRQHandler                         0x080000e7   Thumb Code     0  startup_stm32l071xx.o(.text)
    I2C1_IRQHandler                          0x080000e7   Thumb Code     0  startup_stm32l071xx.o(.text)
    I2C2_IRQHandler                          0x080000e7   Thumb Code     0  startup_stm32l071xx.o(.text)
    I2C3_IRQHandler                          0x080000e7   Thumb Code     0  startup_stm32l071xx.o(.text)
    LPTIM1_IRQHandler                        0x080000e7   Thumb Code     0  startup_stm32l071xx.o(.text)
    LPUART1_IRQHandler                       0x080000e7   Thumb Code     0  startup_stm32l071xx.o(.text)
    PVD_IRQHandler                           0x080000e7   Thumb Code     0  startup_stm32l071xx.o(.text)
    RCC_IRQHandler                           0x080000e7   Thumb Code     0  startup_stm32l071xx.o(.text)
    SPI1_IRQHandler                          0x080000e7   Thumb Code     0  startup_stm32l071xx.o(.text)
    SPI2_IRQHandler                          0x080000e7   Thumb Code     0  startup_stm32l071xx.o(.text)
    TIM21_IRQHandler                         0x080000e7   Thumb Code     0  startup_stm32l071xx.o(.text)
    TIM22_IRQHandler                         0x080000e7   Thumb Code     0  startup_stm32l071xx.o(.text)
    TIM2_IRQHandler                          0x080000e7   Thumb Code     0  startup_stm32l071xx.o(.text)
    TIM3_IRQHandler                          0x080000e7   Thumb Code     0  startup_stm32l071xx.o(.text)
    TIM6_IRQHandler                          0x080000e7   Thumb Code     0  startup_stm32l071xx.o(.text)
    TIM7_IRQHandler                          0x080000e7   Thumb Code     0  startup_stm32l071xx.o(.text)
    USART4_5_IRQHandler                      0x080000e7   Thumb Code     0  startup_stm32l071xx.o(.text)
    WWDG_IRQHandler                          0x080000e7   Thumb Code     0  startup_stm32l071xx.o(.text)
    __aeabi_uidiv                            0x080000f1   Thumb Code     0  uidiv.o(.text)
    __aeabi_uidivmod                         0x080000f1   Thumb Code    44  uidiv.o(.text)
    __aeabi_uldivmod                         0x0800011d   Thumb Code    96  uldiv.o(.text)
    __aeabi_memcpy                           0x0800017d   Thumb Code    36  memcpya.o(.text)
    __aeabi_memcpy4                          0x0800017d   Thumb Code     0  memcpya.o(.text)
    __aeabi_memcpy8                          0x0800017d   Thumb Code     0  memcpya.o(.text)
    __aeabi_memset                           0x080001a1   Thumb Code    14  memseta.o(.text)
    __aeabi_memset4                          0x080001a1   Thumb Code     0  memseta.o(.text)
    __aeabi_memset8                          0x080001a1   Thumb Code     0  memseta.o(.text)
    __aeabi_memclr                           0x080001af   Thumb Code     4  memseta.o(.text)
    __aeabi_memclr4                          0x080001af   Thumb Code     0  memseta.o(.text)
    __aeabi_memclr8                          0x080001af   Thumb Code     0  memseta.o(.text)
    _memset$wrapper                          0x080001b3   Thumb Code    18  memseta.o(.text)
    strstr                                   0x080001c5   Thumb Code    40  strstr.o(.text)
    strncpy                                  0x080001ed   Thumb Code    26  strncpy.o(.text)
    strlen                                   0x08000207   Thumb Code    14  strlen.o(.text)
    strcpy                                   0x08000215   Thumb Code    18  strcpy.o(.text)
    __aeabi_uread4                           0x08000227   Thumb Code    20  uread4.o(.text)
    __rt_uread4                              0x08000227   Thumb Code     0  uread4.o(.text)
    _uread4                                  0x08000227   Thumb Code     0  uread4.o(.text)
    atoi                                     0x0800023b   Thumb Code    26  atoi.o(.text)
    __aeabi_llsl                             0x08000255   Thumb Code    32  llshl.o(.text)
    _ll_shift_l                              0x08000255   Thumb Code     0  llshl.o(.text)
    __aeabi_llsr                             0x08000275   Thumb Code    34  llushr.o(.text)
    _ll_ushift_r                             0x08000275   Thumb Code     0  llushr.o(.text)
    strtol                                   0x08000299   Thumb Code   108  strtol.o(.text)
    __I$use$fp                               0x08000309   Thumb Code     0  iusefp.o(.text)
    __aeabi_dadd                             0x08000309   Thumb Code   328  dadd.o(.text)
    __aeabi_dsub                             0x08000451   Thumb Code    12  dadd.o(.text)
    __aeabi_drsub                            0x0800045d   Thumb Code    12  dadd.o(.text)
    __aeabi_dmul                             0x0800046d   Thumb Code   202  dmul.o(.text)
    __aeabi_ddiv                             0x0800053d   Thumb Code   234  ddiv.o(.text)
    __aeabi_d2ulz                            0x0800062d   Thumb Code    54  dfixul.o(.text)
    __aeabi_cdrcmple                         0x0800066d   Thumb Code    38  cdrcmple.o(.text)
    __scatterload                            0x08000695   Thumb Code    28  init.o(.text)
    __scatterload_rt2                        0x08000695   Thumb Code     0  init.o(.text)
    __aeabi_lasr                             0x080006b9   Thumb Code    38  llsshr.o(.text)
    _ll_sshift_r                             0x080006b9   Thumb Code     0  llsshr.o(.text)
    __rt_ctype_table                         0x080006e1   Thumb Code     4  ctype_o.o(.text)
    _strtoul                                 0x080006e9   Thumb Code   166  _strtoul.o(.text)
    _double_round                            0x0800078f   Thumb Code    26  depilogue.o(.text)
    _double_epilogue                         0x080007a9   Thumb Code   164  depilogue.o(.text)
    _chval                                   0x0800084d   Thumb Code    30  _chval.o(.text)
    CreateNodeCmd                            0x0800086d   Thumb Code   140  app_uartfifo.o(i.CreateNodeCmd)
    DMA1_Channel2_3_IRQHandler               0x080009a5   Thumb Code    10  stm32l0xx_it.o(i.DMA1_Channel2_3_IRQHandler)
    DMA1_Channel4_5_6_7_IRQHandler           0x080009b5   Thumb Code    10  stm32l0xx_it.o(i.DMA1_Channel4_5_6_7_IRQHandler)
    Error_Handler                            0x080009f1   Thumb Code     2  main.o(i.Error_Handler)
    FLASH_PageErase                          0x080009f5   Thumb Code    34  stm32l0xx_hal_flash_ex.o(i.FLASH_PageErase)
    FLASH_WaitForLastOperation               0x08000ab1   Thumb Code   106  stm32l0xx_hal_flash.o(i.FLASH_WaitForLastOperation)
    GetCrc16                                 0x08000b21   Thumb Code    36  app_common.o(i.GetCrc16)
    HAL_DMA_Abort                            0x08000b4d   Thumb Code    68  stm32l0xx_hal_dma.o(i.HAL_DMA_Abort)
    HAL_DMA_Abort_IT                         0x08000b91   Thumb Code    76  stm32l0xx_hal_dma.o(i.HAL_DMA_Abort_IT)
    HAL_DMA_DeInit                           0x08000bdd   Thumb Code    94  stm32l0xx_hal_dma.o(i.HAL_DMA_DeInit)
    HAL_DMA_GetError                         0x08000c45   Thumb Code     4  stm32l0xx_hal_dma.o(i.HAL_DMA_GetError)
    HAL_DMA_IRQHandler                       0x08000c49   Thumb Code   168  stm32l0xx_hal_dma.o(i.HAL_DMA_IRQHandler)
    HAL_DMA_Init                             0x08000cf1   Thumb Code   132  stm32l0xx_hal_dma.o(i.HAL_DMA_Init)
    HAL_DMA_Start_IT                         0x08000d81   Thumb Code   104  stm32l0xx_hal_dma.o(i.HAL_DMA_Start_IT)
    HAL_FLASHEx_DATAEEPROM_Lock              0x08000de9   Thumb Code    14  stm32l0xx_hal_flash_ex.o(i.HAL_FLASHEx_DATAEEPROM_Lock)
    HAL_FLASHEx_DATAEEPROM_Program           0x08000dfd   Thumb Code    76  stm32l0xx_hal_flash_ex.o(i.HAL_FLASHEx_DATAEEPROM_Program)
    HAL_FLASHEx_DATAEEPROM_Unlock            0x08000e51   Thumb Code    40  stm32l0xx_hal_flash_ex.o(i.HAL_FLASHEx_DATAEEPROM_Unlock)
    HAL_FLASHEx_Erase                        0x08000e85   Thumb Code   106  stm32l0xx_hal_flash_ex.o(i.HAL_FLASHEx_Erase)
    HAL_FLASH_Lock                           0x08000efd   Thumb Code    22  stm32l0xx_hal_flash.o(i.HAL_FLASH_Lock)
    HAL_FLASH_Program                        0x08000f19   Thumb Code    50  stm32l0xx_hal_flash.o(i.HAL_FLASH_Program)
    HAL_FLASH_Unlock                         0x08000f55   Thumb Code    70  stm32l0xx_hal_flash.o(i.HAL_FLASH_Unlock)
    HAL_GPIO_DeInit                          0x08000fb1   Thumb Code   212  stm32l0xx_hal_gpio.o(i.HAL_GPIO_DeInit)
    HAL_GPIO_Init                            0x080010a1   Thumb Code   356  stm32l0xx_hal_gpio.o(i.HAL_GPIO_Init)
    HAL_GPIO_ReadPin                         0x08001225   Thumb Code    10  stm32l0xx_hal_gpio.o(i.HAL_GPIO_ReadPin)
    HAL_GPIO_TogglePin                       0x0800122f   Thumb Code     8  stm32l0xx_hal_gpio.o(i.HAL_GPIO_TogglePin)
    HAL_GPIO_WritePin                        0x08001237   Thumb Code    12  stm32l0xx_hal_gpio.o(i.HAL_GPIO_WritePin)
    HAL_GetTick                              0x08001245   Thumb Code     6  stm32l0xx_hal.o(i.HAL_GetTick)
    HAL_IWDG_Init                            0x08001251   Thumb Code    86  stm32l0xx_hal_iwdg.o(i.HAL_IWDG_Init)
    HAL_IWDG_Refresh                         0x080012b5   Thumb Code    10  stm32l0xx_hal_iwdg.o(i.HAL_IWDG_Refresh)
    HAL_IncTick                              0x080012c5   Thumb Code    10  stm32l0xx_hal.o(i.HAL_IncTick)
    HAL_Init                                 0x080012d5   Thumb Code    36  stm32l0xx_hal.o(i.HAL_Init)
    HAL_InitTick                             0x080012fd   Thumb Code    44  stm32l0xx_hal.o(i.HAL_InitTick)
    HAL_MspInit                              0x0800132d   Thumb Code    20  stm32l0xx_hal_msp.o(i.HAL_MspInit)
    HAL_NVIC_DisableIRQ                      0x08001345   Thumb Code    14  stm32l0xx_hal_cortex.o(i.HAL_NVIC_DisableIRQ)
    HAL_NVIC_EnableIRQ                       0x08001359   Thumb Code    14  stm32l0xx_hal_cortex.o(i.HAL_NVIC_EnableIRQ)
    HAL_NVIC_SetPriority                     0x0800136d   Thumb Code     8  stm32l0xx_hal_cortex.o(i.HAL_NVIC_SetPriority)
    HAL_NVIC_SystemReset                     0x08001375   Thumb Code    18  stm32l0xx_hal_cortex.o(i.HAL_NVIC_SystemReset)
    HAL_PWR_EnableBkUpAccess                 0x08001391   Thumb Code    12  stm32l0xx_hal_pwr.o(i.HAL_PWR_EnableBkUpAccess)
    HAL_RCCEx_PeriphCLKConfig                0x080013a1   Thumb Code   362  stm32l0xx_hal_rcc_ex.o(i.HAL_RCCEx_PeriphCLKConfig)
    HAL_RCC_ClockConfig                      0x08001519   Thumb Code   344  stm32l0xx_hal_rcc.o(i.HAL_RCC_ClockConfig)
    HAL_RCC_GetPCLK1Freq                     0x08001685   Thumb Code    20  stm32l0xx_hal_rcc.o(i.HAL_RCC_GetPCLK1Freq)
    HAL_RCC_GetPCLK2Freq                     0x080016a5   Thumb Code    20  stm32l0xx_hal_rcc.o(i.HAL_RCC_GetPCLK2Freq)
    HAL_RCC_GetSysClockFreq                  0x080016c5   Thumb Code   100  stm32l0xx_hal_rcc.o(i.HAL_RCC_GetSysClockFreq)
    HAL_RCC_OscConfig                        0x0800173d   Thumb Code  1068  stm32l0xx_hal_rcc.o(i.HAL_RCC_OscConfig)
    HAL_RTCEx_SetWakeUpTimer_IT              0x08001b69   Thumb Code   238  stm32l0xx_hal_rtc_ex.o(i.HAL_RTCEx_SetWakeUpTimer_IT)
    HAL_RTCEx_WakeUpTimerEventCallback       0x08001c61   Thumb Code    10  main.o(i.HAL_RTCEx_WakeUpTimerEventCallback)
    HAL_RTCEx_WakeUpTimerIRQHandler          0x08001c71   Thumb Code    48  stm32l0xx_hal_rtc_ex.o(i.HAL_RTCEx_WakeUpTimerIRQHandler)
    HAL_RTC_Init                             0x08001ca9   Thumb Code   184  stm32l0xx_hal_rtc.o(i.HAL_RTC_Init)
    HAL_RTC_MspInit                          0x08001d65   Thumb Code    40  rtc.o(i.HAL_RTC_MspInit)
    HAL_RTC_WaitForSynchro                   0x08001d95   Thumb Code    52  stm32l0xx_hal_rtc.o(i.HAL_RTC_WaitForSynchro)
    HAL_SYSTICK_Config                       0x08001dc9   Thumb Code    38  stm32l0xx_hal_cortex.o(i.HAL_SYSTICK_Config)
    HAL_UARTEx_WakeupCallback                0x08001df9   Thumb Code     2  stm32l0xx_hal_uart_ex.o(i.HAL_UARTEx_WakeupCallback)
    HAL_UART_DMAStop                         0x08001dfb   Thumb Code   122  stm32l0xx_hal_uart.o(i.HAL_UART_DMAStop)
    HAL_UART_DeInit                          0x08001e75   Thumb Code    58  stm32l0xx_hal_uart.o(i.HAL_UART_DeInit)
    HAL_UART_ErrorCallback                   0x08001eb1   Thumb Code    76  app_uart.o(i.HAL_UART_ErrorCallback)
    HAL_UART_IRQHandler                      0x08001f41   Thumb Code   310  stm32l0xx_hal_uart.o(i.HAL_UART_IRQHandler)
    HAL_UART_Init                            0x0800207d   Thumb Code   106  stm32l0xx_hal_uart.o(i.HAL_UART_Init)
    HAL_UART_MspDeInit                       0x080020e9   Thumb Code    86  usart.o(i.HAL_UART_MspDeInit)
    HAL_UART_MspInit                         0x0800214d   Thumb Code   262  usart.o(i.HAL_UART_MspInit)
    HAL_UART_Receive_DMA                     0x08002269   Thumb Code   170  stm32l0xx_hal_uart.o(i.HAL_UART_Receive_DMA)
    HAL_UART_RxCpltCallback                  0x08002321   Thumb Code     2  stm32l0xx_hal_uart.o(i.HAL_UART_RxCpltCallback)
    HAL_UART_RxHalfCpltCallback              0x08002323   Thumb Code     2  stm32l0xx_hal_uart.o(i.HAL_UART_RxHalfCpltCallback)
    HAL_UART_Transmit                        0x08002325   Thumb Code   206  stm32l0xx_hal_uart.o(i.HAL_UART_Transmit)
    HAL_UART_TxCpltCallback                  0x080023f3   Thumb Code     2  app_uart.o(i.HAL_UART_TxCpltCallback)
    HardFault_Handler                        0x080023f5   Thumb Code     2  stm32l0xx_it.o(i.HardFault_Handler)
    JumpToApp                                0x080023f9   Thumb Code    48  app_common.o(i.JumpToApp)
    LogMessage                               0x08002435   Thumb Code    32  app_common.o(i.LogMessage)
    LogMessageNoBlock                        0x0800245d   Thumb Code    32  app_common.o(i.LogMessageNoBlock)
    LogMessageWL                             0x08002485   Thumb Code    24  app_common.o(i.LogMessageWL)
    LogPrintf                                0x080024a5   Thumb Code    54  app_common.o(i.LogPrintf)
    MX_DMA_Init                              0x08002501   Thumb Code    52  dma.o(i.MX_DMA_Init)
    MX_GPIO_Init                             0x08002539   Thumb Code   172  gpio.o(i.MX_GPIO_Init)
    MX_IWDG_Init                             0x080025f5   Thumb Code    32  iwdg.o(i.MX_IWDG_Init)
    MX_RTC_Init                              0x08002621   Thumb Code    60  rtc.o(i.MX_RTC_Init)
    MX_USART1_UART_Init                      0x08002665   Thumb Code    48  usart.o(i.MX_USART1_UART_Init)
    MX_USART2_UART_Init                      0x0800269d   Thumb Code    48  usart.o(i.MX_USART2_UART_Init)
    N58_ChangeInvokeStatus                   0x080026d5   Thumb Code    12  app_n58.o(i.N58_ChangeInvokeStatus)
    N58_CreateSocket                         0x080026e5   Thumb Code    30  app_n58.o(i.N58_CreateSocket)
    N58_GetInvokeStatus                      0x08002711   Thumb Code     6  app_n58.o(i.N58_GetInvokeStatus)
    N58_SendDataToServer                     0x0800271d   Thumb Code    36  app_n58.o(i.N58_SendDataToServer)
    NMI_Handler                              0x08002749   Thumb Code     2  stm32l0xx_it.o(i.NMI_Handler)
    PendSV_Handler                           0x08002791   Thumb Code     2  stm32l0xx_it.o(i.PendSV_Handler)
    RTC_EnterInitMode                        0x08002793   Thumb Code    56  stm32l0xx_hal_rtc.o(i.RTC_EnterInitMode)
    RTC_IRQHandler                           0x080027cd   Thumb Code    10  stm32l0xx_it.o(i.RTC_IRQHandler)
    SVC_Handler                              0x080027dd   Thumb Code     2  stm32l0xx_it.o(i.SVC_Handler)
    SysTick_Handler                          0x080027df   Thumb Code     8  stm32l0xx_it.o(i.SysTick_Handler)
    SystemClock_Config                       0x080027e9   Thumb Code   144  main.o(i.SystemClock_Config)
    SystemInit                               0x08002881   Thumb Code    66  system_stm32l0xx.o(i.SystemInit)
    UART_AdvFeatureConfig                    0x080028d5   Thumb Code   202  stm32l0xx_hal_uart.o(i.UART_AdvFeatureConfig)
    UART_CheckIdleState                      0x080029a1   Thumb Code    90  stm32l0xx_hal_uart.o(i.UART_CheckIdleState)
    UART_SetConfig                           0x08002ad5   Thumb Code   518  stm32l0xx_hal_uart.o(i.UART_SetConfig)
    UART_WaitOnFlagUntilTimeout              0x08002d11   Thumb Code    98  stm32l0xx_hal_uart.o(i.UART_WaitOnFlagUntilTimeout)
    USART1_IRQHandler                        0x08002d75   Thumb Code    16  stm32l0xx_it.o(i.USART1_IRQHandler)
    USART2_IRQHandler                        0x08002d89   Thumb Code    16  stm32l0xx_it.o(i.USART2_IRQHandler)
    UsartBufInit                             0x08002d9d   Thumb Code    40  app_uart.o(i.UsartBufInit)
    UsartInterruptHandler                    0x08002e41   Thumb Code    20  app_uart.o(i.UsartInterruptHandler)
    __0sprintf                               0x08002e55   Thumb Code    36  printfa.o(i.__0sprintf)
    __1sprintf                               0x08002e55   Thumb Code     0  printfa.o(i.__0sprintf)
    __2sprintf                               0x08002e55   Thumb Code     0  printfa.o(i.__0sprintf)
    __c89sprintf                             0x08002e55   Thumb Code     0  printfa.o(i.__0sprintf)
    sprintf                                  0x08002e55   Thumb Code     0  printfa.o(i.__0sprintf)
    __0vsprintf                              0x08002e7d   Thumb Code    30  printfa.o(i.__0vsprintf)
    __1vsprintf                              0x08002e7d   Thumb Code     0  printfa.o(i.__0vsprintf)
    __2vsprintf                              0x08002e7d   Thumb Code     0  printfa.o(i.__0vsprintf)
    __c89vsprintf                            0x08002e7d   Thumb Code     0  printfa.o(i.__0vsprintf)
    vsprintf                                 0x08002e7d   Thumb Code     0  printfa.o(i.__0vsprintf)
    __ARM_clz                                0x08002ea1   Thumb Code    46  depilogue.o(i.__ARM_clz)
    __ARM_common_switch8                     0x08002ecf   Thumb Code    26  app_n58.o(i.__ARM_common_switch8)
    __aeabi_errno_addr                       0x08002ee9   Thumb Code     4  errno.o(i.__aeabi_errno_addr)
    __rt_errno_addr                          0x08002ee9   Thumb Code     0  errno.o(i.__aeabi_errno_addr)
    __scatterload_copy                       0x08002ef1   Thumb Code    14  handlers.o(i.__scatterload_copy)
    __scatterload_null                       0x08002eff   Thumb Code     2  handlers.o(i.__scatterload_null)
    __scatterload_zeroinit                   0x08002f01   Thumb Code    14  handlers.o(i.__scatterload_zeroinit)
    changeByteArrayToHexString               0x080037c7   Thumb Code    60  app_common.o(i.changeByteArrayToHexString)
    debuguartctrl                            0x08003a9d   Thumb Code    26  app_uart.o(i.debuguartctrl)
    distinguishOK                            0x08003ad5   Thumb Code    16  app_common.o(i.distinguishOK)
    eepromParamGetApnName                    0x08003ae9   Thumb Code    24  app_eeprom.o(i.eepromParamGetApnName)
    eepromParamGetApnPswd                    0x08003b05   Thumb Code    24  app_eeprom.o(i.eepromParamGetApnPswd)
    eepromParamGetApnUser                    0x08003b21   Thumb Code    24  app_eeprom.o(i.eepromParamGetApnUser)
    eepromParamGetCodeVersion                0x08003b3d   Thumb Code    24  app_eeprom.o(i.eepromParamGetCodeVersion)
    eepromParamGetServer                     0x08003b59   Thumb Code    34  app_eeprom.o(i.eepromParamGetServer)
    eepromParamGetSnNumber                   0x08003b81   Thumb Code    28  app_eeprom.o(i.eepromParamGetSnNumber)
    eepromParamSaveApnName                   0x08003ba1   Thumb Code    56  app_eeprom.o(i.eepromParamSaveApnName)
    eepromParamSaveApnPswd                   0x08003bd9   Thumb Code    56  app_eeprom.o(i.eepromParamSaveApnPswd)
    eepromParamSaveApnUser                   0x08003c11   Thumb Code    56  app_eeprom.o(i.eepromParamSaveApnUser)
    eepromParamSaveCodeVersion               0x08003c49   Thumb Code    38  app_eeprom.o(i.eepromParamSaveCodeVersion)
    eepromParamSaveServer                    0x08003c71   Thumb Code   104  app_eeprom.o(i.eepromParamSaveServer)
    eepromParamSaveSnNumber                  0x08003cdd   Thumb Code    30  app_eeprom.o(i.eepromParamSaveSnNumber)
    eepromParamSaveUpdateStatus              0x08003cfd   Thumb Code    16  app_eeprom.o(i.eepromParamSaveUpdateStatus)
    flashEarse                               0x08003d45   Thumb Code   104  app_flash.o(i.flashEarse)
    flashEarseByFileSize                     0x08003df9   Thumb Code    64  app_flash.o(i.flashEarseByFileSize)
    flashWriteCode                           0x08003e79   Thumb Code   190  app_flash.o(i.flashWriteCode)
    free                                     0x08003fbd   Thumb Code    80  malloc.o(i.free)
    getCharIndex                             0x08004011   Thumb Code    26  app_common.o(i.getCharIndex)
    getCharIndexWithNum                      0x0800402b   Thumb Code    40  app_common.o(i.getCharIndexWithNum)
    getUpgradeFileSize                       0x08004055   Thumb Code     6  app_update.o(i.getUpgradeFileSize)
    ledtogg                                  0x08004061   Thumb Code    20  main.o(i.ledtogg)
    main                                     0x08004075   Thumb Code   268  main.o(i.main)
    malloc                                   0x08004265   Thumb Code    92  malloc.o(i.malloc)
    mcuEEpromInit                            0x080042d1   Thumb Code    72  app_eeprom.o(i.mcuEEpromInit)
    mcuEEpromResetInit                       0x08004321   Thumb Code    68  app_eeprom.o(i.mcuEEpromResetInit)
    my_getstrindex                           0x080043bd   Thumb Code    68  app_common.o(i.my_getstrindex)
    my_strpach                               0x08004401   Thumb Code    46  app_common.o(i.my_strpach)
    my_strstr                                0x0800442f   Thumb Code    54  app_common.o(i.my_strstr)
    n58CIMIParase                            0x08004465   Thumb Code    98  app_n58.o(i.n58CIMIParase)
    n58CREGparase                            0x080044e5   Thumb Code   154  app_n58.o(i.n58CREGparase)
    n58CSQparase                             0x080045b9   Thumb Code   100  app_n58.o(i.n58CSQparase)
    n58Init                                  0x08004639   Thumb Code    22  app_n58.o(i.n58Init)
    n58ModulePowerOn                         0x08004655   Thumb Code    64  app_n58.o(i.n58ModulePowerOn)
    n58ModuleReset                           0x080046c1   Thumb Code    42  app_n58.o(i.n58ModuleReset)
    n58NetworkConnectProcess                 0x08004709   Thumb Code   710  app_n58.o(i.n58NetworkConnectProcess)
    n58TCPRecvparase                         0x08004ab5   Thumb Code   194  app_n58.o(i.n58TCPRecvparase)
    n58TCPsetupparase                        0x08004bad   Thumb Code   202  app_n58.o(i.n58TCPsetupparase)
    n58cgattparase                           0x08004d1d   Thumb Code    50  app_n58.o(i.n58cgattparase)
    n58cgdcontparase                         0x08004d69   Thumb Code    18  app_n58.o(i.n58cgdcontparase)
    n58mysysteminfoparase                    0x08004d81   Thumb Code    40  app_n58.o(i.n58mysysteminfoparase)
    n58responparase                          0x08004db9   Thumb Code   288  app_n58.o(i.n58responparase)
    n58setAPN                                0x08004f79   Thumb Code    26  app_n58.o(i.n58setAPN)
    n58setXGAUTH                             0x08004fa5   Thumb Code    30  app_n58.o(i.n58setXGAUTH)
    n58tcpcloseparase                        0x08004fd9   Thumb Code    20  app_n58.o(i.n58tcpcloseparase)
    n58xgauthparase                          0x08004ffd   Thumb Code    18  app_n58.o(i.n58xgauthparase)
    n58xiicparase                            0x08005015   Thumb Code    18  app_n58.o(i.n58xiicparase)
    n58xiicqueryparase                       0x0800502d   Thumb Code   154  app_n58.o(i.n58xiicqueryparase)
    netConnectReset                          0x08005101   Thumb Code    10  app_update.o(i.netConnectReset)
    outPutNodeCmd                            0x08005111   Thumb Code    98  app_uartfifo.o(i.outPutNodeCmd)
    protocolFsmStateChange                   0x0800557d   Thumb Code    20  app_update.o(i.protocolFsmStateChange)
    protocolRunFsm                           0x080055c1   Thumb Code   198  app_update.o(i.protocolRunFsm)
    protocolRxParase                         0x080056f9   Thumb Code    66  app_update.o(i.protocolRxParase)
    sendN58Cmd                               0x08005761   Thumb Code   164  app_n58.o(i.sendN58Cmd)
    sendProtocolToServer                     0x08005839   Thumb Code   114  app_update.o(i.sendProtocolToServer)
    startJumpToApp                           0x080058c1   Thumb Code    52  app_common.o(i.startJumpToApp)
    startTimer                               0x08005929   Thumb Code    44  app_timer.o(i.startTimer)
    timerRun                                 0x08005959   Thumb Code   126  app_timer.o(i.timerRun)
    uartReceiveCompleteCheck                 0x080059fd   Thumb Code    62  app_uart.o(i.uartReceiveCompleteCheck)
    updateUIS                                0x08005a41   Thumb Code    44  app_update.o(i.updateUIS)
    n58_cmd_table                            0x08005c88   Data        1836  app_n58.o(.constdata)
    AHBPrescTable                            0x080063c9   Data          16  system_stm32l0xx.o(.constdata)
    PLLMulTable                              0x080063d9   Data           9  system_stm32l0xx.o(.constdata)
    APBPrescTable                            0x080063e2   Data           8  system_stm32l0xx.o(.constdata)
    __ctype_table                            0x080063ea   Data         129  ctype_o.o(.constdata)
    Region$$Table$$Base                      0x08006470   Number         0  anon$$obj.o(Region$$Table)
    Region$$Table$$Limit                     0x08006490   Number         0  anon$$obj.o(Region$$Table)
    system_info                              0x20000001   Data           2  app_common.o(.data)
    timer_info                               0x20000008   Data           4  app_timer.o(.data)
    headNode                                 0x2000000c   Data           4  app_uartfifo.o(.data)
    netconnect                               0x20000010   Data           6  app_update.o(.data)
    uwTick                                   0x20000018   Data           4  stm32l0xx_hal.o(.data)
    SystemCoreClock                          0x2000001c   Data           4  system_stm32l0xx.o(.data)
    __microlib_freelist                      0x20000020   Data           4  mvars.o(.data)
    __microlib_freelist_initialised          0x20000024   Data           4  mvars.o(.data)
    usart1rxdmabuf                           0x2000012c   Data         512  app_uart.o(.bss)
    usart2rxdmabuf                           0x2000032c   Data        2048  app_uart.o(.bss)
    usart1_ctl                               0x20000b2c   Data          20  app_uart.o(.bss)
    usart2_ctl                               0x20000b40   Data          20  app_uart.o(.bss)
    timer_list                               0x20000b54   Data          16  app_timer.o(.bss)
    n58_invoke_status                        0x20000b68   Data          24  app_n58.o(.bss)
    n58_lte_status                           0x20000b80   Data          22  app_n58.o(.bss)
    eeprom_info                              0x20000c78   Data         224  app_eeprom.o(.bss)
    CODEVERSION                              0x20000d58   Data          30  app_eeprom.o(.bss)
    hiwdg                                    0x20000d78   Data          16  iwdg.o(.bss)
    hrtc                                     0x20000d88   Data          36  rtc.o(.bss)
    huart1                                   0x20000dac   Data         128  usart.o(.bss)
    huart2                                   0x20000e2c   Data         128  usart.o(.bss)
    hdma_usart1_rx                           0x20000eac   Data          72  usart.o(.bss)
    hdma_usart2_rx                           0x20000ef4   Data          72  usart.o(.bss)
    pFlash                                   0x20000f3c   Data          24  stm32l0xx_hal_flash.o(.bss)
    __heap_base                              0x20000f58   Data           0  startup_stm32l071xx.o(HEAP)
    __heap_limit                             0x20002358   Data           0  startup_stm32l071xx.o(HEAP)
    __initial_sp                             0x20003358   Data           0  startup_stm32l071xx.o(STACK)



==============================================================================

Memory Map of the image

  Image Entry point : 0x080000c1

  Load Region LR_IROM1 (Base: 0x08000000, Size: 0x000064bc, Max: 0x00020000, ABSOLUTE)

    Execution Region ER_IROM1 (Exec base: 0x08000000, Load base: 0x08000000, Size: 0x00006490, Max: 0x00020000, ABSOLUTE)

    Exec Addr    Load Addr    Size         Type   Attr      Idx    E Section Name        Object

    0x08000000   0x08000000   0x000000c0   Data   RO            3    RESET               startup_stm32l071xx.o
    0x080000c0   0x080000c0   0x00000000   Code   RO         3580  * .ARM.Collect$$$$00000000  mc_p.l(entry.o)
    0x080000c0   0x080000c0   0x00000004   Code   RO         3894    .ARM.Collect$$$$00000001  mc_p.l(entry2.o)
    0x080000c4   0x080000c4   0x00000004   Code   RO         3897    .ARM.Collect$$$$00000004  mc_p.l(entry5.o)
    0x080000c8   0x080000c8   0x00000000   Code   RO         3899    .ARM.Collect$$$$00000008  mc_p.l(entry7b.o)
    0x080000c8   0x080000c8   0x00000000   Code   RO         3901    .ARM.Collect$$$$0000000A  mc_p.l(entry8b.o)
    0x080000c8   0x080000c8   0x00000008   Code   RO         3902    .ARM.Collect$$$$0000000B  mc_p.l(entry9a.o)
    0x080000d0   0x080000d0   0x00000000   Code   RO         3904    .ARM.Collect$$$$0000000D  mc_p.l(entry10a.o)
    0x080000d0   0x080000d0   0x00000000   Code   RO         3906    .ARM.Collect$$$$0000000F  mc_p.l(entry11a.o)
    0x080000d0   0x080000d0   0x00000004   Code   RO         3895    .ARM.Collect$$$$00002712  mc_p.l(entry2.o)
    0x080000d4   0x080000d4   0x0000001c   Code   RO            4    .text               startup_stm32l071xx.o
    0x080000f0   0x080000f0   0x0000002c   Code   RO         3583    .text               mc_p.l(uidiv.o)
    0x0800011c   0x0800011c   0x00000060   Code   RO         3585    .text               mc_p.l(uldiv.o)
    0x0800017c   0x0800017c   0x00000024   Code   RO         3587    .text               mc_p.l(memcpya.o)
    0x080001a0   0x080001a0   0x00000024   Code   RO         3589    .text               mc_p.l(memseta.o)
    0x080001c4   0x080001c4   0x00000028   Code   RO         3591    .text               mc_p.l(strstr.o)
    0x080001ec   0x080001ec   0x0000001a   Code   RO         3593    .text               mc_p.l(strncpy.o)
    0x08000206   0x08000206   0x0000000e   Code   RO         3595    .text               mc_p.l(strlen.o)
    0x08000214   0x08000214   0x00000012   Code   RO         3597    .text               mc_p.l(strcpy.o)
    0x08000226   0x08000226   0x00000014   Code   RO         3890    .text               mc_p.l(uread4.o)
    0x0800023a   0x0800023a   0x0000001a   Code   RO         3892    .text               mc_p.l(atoi.o)
    0x08000254   0x08000254   0x00000020   Code   RO         3909    .text               mc_p.l(llshl.o)
    0x08000274   0x08000274   0x00000022   Code   RO         3911    .text               mc_p.l(llushr.o)
    0x08000296   0x08000296   0x00000002   PAD
    0x08000298   0x08000298   0x00000070   Code   RO         3922    .text               mc_p.l(strtol.o)
    0x08000308   0x08000308   0x00000000   Code   RO         3924    .text               mc_p.l(iusefp.o)
    0x08000308   0x08000308   0x00000164   Code   RO         3925    .text               mf_p.l(dadd.o)
    0x0800046c   0x0800046c   0x000000d0   Code   RO         3927    .text               mf_p.l(dmul.o)
    0x0800053c   0x0800053c   0x000000f0   Code   RO         3929    .text               mf_p.l(ddiv.o)
    0x0800062c   0x0800062c   0x00000040   Code   RO         3931    .text               mf_p.l(dfixul.o)
    0x0800066c   0x0800066c   0x00000028   Code   RO         3933    .text               mf_p.l(cdrcmple.o)
    0x08000694   0x08000694   0x00000024   Code   RO         3935    .text               mc_p.l(init.o)
    0x080006b8   0x080006b8   0x00000026   Code   RO         3937    .text               mc_p.l(llsshr.o)
    0x080006de   0x080006de   0x00000002   PAD
    0x080006e0   0x080006e0   0x00000008   Code   RO         3939    .text               mc_p.l(ctype_o.o)
    0x080006e8   0x080006e8   0x000000a6   Code   RO         3967    .text               mc_p.l(_strtoul.o)
    0x0800078e   0x0800078e   0x000000be   Code   RO         3969    .text               mf_p.l(depilogue.o)
    0x0800084c   0x0800084c   0x0000001e   Code   RO         3973    .text               mc_p.l(_chval.o)
    0x0800086a   0x0800086a   0x00000002   PAD
    0x0800086c   0x0800086c   0x00000090   Code   RO          603    i.CreateNodeCmd     app_uartfifo.o
    0x080008fc   0x080008fc   0x000000a8   Code   RO          354    i.Create_Timer      app_timer.o
    0x080009a4   0x080009a4   0x00000010   Code   RO         1076    i.DMA1_Channel2_3_IRQHandler  stm32l0xx_it.o
    0x080009b4   0x080009b4   0x00000010   Code   RO         1077    i.DMA1_Channel4_5_6_7_IRQHandler  stm32l0xx_it.o
    0x080009c4   0x080009c4   0x0000002c   Code   RO         2374    i.DMA_SetConfig     stm32l0xx_hal_dma.o
    0x080009f0   0x080009f0   0x00000002   Code   RO          864    i.Error_Handler     main.o
    0x080009f2   0x080009f2   0x00000002   PAD
    0x080009f4   0x080009f4   0x0000002c   Code   RO         2204    i.FLASH_PageErase   stm32l0xx_hal_flash_ex.o
    0x08000a20   0x08000a20   0x00000090   Code   RO         2106    i.FLASH_SetErrorCode  stm32l0xx_hal_flash.o
    0x08000ab0   0x08000ab0   0x00000070   Code   RO         2107    i.FLASH_WaitForLastOperation  stm32l0xx_hal_flash.o
    0x08000b20   0x08000b20   0x0000002c   Code   RO           12    i.GetCrc16          app_common.o
    0x08000b4c   0x08000b4c   0x00000044   Code   RO         2375    i.HAL_DMA_Abort     stm32l0xx_hal_dma.o
    0x08000b90   0x08000b90   0x0000004c   Code   RO         2376    i.HAL_DMA_Abort_IT  stm32l0xx_hal_dma.o
    0x08000bdc   0x08000bdc   0x00000068   Code   RO         2377    i.HAL_DMA_DeInit    stm32l0xx_hal_dma.o
    0x08000c44   0x08000c44   0x00000004   Code   RO         2378    i.HAL_DMA_GetError  stm32l0xx_hal_dma.o
    0x08000c48   0x08000c48   0x000000a8   Code   RO         2380    i.HAL_DMA_IRQHandler  stm32l0xx_hal_dma.o
    0x08000cf0   0x08000cf0   0x00000090   Code   RO         2381    i.HAL_DMA_Init      stm32l0xx_hal_dma.o
    0x08000d80   0x08000d80   0x00000068   Code   RO         2385    i.HAL_DMA_Start_IT  stm32l0xx_hal_dma.o
    0x08000de8   0x08000de8   0x00000014   Code   RO         2210    i.HAL_FLASHEx_DATAEEPROM_Lock  stm32l0xx_hal_flash_ex.o
    0x08000dfc   0x08000dfc   0x00000054   Code   RO         2211    i.HAL_FLASHEx_DATAEEPROM_Program  stm32l0xx_hal_flash_ex.o
    0x08000e50   0x08000e50   0x00000034   Code   RO         2212    i.HAL_FLASHEx_DATAEEPROM_Unlock  stm32l0xx_hal_flash_ex.o
    0x08000e84   0x08000e84   0x00000078   Code   RO         2213    i.HAL_FLASHEx_Erase  stm32l0xx_hal_flash_ex.o
    0x08000efc   0x08000efc   0x0000001c   Code   RO         2111    i.HAL_FLASH_Lock    stm32l0xx_hal_flash.o
    0x08000f18   0x08000f18   0x0000003c   Code   RO         2116    i.HAL_FLASH_Program  stm32l0xx_hal_flash.o
    0x08000f54   0x08000f54   0x0000005c   Code   RO         2118    i.HAL_FLASH_Unlock  stm32l0xx_hal_flash.o
    0x08000fb0   0x08000fb0   0x000000f0   Code   RO         2312    i.HAL_GPIO_DeInit   stm32l0xx_hal_gpio.o
    0x080010a0   0x080010a0   0x00000184   Code   RO         2315    i.HAL_GPIO_Init     stm32l0xx_hal_gpio.o
    0x08001224   0x08001224   0x0000000a   Code   RO         2317    i.HAL_GPIO_ReadPin  stm32l0xx_hal_gpio.o
    0x0800122e   0x0800122e   0x00000008   Code   RO         2318    i.HAL_GPIO_TogglePin  stm32l0xx_hal_gpio.o
    0x08001236   0x08001236   0x0000000c   Code   RO         2319    i.HAL_GPIO_WritePin  stm32l0xx_hal_gpio.o
    0x08001242   0x08001242   0x00000002   PAD
    0x08001244   0x08001244   0x0000000c   Code   RO         1213    i.HAL_GetTick       stm32l0xx_hal.o
    0x08001250   0x08001250   0x00000064   Code   RO         1174    i.HAL_IWDG_Init     stm32l0xx_hal_iwdg.o
    0x080012b4   0x080012b4   0x00000010   Code   RO         1175    i.HAL_IWDG_Refresh  stm32l0xx_hal_iwdg.o
    0x080012c4   0x080012c4   0x00000010   Code   RO         1217    i.HAL_IncTick       stm32l0xx_hal.o
    0x080012d4   0x080012d4   0x00000028   Code   RO         1218    i.HAL_Init          stm32l0xx_hal.o
    0x080012fc   0x080012fc   0x00000030   Code   RO         1219    i.HAL_InitTick      stm32l0xx_hal.o
    0x0800132c   0x0800132c   0x00000018   Code   RO         1154    i.HAL_MspInit       stm32l0xx_hal_msp.o
    0x08001344   0x08001344   0x00000014   Code   RO         2641    i.HAL_NVIC_DisableIRQ  stm32l0xx_hal_cortex.o
    0x08001358   0x08001358   0x00000014   Code   RO         2642    i.HAL_NVIC_EnableIRQ  stm32l0xx_hal_cortex.o
    0x0800136c   0x0800136c   0x00000008   Code   RO         2646    i.HAL_NVIC_SetPriority  stm32l0xx_hal_cortex.o
    0x08001374   0x08001374   0x0000001c   Code   RO         2647    i.HAL_NVIC_SystemReset  stm32l0xx_hal_cortex.o
    0x08001390   0x08001390   0x00000010   Code   RO         2472    i.HAL_PWR_EnableBkUpAccess  stm32l0xx_hal_pwr.o
    0x080013a0   0x080013a0   0x00000178   Code   RO         1990    i.HAL_RCCEx_PeriphCLKConfig  stm32l0xx_hal_rcc_ex.o
    0x08001518   0x08001518   0x0000016c   Code   RO         1892    i.HAL_RCC_ClockConfig  stm32l0xx_hal_rcc.o
    0x08001684   0x08001684   0x00000020   Code   RO         1898    i.HAL_RCC_GetPCLK1Freq  stm32l0xx_hal_rcc.o
    0x080016a4   0x080016a4   0x00000020   Code   RO         1899    i.HAL_RCC_GetPCLK2Freq  stm32l0xx_hal_rcc.o
    0x080016c4   0x080016c4   0x00000078   Code   RO         1900    i.HAL_RCC_GetSysClockFreq  stm32l0xx_hal_rcc.o
    0x0800173c   0x0800173c   0x0000042c   Code   RO         1903    i.HAL_RCC_OscConfig  stm32l0xx_hal_rcc.o
    0x08001b68   0x08001b68   0x000000f8   Code   RO         2909    i.HAL_RTCEx_SetWakeUpTimer_IT  stm32l0xx_hal_rtc_ex.o
    0x08001c60   0x08001c60   0x00000010   Code   RO          865    i.HAL_RTCEx_WakeUpTimerEventCallback  main.o
    0x08001c70   0x08001c70   0x00000038   Code   RO         2916    i.HAL_RTCEx_WakeUpTimerIRQHandler  stm32l0xx_hal_rtc_ex.o
    0x08001ca8   0x08001ca8   0x000000bc   Code   RO         2757    i.HAL_RTC_Init      stm32l0xx_hal_rtc.o
    0x08001d64   0x08001d64   0x00000030   Code   RO          995    i.HAL_RTC_MspInit   rtc.o
    0x08001d94   0x08001d94   0x00000034   Code   RO         2765    i.HAL_RTC_WaitForSynchro  stm32l0xx_hal_rtc.o
    0x08001dc8   0x08001dc8   0x00000030   Code   RO         2650    i.HAL_SYSTICK_Config  stm32l0xx_hal_cortex.o
    0x08001df8   0x08001df8   0x00000002   Code   RO         3493    i.HAL_UARTEx_WakeupCallback  stm32l0xx_hal_uart_ex.o
    0x08001dfa   0x08001dfa   0x0000007a   Code   RO         3154    i.HAL_UART_DMAStop  stm32l0xx_hal_uart.o
    0x08001e74   0x08001e74   0x0000003a   Code   RO         3155    i.HAL_UART_DeInit   stm32l0xx_hal_uart.o
    0x08001eae   0x08001eae   0x00000002   PAD
    0x08001eb0   0x08001eb0   0x00000090   Code   RO          279    i.HAL_UART_ErrorCallback  app_uart.o
    0x08001f40   0x08001f40   0x0000013c   Code   RO         3159    i.HAL_UART_IRQHandler  stm32l0xx_hal_uart.o
    0x0800207c   0x0800207c   0x0000006a   Code   RO         3160    i.HAL_UART_Init     stm32l0xx_hal_uart.o
    0x080020e6   0x080020e6   0x00000002   PAD
    0x080020e8   0x080020e8   0x00000064   Code   RO         1032    i.HAL_UART_MspDeInit  usart.o
    0x0800214c   0x0800214c   0x0000011c   Code   RO         1033    i.HAL_UART_MspInit  usart.o
    0x08002268   0x08002268   0x000000b8   Code   RO         3164    i.HAL_UART_Receive_DMA  stm32l0xx_hal_uart.o
    0x08002320   0x08002320   0x00000002   Code   RO         3166    i.HAL_UART_RxCpltCallback  stm32l0xx_hal_uart.o
    0x08002322   0x08002322   0x00000002   Code   RO         3167    i.HAL_UART_RxHalfCpltCallback  stm32l0xx_hal_uart.o
    0x08002324   0x08002324   0x000000ce   Code   RO         3168    i.HAL_UART_Transmit  stm32l0xx_hal_uart.o
    0x080023f2   0x080023f2   0x00000002   Code   RO          280    i.HAL_UART_TxCpltCallback  app_uart.o
    0x080023f4   0x080023f4   0x00000002   Code   RO         1078    i.HardFault_Handler  stm32l0xx_it.o
    0x080023f6   0x080023f6   0x00000002   PAD
    0x080023f8   0x080023f8   0x0000003c   Code   RO           13    i.JumpToApp         app_common.o
    0x08002434   0x08002434   0x00000028   Code   RO           14    i.LogMessage        app_common.o
    0x0800245c   0x0800245c   0x00000028   Code   RO           15    i.LogMessageNoBlock  app_common.o
    0x08002484   0x08002484   0x00000020   Code   RO           16    i.LogMessageWL      app_common.o
    0x080024a4   0x080024a4   0x0000005c   Code   RO           17    i.LogPrintf         app_common.o
    0x08002500   0x08002500   0x00000038   Code   RO          948    i.MX_DMA_Init       dma.o
    0x08002538   0x08002538   0x000000bc   Code   RO          928    i.MX_GPIO_Init      gpio.o
    0x080025f4   0x080025f4   0x0000002c   Code   RO          968    i.MX_IWDG_Init      iwdg.o
    0x08002620   0x08002620   0x00000044   Code   RO          996    i.MX_RTC_Init       rtc.o
    0x08002664   0x08002664   0x00000038   Code   RO         1034    i.MX_USART1_UART_Init  usart.o
    0x0800269c   0x0800269c   0x00000038   Code   RO         1035    i.MX_USART2_UART_Init  usart.o
    0x080026d4   0x080026d4   0x00000010   Code   RO          401    i.N58_ChangeInvokeStatus  app_n58.o
    0x080026e4   0x080026e4   0x0000002c   Code   RO          403    i.N58_CreateSocket  app_n58.o
    0x08002710   0x08002710   0x0000000c   Code   RO          404    i.N58_GetInvokeStatus  app_n58.o
    0x0800271c   0x0800271c   0x0000002c   Code   RO          405    i.N58_SendDataToServer  app_n58.o
    0x08002748   0x08002748   0x00000002   Code   RO         1079    i.NMI_Handler       stm32l0xx_it.o
    0x0800274a   0x0800274a   0x00000002   PAD
    0x0800274c   0x0800274c   0x00000044   Code   RO         2652    i.NVIC_SetPriority  stm32l0xx_hal_cortex.o
    0x08002790   0x08002790   0x00000002   Code   RO         1080    i.PendSV_Handler    stm32l0xx_it.o
    0x08002792   0x08002792   0x00000038   Code   RO         2768    i.RTC_EnterInitMode  stm32l0xx_hal_rtc.o
    0x080027ca   0x080027ca   0x00000002   PAD
    0x080027cc   0x080027cc   0x00000010   Code   RO         1081    i.RTC_IRQHandler    stm32l0xx_it.o
    0x080027dc   0x080027dc   0x00000002   Code   RO         1082    i.SVC_Handler       stm32l0xx_it.o
    0x080027de   0x080027de   0x00000008   Code   RO         1083    i.SysTick_Handler   stm32l0xx_it.o
    0x080027e6   0x080027e6   0x00000002   PAD
    0x080027e8   0x080027e8   0x00000098   Code   RO          866    i.SystemClock_Config  main.o
    0x08002880   0x08002880   0x00000054   Code   RO         3549    i.SystemInit        system_stm32l0xx.o
    0x080028d4   0x080028d4   0x000000ca   Code   RO         3173    i.UART_AdvFeatureConfig  stm32l0xx_hal_uart.o
    0x0800299e   0x0800299e   0x00000002   PAD
    0x080029a0   0x080029a0   0x00000060   Code   RO         3174    i.UART_CheckIdleState  stm32l0xx_hal_uart.o
    0x08002a00   0x08002a00   0x00000014   Code   RO         3175    i.UART_DMAAbortOnError  stm32l0xx_hal_uart.o
    0x08002a14   0x08002a14   0x00000048   Code   RO         3176    i.UART_DMAError     stm32l0xx_hal_uart.o
    0x08002a5c   0x08002a5c   0x0000003e   Code   RO         3177    i.UART_DMAReceiveCplt  stm32l0xx_hal_uart.o
    0x08002a9a   0x08002a9a   0x0000000a   Code   RO         3179    i.UART_DMARxHalfCplt  stm32l0xx_hal_uart.o
    0x08002aa4   0x08002aa4   0x00000020   Code   RO         3185    i.UART_EndRxTransfer  stm32l0xx_hal_uart.o
    0x08002ac4   0x08002ac4   0x00000010   Code   RO         3186    i.UART_EndTxTransfer  stm32l0xx_hal_uart.o
    0x08002ad4   0x08002ad4   0x0000023c   Code   RO         3189    i.UART_SetConfig    stm32l0xx_hal_uart.o
    0x08002d10   0x08002d10   0x00000062   Code   RO         3192    i.UART_WaitOnFlagUntilTimeout  stm32l0xx_hal_uart.o
    0x08002d72   0x08002d72   0x00000002   PAD
    0x08002d74   0x08002d74   0x00000014   Code   RO         1084    i.USART1_IRQHandler  stm32l0xx_it.o
    0x08002d88   0x08002d88   0x00000014   Code   RO         1085    i.USART2_IRQHandler  stm32l0xx_it.o
    0x08002d9c   0x08002d9c   0x00000044   Code   RO          281    i.UsartBufInit      app_uart.o
    0x08002de0   0x08002de0   0x00000060   Code   RO          282    i.UsartGetDataFromDMA  app_uart.o
    0x08002e40   0x08002e40   0x00000014   Code   RO          283    i.UsartInterruptHandler  app_uart.o
    0x08002e54   0x08002e54   0x00000028   Code   RO         3836    i.__0sprintf        mc_p.l(printfa.o)
    0x08002e7c   0x08002e7c   0x00000024   Code   RO         3840    i.__0vsprintf       mc_p.l(printfa.o)
    0x08002ea0   0x08002ea0   0x0000002e   Code   RO         3971    i.__ARM_clz         mf_p.l(depilogue.o)
    0x08002ece   0x08002ece   0x0000001a   Code   RO          579    i.__ARM_common_switch8  app_n58.o
    0x08002ee8   0x08002ee8   0x00000008   Code   RO         3915    i.__aeabi_errno_addr  mc_p.l(errno.o)
    0x08002ef0   0x08002ef0   0x0000000e   Code   RO         3977    i.__scatterload_copy  mc_p.l(handlers.o)
    0x08002efe   0x08002efe   0x00000002   Code   RO         3978    i.__scatterload_null  mc_p.l(handlers.o)
    0x08002f00   0x08002f00   0x0000000e   Code   RO         3979    i.__scatterload_zeroinit  mc_p.l(handlers.o)
    0x08002f0e   0x08002f0e   0x00000002   PAD
    0x08002f10   0x08002f10   0x00000174   Code   RO         3841    i._fp_digits        mc_p.l(printfa.o)
    0x08003084   0x08003084   0x000006ec   Code   RO         3842    i._printf_core      mc_p.l(printfa.o)
    0x08003770   0x08003770   0x00000020   Code   RO         3843    i._printf_post_padding  mc_p.l(printfa.o)
    0x08003790   0x08003790   0x0000002c   Code   RO         3844    i._printf_pre_padding  mc_p.l(printfa.o)
    0x080037bc   0x080037bc   0x0000000a   Code   RO         3846    i._sputc            mc_p.l(printfa.o)
    0x080037c6   0x080037c6   0x0000003c   Code   RO           19    i.changeByteArrayToHexString  app_common.o
    0x08003802   0x08003802   0x00000002   PAD
    0x08003804   0x08003804   0x00000088   Code   RO          867    i.chargeDetProcess  main.o
    0x0800388c   0x0800388c   0x00000010   Code   RO          665    i.createProtocolSerial  app_update.o
    0x0800389c   0x0800389c   0x0000006c   Code   RO          666    i.createProtocol_01  app_update.o
    0x08003908   0x08003908   0x00000194   Code   RO          667    i.createProtocol_F3  app_update.o
    0x08003a9c   0x08003a9c   0x00000038   Code   RO          284    i.debuguartctrl     app_uart.o
    0x08003ad4   0x08003ad4   0x00000014   Code   RO           21    i.distinguishOK     app_common.o
    0x08003ae8   0x08003ae8   0x0000001c   Code   RO          750    i.eepromParamGetApnName  app_eeprom.o
    0x08003b04   0x08003b04   0x0000001c   Code   RO          751    i.eepromParamGetApnPswd  app_eeprom.o
    0x08003b20   0x08003b20   0x0000001c   Code   RO          752    i.eepromParamGetApnUser  app_eeprom.o
    0x08003b3c   0x08003b3c   0x0000001c   Code   RO          753    i.eepromParamGetCodeVersion  app_eeprom.o
    0x08003b58   0x08003b58   0x00000028   Code   RO          754    i.eepromParamGetServer  app_eeprom.o
    0x08003b80   0x08003b80   0x00000020   Code   RO          755    i.eepromParamGetSnNumber  app_eeprom.o
    0x08003ba0   0x08003ba0   0x00000038   Code   RO          757    i.eepromParamSaveApnName  app_eeprom.o
    0x08003bd8   0x08003bd8   0x00000038   Code   RO          758    i.eepromParamSaveApnPswd  app_eeprom.o
    0x08003c10   0x08003c10   0x00000038   Code   RO          759    i.eepromParamSaveApnUser  app_eeprom.o
    0x08003c48   0x08003c48   0x00000026   Code   RO          760    i.eepromParamSaveCodeVersion  app_eeprom.o
    0x08003c6e   0x08003c6e   0x00000002   PAD
    0x08003c70   0x08003c70   0x0000006c   Code   RO          761    i.eepromParamSaveServer  app_eeprom.o
    0x08003cdc   0x08003cdc   0x0000001e   Code   RO          762    i.eepromParamSaveSnNumber  app_eeprom.o
    0x08003cfa   0x08003cfa   0x00000002   PAD
    0x08003cfc   0x08003cfc   0x00000014   Code   RO          763    i.eepromParamSaveUpdateStatus  app_eeprom.o
    0x08003d10   0x08003d10   0x00000034   Code   RO          764    i.eepromWriteByte   app_eeprom.o
    0x08003d44   0x08003d44   0x000000b4   Code   RO          632    i.flashEarse        app_flash.o
    0x08003df8   0x08003df8   0x00000080   Code   RO          633    i.flashEarseByFileSize  app_flash.o
    0x08003e78   0x08003e78   0x00000144   Code   RO          634    i.flashWriteCode    app_flash.o
    0x08003fbc   0x08003fbc   0x00000054   Code   RO         3862    i.free              mc_p.l(malloc.o)
    0x08004010   0x08004010   0x0000001a   Code   RO           23    i.getCharIndex      app_common.o
    0x0800402a   0x0800402a   0x00000028   Code   RO           24    i.getCharIndexWithNum  app_common.o
    0x08004052   0x08004052   0x00000002   PAD
    0x08004054   0x08004054   0x0000000c   Code   RO          668    i.getUpgradeFileSize  app_update.o
    0x08004060   0x08004060   0x00000014   Code   RO          868    i.ledtogg           main.o
    0x08004074   0x08004074   0x000001f0   Code   RO          869    i.main              main.o
    0x08004264   0x08004264   0x0000006c   Code   RO         3863    i.malloc            mc_p.l(malloc.o)
    0x080042d0   0x080042d0   0x00000050   Code   RO          765    i.mcuEEpromInit     app_eeprom.o
    0x08004320   0x08004320   0x0000009c   Code   RO          766    i.mcuEEpromResetInit  app_eeprom.o
    0x080043bc   0x080043bc   0x00000044   Code   RO           25    i.my_getstrindex    app_common.o
    0x08004400   0x08004400   0x0000002e   Code   RO           26    i.my_strpach        app_common.o
    0x0800442e   0x0800442e   0x00000036   Code   RO           27    i.my_strstr         app_common.o
    0x08004464   0x08004464   0x00000080   Code   RO          407    i.n58CIMIParase     app_n58.o
    0x080044e4   0x080044e4   0x000000d4   Code   RO          408    i.n58CREGparase     app_n58.o
    0x080045b8   0x080045b8   0x00000080   Code   RO          409    i.n58CSQparase      app_n58.o
    0x08004638   0x08004638   0x0000001c   Code   RO          410    i.n58Init           app_n58.o
    0x08004654   0x08004654   0x0000006c   Code   RO          411    i.n58ModulePowerOn  app_n58.o
    0x080046c0   0x080046c0   0x00000048   Code   RO          412    i.n58ModuleReset    app_n58.o
    0x08004708   0x08004708   0x0000030c   Code   RO          413    i.n58NetworkConnectProcess  app_n58.o
    0x08004a14   0x08004a14   0x00000044   Code   RO          414    i.n58PowerKeyProcessA  app_n58.o
    0x08004a58   0x08004a58   0x00000028   Code   RO          415    i.n58PowerKeyProcessB  app_n58.o
    0x08004a80   0x08004a80   0x00000034   Code   RO          416    i.n58ResetKeyProcessA  app_n58.o
    0x08004ab4   0x08004ab4   0x000000f8   Code   RO          417    i.n58TCPRecvparase  app_n58.o
    0x08004bac   0x08004bac   0x00000170   Code   RO          418    i.n58TCPsetupparase  app_n58.o
    0x08004d1c   0x08004d1c   0x0000004c   Code   RO          420    i.n58cgattparase    app_n58.o
    0x08004d68   0x08004d68   0x00000018   Code   RO          421    i.n58cgdcontparase  app_n58.o
    0x08004d80   0x08004d80   0x00000038   Code   RO          422    i.n58mysysteminfoparase  app_n58.o
    0x08004db8   0x08004db8   0x000001c0   Code   RO          423    i.n58responparase   app_n58.o
    0x08004f78   0x08004f78   0x0000002c   Code   RO          424    i.n58setAPN         app_n58.o
    0x08004fa4   0x08004fa4   0x00000034   Code   RO          425    i.n58setXGAUTH      app_n58.o
    0x08004fd8   0x08004fd8   0x00000024   Code   RO          426    i.n58tcpcloseparase  app_n58.o
    0x08004ffc   0x08004ffc   0x00000018   Code   RO          427    i.n58xgauthparase   app_n58.o
    0x08005014   0x08005014   0x00000018   Code   RO          428    i.n58xiicparase     app_n58.o
    0x0800502c   0x0800502c   0x000000d4   Code   RO          429    i.n58xiicqueryparase  app_n58.o
    0x08005100   0x08005100   0x00000010   Code   RO          669    i.netConnectReset   app_update.o
    0x08005110   0x08005110   0x0000007c   Code   RO          604    i.outPutNodeCmd     app_uartfifo.o
    0x0800518c   0x0800518c   0x00000084   Code   RO          670    i.packIMEI          app_update.o
    0x08005210   0x08005210   0x0000036c   Code   RO          671    i.protoclparaseF3   app_update.o
    0x0800557c   0x0800557c   0x00000044   Code   RO          672    i.protocolFsmStateChange  app_update.o
    0x080055c0   0x080055c0   0x00000138   Code   RO          673    i.protocolRunFsm    app_update.o
    0x080056f8   0x080056f8   0x00000068   Code   RO          674    i.protocolRxParase  app_update.o
    0x08005760   0x08005760   0x000000d8   Code   RO          430    i.sendN58Cmd        app_n58.o
    0x08005838   0x08005838   0x00000088   Code   RO          675    i.sendProtocolToServer  app_update.o
    0x080058c0   0x080058c0   0x00000068   Code   RO           28    i.startJumpToApp    app_common.o
    0x08005928   0x08005928   0x00000030   Code   RO          355    i.startTimer        app_timer.o
    0x08005958   0x08005958   0x000000a4   Code   RO          358    i.timerRun          app_timer.o
    0x080059fc   0x080059fc   0x00000044   Code   RO          285    i.uartReceiveCompleteCheck  app_uart.o
    0x08005a40   0x08005a40   0x00000048   Code   RO          676    i.updateUIS         app_update.o
    0x08005a88   0x08005a88   0x00000200   Data   RO           30    .constdata          app_common.o
    0x08005c88   0x08005c88   0x0000072c   Data   RO          432    .constdata          app_n58.o
    0x080063b4   0x080063b4   0x00000015   Data   RO          635    .constdata          app_flash.o
    0x080063c9   0x080063c9   0x00000019   Data   RO         3550    .constdata          system_stm32l0xx.o
    0x080063e2   0x080063e2   0x00000008   Data   RO         3551    .constdata          system_stm32l0xx.o
    0x080063ea   0x080063ea   0x00000081   Data   RO         3940    .constdata          mc_p.l(ctype_o.o)
    0x0800646b   0x0800646b   0x00000001   PAD
    0x0800646c   0x0800646c   0x00000004   Data   RO         3941    .constdata          mc_p.l(ctype_o.o)
    0x08006470   0x08006470   0x00000020   Data   RO         3975    Region$$Table       anon$$obj.o


    Execution Region RW_IRAM1 (Exec base: 0x20000000, Load base: 0x08006490, Size: 0x00003358, Max: 0x00005000, ABSOLUTE)

    Exec Addr    Load Addr    Size         Type   Attr      Idx    E Section Name        Object

    0x20000000   0x08006490   0x00000003   Data   RW           31    .data               app_common.o
    0x20000003   0x08006493   0x00000001   PAD
    0x20000004   0x08006494   0x00000008   Data   RW          360    .data               app_timer.o
    0x2000000c   0x0800649c   0x00000004   Data   RW          605    .data               app_uartfifo.o
    0x20000010   0x080064a0   0x00000006   Data   RW          678    .data               app_update.o
    0x20000016   0x080064a6   0x00000001   Data   RW          870    .data               main.o
    0x20000017   0x080064a7   0x00000001   PAD
    0x20000018   0x080064a8   0x00000004   Data   RW         1228    .data               stm32l0xx_hal.o
    0x2000001c   0x080064ac   0x00000004   Data   RW         3552    .data               system_stm32l0xx.o
    0x20000020   0x080064b0   0x00000004   Data   RW         3913    .data               mc_p.l(mvars.o)
    0x20000024   0x080064b4   0x00000004   Data   RW         3914    .data               mc_p.l(mvars.o)
    0x20000028   0x080064b8   0x00000004   Data   RW         3918    .data               mc_p.l(errno.o)
    0x2000002c        -       0x00000100   Zero   RW           29    .bss                app_common.o
    0x2000012c        -       0x00000a28   Zero   RW          286    .bss                app_uart.o
    0x20000b54        -       0x00000010   Zero   RW          359    .bss                app_timer.o
    0x20000b64   0x080064bc   0x00000004   PAD
    0x20000b68        -       0x0000002e   Zero   RW          431    .bss                app_n58.o
    0x20000b96   0x080064bc   0x00000002   PAD
    0x20000b98        -       0x000000e0   Zero   RW          677    .bss                app_update.o
    0x20000c78        -       0x000000e0   Zero   RW          767    .bss                app_eeprom.o
    0x20000d58        -       0x0000001e   Zero   RW          768    .bss                app_eeprom.o
    0x20000d76   0x080064bc   0x00000002   PAD
    0x20000d78        -       0x00000010   Zero   RW          969    .bss                iwdg.o
    0x20000d88        -       0x00000024   Zero   RW          997    .bss                rtc.o
    0x20000dac        -       0x00000190   Zero   RW         1036    .bss                usart.o
    0x20000f3c        -       0x00000018   Zero   RW         2119    .bss                stm32l0xx_hal_flash.o
    0x20000f54   0x080064bc   0x00000004   PAD
    0x20000f58        -       0x00001400   Zero   RW            2    HEAP                startup_stm32l071xx.o
    0x20002358        -       0x00001000   Zero   RW            1    STACK               startup_stm32l071xx.o


==============================================================================

Image component sizes


      Code (inc. data)   RO Data    RW Data    ZI Data      Debug   Object Name

       726        138        512          3        256     359228   app_common.o
       836        134          0          0        254      10848   app_eeprom.o
       632        274         21          0          0       2777   app_flash.o
      3586       1022       1836          0         46      19949   app_n58.o
       380         86          0          8         16       2672   app_timer.o
       454        146          0          0       2600       4535   app_uart.o
       268         30          0          4          0       1911   app_uartfifo.o
      2256        704          0          6        224       9524   app_update.o
        56          4          0          0          0        682   dma.o
       188         16          0          0          0        875   gpio.o
        44         12          0          0         16        611   iwdg.o
       822        316          0          1          0       3227   main.o
       116         16          0          0         36       1331   rtc.o
        28          8        192          0       9216        612   startup_stm32l071xx.o
       116         20          0          4          0       3035   stm32l0xx_hal.o
       192         40          0          0          0      11694   stm32l0xx_hal_cortex.o
       712         22          0          0          0       5994   stm32l0xx_hal_dma.o
       436         54          0          0         24       5246   stm32l0xx_hal_flash.o
       320         50          0          0          0       4928   stm32l0xx_hal_flash_ex.o
       658         60          0          0          0       4310   stm32l0xx_hal_gpio.o
       116         20          0          0          0       1651   stm32l0xx_hal_iwdg.o
        24          4          0          0          0        410   stm32l0xx_hal_msp.o
        16          4          0          0          0        491   stm32l0xx_hal_pwr.o
      1616         88          0          0          0       5464   stm32l0xx_hal_rcc.o
       376         14          0          0          0       1416   stm32l0xx_hal_rcc_ex.o
       296          4          0          0          0       2716   stm32l0xx_hal_rtc.o
       304         18          0          0          0       2608   stm32l0xx_hal_rtc_ex.o
      2176        104          0          0          0      14039   stm32l0xx_hal_uart.o
         2          0          0          0          0        944   stm32l0xx_hal_uart_ex.o
       104         26          0          0          0       4194   stm32l0xx_it.o
        84         18         33          4          0       1151   system_stm32l0xx.o
       496         52          0          0        400       2786   usart.o

    ----------------------------------------------------------------------
     18464       3504       2626         32      13100     491859   Object Totals
         0          0         32          0          0          0   (incl. Generated)
        28          0          0          2         12          0   (incl. Padding)

    ----------------------------------------------------------------------

      Code (inc. data)   RO Data    RW Data    ZI Data      Debug   Library Member Name

        30          0          0          0          0         60   _chval.o
       166          0          0          0          0         84   _strtoul.o
        26          0          0          0          0         72   atoi.o
         8          4        133          0          0         60   ctype_o.o
         0          0          0          0          0          0   entry.o
         0          0          0          0          0          0   entry10a.o
         0          0          0          0          0          0   entry11a.o
         8          4          0          0          0          0   entry2.o
         4          0          0          0          0          0   entry5.o
         0          0          0          0          0          0   entry7b.o
         0          0          0          0          0          0   entry8b.o
         8          4          0          0          0          0   entry9a.o
         8          4          0          4          0         60   errno.o
        30          0          0          0          0          0   handlers.o
        36          8          0          0          0         68   init.o
         0          0          0          0          0          0   iusefp.o
        32          0          0          0          0         68   llshl.o
        38          0          0          0          0         68   llsshr.o
        34          0          0          0          0         68   llushr.o
       192         20          0          0          0        144   malloc.o
        36          0          0          0          0         60   memcpya.o
        36          0          0          0          0        100   memseta.o
         0          0          0          8          0          0   mvars.o
      2306        100          0          0          0        544   printfa.o
        18          0          0          0          0         60   strcpy.o
        14          0          0          0          0         60   strlen.o
        26          0          0          0          0         68   strncpy.o
        40          0          0          0          0         72   strstr.o
       112          4          0          0          0         76   strtol.o
        44          0          0          0          0         72   uidiv.o
        96          0          0          0          0         84   uldiv.o
        20          0          0          0          0         60   uread4.o
        40          2          0          0          0         68   cdrcmple.o
       356          4          0          0          0        140   dadd.o
       240          6          0          0          0         84   ddiv.o
       236          0          0          0          0        216   depilogue.o
        64         10          0          0          0         68   dfixul.o
       208          6          0          0          0         88   dmul.o

    ----------------------------------------------------------------------
      4520        176        134         12          0       2672   Library Totals
         8          0          1          0          0          0   (incl. Padding)

    ----------------------------------------------------------------------

      Code (inc. data)   RO Data    RW Data    ZI Data      Debug   Library Name

      3368        148        133         12          0       2008   mc_p.l
      1144         28          0          0          0        664   mf_p.l

    ----------------------------------------------------------------------
      4520        176        134         12          0       2672   Library Totals

    ----------------------------------------------------------------------

==============================================================================


      Code (inc. data)   RO Data    RW Data    ZI Data      Debug   

     22984       3680       2760         44      13100     485567   Grand Totals
     22984       3680       2760         44      13100     485567   ELF Image Totals
     22984       3680       2760         44          0          0   ROM Totals

==============================================================================

    Total RO  Size (Code + RO Data)                25744 (  25.14kB)
    Total RW  Size (RW Data + ZI Data)             13144 (  12.84kB)
    Total ROM Size (Code + RO Data + RW Data)      25788 (  25.18kB)

==============================================================================

