Component: ARM Compiler 5.06 update 7 (build 960) Tool: armlink [4d3601]

==============================================================================

Section Cross References

    startup_stm32l071xx.o(RESET) refers to startup_stm32l071xx.o(STACK) for __initial_sp
    startup_stm32l071xx.o(RESET) refers to startup_stm32l071xx.o(.text) for Reset_Handler
    startup_stm32l071xx.o(RESET) refers to stm32l0xx_it.o(i.NMI_Handler) for NMI_Handler
    startup_stm32l071xx.o(RESET) refers to stm32l0xx_it.o(i.HardFault_Handler) for HardFault_Handler
    startup_stm32l071xx.o(RESET) refers to stm32l0xx_it.o(i.SVC_Handler) for SVC_Handler
    startup_stm32l071xx.o(RESET) refers to stm32l0xx_it.o(i.PendSV_Handler) for PendSV_Handler
    startup_stm32l071xx.o(RESET) refers to stm32l0xx_it.o(i.SysTick_Handler) for SysTick_Handler
    startup_stm32l071xx.o(RESET) refers to stm32l0xx_it.o(i.RTC_IRQHandler) for RTC_IRQHandler
    startup_stm32l071xx.o(RESET) refers to stm32l0xx_it.o(i.DMA1_Channel2_3_IRQHandler) for DMA1_Channel2_3_IRQHandler
    startup_stm32l071xx.o(RESET) refers to stm32l0xx_it.o(i.DMA1_Channel4_5_6_7_IRQHandler) for DMA1_Channel4_5_6_7_IRQHandler
    startup_stm32l071xx.o(RESET) refers to stm32l0xx_it.o(i.USART1_IRQHandler) for USART1_IRQHandler
    startup_stm32l071xx.o(RESET) refers to stm32l0xx_it.o(i.USART2_IRQHandler) for USART2_IRQHandler
    startup_stm32l071xx.o(.text) refers to system_stm32l0xx.o(i.SystemInit) for SystemInit
    startup_stm32l071xx.o(.text) refers to entry.o(.ARM.Collect$$$$00000000) for __main
    app_common.o(i.GetCrc16) refers to app_common.o(.constdata) for .constdata
    app_common.o(i.JumpToApp) refers to stm32l0xx_hal_uart.o(i.HAL_UART_DeInit) for HAL_UART_DeInit
    app_common.o(i.JumpToApp) refers to usart.o(.bss) for huart1
    app_common.o(i.LogMessage) refers to strlen.o(.text) for strlen
    app_common.o(i.LogMessage) refers to stm32l0xx_hal_uart.o(i.HAL_UART_Transmit) for HAL_UART_Transmit
    app_common.o(i.LogMessage) refers to app_common.o(.data) for .data
    app_common.o(i.LogMessage) refers to usart.o(.bss) for huart1
    app_common.o(i.LogMessageNoBlock) refers to strlen.o(.text) for strlen
    app_common.o(i.LogMessageNoBlock) refers to stm32l0xx_hal_uart.o(i.HAL_UART_Transmit) for HAL_UART_Transmit
    app_common.o(i.LogMessageNoBlock) refers to app_common.o(.data) for .data
    app_common.o(i.LogMessageNoBlock) refers to usart.o(.bss) for huart1
    app_common.o(i.LogMessageWL) refers to stm32l0xx_hal_uart.o(i.HAL_UART_Transmit) for HAL_UART_Transmit
    app_common.o(i.LogMessageWL) refers to app_common.o(.data) for .data
    app_common.o(i.LogMessageWL) refers to usart.o(.bss) for huart1
    app_common.o(i.LogPrintf) refers to strlen.o(.text) for strlen
    app_common.o(i.LogPrintf) refers to app_common.o(i.LogMessage) for LogMessage
    app_common.o(i.LogPrintf) refers to printfa.o(i.__0vsprintf) for vsprintf
    app_common.o(i.LogPrintf) refers to app_common.o(i.LogMessageWL) for LogMessageWL
    app_common.o(i.LogPrintf) refers to app_common.o(.bss) for .bss
    app_common.o(i.changeHexStringToByteArray) refers to app_common.o(i.asciiToHex) for asciiToHex
    app_common.o(i.distinguishOK) refers to strstr.o(.text) for strstr
    app_common.o(i.fputc) refers to stm32l0xx_hal_uart.o(i.HAL_UART_Transmit) for HAL_UART_Transmit
    app_common.o(i.fputc) refers to app_common.o(.data) for .data
    app_common.o(i.fputc) refers to usart.o(.bss) for huart1
    app_common.o(i.my_getstrindex) refers to strlen.o(.text) for strlen
    app_common.o(i.my_getstrindex) refers to app_common.o(i.my_strpach) for my_strpach
    app_common.o(i.my_strpach) refers to strlen.o(.text) for strlen
    app_common.o(i.my_strstr) refers to strlen.o(.text) for strlen
    app_common.o(i.my_strstr) refers to app_common.o(i.my_strpach) for my_strpach
    app_common.o(i.startJumpToApp) refers to app_common.o(i.LogPrintf) for LogPrintf
    app_common.o(i.startJumpToApp) refers to app_common.o(i.JumpToApp) for JumpToApp
    app_common.o(i.startJumpToApp) refers to app_common.o(i.LogMessage) for LogMessage
    app_common.o(i.startJumpToApp) refers to app_eeprom.o(i.eepromParamSaveUpdateStatus) for eepromParamSaveUpdateStatus
    app_common.o(i.startJumpToApp) refers to stm32l0xx_hal_cortex.o(i.HAL_NVIC_SystemReset) for HAL_NVIC_SystemReset
    app_common.o(i.startJumpToApp) refers to app_common.o(.data) for .data
    app_uart.o(i.HAL_UART_ErrorCallback) refers to stm32l0xx_hal_uart.o(i.HAL_UART_Receive_DMA) for HAL_UART_Receive_DMA
    app_uart.o(i.HAL_UART_ErrorCallback) refers to printfa.o(i.__0sprintf) for __2sprintf
    app_uart.o(i.HAL_UART_ErrorCallback) refers to app_common.o(i.LogMessageNoBlock) for LogMessageNoBlock
    app_uart.o(i.HAL_UART_ErrorCallback) refers to app_uart.o(.bss) for .bss
    app_uart.o(i.HAL_UART_ErrorCallback) refers to usart.o(.bss) for huart1
    app_uart.o(i.UsartBufInit) refers to app_uart.o(.bss) for .bss
[...]
    i.HAL_PWR_EnableBkUpAccess               0x0800137c   Section        0  stm32l0xx_hal_pwr.o(i.HAL_PWR_EnableBkUpAccess)
    i.HAL_RCCEx_PeriphCLKConfig              0x0800138c   Section        0  stm32l0xx_hal_rcc_ex.o(i.HAL_RCCEx_PeriphCLKConfig)
    i.HAL_RCC_ClockConfig                    0x08001504   Section        0  stm32l0xx_hal_rcc.o(i.HAL_RCC_ClockConfig)
    i.HAL_RCC_GetPCLK1Freq                   0x08001670   Section        0  stm32l0xx_hal_rcc.o(i.HAL_RCC_GetPCLK1Freq)
    i.HAL_RCC_GetPCLK2Freq                   0x08001690   Section        0  stm32l0xx_hal_rcc.o(i.HAL_RCC_GetPCLK2Freq)
    i.HAL_RCC_GetSysClockFreq                0x080016b0   Section        0  stm32l0xx_hal_rcc.o(i.HAL_RCC_GetSysClockFreq)
    i.HAL_RCC_OscConfig                      0x08001728   Section        0  stm32l0xx_hal_rcc.o(i.HAL_RCC_OscConfig)
    i.HAL_RTCEx_SetWakeUpTimer_IT            0x08001b54   Section        0  stm32l0xx_hal_rtc_ex.o(i.HAL_RTCEx_SetWakeUpTimer_IT)
    i.HAL_RTCEx_WakeUpTimerEventCallback     0x08001c4c   Section        0  main.o(i.HAL_RTCEx_WakeUpTimerEventCallback)
    i.HAL_RTCEx_WakeUpTimerIRQHandler        0x08001c5c   Section        0  stm32l0xx_hal_rtc_ex.o(i.HAL_RTCEx_WakeUpTimerIRQHandler)
    i.HAL_RTC_Init                           0x08001c94   Section        0  stm32l0xx_hal_rtc.o(i.HAL_RTC_Init)
    i.HAL_RTC_MspInit                        0x08001d50   Section        0  rtc.o(i.HAL_RTC_MspInit)
    i.HAL_RTC_WaitForSynchro                 0x08001d80   Section        0  stm32l0xx_hal_rtc.o(i.HAL_RTC_WaitForSynchro)
    i.HAL_SYSTICK_Config                     0x08001db4   Section        0  stm32l0xx_hal_cortex.o(i.HAL_SYSTICK_Config)
    i.HAL_UARTEx_WakeupCallback              0x08001de4   Section        0  stm32l0xx_hal_uart_ex.o(i.HAL_UARTEx_WakeupCallback)
    i.HAL_UART_DMAStop                       0x08001de6   Section        0  stm32l0xx_hal_uart.o(i.HAL_UART_DMAStop)
    i.HAL_UART_DeInit                        0x08001e60   Section        0  stm32l0xx_hal_uart.o(i.HAL_UART_DeInit)
    i.HAL_UART_ErrorCallback                 0x08001e9c   Section        0  app_uart.o(i.HAL_UART_ErrorCallback)
    i.HAL_UART_IRQHandler                    0x08001f2c   Section        0  stm32l0xx_hal_uart.o(i.HAL_UART_IRQHandler)
    i.HAL_UART_Init                          0x08002068   Section        0  stm32l0xx_hal_uart.o(i.HAL_UART_Init)
    i.HAL_UART_MspDeInit                     0x080020d4   Section        0  usart.o(i.HAL_UART_MspDeInit)
    i.HAL_UART_MspInit                       0x08002138   Section        0  usart.o(i.HAL_UART_MspInit)
    i.HAL_UART_Receive_DMA                   0x08002254   Section        0  stm32l0xx_hal_uart.o(i.HAL_UART_Receive_DMA)
    i.HAL_UART_RxCpltCallback                0x0800230c   Section        0  stm32l0xx_hal_uart.o(i.HAL_UART_RxCpltCallback)
    i.HAL_UART_RxHalfCpltCallback            0x0800230e   Section        0  stm32l0xx_hal_uart.o(i.HAL_UART_RxHalfCpltCallback)
    i.HAL_UART_Transmit                      0x08002310   Section        0  stm32l0xx_hal_uart.o(i.HAL_UART_Transmit)
    i.HAL_UART_TxCpltCallback                0x080023de   Section        0  app_uart.o(i.HAL_UART_TxCpltCallback)
    i.HardFault_Handler                      0x080023e0   Section        0  stm32l0xx_it.o(i.HardFault_Handler)
    i.JumpToApp                              0x080023e4   Section        0  app_common.o(i.JumpToApp)
    i.LogMessage                             0x08002420   Section        0  app_common.o(i.LogMessage)
    i.LogMessageNoBlock                      0x08002448   Section        0  app_common.o(i.LogMessageNoBlock)
    i.LogMessageWL                           0x08002470   Section        0  app_common.o(i.LogMessageWL)
    i.LogPrintf                              0x08002490   Section        0  app_common.o(i.LogPrintf)
    i.MX_DMA_Init                            0x080024ec   Section        0  dma.o(i.MX_DMA_Init)
    i.MX_GPIO_Init                           0x08002524   Section        0  gpio.o(i.MX_GPIO_Init)
    i.MX_IWDG_Init                           0x080025e4   Section        0  iwdg.o(i.MX_IWDG_Init)
    i.MX_RTC_Init                            0x08002610   Section        0  rtc.o(i.MX_RTC_Init)
    i.MX_USART1_UART_Init                    0x08002654   Section        0  usart.o(i.MX_USART1_UART_Init)
    i.MX_USART2_UART_Init                    0x0800268c   Section        0  usart.o(i.MX_USART2_UART_Init)
    i.N58_ChangeInvokeStatus                 0x080026c4   Section        0  app_n58.o(i.N58_ChangeInvokeStatus)
    i.N58_CreateSocket                       0x080026d4   Section        0  app_n58.o(i.N58_CreateSocket)
    i.N58_GetInvokeStatus                    0x08002700   Section        0  app_n58.o(i.N58_GetInvokeStatus)
    i.N58_SendDataToServer                   0x0800270c   Section        0  app_n58.o(i.N58_SendDataToServer)
    i.NMI_Handler                            0x08002738   Section        0  stm32l0xx_it.o(i.NMI_Handler)
    i.NVIC_SetPriority                       0x0800273c   Section        0  stm32l0xx_hal_cortex.o(i.NVIC_SetPriority)
    NVIC_SetPriority                         0x0800273d   Thumb Code    60  stm32l0xx_hal_cortex.o(i.NVIC_SetPriority)
    i.PendSV_Handler                         0x08002780   Section        0  stm32l0xx_it.o(i.PendSV_Handler)
    i.RTC_EnterInitMode                      0x08002782   Section        0  stm32l0xx_hal_rtc.o(i.RTC_EnterInitMode)
    i.RTC_IRQHandler                         0x080027bc   Section        0  stm32l0xx_it.o(i.RTC_IRQHandler)
    i.SVC_Handler                            0x080027cc   Section        0  stm32l0xx_it.o(i.SVC_Handler)
    i.SysTick_Handler                        0x080027ce   Section        0  stm32l0xx_it.o(i.SysTick_Handler)
    i.SystemClock_Config                     0x080027d8   Section        0  main.o(i.SystemClock_Config)
    i.SystemInit                             0x08002870   Section        0  system_stm32l0xx.o(i.SystemInit)
    i.UART_AdvFeatureConfig                  0x080028c4   Section        0  stm32l0xx_hal_uart.o(i.UART_AdvFeatureConfig)
    i.UART_CheckIdleState                    0x08002990   Section        0  stm32l0xx_hal_uart.o(i.UART_CheckIdleState)
    i.UART_DMAAbortOnError                   0x080029f0   Section        0  stm32l0xx_hal_uart.o(i.UART_DMAAbortOnError)
    UART_DMAAbortOnError                     0x080029f1   Thumb Code    20  stm32l0xx_hal_uart.o(i.UART_DMAAbortOnError)
    i.UART_DMAError                          0x08002a04   Section        0  stm32l0xx_hal_uart.o(i.UART_DMAError)
    UART_DMAError                            0x08002a05   Thumb Code    72  stm32l0xx_hal_uart.o(i.UART_DMAError)
    i.UART_DMAReceiveCplt                    0x08002a4c   Section        0  stm32l0xx_hal_uart.o(i.UART_DMAReceiveCplt)
    UART_DMAReceiveCplt                      0x08002a4d   Thumb Code    62  stm32l0xx_hal_uart.o(i.UART_DMAReceiveCplt)
    i.UART_DMARxHalfCplt                     0x08002a8a   Section        0  stm32l0xx_hal_uart.o(i.UART_DMARxHalfCplt)
    UART_DMARxHalfCplt                       0x08002a8b   Thumb Code    10  stm32l0xx_hal_uart.o(i.UART_DMARxHalfCplt)
    i.UART_EndRxTransfer                     0x08002a94   Section        0  stm32l0xx_hal_uart.o(i.UART_EndRxTransfer)
    UART_EndRxTransfer                       0x08002a95   Thumb Code    32  stm32l0xx_hal_uart.o(i.UART_EndRxTransfer)
    i.UART_EndTxTransfer                     0x08002ab4   Section        0  stm32l0xx_hal_uart.o(i.UART_EndTxTransfer)
    UART_EndTxTransfer                       0x08002ab5   Thumb Code    16  stm32l0xx_hal_uart.o(i.UART_EndTxTransfer)
    i.UART_SetConfig                         0x08002ac4   Section        0  stm32l0xx_hal_uart.o(i.UART_SetConfig)
    i.UART_WaitOnFlagUntilTimeout            0x08002d00   Section        0  stm32l0xx_hal_uart.o(i.UART_WaitOnFlagUntilTimeout)
    i.USART1_IRQHandler                      0x08002d64   Section        0  stm32l0xx_it.o(i.USART1_IRQHandler)
    i.USART2_IRQHandler                      0x08002d78   Section        0  stm32l0xx_it.o(i.USART2_IRQHandler)
    i.UsartBufInit                           0x08002d8c   Section        0  app_uart.o(i.UsartBufInit)
    i.UsartGetDataFromDMA                    0x08002dd0   Section        0  app_uart.o(i.UsartGetDataFromDMA)
    UsartGetDataFromDMA                      0x08002dd1   Thumb Code    82  app_uart.o(i.UsartGetDataFromDMA)
    i.UsartInterruptHandler                  0x08002e30   Section        0  app_uart.o(i.UsartInterruptHandler)
    i.__0sprintf                             0x08002e44   Section        0  printfa.o(i.__0sprintf)
    i.__0vsprintf                            0x08002e6c   Section        0  printfa.o(i.__0vsprintf)
    i.__ARM_clz                              0x08002e90   Section        0  depilogue.o(i.__ARM_clz)
    i.__ARM_common_switch8                   0x08002ebe   Section        0  app_n58.o(i.__ARM_common_switch8)
    i.__aeabi_errno_addr                     0x08002ed8   Section        0  errno.o(i.__aeabi_errno_addr)
    i.__scatterload_copy                     0x08002ee0   Section       14  handlers.o(i.__scatterload_copy)
    i.__scatterload_null                     0x08002eee   Section        2  handlers.o(i.__scatterload_null)
    i.__scatterload_zeroinit                 0x08002ef0   Section       14  handlers.o(i.__scatterload_zeroinit)
    i._fp_digits                             0x08002f00   Section        0  printfa.o(i._fp_digits)
    _fp_digits                               0x08002f01   Thumb Code   316  printfa.o(i._fp_digits)
    i._printf_core                           0x08003058   Section        0  printfa.o(i._printf_core)
    _printf_core                             0x08003059   Thumb Code  1754  printfa.o(i._printf_core)
    i._printf_post_padding                   0x08003744   Section        0  printfa.o(i._printf_post_padding)
    _printf_post_padding                     0x08003745   Thumb Code    32  printfa.o(i._printf_post_padding)
    i._printf_pre_padding                    0x08003764   Section        0  printfa.o(i._printf_pre_padding)
    _printf_pre_padding                      0x08003765   Thumb Code    44  printfa.o(i._printf_pre_padding)
    i._sputc                                 0x08003790   Section        0  printfa.o(i._sputc)
    _sputc                                   0x08003791   Thumb Code    10  printfa.o(i._sputc)
    i.changeByteArrayToHexString             0x0800379a   Section        0  app_common.o(i.changeByteArrayToHexString)
    i.chargeDetProcess                       0x080037d8   Section        0  main.o(i.chargeDetProcess)
    chargeDetProcess                         0x080037d9   Thumb Code    62  main.o(i.chargeDetProcess)
    i.createProtocolSerial                   0x08003860   Section        0  app_update.o(i.createProtocolSerial)
    createProtocolSerial                     0x08003861   Thumb Code    10  app_update.o(i.createProtocolSerial)
    i.createProtocol_01                      0x08003870   Section        0  app_update.o(i.createProtocol_01)
    createProtocol_01                        0x08003871   Thumb Code   108  app_update.o(i.createProtocol_01)
    i.createProtocol_F3                      0x080038dc   Section        0  app_update.o(i.createProtocol_F3)
    createProtocol_F3                        0x080038dd   Thumb Code   400  app_update.o(i.createProtocol_F3)
    i.debuguartctrl                          0x08003a70   Section        0  app_uart.o(i.debuguartctrl)
    i.distinguishOK                          0x08003aa8   Section        0  app_common.o(i.distinguishOK)
    i.eepromParamGetApnName                  0x08003abc   Section        0  app_eeprom.o(i.eepromParamGetApnName)
    i.eepromParamGetApnPswd                  0x08003ad8   Section        0  app_eeprom.o(i.eepromParamGetApnPswd)
    i.eepromParamGetApnUser                  0x08003af4   Section        0  app_eeprom.o(i.eepromParamGetApnUser)
    i.eepromParamGetCodeVersion              0x08003b10   Section        0  app_eeprom.o(i.eepromParamGetCodeVersion)
    i.eepromParamGetServer                   0x08003b2c   Section        0  app_eeprom.o(i.eepromParamGetServer)
    i.eepromParamGetSnNumber                 0x08003b54   Section        0  app_eeprom.o(i.eepromParamGetSnNumber)
    i.eepromParamSaveApnName                 0x08003b74   Section        0  app_eeprom.o(i.eepromParamSaveApnName)
    i.eepromParamSaveApnPswd                 0x08003bac   Section        0  app_eeprom.o(i.eepromParamSaveApnPswd)
    i.eepromParamSaveApnUser                 0x08003be4   Section        0  app_eeprom.o(i.eepromParamSaveApnUser)
    i.eepromParamSaveCodeVersion             0x08003c1c   Section        0  app_eeprom.o(i.eepromParamSaveCodeVersion)
    i.eepromParamSaveServer                  0x08003c44   Section        0  app_eeprom.o(i.eepromParamSaveServer)
    i.eepromParamSaveSnNumber                0x08003cb0   Section        0  app_eeprom.o(i.eepromParamSaveSnNumber)
    i.eepromParamSaveUpdateStatus            0x08003cd0   Section        0  app_eeprom.o(i.eepromParamSaveUpdateStatus)
    i.eepromWriteByte                        0x08003ce4   Section        0  app_eeprom.o(i.eepromWriteByte)
    eepromWriteByte                          0x08003ce5   Thumb Code    48  app_eeprom.o(i.eepromWriteByte)
    i.flashEarse                             0x08003d18   Section        0  app_flash.o(i.flashEarse)
    i.flashEarseByFileSize                   0x08003dcc   Section        0  app_flash.o(i.flashEarseByFileSize)
    i.flashWriteCode                         0x08003e4c   Section        0  app_flash.o(i.flashWriteCode)
    i.free                                   0x08003f98   Section        0  malloc.o(i.free)
    i.getCharIndex                           0x08003fec   Section        0  app_common.o(i.getCharIndex)
    i.getCharIndexWithNum                    0x08004006   Section        0  app_common.o(i.getCharIndexWithNum)
    i.getUpgradeFileSize                     0x08004030   Section        0  app_update.o(i.getUpgradeFileSize)
    i.ledtogg                                0x0800403c   Section        0  main.o(i.ledtogg)
    i.main                                   0x08004050   Section        0  main.o(i.main)
    i.malloc                                 0x08004240   Section        0  malloc.o(i.malloc)
    i.mcuEEpromInit                          0x080042ac   Section        0  app_eeprom.o(i.mcuEEpromInit)
    i.mcuEEpromResetInit                     0x080042fc   Section        0  app_eeprom.o(i.mcuEEpromResetInit)
    i.my_getstrindex                         0x08004398   Section        0  app_common.o(i.my_getstrindex)
    i.my_strpach                             0x080043dc   Section        0  app_common.o(i.my_strpach)
    i.my_strstr                              0x0800440a   Section        0  app_common.o(i.my_strstr)
    i.n58CIMIParase                          0x08004440   Section        0  app_n58.o(i.n58CIMIParase)
    i.n58CREGparase                          0x080044c0   Section        0  app_n58.o(i.n58CREGparase)
    i.n58CSQparase                           0x08004594   Section        0  app_n58.o(i.n58CSQparase)
    i.n58Init                                0x08004614   Section        0  app_n58.o(i.n58Init)
    i.n58ModulePowerOn                       0x08004630   Section        0  app_n58.o(i.n58ModulePowerOn)
    i.n58ModuleReset                         0x0800469c   Section        0  app_n58.o(i.n58ModuleReset)
    i.n58NetworkConnectProcess               0x080046e4   Section        0  app_n58.o(i.n58NetworkConnectProcess)
    i.n58PowerKeyProcessA                    0x080049f0   Section        0  app_n58.o(i.n58PowerKeyProcessA)
    n58PowerKeyProcessA                      0x080049f1   Thumb Code    34  app_n58.o(i.n58PowerKeyProcessA)
    i.n58PowerKeyProcessB                    0x08004a34   Section        0  app_n58.o(i.n58PowerKeyProcessB)
    n58PowerKeyProcessB                      0x08004a35   Thumb Code    26  app_n58.o(i.n58PowerKeyProcessB)
    i.n58ResetKeyProcessA                    0x08004a6c   Section        0  app_n58.o(i.n58ResetKeyProcessA)
    n58ResetKeyProcessA                      0x08004a6d   Thumb Code    26  app_n58.o(i.n58ResetKeyProcessA)
    i.n58TCPRecvparase                       0x08004aa0   Section        0  app_n58.o(i.n58TCPRecvparase)
    i.n58TCPsetupparase                      0x08004b98   Section        0  app_n58.o(i.n58TCPsetupparase)
    i.n58cgattparase                         0x08004d08   Section        0  app_n58.o(i.n58cgattparase)
    i.n58cgdcontparase                       0x08004d54   Section        0  app_n58.o(i.n58cgdcontparase)
    i.n58mysysteminfoparase                  0x08004d6c   Section        0  app_n58.o(i.n58mysysteminfoparase)
    i.n58responparase                        0x08004da4   Section        0  app_n58.o(i.n58responparase)
    i.n58setAPN                              0x08004f64   Section        0  app_n58.o(i.n58setAPN)
    i.n58setXGAUTH                           0x08004f90   Section        0  app_n58.o(i.n58setXGAUTH)
    i.n58tcpcloseparase                      0x08004fc4   Section        0  app_n58.o(i.n58tcpcloseparase)
    i.n58xgauthparase                        0x08004fe8   Section        0  app_n58.o(i.n58xgauthparase)
    i.n58xiicparase                          0x08005000   Section        0  app_n58.o(i.n58xiicparase)
    i.n58xiicqueryparase                     0x08005018   Section        0  app_n58.o(i.n58xiicqueryparase)
    i.netConnectReset                        0x080050ec   Section        0  app_update.o(i.netConnectReset)
    i.outPutNodeCmd                          0x080050fc   Section        0  app_uartfifo.o(i.outPutNodeCmd)
    i.packIMEI                               0x08005178   Section        0  app_update.o(i.packIMEI)
    packIMEI                                 0x08005179   Thumb Code   126  app_update.o(i.packIMEI)
    i.protoclparaseF3                        0x080051fc   Section        0  app_update.o(i.protoclparaseF3)
    protoclparaseF3                          0x080051fd   Thumb Code   478  app_update.o(i.protoclparaseF3)
    i.protocolFsmStateChange                 0x0800557c   Section        0  app_update.o(i.protocolFsmStateChange)
    i.protocolRunFsm                         0x080055c0   Section        0  app_update.o(i.protocolRunFsm)
    i.protocolRxParase                       0x080056f8   Section        0  app_update.o(i.protocolRxParase)
    i.sendN58Cmd                             0x08005760   Section        0  app_n58.o(i.sendN58Cmd)
    i.sendProtocolToServer                   0x08005838   Section        0  app_update.o(i.sendProtocolToServer)
    i.startJumpToApp                         0x080058c0   Section        0  app_common.o(i.startJumpToApp)
    i.startTimer                             0x08005928   Section        0  app_timer.o(i.startTimer)
    i.timerRun                               0x08005958   Section        0  app_timer.o(i.timerRun)
    i.uartReceiveCompleteCheck               0x080059fc   Section        0  app_uart.o(i.uartReceiveCompleteCheck)
    i.updateUIS                              0x08005a40   Section        0  app_update.o(i.updateUIS)
    .constdata                               0x08005a88   Section      512  app_common.o(.constdata)
    ztvm_crctab16                            0x08005a88   Data         512  app_common.o(.constdata)
    .constdata                               0x08005c88   Section     1836  app_n58.o(.constdata)
    .constdata                               0x080063b4   Section       21  app_flash.o(.constdata)
    __FUNCTION__                             0x080063b4   Data          21  app_flash.o(.constdata)
    .constdata                               0x080063c9   Section       25  system_stm32l0xx.o(.constdata)
    .constdata                               0x080063e2   Section        8  system_stm32l0xx.o(.constdata)
    .constdata                               0x080063ea   Section      129  ctype_o.o(.constdata)
    .constdata                               0x0800646c   Section        4  ctype_o.o(.constdata)
    table                                    0x0800646c   Data           4  ctype_o.o(.constdata)
    .data                                    0x20000000   Section        3  app_common.o(.data)
    tick                                     0x20000000   Data           1  app_common.o(.data)
    .data                                    0x20000004   Section        8  app_timer.o(.data)
    timer_head                               0x20000004   Data           4  app_timer.o(.data)
    .data                                    0x2000000c   Section        4  app_uartfifo.o(.data)
    .data                                    0x20000010   Section        6  app_update.o(.data)
    .data                                    0x20000016   Section        1  main.o(.data)
    chargestate                              0x20000016   Data           1  main.o(.data)
    .data                                    0x20000018   Section        4  stm32l0xx_hal.o(.data)
    .data                                    0x2000001c   Section        4  system_stm32l0xx.o(.data)
    .data                                    0x20000020   Section        4  mvars.o(.data)
    .data                                    0x20000024   Section        4  mvars.o(.data)
    .data                                    0x20000028   Section        4  errno.o(.data)
    _errno                                   0x20000028   Data           4  errno.o(.data)
    .bss                                     0x2000002c   Section      256  app_common.o(.bss)
    LOGDEBUG                                 0x2000002c   Data         256  app_common.o(.bss)
    .bss                                     0x2000012c   Section     2600  app_uart.o(.bss)
    .bss                                     0x20000b54   Section       16  app_timer.o(.bss)
    .bss                                     0x20000b68   Section       46  app_n58.o(.bss)
    .bss                                     0x20000b98   Section      224  app_update.o(.bss)
    uis                                      0x20000b98   Data         224  app_update.o(.bss)
    .bss                                     0x20000c78   Section      224  app_eeprom.o(.bss)
    .bss                                     0x20000d58   Section       30  app_eeprom.o(.bss)
    .bss                                     0x20000d78   Section       16  iwdg.o(.bss)
    .bss                                     0x20000d88   Section       36  rtc.o(.bss)
    .bss                                     0x20000dac   Section      400  usart.o(.bss)
    .bss                                     0x20000f3c   Section       24  stm32l0xx_hal_flash.o(.bss)
    HEAP                                     0x20000f58   Section     5120  startup_stm32l071xx.o(HEAP)
    STACK                                    0x20002358   Section     4096  startup_stm32l071xx.o(STACK)

    Global Symbols

    Symbol Name                              Value     Ov Type        Size  Object(Section)

    BuildAttributes$$THM_ISAv3M$S$PE$A:L22$X:L11$S22$IEEE1$IW$USESV6$~STKCKD$USESV7$~SHL$OSPACE$ROPI$EBA8$MICROLIB$REQ8$PRES8$EABIv2 0x00000000   Number         0  anon$$obj.o ABSOLUTE
    __ARM_use_no_argv                        0x00000000   Number         0  main.o ABSOLUTE
    _printf_a                                0x00000000   Number         0  stubs.o ABSOLUTE
    _printf_c                                0x00000000   Number         0  stubs.o ABSOLUTE
    _printf_charcount                        0x00000000   Number         0  stubs.o ABSOLUTE
    _printf_d                                0x00000000   Number         0  stubs.o ABSOLUTE
    _printf_e                                0x00000000   Number         0  stubs.o ABSOLUTE
    _printf_f                                0x00000000   Number         0  stubs.o ABSOLUTE
    _printf_flags                            0x00000000   Number         0  stubs.o ABSOLUTE
    _printf_fp_dec                           0x00000000   Number         0  stubs.o ABSOLUTE
    _printf_fp_hex                           0x00000000   Number         0  stubs.o ABSOLUTE
    _printf_g                                0x00000000   Number         0  stubs.o ABSOLUTE
    _printf_i                                0x00000000   Number         0  stubs.o ABSOLUTE
    _printf_int_dec                          0x00000000   Number         0  stubs.o ABSOLUTE
    _printf_l                                0x00000000   Number         0  stubs.o ABSOLUTE
    _printf_lc                               0x00000000   Number         0  stubs.o ABSOLUTE
    _printf_ll                               0x00000000   Number         0  stubs.o ABSOLUTE
    _printf_lld                              0x00000000   Number         0  stubs.o ABSOLUTE
    _printf_lli                              0x00000000   Number         0  stubs.o ABSOLUTE
    _printf_llo                              0x00000000   Number         0  stubs.o ABSOLUTE
    _printf_llu                              0x00000000   Number         0  stubs.o ABSOLUTE
    _printf_llx                              0x00000000   Number         0  stubs.o ABSOLUTE
    _printf_longlong_dec                     0x00000000   Number         0  stubs.o ABSOLUTE
    _printf_longlong_hex                     0x00000000   Number         0  stubs.o ABSOLUTE
    _printf_longlong_oct                     0x00000000   Number         0  stubs.o ABSOLUTE
    _printf_ls                               0x00000000   Number         0  stubs.o ABSOLUTE
    _printf_mbtowc                           0x00000000   Number         0  stubs.o ABSOLUTE
    _printf_n                                0x00000000   Number         0  stubs.o ABSOLUTE
    _printf_o                                0x00000000   Number         0  stubs.o ABSOLUTE
    _printf_p                                0x00000000   Number         0  stubs.o ABSOLUTE
    _printf_percent                          0x00000000   Number         0  stubs.o ABSOLUTE
    _printf_pre_padding                      0x00000000   Number         0  stubs.o ABSOLUTE
    _printf_return_value                     0x00000000   Number         0  stubs.o ABSOLUTE
    _printf_s                                0x00000000   Number         0  stubs.o ABSOLUTE
    _printf_sizespec                         0x00000000   Number         0  stubs.o ABSOLUTE
    _printf_str                              0x00000000   Number         0  stubs.o ABSOLUTE
    _printf_truncate_signed                  0x00000000   Number         0  stubs.o ABSOLUTE
    _printf_truncate_unsigned                0x00000000   Number         0  stubs.o ABSOLUTE
    _printf_u                                0x00000000   Number         0  stubs.o ABSOLUTE
    _printf_wc                               0x00000000   Number         0  stubs.o ABSOLUTE
    _printf_wctomb                           0x00000000   Number         0  stubs.o ABSOLUTE
    _printf_widthprec                        0x00000000   Number         0  stubs.o ABSOLUTE
    _printf_x                                0x00000000   Number         0  stubs.o ABSOLUTE
    __cpp_initialize__aeabi_                  - Undefined Weak Reference
    __cxa_finalize                            - Undefined Weak Reference
    __decompress                              - Undefined Weak Reference
    _clock_init                               - Undefined Weak Reference
    _microlib_exit                            - Undefined Weak Reference
    __Vectors_Size                           0x000000c0   Number         0  startup_stm32l071xx.o ABSOLUTE
    __Vectors                                0x08000000   Data           4  startup_stm32l071xx.o(RESET)
    __Vectors_End                            0x080000c0   Data           0  startup_stm32l071xx.o(RESET)
    __main                                   0x080000c1   Thumb Code     0  entry.o(.ARM.Collect$$$$00000000)
    _main_stk                                0x080000c1   Thumb Code     0  entry2.o(.ARM.Collect$$$$00000001)
    _main_scatterload                        0x080000c5   Thumb Code     0  entry5.o(.ARM.Collect$$$$00000004)
    __main_after_scatterload                 0x080000c9   Thumb Code     0  entry5.o(.ARM.Collect$$$$00000004)
    _main_clock                              0x080000c9   Thumb Code     0  entry7b.o(.ARM.Collect$$$$00000008)
    _main_cpp_init                           0x080000c9   Thumb Code     0  entry8b.o(.ARM.Collect$$$$0000000A)
    _main_init                               0x080000c9   Thumb Code     0  entry9a.o(.ARM.Collect$$$$0000000B)
    __rt_final_cpp                           0x080000d1   Thumb Code     0  entry10a.o(.ARM.Collect$$$$0000000D)
    __rt_final_exit                          0x080000d1   Thumb Code     0  entry11a.o(.ARM.Collect$$$$0000000F)
    Reset_Handler                            0x080000d5   Thumb Code     8  startup_stm32l071xx.o(.text)
    ADC1_COMP_IRQHandler                     0x080000e7   Thumb Code     0  startup_stm32l071xx.o(.text)
    DMA1_Channel1_IRQHandler                 0x080000e7   Thumb Code     0  startup_stm32l071xx.o(.text)
    EXTI0_1_IRQHandler                       0x080000e7   Thumb Code     0  startup_stm32l071xx.o(.text)
    EXTI2_3_IRQHandler                       0x080000e7   Thumb Code     0  startup_stm32l071xx.o(.text)
    EXTI4_15_IRQHandler                      0x080000e7   Thumb Code     0  startup_stm32l071xx.o(.text)
    FLASH_IRQHandler                         0x080000e7   Thumb Code     0  startup_stm32l071xx.o(.text)
    I2C1_IRQHandler                          0x080000e7   Thumb Code     0  startup_stm32l071xx.o(.text)
    I2C2_IRQHandler                          0x080000e7   Thumb Code     0  startup_stm32l071xx.o(.text)
    I2C3_IRQHandler                          0x080000e7   Thumb Code     0  startup_stm32l071xx.o(.text)
    LPTIM1_IRQHandler                        0x080000e7   Thumb Code     0  startup_stm32l071xx.o(.text)
    LPUART1_IRQHandler                       0x080000e7   Thumb Code     0  startup_stm32l071xx.o(.text)
    PVD_IRQHandler                           0x080000e7   Thumb Code     0  startup_stm32l071xx.o(.text)
    RCC_IRQHandler                           0x080000e7   Thumb Code     0  startup_stm32l071xx.o(.text)
    SPI1_IRQHandler                          0x080000e7   Thumb Code     0  startup_stm32l071xx.o(.text)
    SPI2_IRQHandler                          0x080000e7   Thumb Code     0  startup_stm32l071xx.o(.text)
    TIM21_IRQHandler                         0x080000e7   Thumb Code     0  startup_stm32l071xx.o(.text)
    TIM22_IRQHandler                         0x080000e7   Thumb Code     0  startup_stm32l071xx.o(.text)
    TIM2_IRQHandler                          0x080000e7   Thumb Code     0  startup_stm32l071xx.o(.text)
    TIM3_IRQHandler                          0x080000e7   Thumb Code     0  startup_stm32l071xx.o(.text)
    TIM6_IRQHandler                          0x080000e7   Thumb Code     0  startup_stm32l071xx.o(.text)
    TIM7_IRQHandler                          0x080000e7   Thumb Code     0  startup_stm32l071xx.o(.text)
    USART4_5_IRQHandler                      0x080000e7   Thumb Code     0  startup_stm32l071xx.o(.text)
    WWDG_IRQHandler                          0x080000e7   Thumb Code     0  startup_stm32l071xx.o(.text)
    __aeabi_uidiv                            0x080000f1   Thumb Code     0  uidiv.o(.text)
    __aeabi_uidivmod                         0x080000f1   Thumb Code    44  uidiv.o(.text)
    __aeabi_uldivmod                         0x0800011d   Thumb Code    96  uldiv.o(.text)
    __aeabi_memcpy                           0x0800017d   Thumb Code    36  memcpya.o(.text)
    __aeabi_memcpy4                          0x0800017d   Thumb Code     0  memcpya.o(.text)
    __aeabi_memcpy8                          0x0800017d   Thumb Code     0  memcpya.o(.text)
    __aeabi_memset                           0x080001a1   Thumb Code    14  memseta.o(.text)
    __aeabi_memset4                          0x080001a1   Thumb Code     0  memseta.o(.text)
    __aeabi_memset8                          0x080001a1   Thumb Code     0  memseta.o(.text)
    __aeabi_memclr                           0x080001af   Thumb Code     4  memseta.o(.text)
    __aeabi_memclr4                          0x080001af   Thumb Code     0  memseta.o(.text)
    __aeabi_memclr8                          0x080001af   Thumb Code     0  memseta.o(.text)
    _memset$wrapper                          0x080001b3   Thumb Code    18  memseta.o(.text)
    strstr                                   0x080001c5   Thumb Code    40  strstr.o(.text)
    strncpy                                  0x080001ed   Thumb Code    26  strncpy.o(.text)
    strlen                                   0x08000207   Thumb Code    14  strlen.o(.text)
    strcpy                                   0x08000215   Thumb Code    18  strcpy.o(.text)
    atoi                                     0x08000227   Thumb Code    26  atoi.o(.text)
    __aeabi_llsl                             0x08000241   Thumb Code    32  llshl.o(.text)
    _ll_shift_l                              0x08000241   Thumb Code     0  llshl.o(.text)
    __aeabi_llsr                             0x08000261   Thumb Code    34  llushr.o(.text)
    _ll_ushift_r                             0x08000261   Thumb Code     0  llushr.o(.text)
    strtol                                   0x08000285   Thumb Code   108  strtol.o(.text)
    __I$use$fp                               0x080002f5   Thumb Code     0  iusefp.o(.text)
    __aeabi_dadd                             0x080002f5   Thumb Code   328  dadd.o(.text)
    __aeabi_dsub                             0x0800043d   Thumb Code    12  dadd.o(.text)
    __aeabi_drsub                            0x08000449   Thumb Code    12  dadd.o(.text)
    __aeabi_dmul                             0x08000459   Thumb Code   202  dmul.o(.text)
    __aeabi_ddiv                             0x08000529   Thumb Code   234  ddiv.o(.text)
    __aeabi_d2ulz                            0x08000619   Thumb Code    54  dfixul.o(.text)
    __aeabi_cdrcmple                         0x08000659   Thumb Code    38  cdrcmple.o(.text)
    __scatterload                            0x08000681   Thumb Code    28  init.o(.text)
    __scatterload_rt2                        0x08000681   Thumb Code     0  init.o(.text)
    __aeabi_lasr                             0x080006a5   Thumb Code    38  llsshr.o(.text)
    _ll_sshift_r                             0x080006a5   Thumb Code     0  llsshr.o(.text)
    __rt_ctype_table                         0x080006cd   Thumb Code     4  ctype_o.o(.text)
    _strtoul                                 0x080006d5   Thumb Code   166  _strtoul.o(.text)
    _double_round                            0x0800077b   Thumb Code    26  depilogue.o(.text)
    _double_epilogue                         0x08000795   Thumb Code   164  depilogue.o(.text)
    _chval                                   0x08000839   Thumb Code    30  _chval.o(.text)
    CreateNodeCmd                            0x08000859   Thumb Code   140  app_uartfifo.o(i.CreateNodeCmd)
    DMA1_Channel2_3_IRQHandler               0x08000991   Thumb Code    10  stm32l0xx_it.o(i.DMA1_Channel2_3_IRQHandler)
    DMA1_Channel4_5_6_7_IRQHandler           0x080009a1   Thumb Code    10  stm32l0xx_it.o(i.DMA1_Channel4_5_6_7_IRQHandler)
    Error_Handler                            0x080009dd   Thumb Code     2  main.o(i.Error_Handler)
    FLASH_PageErase                          0x080009e1   Thumb Code    34  stm32l0xx_hal_flash_ex.o(i.FLASH_PageErase)
    FLASH_WaitForLastOperation               0x08000a9d   Thumb Code   106  stm32l0xx_hal_flash.o(i.FLASH_WaitForLastOperation)
    GetCrc16                                 0x08000b0d   Thumb Code    36  app_common.o(i.GetCrc16)
    HAL_DMA_Abort                            0x08000b39   Thumb Code    68  stm32l0xx_hal_dma.o(i.HAL_DMA_Abort)
    HAL_DMA_Abort_IT                         0x08000b7d   Thumb Code    76  stm32l0xx_hal_dma.o(i.HAL_DMA_Abort_IT)
    HAL_DMA_DeInit                           0x08000bc9   Thumb Code    94  stm32l0xx_hal_dma.o(i.HAL_DMA_DeInit)
    HAL_DMA_GetError                         0x08000c31   Thumb Code     4  stm32l0xx_hal_dma.o(i.HAL_DMA_GetError)
    HAL_DMA_IRQHandler                       0x08000c35   Thumb Code   168  stm32l0xx_hal_dma.o(i.HAL_DMA_IRQHandler)
    HAL_DMA_Init                             0x08000cdd   Thumb Code   132  stm32l0xx_hal_dma.o(i.HAL_DMA_Init)
    HAL_DMA_Start_IT                         0x08000d6d   Thumb Code   104  stm32l0xx_hal_dma.o(i.HAL_DMA_Start_IT)
    HAL_FLASHEx_DATAEEPROM_Lock              0x08000dd5   Thumb Code    14  stm32l0xx_hal_flash_ex.o(i.HAL_FLASHEx_DATAEEPROM_Lock)
    HAL_FLASHEx_DATAEEPROM_Program           0x08000de9   Thumb Code    76  stm32l0xx_hal_flash_ex.o(i.HAL_FLASHEx_DATAEEPROM_Program)
    HAL_FLASHEx_DATAEEPROM_Unlock            0x08000e3d   Thumb Code    40  stm32l0xx_hal_flash_ex.o(i.HAL_FLASHEx_DATAEEPROM_Unlock)
    HAL_FLASHEx_Erase                        0x08000e71   Thumb Code   106  stm32l0xx_hal_flash_ex.o(i.HAL_FLASHEx_Erase)
    HAL_FLASH_Lock                           0x08000ee9   Thumb Code    22  stm32l0xx_hal_flash.o(i.HAL_FLASH_Lock)
    HAL_FLASH_Program                        0x08000f05   Thumb Code    50  stm32l0xx_hal_flash.o(i.HAL_FLASH_Program)
    HAL_FLASH_Unlock                         0x08000f41   Thumb Code    70  stm32l0xx_hal_flash.o(i.HAL_FLASH_Unlock)
    HAL_GPIO_DeInit                          0x08000f9d   Thumb Code   212  stm32l0xx_hal_gpio.o(i.HAL_GPIO_DeInit)
    HAL_GPIO_Init                            0x0800108d   Thumb Code   356  stm32l0xx_hal_gpio.o(i.HAL_GPIO_Init)
    HAL_GPIO_ReadPin                         0x08001211   Thumb Code    10  stm32l0xx_hal_gpio.o(i.HAL_GPIO_ReadPin)
    HAL_GPIO_TogglePin                       0x0800121b   Thumb Code     8  stm32l0xx_hal_gpio.o(i.HAL_GPIO_TogglePin)
    HAL_GPIO_WritePin                        0x08001223   Thumb Code    12  stm32l0xx_hal_gpio.o(i.HAL_GPIO_WritePin)
    HAL_GetTick                              0x08001231   Thumb Code     6  stm32l0xx_hal.o(i.HAL_GetTick)
    HAL_IWDG_Init                            0x0800123d   Thumb Code    86  stm32l0xx_hal_iwdg.o(i.HAL_IWDG_Init)
    HAL_IWDG_Refresh                         0x080012a1   Thumb Code    10  stm32l0xx_hal_iwdg.o(i.HAL_IWDG_Refresh)
    HAL_IncTick                              0x080012b1   Thumb Code    10  stm32l0xx_hal.o(i.HAL_IncTick)
    HAL_Init                                 0x080012c1   Thumb Code    36  stm32l0xx_hal.o(i.HAL_Init)
    HAL_InitTick                             0x080012e9   Thumb Code    44  stm32l0xx_hal.o(i.HAL_InitTick)
    HAL_MspInit                              0x08001319   Thumb Code    20  stm32l0xx_hal_msp.o(i.HAL_MspInit)
    HAL_NVIC_DisableIRQ                      0x08001331   Thumb Code    14  stm32l0xx_hal_cortex.o(i.HAL_NVIC_DisableIRQ)
    HAL_NVIC_EnableIRQ                       0x08001345   Thumb Code    14  stm32l0xx_hal_cortex.o(i.HAL_NVIC_EnableIRQ)
    HAL_NVIC_SetPriority                     0x08001359   Thumb Code     8  stm32l0xx_hal_cortex.o(i.HAL_NVIC_SetPriority)
    HAL_NVIC_SystemReset                     0x08001361   Thumb Code    18  stm32l0xx_hal_cortex.o(i.HAL_NVIC_SystemReset)
    HAL_PWR_EnableBkUpAccess                 0x0800137d   Thumb Code    12  stm32l0xx_hal_pwr.o(i.HAL_PWR_EnableBkUpAccess)
    HAL_RCCEx_PeriphCLKConfig                0x0800138d   Thumb Code   362  stm32l0xx_hal_rcc_ex.o(i.HAL_RCCEx_PeriphCLKConfig)
    HAL_RCC_ClockConfig                      0x08001505   Thumb Code   344  stm32l0xx_hal_rcc.o(i.HAL_RCC_ClockConfig)
    HAL_RCC_GetPCLK1Freq                     0x08001671   Thumb Code    20  stm32l0xx_hal_rcc.o(i.HAL_RCC_GetPCLK1Freq)
    HAL_RCC_GetPCLK2Freq                     0x08001691   Thumb Code    20  stm32l0xx_hal_rcc.o(i.HAL_RCC_GetPCLK2Freq)
    HAL_RCC_GetSysClockFreq                  0x080016b1   Thumb Code   100  stm32l0xx_hal_rcc.o(i.HAL_RCC_GetSysClockFreq)
    HAL_RCC_OscConfig                        0x08001729   Thumb Code  1068  stm32l0xx_hal_rcc.o(i.HAL_RCC_OscConfig)
    HAL_RTCEx_SetWakeUpTimer_IT              0x08001b55   Thumb Code   238  stm32l0xx_hal_rtc_ex.o(i.HAL_RTCEx_SetWakeUpTimer_IT)
    HAL_RTCEx_WakeUpTimerEventCallback       0x08001c4d   Thumb Code    10  main.o(i.HAL_RTCEx_WakeUpTimerEventCallback)
    HAL_RTCEx_WakeUpTimerIRQHandler          0x08001c5d   Thumb Code    48  stm32l0xx_hal_rtc_ex.o(i.HAL_RTCEx_WakeUpTimerIRQHandler)
    HAL_RTC_Init                             0x08001c95   Thumb Code   184  stm32l0xx_hal_rtc.o(i.HAL_RTC_Init)
    HAL_RTC_MspInit                          0x08001d51   Thumb Code    40  rtc.o(i.HAL_RTC_MspInit)
    HAL_RTC_WaitForSynchro                   0x08001d81   Thumb Code    52  stm32l0xx_hal_rtc.o(i.HAL_RTC_WaitForSynchro)
    HAL_SYSTICK_Config                       0x08001db5   Thumb Code    38  stm32l0xx_hal_cortex.o(i.HAL_SYSTICK_Config)
    HAL_UARTEx_WakeupCallback                0x08001de5   Thumb Code     2  stm32l0xx_hal_uart_ex.o(i.HAL_UARTEx_WakeupCallback)
    HAL_UART_DMAStop                         0x08001de7   Thumb Code   122  stm32l0xx_hal_uart.o(i.HAL_UART_DMAStop)
    HAL_UART_DeInit                          0x08001e61   Thumb Code    58  stm32l0xx_hal_uart.o(i.HAL_UART_DeInit)
    HAL_UART_ErrorCallback                   0x08001e9d   Thumb Code    76  app_uart.o(i.HAL_UART_ErrorCallback)
    HAL_UART_IRQHandler                      0x08001f2d   Thumb Code   310  stm32l0xx_hal_uart.o(i.HAL_UART_IRQHandler)
    HAL_UART_Init                            0x08002069   Thumb Code   106  stm32l0xx_hal_uart.o(i.HAL_UART_Init)
    HAL_UART_MspDeInit                       0x080020d5   Thumb Code    86  usart.o(i.HAL_UART_MspDeInit)
    HAL_UART_MspInit                         0x08002139   Thumb Code   262  usart.o(i.HAL_UART_MspInit)
    HAL_UART_Receive_DMA                     0x08002255   Thumb Code   170  stm32l0xx_hal_uart.o(i.HAL_UART_Receive_DMA)
    HAL_UART_RxCpltCallback                  0x0800230d   Thumb Code     2  stm32l0xx_hal_uart.o(i.HAL_UART_RxCpltCallback)
    HAL_UART_RxHalfCpltCallback              0x0800230f   Thumb Code     2  stm32l0xx_hal_uart.o(i.HAL_UART_RxHalfCpltCallback)
    HAL_UART_Transmit                        0x08002311   Thumb Code   206  stm32l0xx_hal_uart.o(i.HAL_UART_Transmit)
    HAL_UART_TxCpltCallback                  0x080023df   Thumb Code     2  app_uart.o(i.HAL_UART_TxCpltCallback)
    HardFault_Handler                        0x080023e1   Thumb Code     2  stm32l0xx_it.o(i.HardFault_Handler)
    JumpToApp                                0x080023e5   Thumb Code    48  app_common.o(i.JumpToApp)
    LogMessage                               0x08002421   Thumb Code    32  app_common.o(i.LogMessage)
    LogMessageNoBlock                        0x08002449   Thumb Code    32  app_common.o(i.LogMessageNoBlock)
    LogMessageWL                             0x08002471   Thumb Code    24  app_common.o(i.LogMessageWL)
    LogPrintf                                0x08002491   Thumb Code    54  app_common.o(i.LogPrintf)
    MX_DMA_Init                              0x080024ed   Thumb Code    52  dma.o(i.MX_DMA_Init)
    MX_GPIO_Init                             0x08002525   Thumb Code   174  gpio.o(i.MX_GPIO_Init)
    MX_IWDG_Init                             0x080025e5   Thumb Code    32  iwdg.o(i.MX_IWDG_Init)
    MX_RTC_Init                              0x08002611   Thumb Code    60  rtc.o(i.MX_RTC_Init)
    MX_USART1_UART_Init                      0x08002655   Thumb Code    48  usart.o(i.MX_USART1_UART_Init)
    MX_USART2_UART_Init                      0x0800268d   Thumb Code    48  usart.o(i.MX_USART2_UART_Init)
    N58_ChangeInvokeStatus                   0x080026c5   Thumb Code    12  app_n58.o(i.N58_ChangeInvokeStatus)
    N58_CreateSocket                         0x080026d5   Thumb Code    30  app_n58.o(i.N58_CreateSocket)
    N58_GetInvokeStatus                      0x08002701   Thumb Code     6  app_n58.o(i.N58_GetInvokeStatus)
    N58_SendDataToServer                     0x0800270d   Thumb Code    36  app_n58.o(i.N58_SendDataToServer)
    NMI_Handler                              0x08002739   Thumb Code     2  stm32l0xx_it.o(i.NMI_Handler)
    PendSV_Handler                           0x08002781   Thumb Code     2  stm32l0xx_it.o(i.PendSV_Handler)
    RTC_EnterInitMode                        0x08002783   Thumb Code    56  stm32l0xx_hal_rtc.o(i.RTC_EnterInitMode)
    RTC_IRQHandler                           0x080027bd   Thumb Code    10  stm32l0xx_it.o(i.RTC_IRQHandler)
    SVC_Handler                              0x080027cd   Thumb Code     2  stm32l0xx_it.o(i.SVC_Handler)
    SysTick_Handler                          0x080027cf   Thumb Code     8  stm32l0xx_it.o(i.SysTick_Handler)
    SystemClock_Config                       0x080027d9   Thumb Code   144  main.o(i.SystemClock_Config)
    SystemInit                               0x08002871   Thumb Code    66  system_stm32l0xx.o(i.SystemInit)
    UART_AdvFeatureConfig                    0x080028c5   Thumb Code   202  stm32l0xx_hal_uart.o(i.UART_AdvFeatureConfig)
    UART_CheckIdleState                      0x08002991   Thumb Code    90  stm32l0xx_hal_uart.o(i.UART_CheckIdleState)
    UART_SetConfig                           0x08002ac5   Thumb Code   518  stm32l0xx_hal_uart.o(i.UART_SetConfig)
    UART_WaitOnFlagUntilTimeout              0x08002d01   Thumb Code    98  stm32l0xx_hal_uart.o(i.UART_WaitOnFlagUntilTimeout)
    USART1_IRQHandler                        0x08002d65   Thumb Code    16  stm32l0xx_it.o(i.USART1_IRQHandler)
    USART2_IRQHandler                        0x08002d79   Thumb Code    16  stm32l0xx_it.o(i.USART2_IRQHandler)
    UsartBufInit                             0x08002d8d   Thumb Code    40  app_uart.o(i.UsartBufInit)
    UsartInterruptHandler                    0x08002e31   Thumb Code    20  app_uart.o(i.UsartInterruptHandler)
    __0sprintf                               0x08002e45   Thumb Code    36  printfa.o(i.__0sprintf)
    __1sprintf                               0x08002e45   Thumb Code     0  printfa.o(i.__0sprintf)
    __2sprintf                               0x08002e45   Thumb Code     0  printfa.o(i.__0sprintf)
    __c89sprintf                             0x08002e45   Thumb Code     0  printfa.o(i.__0sprintf)
    sprintf                                  0x08002e45   Thumb Code     0  printfa.o(i.__0sprintf)
    __0vsprintf                              0x08002e6d   Thumb Code    30  printfa.o(i.__0vsprintf)
    __1vsprintf                              0x08002e6d   Thumb Code     0  printfa.o(i.__0vsprintf)
    __2vsprintf                              0x08002e6d   Thumb Code     0  printfa.o(i.__0vsprintf)
    __c89vsprintf                            0x08002e6d   Thumb Code     0  printfa.o(i.__0vsprintf)
    vsprintf                                 0x08002e6d   Thumb Code     0  printfa.o(i.__0vsprintf)
    __ARM_clz                                0x08002e91   Thumb Code    46  depilogue.o(i.__ARM_clz)
    __ARM_common_switch8                     0x08002ebf   Thumb Code    26  app_n58.o(i.__ARM_common_switch8)
    __aeabi_errno_addr                       0x08002ed9   Thumb Code     4  errno.o(i.__aeabi_errno_addr)
    __rt_errno_addr                          0x08002ed9   Thumb Code     0  errno.o(i.__aeabi_errno_addr)
    __scatterload_copy                       0x08002ee1   Thumb Code    14  handlers.o(i.__scatterload_copy)
    __scatterload_null                       0x08002eef   Thumb Code     2  handlers.o(i.__scatterload_null)
    __scatterload_zeroinit                   0x08002ef1   Thumb Code    14  handlers.o(i.__scatterload_zeroinit)
    changeByteArrayToHexString               0x0800379b   Thumb Code    60  app_common.o(i.changeByteArrayToHexString)
    debuguartctrl                            0x08003a71   Thumb Code    26  app_uart.o(i.debuguartctrl)
    distinguishOK                            0x08003aa9   Thumb Code    16  app_common.o(i.distinguishOK)
    eepromParamGetApnName                    0x08003abd   Thumb Code    24  app_eeprom.o(i.eepromParamGetApnName)
    eepromParamGetApnPswd                    0x08003ad9   Thumb Code    24  app_eeprom.o(i.eepromParamGetApnPswd)
    eepromParamGetApnUser                    0x08003af5   Thumb Code    24  app_eeprom.o(i.eepromParamGetApnUser)
    eepromParamGetCodeVersion                0x08003b11   Thumb Code    24  app_eeprom.o(i.eepromParamGetCodeVersion)
    eepromParamGetServer                     0x08003b2d   Thumb Code    34  app_eeprom.o(i.eepromParamGetServer)
    eepromParamGetSnNumber                   0x08003b55   Thumb Code    28  app_eeprom.o(i.eepromParamGetSnNumber)
    eepromParamSaveApnName                   0x08003b75   Thumb Code    56  app_eeprom.o(i.eepromParamSaveApnName)
    eepromParamSaveApnPswd                   0x08003bad   Thumb Code    56  app_eeprom.o(i.eepromParamSaveApnPswd)
    eepromParamSaveApnUser                   0x08003be5   Thumb Code    56  app_eeprom.o(i.eepromParamSaveApnUser)
    eepromParamSaveCodeVersion               0x08003c1d   Thumb Code    38  app_eeprom.o(i.eepromParamSaveCodeVersion)
    eepromParamSaveServer                    0x08003c45   Thumb Code   104  app_eeprom.o(i.eepromParamSaveServer)
    eepromParamSaveSnNumber                  0x08003cb1   Thumb Code    30  app_eeprom.o(i.eepromParamSaveSnNumber)
    eepromParamSaveUpdateStatus              0x08003cd1   Thumb Code    16  app_eeprom.o(i.eepromParamSaveUpdateStatus)
    flashEarse                               0x08003d19   Thumb Code   104  app_flash.o(i.flashEarse)
    flashEarseByFileSize                     0x08003dcd   Thumb Code    64  app_flash.o(i.flashEarseByFileSize)
    flashWriteCode                           0x08003e4d   Thumb Code   198  app_flash.o(i.flashWriteCode)
    free                                     0x08003f99   Thumb Code    80  malloc.o(i.free)
    getCharIndex                             0x08003fed   Thumb Code    26  app_common.o(i.getCharIndex)
    getCharIndexWithNum                      0x08004007   Thumb Code    40  app_common.o(i.getCharIndexWithNum)
    getUpgradeFileSize                       0x08004031   Thumb Code     6  app_update.o(i.getUpgradeFileSize)
    ledtogg                                  0x0800403d   Thumb Code    20  main.o(i.ledtogg)
    main                                     0x08004051   Thumb Code   268  main.o(i.main)
    malloc                                   0x08004241   Thumb Code    92  malloc.o(i.malloc)
    mcuEEpromInit                            0x080042ad   Thumb Code    72  app_eeprom.o(i.mcuEEpromInit)
    mcuEEpromResetInit                       0x080042fd   Thumb Code    68  app_eeprom.o(i.mcuEEpromResetInit)
    my_getstrindex                           0x08004399   Thumb Code    68  app_common.o(i.my_getstrindex)
    my_strpach                               0x080043dd   Thumb Code    46  app_common.o(i.my_strpach)
    my_strstr                                0x0800440b   Thumb Code    54  app_common.o(i.my_strstr)
    n58CIMIParase                            0x08004441   Thumb Code    98  app_n58.o(i.n58CIMIParase)
    n58CREGparase                            0x080044c1   Thumb Code   154  app_n58.o(i.n58CREGparase)
    n58CSQparase                             0x08004595   Thumb Code   100  app_n58.o(i.n58CSQparase)
    n58Init                                  0x08004615   Thumb Code    22  app_n58.o(i.n58Init)
    n58ModulePowerOn                         0x08004631   Thumb Code    64  app_n58.o(i.n58ModulePowerOn)
    n58ModuleReset                           0x0800469d   Thumb Code    42  app_n58.o(i.n58ModuleReset)
    n58NetworkConnectProcess                 0x080046e5   Thumb Code   710  app_n58.o(i.n58NetworkConnectProcess)
    n58TCPRecvparase                         0x08004aa1   Thumb Code   194  app_n58.o(i.n58TCPRecvparase)
    n58TCPsetupparase                        0x08004b99   Thumb Code   202  app_n58.o(i.n58TCPsetupparase)
    n58cgattparase                           0x08004d09   Thumb Code    50  app_n58.o(i.n58cgattparase)
    n58cgdcontparase                         0x08004d55   Thumb Code    18  app_n58.o(i.n58cgdcontparase)
    n58mysysteminfoparase                    0x08004d6d   Thumb Code    40  app_n58.o(i.n58mysysteminfoparase)
    n58responparase                          0x08004da5   Thumb Code   288  app_n58.o(i.n58responparase)
    n58setAPN                                0x08004f65   Thumb Code    26  app_n58.o(i.n58setAPN)
    n58setXGAUTH                             0x08004f91   Thumb Code    30  app_n58.o(i.n58setXGAUTH)
    n58tcpcloseparase                        0x08004fc5   Thumb Code    20  app_n58.o(i.n58tcpcloseparase)
    n58xgauthparase                          0x08004fe9   Thumb Code    18  app_n58.o(i.n58xgauthparase)
    n58xiicparase                            0x08005001   Thumb Code    18  app_n58.o(i.n58xiicparase)
    n58xiicqueryparase                       0x08005019   Thumb Code   154  app_n58.o(i.n58xiicqueryparase)
    netConnectReset                          0x080050ed   Thumb Code    10  app_update.o(i.netConnectReset)
    outPutNodeCmd                            0x080050fd   Thumb Code    98  app_uartfifo.o(i.outPutNodeCmd)
    protocolFsmStateChange                   0x0800557d   Thumb Code    20  app_update.o(i.protocolFsmStateChange)
    protocolRunFsm                           0x080055c1   Thumb Code   198  app_update.o(i.protocolRunFsm)
    protocolRxParase                         0x080056f9   Thumb Code    66  app_update.o(i.protocolRxParase)
    sendN58Cmd                               0x08005761   Thumb Code   164  app_n58.o(i.sendN58Cmd)
    sendProtocolToServer                     0x08005839   Thumb Code   114  app_update.o(i.sendProtocolToServer)
    startJumpToApp                           0x080058c1   Thumb Code    52  app_common.o(i.startJumpToApp)
    startTimer                               0x08005929   Thumb Code    44  app_timer.o(i.startTimer)
    timerRun                                 0x08005959   Thumb Code   126  app_timer.o(i.timerRun)
    uartReceiveCompleteCheck                 0x080059fd   Thumb Code    62  app_uart.o(i.uartReceiveCompleteCheck)
    updateUIS                                0x08005a41   Thumb Code    44  app_update.o(i.updateUIS)
    n58_cmd_table                            0x08005c88   Data        1836  app_n58.o(.constdata)
    AHBPrescTable                            0x080063c9   Data          16  system_stm32l0xx.o(.constdata)
    PLLMulTable                              0x080063d9   Data           9  system_stm32l0xx.o(.constdata)
    APBPrescTable                            0x080063e2   Data           8  system_stm32l0xx.o(.constdata)
    __ctype_table                            0x080063ea   Data         129  ctype_o.o(.constdata)
    Region$$Table$$Base                      0x08006470   Number         0  anon$$obj.o(Region$$Table)
    Region$$Table$$Limit                     0x08006490   Number         0  anon$$obj.o(Region$$Table)
    system_info                              0x20000001   Data           2  app_common.o(.data)
    timer_info                               0x20000008   Data           4  app_timer.o(.data)
    headNode                                 0x2000000c   Data           4  app_uartfifo.o(.data)
    netconnect                               0x20000010   Data           6  app_update.o(.data)
    uwTick                                   0x20000018   Data           4  stm32l0xx_hal.o(.data)
    SystemCoreClock                          0x2000001c   Data           4  system_stm32l0xx.o(.data)
    __microlib_freelist                      0x20000020   Data           4  mvars.o(.data)
    __microlib_freelist_initialised          0x20000024   Data           4  mvars.o(.data)
    usart1rxdmabuf                           0x2000012c   Data         512  app_uart.o(.bss)
    usart2rxdmabuf                           0x2000032c   Data        2048  app_uart.o(.bss)
    usart1_ctl                               0x20000b2c   Data          20  app_uart.o(.bss)
    usart2_ctl                               0x20000b40   Data          20  app_uart.o(.bss)
    timer_list                               0x20000b54   Data          16  app_timer.o(.bss)
    n58_invoke_status                        0x20000b68   Data          24  app_n58.o(.bss)
    n58_lte_status                           0x20000b80   Data          22  app_n58.o(.bss)
    eeprom_info                              0x20000c78   Data         224  app_eeprom.o(.bss)
    CODEVERSION                              0x20000d58   Data          30  app_eeprom.o(.bss)
    hiwdg                                    0x20000d78   Data          16  iwdg.o(.bss)
    hrtc                                     0x20000d88   Data          36  rtc.o(.bss)
    huart1                                   0x20000dac   Data         128  usart.o(.bss)
    huart2                                   0x20000e2c   Data         128  usart.o(.bss)
    hdma_usart1_rx                           0x20000eac   Data          72  usart.o(.bss)
    hdma_usart2_rx                           0x20000ef4   Data          72  usart.o(.bss)
    pFlash                                   0x20000f3c   Data          24  stm32l0xx_hal_flash.o(.bss)
    __heap_base                              0x20000f58   Data           0  startup_stm32l071xx.o(HEAP)
    __heap_limit                             0x20002358   Data           0  startup_stm32l071xx.o(HEAP)
    __initial_sp                             0x20003358   Data           0  startup_stm32l071xx.o(STACK)



==============================================================================

Memory Map of the image

  Image Entry point : 0x080000c1

  Load Region LR_IROM1 (Base: 0x08000000, Size: 0x000064bc, Max: 0x00020000, ABSOLUTE)

    Execution Region ER_IROM1 (Exec base: 0x08000000, Load base: 0x08000000, Size: 0x00006490, Max: 0x00020000, ABSOLUTE)

    Exec Addr    Load Addr    Size         Type   Attr      Idx    E Section Name        Object

    0x08000000   0x08000000   0x000000c0   Data   RO            3    RESET               startup_stm32l071xx.o
    0x080000c0   0x080000c0   0x00000000   Code   RO         3697  * .ARM.Collect$$$$00000000  mc_p.l(entry.o)
    0x080000c0   0x080000c0   0x00000004   Code   RO         4009    .ARM.Collect$$$$00000001  mc_p.l(entry2.o)
    0x080000c4   0x080000c4   0x00000004   Code   RO         4012    .ARM.Collect$$$$00000004  mc_p.l(entry5.o)
    0x080000c8   0x080000c8   0x00000000   Code   RO         4014    .ARM.Collect$$$$00000008  mc_p.l(entry7b.o)
    0x080000c8   0x080000c8   0x00000000   Code   RO         4016    .ARM.Collect$$$$0000000A  mc_p.l(entry8b.o)
    0x080000c8   0x080000c8   0x00000008   Code   RO         4017    .ARM.Collect$$$$0000000B  mc_p.l(entry9a.o)
    0x080000d0   0x080000d0   0x00000000   Code   RO         4019    .ARM.Collect$$$$0000000D  mc_p.l(entry10a.o)
    0x080000d0   0x080000d0   0x00000000   Code   RO         4021    .ARM.Collect$$$$0000000F  mc_p.l(entry11a.o)
    0x080000d0   0x080000d0   0x00000004   Code   RO         4010    .ARM.Collect$$$$00002712  mc_p.l(entry2.o)
    0x080000d4   0x080000d4   0x0000001c   Code   RO            4    .text               startup_stm32l071xx.o
    0x080000f0   0x080000f0   0x0000002c   Code   RO         3700    .text               mc_p.l(uidiv.o)
    0x0800011c   0x0800011c   0x00000060   Code   RO         3702    .text               mc_p.l(uldiv.o)
    0x0800017c   0x0800017c   0x00000024   Code   RO         3704    .text               mc_p.l(memcpya.o)
    0x080001a0   0x080001a0   0x00000024   Code   RO         3706    .text               mc_p.l(memseta.o)
    0x080001c4   0x080001c4   0x00000028   Code   RO         3708    .text               mc_p.l(strstr.o)
    0x080001ec   0x080001ec   0x0000001a   Code   RO         3710    .text               mc_p.l(strncpy.o)
    0x08000206   0x08000206   0x0000000e   Code   RO         3712    .text               mc_p.l(strlen.o)
    0x08000214   0x08000214   0x00000012   Code   RO         3714    .text               mc_p.l(strcpy.o)
    0x08000226   0x08000226   0x0000001a   Code   RO         4007    .text               mc_p.l(atoi.o)
    0x08000240   0x08000240   0x00000020   Code   RO         4024    .text               mc_p.l(llshl.o)
    0x08000260   0x08000260   0x00000022   Code   RO         4026    .text               mc_p.l(llushr.o)
    0x08000282   0x08000282   0x00000002   PAD
    0x08000284   0x08000284   0x00000070   Code   RO         4037    .text               mc_p.l(strtol.o)
    0x080002f4   0x080002f4   0x00000000   Code   RO         4039    .text               mc_p.l(iusefp.o)
    0x080002f4   0x080002f4   0x00000164   Code   RO         4040    .text               mf_p.l(dadd.o)
    0x08000458   0x08000458   0x000000d0   Code   RO         4042    .text               mf_p.l(dmul.o)
    0x08000528   0x08000528   0x000000f0   Code   RO         4044    .text               mf_p.l(ddiv.o)
    0x08000618   0x08000618   0x00000040   Code   RO         4046    .text               mf_p.l(dfixul.o)
    0x08000658   0x08000658   0x00000028   Code   RO         4048    .text               mf_p.l(cdrcmple.o)
    0x08000680   0x08000680   0x00000024   Code   RO         4050    .text               mc_p.l(init.o)
    0x080006a4   0x080006a4   0x00000026   Code   RO         4052    .text               mc_p.l(llsshr.o)
    0x080006ca   0x080006ca   0x00000002   PAD
    0x080006cc   0x080006cc   0x00000008   Code   RO         4054    .text               mc_p.l(ctype_o.o)
    0x080006d4   0x080006d4   0x000000a6   Code   RO         4082    .text               mc_p.l(_strtoul.o)
    0x0800077a   0x0800077a   0x000000be   Code   RO         4084    .text               mf_p.l(depilogue.o)
    0x08000838   0x08000838   0x0000001e   Code   RO         4088    .text               mc_p.l(_chval.o)
    0x08000856   0x08000856   0x00000002   PAD
    0x08000858   0x08000858   0x00000090   Code   RO          603    i.CreateNodeCmd     app_uartfifo.o
    0x080008e8   0x080008e8   0x000000a8   Code   RO          354    i.Create_Timer      app_timer.o
    0x08000990   0x08000990   0x00000010   Code   RO         1193    i.DMA1_Channel2_3_IRQHandler  stm32l0xx_it.o
    0x080009a0   0x080009a0   0x00000010   Code   RO         1194    i.DMA1_Channel4_5_6_7_IRQHandler  stm32l0xx_it.o
    0x080009b0   0x080009b0   0x0000002c   Code   RO         2491    i.DMA_SetConfig     stm32l0xx_hal_dma.o
    0x080009dc   0x080009dc   0x00000002   Code   RO          864    i.Error_Handler     main.o
    0x080009de   0x080009de   0x00000002   PAD
    0x080009e0   0x080009e0   0x0000002c   Code   RO         2321    i.FLASH_PageErase   stm32l0xx_hal_flash_ex.o
    0x08000a0c   0x08000a0c   0x00000090   Code   RO         2223    i.FLASH_SetErrorCode  stm32l0xx_hal_flash.o
    0x08000a9c   0x08000a9c   0x00000070   Code   RO         2224    i.FLASH_WaitForLastOperation  stm32l0xx_hal_flash.o
    0x08000b0c   0x08000b0c   0x0000002c   Code   RO           12    i.GetCrc16          app_common.o
    0x08000b38   0x08000b38   0x00000044   Code   RO         2492    i.HAL_DMA_Abort     stm32l0xx_hal_dma.o
    0x08000b7c   0x08000b7c   0x0000004c   Code   RO         2493    i.HAL_DMA_Abort_IT  stm32l0xx_hal_dma.o
    0x08000bc8   0x08000bc8   0x00000068   Code   RO         2494    i.HAL_DMA_DeInit    stm32l0xx_hal_dma.o
    0x08000c30   0x08000c30   0x00000004   Code   RO         2495    i.HAL_DMA_GetError  stm32l0xx_hal_dma.o
    0x08000c34   0x08000c34   0x000000a8   Code   RO         2497    i.HAL_DMA_IRQHandler  stm32l0xx_hal_dma.o
    0x08000cdc   0x08000cdc   0x00000090   Code   RO         2498    i.HAL_DMA_Init      stm32l0xx_hal_dma.o
    0x08000d6c   0x08000d6c   0x00000068   Code   RO         2502    i.HAL_DMA_Start_IT  stm32l0xx_hal_dma.o
    0x08000dd4   0x08000dd4   0x00000014   Code   RO         2327    i.HAL_FLASHEx_DATAEEPROM_Lock  stm32l0xx_hal_flash_ex.o
    0x08000de8   0x08000de8   0x00000054   Code   RO         2328    i.HAL_FLASHEx_DATAEEPROM_Program  stm32l0xx_hal_flash_ex.o
    0x08000e3c   0x08000e3c   0x00000034   Code   RO         2329    i.HAL_FLASHEx_DATAEEPROM_Unlock  stm32l0xx_hal_flash_ex.o
    0x08000e70   0x08000e70   0x00000078   Code   RO         2330    i.HAL_FLASHEx_Erase  stm32l0xx_hal_flash_ex.o
    0x08000ee8   0x08000ee8   0x0000001c   Code   RO         2228    i.HAL_FLASH_Lock    stm32l0xx_hal_flash.o
    0x08000f04   0x08000f04   0x0000003c   Code   RO         2233    i.HAL_FLASH_Program  stm32l0xx_hal_flash.o
    0x08000f40   0x08000f40   0x0000005c   Code   RO         2235    i.HAL_FLASH_Unlock  stm32l0xx_hal_flash.o
    0x08000f9c   0x08000f9c   0x000000f0   Code   RO         2429    i.HAL_GPIO_DeInit   stm32l0xx_hal_gpio.o
    0x0800108c   0x0800108c   0x00000184   Code   RO         2432    i.HAL_GPIO_Init     stm32l0xx_hal_gpio.o
    0x08001210   0x08001210   0x0000000a   Code   RO         2434    i.HAL_GPIO_ReadPin  stm32l0xx_hal_gpio.o
    0x0800121a   0x0800121a   0x00000008   Code   RO         2435    i.HAL_GPIO_TogglePin  stm32l0xx_hal_gpio.o
    0x08001222   0x08001222   0x0000000c   Code   RO         2436    i.HAL_GPIO_WritePin  stm32l0xx_hal_gpio.o
    0x0800122e   0x0800122e   0x00000002   PAD
    0x08001230   0x08001230   0x0000000c   Code   RO         1330    i.HAL_GetTick       stm32l0xx_hal.o
    0x0800123c   0x0800123c   0x00000064   Code   RO         1291    i.HAL_IWDG_Init     stm32l0xx_hal_iwdg.o
    0x080012a0   0x080012a0   0x00000010   Code   RO         1292    i.HAL_IWDG_Refresh  stm32l0xx_hal_iwdg.o
    0x080012b0   0x080012b0   0x00000010   Code   RO         1334    i.HAL_IncTick       stm32l0xx_hal.o
    0x080012c0   0x080012c0   0x00000028   Code   RO         1335    i.HAL_Init          stm32l0xx_hal.o
    0x080012e8   0x080012e8   0x00000030   Code   RO         1336    i.HAL_InitTick      stm32l0xx_hal.o
    0x08001318   0x08001318   0x00000018   Code   RO         1271    i.HAL_MspInit       stm32l0xx_hal_msp.o
    0x08001330   0x08001330   0x00000014   Code   RO         2758    i.HAL_NVIC_DisableIRQ  stm32l0xx_hal_cortex.o
    0x08001344   0x08001344   0x00000014   Code   RO         2759    i.HAL_NVIC_EnableIRQ  stm32l0xx_hal_cortex.o
    0x08001358   0x08001358   0x00000008   Code   RO         2763    i.HAL_NVIC_SetPriority  stm32l0xx_hal_cortex.o
    0x08001360   0x08001360   0x0000001c   Code   RO         2764    i.HAL_NVIC_SystemReset  stm32l0xx_hal_cortex.o
    0x0800137c   0x0800137c   0x00000010   Code   RO         2589    i.HAL_PWR_EnableBkUpAccess  stm32l0xx_hal_pwr.o
    0x0800138c   0x0800138c   0x00000178   Code   RO         2107    i.HAL_RCCEx_PeriphCLKConfig  stm32l0xx_hal_rcc_ex.o
    0x08001504   0x08001504   0x0000016c   Code   RO         2009    i.HAL_RCC_ClockConfig  stm32l0xx_hal_rcc.o
    0x08001670   0x08001670   0x00000020   Code   RO         2015    i.HAL_RCC_GetPCLK1Freq  stm32l0xx_hal_rcc.o
    0x08001690   0x08001690   0x00000020   Code   RO         2016    i.HAL_RCC_GetPCLK2Freq  stm32l0xx_hal_rcc.o
    0x080016b0   0x080016b0   0x00000078   Code   RO         2017    i.HAL_RCC_GetSysClockFreq  stm32l0xx_hal_rcc.o
    0x08001728   0x08001728   0x0000042c   Code   RO         2020    i.HAL_RCC_OscConfig  stm32l0xx_hal_rcc.o
    0x08001b54   0x08001b54   0x000000f8   Code   RO         3026    i.HAL_RTCEx_SetWakeUpTimer_IT  stm32l0xx_hal_rtc_ex.o
    0x08001c4c   0x08001c4c   0x00000010   Code   RO          865    i.HAL_RTCEx_WakeUpTimerEventCallback  main.o
    0x08001c5c   0x08001c5c   0x00000038   Code   RO         3033    i.HAL_RTCEx_WakeUpTimerIRQHandler  stm32l0xx_hal_rtc_ex.o
    0x08001c94   0x08001c94   0x000000bc   Code   RO         2874    i.HAL_RTC_Init      stm32l0xx_hal_rtc.o
    0x08001d50   0x08001d50   0x00000030   Code   RO         1112    i.HAL_RTC_MspInit   rtc.o
    0x08001d80   0x08001d80   0x00000034   Code   RO         2882    i.HAL_RTC_WaitForSynchro  stm32l0xx_hal_rtc.o
    0x08001db4   0x08001db4   0x00000030   Code   RO         2767    i.HAL_SYSTICK_Config  stm32l0xx_hal_cortex.o
    0x08001de4   0x08001de4   0x00000002   Code   RO         3610    i.HAL_UARTEx_WakeupCallback  stm32l0xx_hal_uart_ex.o
    0x08001de6   0x08001de6   0x0000007a   Code   RO         3271    i.HAL_UART_DMAStop  stm32l0xx_hal_uart.o
    0x08001e60   0x08001e60   0x0000003a   Code   RO         3272    i.HAL_UART_DeInit   stm32l0xx_hal_uart.o
    0x08001e9a   0x08001e9a   0x00000002   PAD
    0x08001e9c   0x08001e9c   0x00000090   Code   RO          279    i.HAL_UART_ErrorCallback  app_uart.o
    0x08001f2c   0x08001f2c   0x0000013c   Code   RO         3276    i.HAL_UART_IRQHandler  stm32l0xx_hal_uart.o
    0x08002068   0x08002068   0x0000006a   Code   RO         3277    i.HAL_UART_Init     stm32l0xx_hal_uart.o
    0x080020d2   0x080020d2   0x00000002   PAD
    0x080020d4   0x080020d4   0x00000064   Code   RO         1149    i.HAL_UART_MspDeInit  usart.o
    0x08002138   0x08002138   0x0000011c   Code   RO         1150    i.HAL_UART_MspInit  usart.o
    0x08002254   0x08002254   0x000000b8   Code   RO         3281    i.HAL_UART_Receive_DMA  stm32l0xx_hal_uart.o
    0x0800230c   0x0800230c   0x00000002   Code   RO         3283    i.HAL_UART_RxCpltCallback  stm32l0xx_hal_uart.o
    0x0800230e   0x0800230e   0x00000002   Code   RO         3284    i.HAL_UART_RxHalfCpltCallback  stm32l0xx_hal_uart.o
    0x08002310   0x08002310   0x000000ce   Code   RO         3285    i.HAL_UART_Transmit  stm32l0xx_hal_uart.o
    0x080023de   0x080023de   0x00000002   Code   RO          280    i.HAL_UART_TxCpltCallback  app_uart.o
    0x080023e0   0x080023e0   0x00000002   Code   RO         1195    i.HardFault_Handler  stm32l0xx_it.o
    0x080023e2   0x080023e2   0x00000002   PAD
    0x080023e4   0x080023e4   0x0000003c   Code   RO           13    i.JumpToApp         app_common.o
    0x08002420   0x08002420   0x00000028   Code   RO           14    i.LogMessage        app_common.o
    0x08002448   0x08002448   0x00000028   Code   RO           15    i.LogMessageNoBlock  app_common.o
    0x08002470   0x08002470   0x00000020   Code   RO           16    i.LogMessageWL      app_common.o
    0x08002490   0x08002490   0x0000005c   Code   RO           17    i.LogPrintf         app_common.o
    0x080024ec   0x080024ec   0x00000038   Code   RO         1065    i.MX_DMA_Init       dma.o
    0x08002524   0x08002524   0x000000c0   Code   RO         1045    i.MX_GPIO_Init      gpio.o
    0x080025e4   0x080025e4   0x0000002c   Code   RO         1085    i.MX_IWDG_Init      iwdg.o
    0x08002610   0x08002610   0x00000044   Code   RO         1113    i.MX_RTC_Init       rtc.o
    0x08002654   0x08002654   0x00000038   Code   RO         1151    i.MX_USART1_UART_Init  usart.o
    0x0800268c   0x0800268c   0x00000038   Code   RO         1152    i.MX_USART2_UART_Init  usart.o
    0x080026c4   0x080026c4   0x00000010   Code   RO          401    i.N58_ChangeInvokeStatus  app_n58.o
    0x080026d4   0x080026d4   0x0000002c   Code   RO          403    i.N58_CreateSocket  app_n58.o
    0x08002700   0x08002700   0x0000000c   Code   RO          404    i.N58_GetInvokeStatus  app_n58.o
    0x0800270c   0x0800270c   0x0000002c   Code   RO          405    i.N58_SendDataToServer  app_n58.o
    0x08002738   0x08002738   0x00000002   Code   RO         1196    i.NMI_Handler       stm32l0xx_it.o
    0x0800273a   0x0800273a   0x00000002   PAD
    0x0800273c   0x0800273c   0x00000044   Code   RO         2769    i.NVIC_SetPriority  stm32l0xx_hal_cortex.o
    0x08002780   0x08002780   0x00000002   Code   RO         1197    i.PendSV_Handler    stm32l0xx_it.o
    0x08002782   0x08002782   0x00000038   Code   RO         2885    i.RTC_EnterInitMode  stm32l0xx_hal_rtc.o
    0x080027ba   0x080027ba   0x00000002   PAD
    0x080027bc   0x080027bc   0x00000010   Code   RO         1198    i.RTC_IRQHandler    stm32l0xx_it.o
    0x080027cc   0x080027cc   0x00000002   Code   RO         1199    i.SVC_Handler       stm32l0xx_it.o
    0x080027ce   0x080027ce   0x00000008   Code   RO         1200    i.SysTick_Handler   stm32l0xx_it.o
    0x080027d6   0x080027d6   0x00000002   PAD
    0x080027d8   0x080027d8   0x00000098   Code   RO          866    i.SystemClock_Config  main.o
    0x08002870   0x08002870   0x00000054   Code   RO         3666    i.SystemInit        system_stm32l0xx.o
    0x080028c4   0x080028c4   0x000000ca   Code   RO         3290    i.UART_AdvFeatureConfig  stm32l0xx_hal_uart.o
    0x0800298e   0x0800298e   0x00000002   PAD
    0x08002990   0x08002990   0x00000060   Code   RO         3291    i.UART_CheckIdleState  stm32l0xx_hal_uart.o
    0x080029f0   0x080029f0   0x00000014   Code   RO         3292    i.UART_DMAAbortOnError  stm32l0xx_hal_uart.o
    0x08002a04   0x08002a04   0x00000048   Code   RO         3293    i.UART_DMAError     stm32l0xx_hal_uart.o
    0x08002a4c   0x08002a4c   0x0000003e   Code   RO         3294    i.UART_DMAReceiveCplt  stm32l0xx_hal_uart.o
    0x08002a8a   0x08002a8a   0x0000000a   Code   RO         3296    i.UART_DMARxHalfCplt  stm32l0xx_hal_uart.o
    0x08002a94   0x08002a94   0x00000020   Code   RO         3302    i.UART_EndRxTransfer  stm32l0xx_hal_uart.o
    0x08002ab4   0x08002ab4   0x00000010   Code   RO         3303    i.UART_EndTxTransfer  stm32l0xx_hal_uart.o
    0x08002ac4   0x08002ac4   0x0000023c   Code   RO         3306    i.UART_SetConfig    stm32l0xx_hal_uart.o
    0x08002d00   0x08002d00   0x00000062   Code   RO         3309    i.UART_WaitOnFlagUntilTimeout  stm32l0xx_hal_uart.o
    0x08002d62   0x08002d62   0x00000002   PAD
    0x08002d64   0x08002d64   0x00000014   Code   RO         1201    i.USART1_IRQHandler  stm32l0xx_it.o
    0x08002d78   0x08002d78   0x00000014   Code   RO         1202    i.USART2_IRQHandler  stm32l0xx_it.o
    0x08002d8c   0x08002d8c   0x00000044   Code   RO          281    i.UsartBufInit      app_uart.o
    0x08002dd0   0x08002dd0   0x00000060   Code   RO          282    i.UsartGetDataFromDMA  app_uart.o
    0x08002e30   0x08002e30   0x00000014   Code   RO          283    i.UsartInterruptHandler  app_uart.o
    0x08002e44   0x08002e44   0x00000028   Code   RO         3953    i.__0sprintf        mc_p.l(printfa.o)
    0x08002e6c   0x08002e6c   0x00000024   Code   RO         3957    i.__0vsprintf       mc_p.l(printfa.o)
    0x08002e90   0x08002e90   0x0000002e   Code   RO         4086    i.__ARM_clz         mf_p.l(depilogue.o)
    0x08002ebe   0x08002ebe   0x0000001a   Code   RO          579    i.__ARM_common_switch8  app_n58.o
    0x08002ed8   0x08002ed8   0x00000008   Code   RO         4030    i.__aeabi_errno_addr  mc_p.l(errno.o)
    0x08002ee0   0x08002ee0   0x0000000e   Code   RO         4092    i.__scatterload_copy  mc_p.l(handlers.o)
    0x08002eee   0x08002eee   0x00000002   Code   RO         4093    i.__scatterload_null  mc_p.l(handlers.o)
    0x08002ef0   0x08002ef0   0x0000000e   Code   RO         4094    i.__scatterload_zeroinit  mc_p.l(handlers.o)
    0x08002efe   0x08002efe   0x00000002   PAD
    0x08002f00   0x08002f00   0x00000158   Code   RO         3958    i._fp_digits        mc_p.l(printfa.o)
    0x08003058   0x08003058   0x000006ec   Code   RO         3959    i._printf_core      mc_p.l(printfa.o)
    0x08003744   0x08003744   0x00000020   Code   RO         3960    i._printf_post_padding  mc_p.l(printfa.o)
    0x08003764   0x08003764   0x0000002c   Code   RO         3961    i._printf_pre_padding  mc_p.l(printfa.o)
    0x08003790   0x08003790   0x0000000a   Code   RO         3963    i._sputc            mc_p.l(printfa.o)
    0x0800379a   0x0800379a   0x0000003c   Code   RO           19    i.changeByteArrayToHexString  app_common.o
    0x080037d6   0x080037d6   0x00000002   PAD
    0x080037d8   0x080037d8   0x00000088   Code   RO          867    i.chargeDetProcess  main.o
    0x08003860   0x08003860   0x00000010   Code   RO          665    i.createProtocolSerial  app_update.o
    0x08003870   0x08003870   0x0000006c   Code   RO          666    i.createProtocol_01  app_update.o
    0x080038dc   0x080038dc   0x00000194   Code   RO          667    i.createProtocol_F3  app_update.o
    0x08003a70   0x08003a70   0x00000038   Code   RO          284    i.debuguartctrl     app_uart.o
    0x08003aa8   0x08003aa8   0x00000014   Code   RO           21    i.distinguishOK     app_common.o
    0x08003abc   0x08003abc   0x0000001c   Code   RO          750    i.eepromParamGetApnName  app_eeprom.o
    0x08003ad8   0x08003ad8   0x0000001c   Code   RO          751    i.eepromParamGetApnPswd  app_eeprom.o
    0x08003af4   0x08003af4   0x0000001c   Code   RO          752    i.eepromParamGetApnUser  app_eeprom.o
    0x08003b10   0x08003b10   0x0000001c   Code   RO          753    i.eepromParamGetCodeVersion  app_eeprom.o
    0x08003b2c   0x08003b2c   0x00000028   Code   RO          754    i.eepromParamGetServer  app_eeprom.o
    0x08003b54   0x08003b54   0x00000020   Code   RO          755    i.eepromParamGetSnNumber  app_eeprom.o
    0x08003b74   0x08003b74   0x00000038   Code   RO          757    i.eepromParamSaveApnName  app_eeprom.o
    0x08003bac   0x08003bac   0x00000038   Code   RO          758    i.eepromParamSaveApnPswd  app_eeprom.o
    0x08003be4   0x08003be4   0x00000038   Code   RO          759    i.eepromParamSaveApnUser  app_eeprom.o
    0x08003c1c   0x08003c1c   0x00000026   Code   RO          760    i.eepromParamSaveCodeVersion  app_eeprom.o
    0x08003c42   0x08003c42   0x00000002   PAD
    0x08003c44   0x08003c44   0x0000006c   Code   RO          761    i.eepromParamSaveServer  app_eeprom.o
    0x08003cb0   0x08003cb0   0x0000001e   Code   RO          762    i.eepromParamSaveSnNumber  app_eeprom.o
    0x08003cce   0x08003cce   0x00000002   PAD
    0x08003cd0   0x08003cd0   0x00000014   Code   RO          763    i.eepromParamSaveUpdateStatus  app_eeprom.o
    0x08003ce4   0x08003ce4   0x00000034   Code   RO          764    i.eepromWriteByte   app_eeprom.o
    0x08003d18   0x08003d18   0x000000b4   Code   RO          632    i.flashEarse        app_flash.o
    0x08003dcc   0x08003dcc   0x00000080   Code   RO          633    i.flashEarseByFileSize  app_flash.o
    0x08003e4c   0x08003e4c   0x0000014c   Code   RO          634    i.flashWriteCode    app_flash.o
    0x08003f98   0x08003f98   0x00000054   Code   RO         3979    i.free              mc_p.l(malloc.o)
    0x08003fec   0x08003fec   0x0000001a   Code   RO           23    i.getCharIndex      app_common.o
    0x08004006   0x08004006   0x00000028   Code   RO           24    i.getCharIndexWithNum  app_common.o
    0x0800402e   0x0800402e   0x00000002   PAD
    0x08004030   0x08004030   0x0000000c   Code   RO          668    i.getUpgradeFileSize  app_update.o
    0x0800403c   0x0800403c   0x00000014   Code   RO          868    i.ledtogg           main.o
    0x08004050   0x08004050   0x000001f0   Code   RO          869    i.main              main.o
    0x08004240   0x08004240   0x0000006c   Code   RO         3980    i.malloc            mc_p.l(malloc.o)
    0x080042ac   0x080042ac   0x00000050   Code   RO          765    i.mcuEEpromInit     app_eeprom.o
    0x080042fc   0x080042fc   0x0000009c   Code   RO          766    i.mcuEEpromResetInit  app_eeprom.o
    0x08004398   0x08004398   0x00000044   Code   RO           25    i.my_getstrindex    app_common.o
    0x080043dc   0x080043dc   0x0000002e   Code   RO           26    i.my_strpach        app_common.o
    0x0800440a   0x0800440a   0x00000036   Code   RO           27    i.my_strstr         app_common.o
    0x08004440   0x08004440   0x00000080   Code   RO          407    i.n58CIMIParase     app_n58.o
    0x080044c0   0x080044c0   0x000000d4   Code   RO          408    i.n58CREGparase     app_n58.o
    0x08004594   0x08004594   0x00000080   Code   RO          409    i.n58CSQparase      app_n58.o
    0x08004614   0x08004614   0x0000001c   Code   RO          410    i.n58Init           app_n58.o
    0x08004630   0x08004630   0x0000006c   Code   RO          411    i.n58ModulePowerOn  app_n58.o
    0x0800469c   0x0800469c   0x00000048   Code   RO          412    i.n58ModuleReset    app_n58.o
    0x080046e4   0x080046e4   0x0000030c   Code   RO          413    i.n58NetworkConnectProcess  app_n58.o
    0x080049f0   0x080049f0   0x00000044   Code   RO          414    i.n58PowerKeyProcessA  app_n58.o
    0x08004a34   0x08004a34   0x00000038   Code   RO          415    i.n58PowerKeyProcessB  app_n58.o
    0x08004a6c   0x08004a6c   0x00000034   Code   RO          416    i.n58ResetKeyProcessA  app_n58.o
    0x08004aa0   0x08004aa0   0x000000f8   Code   RO          417    i.n58TCPRecvparase  app_n58.o
    0x08004b98   0x08004b98   0x00000170   Code   RO          418    i.n58TCPsetupparase  app_n58.o
    0x08004d08   0x08004d08   0x0000004c   Code   RO          420    i.n58cgattparase    app_n58.o
    0x08004d54   0x08004d54   0x00000018   Code   RO          421    i.n58cgdcontparase  app_n58.o
    0x08004d6c   0x08004d6c   0x00000038   Code   RO          422    i.n58mysysteminfoparase  app_n58.o
    0x08004da4   0x08004da4   0x000001c0   Code   RO          423    i.n58responparase   app_n58.o
    0x08004f64   0x08004f64   0x0000002c   Code   RO          424    i.n58setAPN         app_n58.o
    0x08004f90   0x08004f90   0x00000034   Code   RO          425    i.n58setXGAUTH      app_n58.o
    0x08004fc4   0x08004fc4   0x00000024   Code   RO          426    i.n58tcpcloseparase  app_n58.o
    0x08004fe8   0x08004fe8   0x00000018   Code   RO          427    i.n58xgauthparase   app_n58.o
    0x08005000   0x08005000   0x00000018   Code   RO          428    i.n58xiicparase     app_n58.o
    0x08005018   0x08005018   0x000000d4   Code   RO          429    i.n58xiicqueryparase  app_n58.o
    0x080050ec   0x080050ec   0x00000010   Code   RO          669    i.netConnectReset   app_update.o
    0x080050fc   0x080050fc   0x0000007c   Code   RO          604    i.outPutNodeCmd     app_uartfifo.o
    0x08005178   0x08005178   0x00000084   Code   RO          670    i.packIMEI          app_update.o
    0x080051fc   0x080051fc   0x00000380   Code   RO          671    i.protoclparaseF3   app_update.o
    0x0800557c   0x0800557c   0x00000044   Code   RO          672    i.protocolFsmStateChange  app_update.o
    0x080055c0   0x080055c0   0x00000138   Code   RO          673    i.protocolRunFsm    app_update.o
    0x080056f8   0x080056f8   0x00000068   Code   RO          674    i.protocolRxParase  app_update.o
    0x08005760   0x08005760   0x000000d8   Code   RO          430    i.sendN58Cmd        app_n58.o
    0x08005838   0x08005838   0x00000088   Code   RO          675    i.sendProtocolToServer  app_update.o
    0x080058c0   0x080058c0   0x00000068   Code   RO           28    i.startJumpToApp    app_common.o
    0x08005928   0x08005928   0x00000030   Code   RO          355    i.startTimer        app_timer.o
    0x08005958   0x08005958   0x000000a4   Code   RO          358    i.timerRun          app_timer.o
    0x080059fc   0x080059fc   0x00000044   Code   RO          285    i.uartReceiveCompleteCheck  app_uart.o
    0x08005a40   0x08005a40   0x00000048   Code   RO          676    i.updateUIS         app_update.o
    0x08005a88   0x08005a88   0x00000200   Data   RO           30    .constdata          app_common.o
    0x08005c88   0x08005c88   0x0000072c   Data   RO          432    .constdata          app_n58.o
    0x080063b4   0x080063b4   0x00000015   Data   RO          635    .constdata          app_flash.o
    0x080063c9   0x080063c9   0x00000019   Data   RO         3667    .constdata          system_stm32l0xx.o
    0x080063e2   0x080063e2   0x00000008   Data   RO         3668    .constdata          system_stm32l0xx.o
    0x080063ea   0x080063ea   0x00000081   Data   RO         4055    .constdata          mc_p.l(ctype_o.o)
    0x0800646b   0x0800646b   0x00000001   PAD
    0x0800646c   0x0800646c   0x00000004   Data   RO         4056    .constdata          mc_p.l(ctype_o.o)
    0x08006470   0x08006470   0x00000020   Data   RO         4090    Region$$Table       anon$$obj.o


    Execution Region RW_IRAM1 (Exec base: 0x20000000, Load base: 0x08006490, Size: 0x00003358, Max: 0x00005000, ABSOLUTE)

    Exec Addr    Load Addr    Size         Type   Attr      Idx    E Section Name        Object

    0x20000000   0x08006490   0x00000003   Data   RW           31    .data               app_common.o
    0x20000003   0x08006493   0x00000001   PAD
    0x20000004   0x08006494   0x00000008   Data   RW          360    .data               app_timer.o
    0x2000000c   0x0800649c   0x00000004   Data   RW          605    .data               app_uartfifo.o
    0x20000010   0x080064a0   0x00000006   Data   RW          678    .data               app_update.o
    0x20000016   0x080064a6   0x00000001   Data   RW          870    .data               main.o
    0x20000017   0x080064a7   0x00000001   PAD
    0x20000018   0x080064a8   0x00000004   Data   RW         1345    .data               stm32l0xx_hal.o
    0x2000001c   0x080064ac   0x00000004   Data   RW         3669    .data               system_stm32l0xx.o
    0x20000020   0x080064b0   0x00000004   Data   RW         4028    .data               mc_p.l(mvars.o)
    0x20000024   0x080064b4   0x00000004   Data   RW         4029    .data               mc_p.l(mvars.o)
    0x20000028   0x080064b8   0x00000004   Data   RW         4033    .data               mc_p.l(errno.o)
    0x2000002c        -       0x00000100   Zero   RW           29    .bss                app_common.o
    0x2000012c        -       0x00000a28   Zero   RW          286    .bss                app_uart.o
    0x20000b54        -       0x00000010   Zero   RW          359    .bss                app_timer.o
    0x20000b64   0x080064bc   0x00000004   PAD
    0x20000b68        -       0x0000002e   Zero   RW          431    .bss                app_n58.o
    0x20000b96   0x080064bc   0x00000002   PAD
    0x20000b98        -       0x000000e0   Zero   RW          677    .bss                app_update.o
    0x20000c78        -       0x000000e0   Zero   RW          767    .bss                app_eeprom.o
    0x20000d58        -       0x0000001e   Zero   RW          768    .bss                app_eeprom.o
    0x20000d76   0x080064bc   0x00000002   PAD
    0x20000d78        -       0x00000010   Zero   RW         1086    .bss                iwdg.o
    0x20000d88        -       0x00000024   Zero   RW         1114    .bss                rtc.o
    0x20000dac        -       0x00000190   Zero   RW         1153    .bss                usart.o
    0x20000f3c        -       0x00000018   Zero   RW         2236    .bss                stm32l0xx_hal_flash.o
    0x20000f54   0x080064bc   0x00000004   PAD
    0x20000f58        -       0x00001400   Zero   RW            2    HEAP                startup_stm32l071xx.o
    0x20002358        -       0x00001000   Zero   RW            1    STACK               startup_stm32l071xx.o


==============================================================================

Image component sizes


      Code (inc. data)   RO Data    RW Data    ZI Data      Debug   Object Name

       726        138        512          3        256     359048   app_common.o
       836        134          0          0        254      10760   app_eeprom.o
       640        274         21          0          0       2757   app_flash.o
      3602       1028       1836          0         46      19805   app_n58.o
       380         86          0          8         16       2652   app_timer.o
       454        146          0          0       2600       4491   app_uart.o
       268         30          0          4          0       1895   app_uartfifo.o
      2276        706          0          6        224       9440   app_update.o
        56          4          0          0          0        674   dma.o
       192         18          0          0          0        871   gpio.o
        44         12          0          0         16        603   iwdg.o
       822        316          0          1          0     285131   main.o
       116         16          0          0         36       1315   rtc.o
        28          8        192          0       9216        608   startup_stm32l071xx.o
       116         20          0          4          0       3003   stm32l0xx_hal.o
       192         40          0          0          0      11666   stm32l0xx_hal_cortex.o
       712         22          0          0          0       5946   stm32l0xx_hal_dma.o
       436         54          0          0         24       5198   stm32l0xx_hal_flash.o
       320         50          0          0          0       4888   stm32l0xx_hal_flash_ex.o
       658         60          0          0          0       4274   stm32l0xx_hal_gpio.o
       116         20          0          0          0       1639   stm32l0xx_hal_iwdg.o
        24          4          0          0          0        406   stm32l0xx_hal_msp.o
        16          4          0          0          0        483   stm32l0xx_hal_pwr.o
      1616         88          0          0          0       5432   stm32l0xx_hal_rcc.o
       376         14          0          0          0       1408   stm32l0xx_hal_rcc_ex.o
       296          4          0          0          0       2696   stm32l0xx_hal_rtc.o
       304         18          0          0          0       2592   stm32l0xx_hal_rtc_ex.o
      2176        104          0          0          0      13931   stm32l0xx_hal_uart.o
         2          0          0          0          0        936   stm32l0xx_hal_uart_ex.o
       104         26          0          0          0       4134   stm32l0xx_it.o
        84         18         33          4          0       1131   system_stm32l0xx.o
       496         52          0          0        400       2758   usart.o

    ----------------------------------------------------------------------
     18512       3514       2626         32      13100     772571   Object Totals
         0          0         32          0          0          0   (incl. Generated)
        28          0          0          2         12          0   (incl. Padding)

    ----------------------------------------------------------------------

      Code (inc. data)   RO Data    RW Data    ZI Data      Debug   Library Member Name

        30          0          0          0          0         60   _chval.o
       166          0          0          0          0         84   _strtoul.o
        26          0          0          0          0         72   atoi.o
         8          4        133          0          0         60   ctype_o.o
         0          0          0          0          0          0   entry.o
         0          0          0          0          0          0   entry10a.o
         0          0          0          0          0          0   entry11a.o
         8          4          0          0          0          0   entry2.o
         4          0          0          0          0          0   entry5.o
         0          0          0          0          0          0   entry7b.o
         0          0          0          0          0          0   entry8b.o
         8          4          0          0          0          0   entry9a.o
         8          4          0          4          0         60   errno.o
        30          0          0          0          0          0   handlers.o
        36          8          0          0          0         68   init.o
         0          0          0          0          0          0   iusefp.o
        32          0          0          0          0         68   llshl.o
        38          0          0          0          0         68   llsshr.o
        34          0          0          0          0         68   llushr.o
       192         20          0          0          0        144   malloc.o
        36          0          0          0          0         60   memcpya.o
        36          0          0          0          0        100   memseta.o
         0          0          0          8          0          0   mvars.o
      2278        100          0          0          0        544   printfa.o
        18          0          0          0          0         60   strcpy.o
        14          0          0          0          0         60   strlen.o
        26          0          0          0          0         68   strncpy.o
        40          0          0          0          0         72   strstr.o
       112          4          0          0          0         76   strtol.o
        44          0          0          0          0         72   uidiv.o
        96          0          0          0          0         84   uldiv.o
        40          2          0          0          0         68   cdrcmple.o
       356          4          0          0          0        140   dadd.o
       240          6          0          0          0         84   ddiv.o
       236          0          0          0          0        216   depilogue.o
        64         10          0          0          0         68   dfixul.o
       208          6          0          0          0         88   dmul.o

    ----------------------------------------------------------------------
      4472        176        134         12          0       2612   Library Totals
         8          0          1          0          0          0   (incl. Padding)

    ----------------------------------------------------------------------

      Code (inc. data)   RO Data    RW Data    ZI Data      Debug   Library Name

      3320        148        133         12          0       1948   mc_p.l
      1144         28          0          0          0        664   mf_p.l

    ----------------------------------------------------------------------
      4472        176        134         12          0       2612   Library Totals

    ----------------------------------------------------------------------

==============================================================================


      Code (inc. data)   RO Data    RW Data    ZI Data      Debug   

     22984       3690       2760         44      13100     766263   Grand Totals
     22984       3690       2760         44      13100     766263   ELF Image Totals
     22984       3690       2760         44          0          0   ROM Totals

==============================================================================

    Total RO  Size (Code + RO Data)                25744 (  25.14kB)
    Total RW  Size (RW Data + ZI Data)             13144 (  12.84kB)
    Total ROM Size (Code + RO Data + RW Data)      25788 (  25.18kB)

==============================================================================

